 ILU

 Timestamp is 54675d9d (Sat Nov 15 15:05:17 2014)

 Preferred load address is 0000000180000000

 Start         Length     Name                   Class
 0001:00000000 0001499fH .text                   CODE
 0001:000149a0 00000182H .text$x                 CODE
 0002:00000000 000002d0H .idata$5                DATA
 0002:000002d0 00000008H .CRT$XCA                DATA
 0002:000002d8 00000008H .CRT$XCZ                DATA
 0002:000002e0 00000008H .CRT$XIA                DATA
 0002:000002e8 00000010H .CRT$XIC                DATA
 0002:000002f8 00000008H .CRT$XIZ                DATA
 0002:00000300 00000008H .CRT$XPA                DATA
 0002:00000308 00000008H .CRT$XPZ                DATA
 0002:00000310 00000008H .CRT$XTA                DATA
 0002:00000318 00000008H .CRT$XTZ                DATA
 0002:00000320 00004500H .rdata                  DATA
 0002:00004820 00000051H .rdata$debug            DATA
 0002:00004878 00000008H .rtc$IAA                DATA
 0002:00004880 00000008H .rtc$IZZ                DATA
 0002:00004888 00000008H .rtc$TAA                DATA
 0002:00004890 00000008H .rtc$TZZ                DATA
 0002:00004898 00001208H .xdata                  DATA
 0002:00005aa0 00000028H .idata$2                DATA
 0002:00005ac8 00000014H .idata$3                DATA
 0002:00005ae0 000002d0H .idata$4                DATA
 0002:00005db0 00000620H .idata$6                DATA
 0002:000063d0 000008b4H .edata                  DATA
 0003:00000000 00001e6cH .data                   DATA
 0003:00001e80 000013f8H .bss                    DATA
 0004:00000000 00000f9cH .pdata                  DATA
 0005:00000000 000014d1H text                    DATA
 0006:00000000 000027d0H data                    DATA

  Address         Publics by Value              Rva+Base               Lib:Object

 0000:00000000       ___safe_se_handler_count   0000000000000000     <absolute>
 0000:00000000       ___safe_se_handler_table   0000000000000000     <absolute>
 0000:00000000       __ImageBase                0000000180000000     <linker-defined>
 0001:00000000       ?iluErrorString@@YAPEB_WI@Z 0000000180001000 f   ilu_api1.obj
 0001:00000000       ?ilu2ErrorString@@YAPEB_WI@Z 0000000180001000 f   ilu_error.obj
 0001:00000060       ?iluPixelize@@YAEI@Z       0000000180001060 f   ilu_api1.obj
 0001:00000080       ?iluEdgeDetectP@@YAEXZ     0000000180001080 f   ilu_api1.obj
 0001:000000a0       ?iluEdgeDetectS@@YAEXZ     00000001800010a0 f   ilu_api1.obj
 0001:000000c0       ?iluBlurAvg@@YAEI@Z        00000001800010c0 f   ilu_api1.obj
 0001:000000e0       ?iluBlurGaussian@@YAEI@Z   00000001800010e0 f   ilu_api1.obj
 0001:00000100       ?iluEmboss@@YAEXZ          0000000180001100 f   ilu_api1.obj
 0001:00000120       ?iluEdgeDetectE@@YAEXZ     0000000180001120 f   ilu_api1.obj
 0001:00000140       ?iluScaleAlpha@@YAEM@Z     0000000180001140 f   ilu_api1.obj
 0001:00000170       ?iluScaleColours@@YAEMMM@Z 0000000180001170 f   ilu_api1.obj
 0001:000001c0       ?iluGammaCorrect@@YAEM@Z   00000001800011c0 f   ilu_api1.obj
 0001:000001f0       ?iluSaturate1f@@YAEM@Z     00000001800011f0 f   ilu_api1.obj
 0001:00000240       ?iluSaturate4f@@YAEMMMM@Z  0000000180001240 f   ilu_api1.obj
 0001:000002b0       ?iluAlienify@@YAEXZ        00000001800012b0 f   ilu_api1.obj
 0001:000002d0       ?iluContrast@@YAEM@Z       00000001800012d0 f   ilu_api1.obj
 0001:00000300       ?iluSharpen@@YAEMI@Z       0000000180001300 f   ilu_api1.obj
 0001:00000330       ?iluConvolution@@YAEPEAHHH@Z 0000000180001330 f   ilu_api1.obj
 0001:00000370       ?iluEnlargeImage@@YAEMMM@Z 0000000180001370 f   ilu_api1.obj
 0001:00000420       ?iluScale@@YAEIII@Z        0000000180001420 f   ilu_api1.obj
 0001:00000460       ?iluCompareImage@@YAEI@Z   0000000180001460 f   ilu_api1.obj
 0001:000004c0       ?iluLoadImage@@YAIPEB_W@Z  00000001800014c0 f   ilu_api1.obj
 0001:00000510       ?iluCrop@@YAEIIIIII@Z      0000000180001510 f   ilu_api1.obj
 0001:00000590       ?iluEnlargeCanvas@@YAEIII@Z 0000000180001590 f   ilu_api1.obj
 0001:000005d0       ?iluFlipImage@@YAEXZ       00000001800015d0 f   ilu_api1.obj
 0001:00000610       ?iluMirror@@YAEXZ          0000000180001610 f   ilu_api1.obj
 0001:00000630       ?iluInvertAlpha@@YAEXZ     0000000180001630 f   ilu_api1.obj
 0001:00000650       ?iluNegative@@YAEXZ        0000000180001650 f   ilu_api1.obj
 0001:00000670       ?iluWave@@YAEM@Z           0000000180001670 f   ilu_api1.obj
 0001:000006a0       ?iluSwapColours@@YAEXZ     00000001800016a0 f   ilu_api1.obj
 0001:000006c0       ?iluColoursUsed@@YAIXZ     00000001800016c0 f   ilu_api1.obj
 0001:000006e0       ?iluReplaceColour@@YAEEEEM@Z 00000001800016e0 f   ilu_api1.obj
 0001:00000740       ?iluEqualize@@YAEXZ        0000000180001740 f   ilu_api1.obj
 0001:00000760       ?iluBuildMipmaps@@YAEXZ    0000000180001760 f   ilu_api1.obj
 0001:00000780       ?iluNoisify@@YAEM@Z        0000000180001780 f   ilu_api1.obj
 0001:000007b0       ?iluGetInteger@@YAHI@Z     00000001800017b0 f   ilu_api1.obj
 0001:000007b0       ?ilu2GetInteger@@YAHI@Z    00000001800017b0 f   ilu_states.obj
 0001:000007f0       ?ilu2ImageParameter@@YAXII@Z 00000001800017f0 f   ilu_states.obj
 0001:000007f0       ?iluImageParameter@@YAXII@Z 00000001800017f0 f   ilu_api1.obj
 0001:00000840       ?ilu2Init@@YAXXZ           0000000180001840 f   ilu_main.obj
 0001:00000840       ?iluInit@@YAXXZ            0000000180001840 f   ilu_api1.obj
 0001:00000870       ?iluRotate3D@@YAEMMMM@Z    0000000180001870 f   ilu_api1.obj
 0001:00000890       ?iluRotate@@YAEM@Z         0000000180001890 f   ilu_api1.obj
 0001:000008c0       ?ilu2SetLanguage@@YAEI@Z   00000001800018c0 f   ilu_error.obj
 0001:000008c0       ?iluSetLanguage@@YAEI@Z    00000001800018c0 f   ilu_api1.obj
 0001:00000930       ?setRGB@ILpal@@QEAAEIEEE@Z 0000000180001930 f i ilu_filter.obj
 0001:00000990       ?ilu2Pixelize@@YAEPEAUILimage@@I@Z 0000000180001990 f   ilu_filter.obj
 0001:00001500       ?Filter@@YAPEAEPEAUILimage@@PEBHHH@Z 0000000180002500 f   ilu_filter.obj
 0001:00002120       ?ilu2EdgeDetectP@@YAEPEAUILimage@@@Z 0000000180003120 f   ilu_filter.obj
 0001:000022d0       ?ilu2EdgeDetectS@@YAEPEAUILimage@@@Z 00000001800032d0 f   ilu_filter.obj
 0001:00002480       ?ilu2BlurAvg@@YAEPEAUILimage@@I@Z 0000000180003480 f   ilu_filter.obj
 0001:00002590       ?ilu2BlurGaussian@@YAEPEAUILimage@@I@Z 0000000180003590 f   ilu_filter.obj
 0001:000026a0       ?ilu2Emboss@@YAEPEAUILimage@@@Z 00000001800036a0 f   ilu_filter.obj
 0001:00002790       ?ilu2EdgeDetectE@@YAEPEAUILimage@@@Z 0000000180003790 f   ilu_filter.obj
 0001:00002880       ?ilu2ScaleAlpha@@YAEPEAUILimage@@M@Z 0000000180003880 f   ilu_filter.obj
 0001:00002a90       ?ilu2ScaleColours@@YAEPEAUILimage@@MMM@Z 0000000180003a90 f   ilu_filter.obj
 0001:000030b0       ?ilu2GammaCorrect@@YAEPEAUILimage@@M@Z 00000001800040b0 f   ilu_filter.obj
 0001:00003490       ?iApplyMatrix@@YAXPEAUILimage@@QEAY03M@Z 0000000180004490 f   ilu_filter.obj
 0001:00003750       ?ilu2Saturate4f@@YAEPEAUILimage@@MMMM@Z 0000000180004750 f   ilu_filter.obj
 0001:00003860       ?ilu2Saturate1f@@YAEPEAUILimage@@M@Z 0000000180004860 f   ilu_filter.obj
 0001:00003890       ?ilu2Alienify@@YAEPEAUILimage@@@Z 0000000180004890 f   ilu_filter.obj
 0001:00003ab0       ?ilu2Contrast@@YAEPEAUILimage@@M@Z 0000000180004ab0 f   ilu_filter.obj
 0001:00003ba0       ?ilu2Sharpen@@YAEPEAUILimage@@MI@Z 0000000180004ba0 f   ilu_filter.obj
 0001:00003d20       ?ilu2Convolution@@YAEPEAUILimage@@PEAHHH@Z 0000000180004d20 f   ilu_filter.obj
 0001:00003e10       ?filter@@YANN@Z            0000000180004e10 f   ilu_filter_rcg.obj
 0001:00003e60       ?box_filter@@YANN@Z        0000000180004e60 f   ilu_filter_rcg.obj
 0001:00003e90       ?triangle_filter@@YANN@Z   0000000180004e90 f   ilu_filter_rcg.obj
 0001:00003ec0       ?bell_filter@@YANN@Z       0000000180004ec0 f   ilu_filter_rcg.obj
 0001:00003f20       ?B_spline_filter@@YANN@Z   0000000180004f20 f   ilu_filter_rcg.obj
 0001:00003fa0       ?Lanczos3_filter@@YANN@Z   0000000180004fa0 f   ilu_filter_rcg.obj
 0001:00004090       ?Mitchell_filter@@YANN@Z   0000000180005090 f   ilu_filter_rcg.obj
 0001:00004140       ?calc_x_contrib@@YAHPEAUCLIST@@NNHHP6ANN@ZH@Z 0000000180005140 f   ilu_filter_rcg.obj
 0001:000043a0       ?zoom@@YAHPEAUILimage@@0P6ANN@ZN@Z 00000001800053a0 f   ilu_filter_rcg.obj
 0001:00004b80       ?ilu2ScaleAdvanced@@YAIPEAUILimage@@III@Z 0000000180005b80 f   ilu_filter_rcg.obj
 0001:00004d60       DllMain                    0000000180005d60 f   ilu_main.obj
 0001:00004d70       ?ilu2LoadImage@@YAPEAUILimage@@PEB_W@Z 0000000180005d70 f   ilu_main.obj
 0001:00004dc0       ?ilu2Crop2D@@YAEPEAUILimage@@IIII@Z 0000000180005dc0 f   ilu_manip.obj
 0001:00004f90       ?ilu2Crop3D@@YAEPEAUILimage@@IIIIII@Z 0000000180005f90 f   ilu_manip.obj
 0001:000051d0       ?ilu2Crop@@YAEPEAUILimage@@IIIIII@Z 00000001800061d0 f   ilu_manip.obj
 0001:00005220       ?ilu2EnlargeCanvas@@YAEPEAUILimage@@III@Z 0000000180006220 f   ilu_manip.obj
 0001:00005490       ?ilu2FlipImage@@YAEPEAUILimage@@@Z 0000000180006490 f   ilu_manip.obj
 0001:000054d0       ?ilu2Mirror@@YAEPEAUILimage@@@Z 00000001800064d0 f   ilu_manip.obj
 0001:000054e0       ?ilu2InvertAlpha@@YAEPEAUILimage@@@Z 00000001800064e0 f   ilu_manip.obj
 0001:000057a0       ?ilu2Negative@@YAEPEAUILimage@@@Z 00000001800067a0 f   ilu_manip.obj
 0001:000059d0       ?ilu2Wave@@YAEPEAUILimage@@M@Z 00000001800069d0 f   ilu_manip.obj
 0001:00005c30       ?ilu2SwapColours@@YAEPEAUILimage@@@Z 0000000180006c30 f   ilu_manip.obj
 0001:00005dc0       ?ilu2ColoursUsed@@YAIPEAUILimage@@@Z 0000000180006dc0 f   ilu_manip.obj
 0001:000060b0       ?ilu2CompareImage@@YAEPEAUILimage@@0@Z 00000001800070b0 f   ilu_manip.obj
 0001:00006160       ?ilu2ReplaceColour@@YAEPEAUILimage@@EEEM@Z 0000000180007160 f   ilu_manip.obj
 0001:00006410       ?ilu2Equalize@@YAEPEAUILimage@@@Z 0000000180007410 f   ilu_manip.obj
 0001:00006710       ?iBuildMipmaps@@YAEPEAUILimage@@III@Z 0000000180007710 f   ilu_mipmap.obj
 0001:00006780       ?ilu2BuildMipmaps@@YAEPEAUILimage@@@Z 0000000180007780 f   ilu_mipmap.obj
 0001:00006830       ?ilu2Noisify@@YAEPEAUILimage@@M@Z 0000000180007830 f   ilu_noise.obj
 0001:00006af0       ?BuildEdgeList@@YAXIPEAUILpointi@@PEAPEAUEdge@@@Z 0000000180007af0 f   ilu_region.obj
 0001:00006d20       ?iScanFill@@YAPEAEPEAUILimage@@@Z 0000000180007d20 f   ilu_region.obj
 0001:000070e0       ?use@ILpal@@QEAAEHPEAEI@Z  00000001800080e0 f i ilu_rotate.obj
 0001:00007210       ?ilu2Rotate3D@@YAEPEAUILimage@@MMMM@Z 0000000180008210 f   ilu_rotate.obj
 0001:00007220       ?ilu2Rotate_@@YAPEAUILimage@@PEAU1@M@Z 0000000180008220 f   ilu_rotate.obj
 0001:00008120       ?iluRotate3D_@@YAPEAUILimage@@PEAU1@MMMM@Z 0000000180009120 f   ilu_rotate.obj
 0001:00008130       ?ilu2Rotate@@YAEPEAUILimage@@M@Z 0000000180009130 f   ilu_rotate.obj
 0001:00008290       ?ilu2EnlargeImage@@YAEPEAUILimage@@MMM@Z 0000000180009290 f   ilu_scale.obj
 0001:00008310       ?ilu2Scale@@YAEPEAUILimage@@III@Z 0000000180009310 f   ilu_scale.obj
 0001:00008520       ?iluScale_@@YAPEAUILimage@@PEAU1@III@Z 0000000180009520 f   ilu_scale.obj
 0001:00008690       ?iluScale1D_@@YAPEAUILimage@@PEAU1@0I@Z 0000000180009690 f   ilu_scale.obj
 0001:00008cd0       ?iluScale2D_@@YAPEAUILimage@@PEAU1@0II@Z 0000000180009cd0 f   ilu_scale2d.obj
 0001:00008d80       ?iluScale2DNear_@@YAPEAUILimage@@PEAU1@0II@Z 0000000180009d80 f   ilu_scale2d.obj
 0001:000091d0       ?iluScale2DLinear_@@YAPEAUILimage@@PEAU1@0II@Z 000000018000a1d0 f   ilu_scale2d.obj
 0001:00009960       ?iluScale2DBilinear_@@YAPEAUILimage@@PEAU1@0II@Z 000000018000a960 f   ilu_scale2d.obj
 0001:0000a9c0       ?iluScale3D_@@YAPEAUILimage@@PEAU1@0III@Z 000000018000b9c0 f   ilu_scale3d.obj
 0001:0000aa70       ?iluScale3DNear_@@YAPEAUILimage@@PEAU1@0III@Z 000000018000ba70 f   ilu_scale3d.obj
 0001:0000b070       ?ilu2GetString@@YAPEA_WI@Z 000000018000c070 f   ilu_states.obj
 0001:0000b070       ?iluGetString@@YAPEA_WI@Z  000000018000c070 f   ilu_api1.obj
 0001:0000b0b0       ?ilu2GetIntegerv@@YAXIPEAH@Z 000000018000c0b0 f   ilu_states.obj
 0001:0000b0b0       ?iluGetIntegerv@@YAXIPEAH@Z 000000018000c0b0 f   ilu_api1.obj
 0001:0000b0f0       __security_check_cookie    000000018000c0f0 f   libcmt:amdsecgs.obj
 0001:0000b110       free                       000000018000c110 f   libcmt:free.obj
 0001:0000b150       rand                       000000018000c150 f   libcmt:rand.obj
 0001:0000b17c       _CRT_INIT                  000000018000c17c f   libcmt:dllcrt0.obj
 0001:0000b3ec       _DllMainCRTStartup         000000018000c3ec f   libcmt:dllcrt0.obj
 0001:0000b42c       __report_gsfailure         000000018000c42c f   libcmt:gs_report.obj
 0001:0000b578       _get_errno_from_oserr      000000018000c578 f   libcmt:dosmap.obj
 0001:0000b5c0       _errno                     000000018000c5c0 f   libcmt:dosmap.obj
 0001:0000b5e0       _heap_init                 000000018000c5e0 f   libcmt:heapinit.obj
 0001:0000b638       _heap_term                 000000018000c638 f   libcmt:heapinit.obj
 0001:0000b658       _encoded_null              000000018000c658 f   libcmt:tidtable.obj
 0001:0000b664       __set_flsgetvalue          000000018000c664 f   libcmt:tidtable.obj
 0001:0000b664       _matherr                   000000018000c664 f   libcmt:_matherr_.obj
 0001:0000b668       _mtterm                    000000018000c668 f   libcmt:tidtable.obj
 0001:0000b690       _initptd                   000000018000c690 f   libcmt:tidtable.obj
 0001:0000b748       _getptd_noexit             000000018000c748 f   libcmt:tidtable.obj
 0001:0000b7cc       _getptd                    000000018000c7cc f   libcmt:tidtable.obj
 0001:0000b7f0       _freefls                   000000018000c7f0 f   libcmt:tidtable.obj
 0001:0000b924       _freeptd                   000000018000c924 f   libcmt:tidtable.obj
 0001:0000b964       _mtinit                    000000018000c964 f   libcmt:tidtable.obj
 0001:0000b9e8       __C_specific_handler       000000018000c9e8 f   libcmt:chandler.obj
 0001:0000bbe8       _malloc_crt                000000018000cbe8 f   libcmt:crtheap.obj
 0001:0000bc68       _calloc_crt                000000018000cc68 f   libcmt:crtheap.obj
 0001:0000bcec       _realloc_crt               000000018000ccec f   libcmt:crtheap.obj
 0001:0000bd74       __crtCorExitProcess        000000018000cd74 f   libcmt:crt0dat.obj
 0001:0000bdb0       __crtExitProcess           000000018000cdb0 f   libcmt:crt0dat.obj
 0001:0000bdc8       _lockexit                  000000018000cdc8 f   libcmt:crt0dat.obj
 0001:0000bdd4       _unlockexit                000000018000cdd4 f   libcmt:crt0dat.obj
 0001:0000bde0       _init_pointers             000000018000cde0 f   libcmt:crt0dat.obj
 0001:0000be58       _initterm_e                000000018000ce58 f   libcmt:crt0dat.obj
 0001:0000be94       _cinit                     000000018000ce94 f   libcmt:crt0dat.obj
 0001:0000c0d4       _exit                      000000018000d0d4 f   libcmt:crt0dat.obj
 0001:0000c0e0       _cexit                     000000018000d0e0 f   libcmt:crt0dat.obj
 0001:0000c0f0       _amsg_exit                 000000018000d0f0 f   libcmt:crt0dat.obj
 0001:0000c118       _ioinit                    000000018000d118 f   libcmt:ioinit.obj
 0001:0000c3ec       _ioterm                    000000018000d3ec f   libcmt:ioinit.obj
 0001:0000c460       _setenvp                   000000018000d460 f   libcmt:stdenvp.obj
 0001:0000c760       _setargv                   000000018000d760 f   libcmt:stdargv.obj
 0001:0000c858       __crtGetEnvironmentStringsA 000000018000d858 f   libcmt:a_env.obj
 0001:0000c94c       _RTC_Initialize            000000018000d94c f   libcmt:_initsect_.obj
 0001:0000c984       _RTC_Terminate             000000018000d984 f   libcmt:_initsect_.obj
 0001:0000c9bc       _XcptFilter                000000018000d9bc f   libcmt:winxfltr.obj
 0001:0000cb8c       __CppXcptFilter            000000018000db8c f   libcmt:winxfltr.obj
 0001:0000cba0       __security_init_cookie     000000018000dba0 f   libcmt:gs_support.obj
 0001:0000cc54       __crt_debugger_hook        000000018000dc54 f   libcmt:dbghook.obj
 0001:0000cc5c       _initp_misc_invarg         000000018000dc5c f   libcmt:invarg.obj
 0001:0000cc64       _call_reportfault          000000018000dc64 f   libcmt:invarg.obj
 0001:0000cdb0       _invoke_watson             000000018000ddb0 f   libcmt:invarg.obj
 0001:0000cde4       _invalid_parameter         000000018000dde4 f   libcmt:invarg.obj
 0001:0000ce54       _invalid_parameter_noinfo  000000018000de54 f   libcmt:invarg.obj
 0001:0000ce74       _mtinitlocks               000000018000de74 f   libcmt:mlock.obj
 0001:0000cef8       _mtdeletelocks             000000018000def8 f   libcmt:mlock.obj
 0001:0000cf80       _unlock                    000000018000df80 f   libcmt:mlock.obj
 0001:0000cf98       _mtinitlocknum             000000018000df98 f   libcmt:mlock.obj
 0001:0000d080       _lock                      000000018000e080 f   libcmt:mlock.obj
 0001:0000d0c4       __addlocaleref             000000018000e0c4 f   libcmt:localref.obj
 0001:0000d150       __removelocaleref          000000018000e150 f   libcmt:localref.obj
 0001:0000d1f4       __freetlocinfo             000000018000e1f4 f   libcmt:localref.obj
 0001:0000d370       _updatetlocinfoEx_nolock   000000018000e370 f   libcmt:localref.obj
 0001:0000d3c8       __updatetlocinfo           000000018000e3c8 f   libcmt:localref.obj
 0001:0000d6bc       __updatetmbcinfo           000000018000e6bc f   libcmt:mbctype.obj
 0001:0000d778       ??0_LocaleUpdate@@QEAA@PEAUlocaleinfo_struct@@@Z 000000018000e778 f i libcmt:mbctype.obj
 0001:0000d8ac       _setmbcp_nolock            000000018000e8ac f   libcmt:mbctype.obj
 0001:0000db24       _setmbcp                   000000018000eb24 f   libcmt:mbctype.obj
 0001:0000dd04       __initmbctable             000000018000ed04 f   libcmt:mbctype.obj
 0001:0000dd40       _local_unwind              000000018000ed40 f   libcmt:jmpuwind.obj
 0001:0000dd70       _NLG_Notify                000000018000ed70 f   libcmt:jmpuwind.obj
 0001:0000dd90       __NLG_Dispatch2            000000018000ed90 f   libcmt:jmpuwind.obj
 0001:0000dda0       __NLG_Return2              000000018000eda0 f   libcmt:jmpuwind.obj
 0001:0000ddb0       _ValidateImageBase         000000018000edb0 f   libcmt:pesect.obj
 0001:0000dde0       _FindPESection             000000018000ede0 f   libcmt:pesect.obj
 0001:0000de30       _IsNonwritableInCurrentImage 000000018000ee30 f   libcmt:pesect.obj
 0001:0000de74       malloc                     000000018000ee74 f   libcmt:malloc.obj
 0001:0000df2c       _calloc_impl               000000018000ef2c f   libcmt:calloc_impl.obj
 0001:0000dfc8       realloc                    000000018000efc8 f   libcmt:realloc.obj
 0001:0000e09c       ?terminate@@YAXXZ          000000018000f09c f   libcmt:hooks.obj
 0001:0000e0c0       _initp_eh_hooks            000000018000f0c0 f   libcmt:hooks.obj
 0001:0000e0e0       _initp_misc_winsig         000000018000f0e0 f   libcmt:winsig.obj
 0001:0000e100       __get_sigabrt              000000018000f100 f   libcmt:winsig.obj
 0001:0000e110       raise                      000000018000f110 f   libcmt:winsig.obj
 0001:0000e344       _initp_misc_rand_s         000000018000f344 f   libcmt:rand_s.obj
 0001:0000e34c       _initp_misc_purevirt       000000018000f34c f   libcmt:inithelp.obj
 0001:0000e354       _initp_heap_handler        000000018000f354 f   libcmt:handler.obj
 0001:0000e35c       _callnewh                  000000018000f35c f   libcmt:handler.obj
 0001:0000e390       __onexitinit               000000018000f390 f   libcmt:onexit.obj
 0001:0000e3d4       _onexit                    000000018000f3d4 f   libcmt:onexit.obj
 0001:0000e4e0       atexit                     000000018000f4e0 f   libcmt:onexit.obj
 0001:0000e4f8       _initp_misc_cfltcvt_tab    000000018000f4f8 f   libcmt:cmiscdat.obj
 0001:0000e530       _GET_RTERRMSG              000000018000f530 f   libcmt:crt0msg.obj
 0001:0000e55c       _NMSG_WRITE                000000018000f55c f   libcmt:crt0msg.obj
 0001:0000e7bc       _FF_MSGBANNER              000000018000f7bc f   libcmt:crt0msg.obj
 0001:0000e800       strcpy_s                   000000018000f800 f   libcmt:strcpy_s.obj
 0001:0000e880       strlen                     000000018000f880 f   libcmt:strlen.obj
 0001:0000e9a4       _ismbblead                 000000018000f9a4 f   libcmt:ismbbyte.obj
 0001:0000e9b8       __GSHandlerCheckCommon     000000018000f9b8 f   libcmt:gshandler.obj
 0001:0000ea1c       __GSHandlerCheck           000000018000fa1c f   libcmt:gshandler.obj
 0001:0000ea50       memset                     000000018000fa50 f   libcmt:memset.obj
 0001:0000eb3c       __free_lc_time             000000018000fb3c f   libcmt:inittime.obj
 0001:0000ef2c       __free_lconv_num           000000018000ff2c f   libcmt:initnum.obj
 0001:0000ef98       __free_lconv_mon           000000018000ff98 f   libcmt:initmon.obj
 0001:0000f370       __crtLCMapStringA          0000000180010370 f   libcmt:a_map.obj
 0001:0000f568       __crtGetStringTypeA        0000000180010568 f   libcmt:a_str.obj
 0001:0000f600       memmove                    0000000180010600     libcmt:memcpy.obj
 0001:0000f600       memcpy                     0000000180010600 f   libcmt:memcpy.obj
 0001:0000f934       _msize                     0000000180010934 f   libcmt:msize.obj
 0001:0000f970       abort                      0000000180010970 f   libcmt:abort.obj
 0001:0000f9b0       _fptrap                    00000001800109b0 f   libcmt:crt0fp.obj
 0001:0000f9bc       __crtMessageBoxW           00000001800109bc f   libcmt:crtmboxw.obj
 0001:0000fbc4       wcscat_s                   0000000180010bc4 f   libcmt:wcscat_s.obj
 0001:0000fc4c       wcsncpy_s                  0000000180010c4c f   libcmt:wcsncpy_s.obj
 0001:0000fd1c       wcslen                     0000000180010d1c f   libcmt:wcslen.obj
 0001:0000fd38       wcscpy_s                   0000000180010d38 f   libcmt:wcscpy_s.obj
 0001:0000fda4       _set_error_mode            0000000180010da4 f   libcmt:errmode.obj
 0001:0000fe00       _alloca_probe              0000000180010e00     libcmt:chkstk.obj
 0001:0000fe00       __chkstk                   0000000180010e00 f   libcmt:chkstk.obj
 0001:0000fe4e       RtlVirtualUnwind           0000000180010e4e f   kernel32:KERNEL32.dll
 0001:0000fe54       RtlLookupFunctionEntry     0000000180010e54 f   kernel32:KERNEL32.dll
 0001:0000fe5a       RtlUnwindEx                0000000180010e5a f   kernel32:KERNEL32.dll
 0001:0000fe60       _cfltcvt_init              0000000180010e60 f   libcmt:_fpinit_.obj
 0001:0000fee8       _fpmath                    0000000180010ee8 f   libcmt:_fpinit_.obj
 0001:0000fef0       fmod                       0000000180010ef0 f   libcmt:_fmod_.obj
 0001:0000ffc0       sqrtf                      0000000180010fc0 f   libcmt:_sqrtf_.obj
 0001:000100a0       floor                      00000001800110a0 f   libcmt:_floor_.obj
 0001:000101a4       ceil                       00000001800111a4 f   libcmt:_ceil_.obj
 0001:000102c0       _forcdecpt_l               00000001800112c0 f   libcmt:cvt.obj
 0001:00010340       _cropzeros_l               0000000180011340 f   libcmt:cvt.obj
 0001:000103e0       _positive                  00000001800113e0 f   libcmt:cvt.obj
 0001:000103f8       _fassign_l                 00000001800113f8 f   libcmt:cvt.obj
 0001:0001043c       _fassign                   000000018001143c f   libcmt:cvt.obj
 0001:00010444       _forcdecpt                 0000000180011444 f   libcmt:cvt.obj
 0001:0001044c       _cropzeros                 000000018001144c f   libcmt:cvt.obj
 0001:00010688       _cftoe_l                   0000000180011688 f   libcmt:cvt.obj
 0001:00010780       _cftoa_l                   0000000180011780 f   libcmt:cvt.obj
 0001:00010cfc       _cftof_l                   0000000180011cfc f   libcmt:cvt.obj
 0001:00010dd0       _cftog_l                   0000000180011dd0 f   libcmt:cvt.obj
 0001:00010f04       _cfltcvt_l                 0000000180011f04 f   libcmt:cvt.obj
 0001:00010f9c       _cfltcvt                   0000000180011f9c f   libcmt:cvt.obj
 0001:00010fc0       __remainder_piby2          0000000180011fc0 f   libcmt:_remainder_piby2_.obj
 0001:000114a0       _sincos_special            00000001800124a0 f   libcmt:_sincos_special_.obj
 0001:0001157c       _sin_special               000000018001257c f   libcmt:_sincos_special_.obj
 0001:00011590       _cos_special               0000000180012590 f   libcmt:_sincos_special_.obj
 0001:00011660       _handle_errorf             0000000180012660 f   libcmt:_libm_error_.obj
 0001:000117bc       _handle_error              00000001800127bc f   libcmt:_libm_error_.obj
 0001:0001190c       _pow_special               000000018001290c f   libcmt:_pow_special_.obj
 0001:00011a0c       strrchr                    0000000180012a0c f   libcmt:strrchr.obj
 0001:00011a34       isdigit                    0000000180012a34 f i libcmt:_ctype.obj
 0001:00011ab4       _tolower_l                 0000000180012ab4 f   libcmt:tolower.obj
 0001:00011c04       tolower                    0000000180012c04 f   libcmt:tolower.obj
 0001:00011c24       _atodbl_l                  0000000180012c24 f   libcmt:atodbl.obj
 0001:00011d24       _atoflt_l                  0000000180012d24 f   libcmt:atodbl.obj
 0001:00011e24       _fptostr                   0000000180012e24 f   libcmt:_fptostr.obj
 0001:00011ef0       __dtold                    0000000180012ef0 f   libcmt:_cfout_.obj
 0001:00011fb8       _fltout2                   0000000180012fb8 f   libcmt:_cfout_.obj
 0001:00012070       _raise_exc_ex              0000000180013070 f   libcmt:_fpexcept_.obj
 0001:0001237c       _raise_exc                 000000018001337c f   libcmt:_fpexcept_.obj
 0001:000123a4       _raise_excf                00000001800133a4 f   libcmt:_fpexcept_.obj
 0001:000123d0       _set_errno_from_matherr    00000001800133d0 f   libcmt:_fpexcept_.obj
 0001:00012400       _statfp                    0000000180013400 f   libcmt:_fpctrl_.obj
 0001:00012414       _clrfp                     0000000180013414 f   libcmt:_fpctrl_.obj
 0001:00012434       _ctrlfp                    0000000180013434 f   libcmt:_fpctrl_.obj
 0001:000124b0       _set_statfp                00000001800134b0 f   libcmt:_fpctrl_.obj
 0001:000124d0       _isctype_l                 00000001800134d0 f   libcmt:isctype.obj
 0001:000125b8       _isleadbyte_l              00000001800135b8 f i libcmt:_wctype.obj
 0001:00012600       _ld12tod                   0000000180013600 f   libcmt:_intrncvt_.obj
 0001:00012bcc       _ld12tof                   0000000180013bcc f   libcmt:_intrncvt_.obj
 0001:00013198       __strgtold12_l             0000000180014198 f   libcmt:_strgtold_.obj
 0001:000139fc       $I10_OUTPUT                00000001800149fc f   libcmt:_x10fout_.obj
 0001:000144c0       _get_fpsr                  00000001800154c0 f   libcmt:_fpsr_.obj
 0001:000144d0       _set_fpsr                  00000001800154d0 f   libcmt:_fpsr_.obj
 0001:000144da       _fclrf                     00000001800154da f   libcmt:_fpsr_.obj
 0001:000144ee       _frnd                      00000001800154ee f   libcmt:_fpsr_.obj
 0001:00014520       strcmp                     0000000180015520 f   libcmt:strcmp.obj
 0001:000145e0       memcmp                     00000001800155e0 f   libcmt:memcmp.obj
 0001:000146c0       strncmp                    00000001800156c0 f   libcmt:strncmp.obj
 0001:00014778       __mtold12                  0000000180015778 f   libcmt:_mantold_.obj
 0002:00000000       __imp_FlsGetValue          0000000180016000     kernel32:KERNEL32.dll
 0002:00000008       __imp_RaiseException       0000000180016008     kernel32:KERNEL32.dll
 0002:00000010       __imp_HeapSize             0000000180016010     kernel32:KERNEL32.dll
 0002:00000018       __imp_GetStringTypeW       0000000180016018     kernel32:KERNEL32.dll
 0002:00000020       __imp_MultiByteToWideChar  0000000180016020     kernel32:KERNEL32.dll
 0002:00000028       __imp_LCMapStringW         0000000180016028     kernel32:KERNEL32.dll
 0002:00000030       __imp_GetModuleFileNameW   0000000180016030     kernel32:KERNEL32.dll
 0002:00000038       __imp_WriteFile            0000000180016038     kernel32:KERNEL32.dll
 0002:00000040       __imp_LoadLibraryW         0000000180016040     kernel32:KERNEL32.dll
 0002:00000048       __imp_HeapReAlloc          0000000180016048     kernel32:KERNEL32.dll
 0002:00000050       __imp_HeapAlloc            0000000180016050     kernel32:KERNEL32.dll
 0002:00000058       __imp_IsValidCodePage      0000000180016058     kernel32:KERNEL32.dll
 0002:00000060       __imp_GetOEMCP             0000000180016060     kernel32:KERNEL32.dll
 0002:00000068       __imp_GetACP               0000000180016068     kernel32:KERNEL32.dll
 0002:00000070       __imp_GetCPInfo            0000000180016070     kernel32:KERNEL32.dll
 0002:00000078       __imp_EnterCriticalSection 0000000180016078     kernel32:KERNEL32.dll
 0002:00000080       __imp_LeaveCriticalSection 0000000180016080     kernel32:KERNEL32.dll
 0002:00000088       __imp_GetSystemTimeAsFileTime 0000000180016088     kernel32:KERNEL32.dll
 0002:00000090       __imp_GetCurrentProcessId  0000000180016090     kernel32:KERNEL32.dll
 0002:00000098       __imp_GetTickCount         0000000180016098     kernel32:KERNEL32.dll
 0002:000000a0       __imp_QueryPerformanceCounter 00000001800160a0     kernel32:KERNEL32.dll
 0002:000000a8       __imp_GetEnvironmentStringsW 00000001800160a8     kernel32:KERNEL32.dll
 0002:000000b0       __imp_WideCharToMultiByte  00000001800160b0     kernel32:KERNEL32.dll
 0002:000000b8       __imp_FreeEnvironmentStringsW 00000001800160b8     kernel32:KERNEL32.dll
 0002:000000c0       __imp_GetLastError         00000001800160c0     kernel32:KERNEL32.dll
 0002:000000c8       __imp_HeapFree             00000001800160c8     kernel32:KERNEL32.dll
 0002:000000d0       __imp_GetCurrentThreadId   00000001800160d0     kernel32:KERNEL32.dll
 0002:000000d8       __imp_FlsSetValue          00000001800160d8     kernel32:KERNEL32.dll
 0002:000000e0       __imp_GetCommandLineA      00000001800160e0     kernel32:KERNEL32.dll
 0002:000000e8       __imp_TerminateProcess     00000001800160e8     kernel32:KERNEL32.dll
 0002:000000f0       __imp_GetCurrentProcess    00000001800160f0     kernel32:KERNEL32.dll
 0002:000000f8       __imp_UnhandledExceptionFilter 00000001800160f8     kernel32:KERNEL32.dll
 0002:00000100       __imp_SetUnhandledExceptionFilter 0000000180016100     kernel32:KERNEL32.dll
 0002:00000108       __imp_IsDebuggerPresent    0000000180016108     kernel32:KERNEL32.dll
 0002:00000110       __imp_RtlVirtualUnwind     0000000180016110     kernel32:KERNEL32.dll
 0002:00000118       __imp_RtlLookupFunctionEntry 0000000180016118     kernel32:KERNEL32.dll
 0002:00000120       __imp_RtlCaptureContext    0000000180016120     kernel32:KERNEL32.dll
 0002:00000128       __imp_HeapSetInformation   0000000180016128     kernel32:KERNEL32.dll
 0002:00000130       __imp_GetVersion           0000000180016130     kernel32:KERNEL32.dll
 0002:00000138       __imp_HeapCreate           0000000180016138     kernel32:KERNEL32.dll
 0002:00000140       __imp_HeapDestroy          0000000180016140     kernel32:KERNEL32.dll
 0002:00000148       __imp_EncodePointer        0000000180016148     kernel32:KERNEL32.dll
 0002:00000150       __imp_FlsFree              0000000180016150     kernel32:KERNEL32.dll
 0002:00000158       __imp_SetLastError         0000000180016158     kernel32:KERNEL32.dll
 0002:00000160       __imp_FlsAlloc             0000000180016160     kernel32:KERNEL32.dll
 0002:00000168       __imp_RtlUnwindEx          0000000180016168     kernel32:KERNEL32.dll
 0002:00000170       __imp_Sleep                0000000180016170     kernel32:KERNEL32.dll
 0002:00000178       __imp_GetProcAddress       0000000180016178     kernel32:KERNEL32.dll
 0002:00000180       __imp_GetModuleHandleW     0000000180016180     kernel32:KERNEL32.dll
 0002:00000188       __imp_ExitProcess          0000000180016188     kernel32:KERNEL32.dll
 0002:00000190       __imp_DecodePointer        0000000180016190     kernel32:KERNEL32.dll
 0002:00000198       __imp_SetHandleCount       0000000180016198     kernel32:KERNEL32.dll
 0002:000001a0       __imp_GetStdHandle         00000001800161a0     kernel32:KERNEL32.dll
 0002:000001a8       __imp_InitializeCriticalSectionAndSpinCount 00000001800161a8     kernel32:KERNEL32.dll
 0002:000001b0       __imp_GetFileType          00000001800161b0     kernel32:KERNEL32.dll
 0002:000001b8       __imp_GetStartupInfoW      00000001800161b8     kernel32:KERNEL32.dll
 0002:000001c0       __imp_DeleteCriticalSection 00000001800161c0     kernel32:KERNEL32.dll
 0002:000001c8       __imp_GetModuleFileNameA   00000001800161c8     kernel32:KERNEL32.dll
 0002:000001d0       \177KERNEL32_NULL_THUNK_DATA 00000001800161d0     kernel32:KERNEL32.dll
 0002:000001d8       __imp_?il2ResizeImage@@YAEPEAUILimage@@IIIEE@Z 00000001800161d8     resil:ResIL.dll
 0002:000001e0       __imp_?il2GetClear@@YAXPEAXII@Z 00000001800161e0     resil:ResIL.dll
 0002:000001e8       __imp_?iFlipBuffer@@YAXPEAEIII@Z 00000001800161e8     resil:ResIL.dll
 0002:000001f0       __imp_?ilGetBppPal@@YAEI@Z 00000001800161f0     resil:ResIL.dll
 0002:000001f8       __imp_?il2ClearImage@@YAEPEAUILimage@@@Z 00000001800161f8     resil:ResIL.dll
 0002:00000200       __imp_?il2ConvertPal@@YAEPEAUILimage@@I@Z 0000000180016200     resil:ResIL.dll
 0002:00000208       __imp_?iConvertImage@@YAPEAUILimage@@PEAU1@II@Z 0000000180016208     resil:ResIL.dll
 0002:00000210       __imp_?iMirror@@YAEPEAUILimage@@@Z 0000000180016210     resil:ResIL.dll
 0002:00000218       __imp_?il2LoadImage@@YAEPEAUILimage@@PEB_W@Z 0000000180016218     resil:ResIL.dll
 0002:00000220       __imp_?il2GenImage@@YAPEAUILimage@@XZ 0000000180016220     resil:ResIL.dll
 0002:00000228       __imp_?il2DeleteImage@@YAXPEAUILimage@@@Z 0000000180016228     resil:ResIL.dll
 0002:00000230       __imp_?il2TexImage@@YAEPEAUILimage@@IIIEIIPEAX@Z 0000000180016230     resil:ResIL.dll
 0002:00000238       __imp_?icalloc@@YAPEAX_K0@Z 0000000180016238     resil:ResIL.dll
 0002:00000240       __imp_?il2NewImage@@YAPEAUILimage@@IIIEE@Z 0000000180016240     resil:ResIL.dll
 0002:00000248       __imp_?ilSetCurImage@@YAXPEAUILimage@@@Z 0000000180016248     resil:ResIL.dll
 0002:00000250       __imp_?ialloc@@YAPEAX_K@Z  0000000180016250     resil:ResIL.dll
 0002:00000258       __imp_?il2ConvertImage@@YAEPEAUILimage@@II@Z 0000000180016258     resil:ResIL.dll
 0002:00000260       __imp_?il2CopyPixels@@YAIPEAUILimage@@IIIIIIIIPEAX@Z 0000000180016260     resil:ResIL.dll
 0002:00000268       __imp_?il2GetImageInteger@@YAXPEAUILimage@@IPEAH@Z 0000000180016268     resil:ResIL.dll
 0002:00000270       __imp_?ilCloseImage@@YAXPEAX@Z 0000000180016270     resil:ResIL.dll
 0002:00000278       __imp_?ifree@@YAXPEBX@Z    0000000180016278     resil:ResIL.dll
 0002:00000280       __imp_?il2CopyImageAttr@@YAEPEAUILimage@@0@Z 0000000180016280     resil:ResIL.dll
 0002:00000288       __imp_?ilGetPalBaseType@@YAII@Z 0000000180016288     resil:ResIL.dll
 0002:00000290       __imp_?il2SetError@@YAXI@Z 0000000180016290     resil:ResIL.dll
 0002:00000298       __imp_?ilGetCurImage@@YAPEAUILimage@@XZ 0000000180016298     resil:ResIL.dll
 0002:000002a0       __imp_?ilDeleteImages@@YAX_KPEBI@Z 00000001800162a0     resil:ResIL.dll
 0002:000002a8       __imp_?ilLoadImage@@YAEPEB_W@Z 00000001800162a8     resil:ResIL.dll
 0002:000002b0       __imp_?ilGetCurName@@YAIXZ 00000001800162b0     resil:ResIL.dll
 0002:000002b8       __imp_?ilBindImage@@YAXI@Z 00000001800162b8     resil:ResIL.dll
 0002:000002c0       __imp_?ilGenImages@@YAX_KPEAI@Z 00000001800162c0     resil:ResIL.dll
 0002:000002c8       \177ResIL_NULL_THUNK_DATA  00000001800162c8     resil:ResIL.dll
 0002:000002d0       __xc_a                     00000001800162d0     libcmt:crt0init.obj
 0002:000002d8       __xc_z                     00000001800162d8     libcmt:crt0init.obj
 0002:000002e0       __xi_a                     00000001800162e0     libcmt:crt0init.obj
 0002:000002f8       __xi_z                     00000001800162f8     libcmt:crt0init.obj
 0002:00000300       __xp_a                     0000000180016300     libcmt:crt0init.obj
 0002:00000308       __xp_z                     0000000180016308     libcmt:crt0init.obj
 0002:00000310       __xt_a                     0000000180016310     libcmt:crt0init.obj
 0002:00000318       __xt_z                     0000000180016318     libcmt:crt0init.obj
 0002:00000340       _pRawDllMain               0000000180016340     libcmt:dllcrt0.obj
 0002:00000340       _pDefaultRawDllMain        0000000180016340     libcmt:dllcrt0.obj
 0002:00000358       ??_C@_0P@MIGLKIOC@CorExitProcess?$AA@ 0000000180016358     libcmt:crt0dat.obj
 0002:00000368       ??_C@_1BI@BGOHAHKC@?$AAm?$AAs?$AAc?$AAo?$AAr?$AAe?$AAe?$AA?4?$AAd?$AAl?$AAl?$AA?$AA@ 0000000180016368     libcmt:crt0dat.obj
 0002:00000380       _XcptActTab                0000000180016380     libcmt:winxfltr.obj
 0002:00000440       _First_FPE_Indx            0000000180016440     libcmt:winxfltr.obj
 0002:00000444       _Num_FPE                   0000000180016444     libcmt:winxfltr.obj
 0002:00000448       _XcptActTabSize            0000000180016448     libcmt:winxfltr.obj
 0002:0000044c       _XcptActTabCount           000000018001644c     libcmt:winxfltr.obj
 0002:00000450       ??_C@_1BC@GDGBMEMK@?$AAH?$AAH?$AA?3?$AAm?$AAm?$AA?3?$AAs?$AAs?$AA?$AA@ 0000000180016450     libcmt:nlsdata2.obj
 0002:00000468       ??_C@_1CI@KNAKOEBC@?$AAd?$AAd?$AAd?$AAd?$AA?0?$AA?5?$AAM?$AAM?$AAM?$AAM?$AA?5?$AAd?$AAd?$AA?0?$AA?5?$AAy?$AAy?$AAy?$AAy?$AA?$AA@ 0000000180016468     libcmt:nlsdata2.obj
 0002:00000490       ??_C@_1BC@IEBCMHCM@?$AAM?$AAM?$AA?1?$AAd?$AAd?$AA?1?$AAy?$AAy?$AA?$AA@ 0000000180016490     libcmt:nlsdata2.obj
 0002:000004a4       ??_C@_15CLMNNGEL@?$AAP?$AAM?$AA?$AA@ 00000001800164a4     libcmt:nlsdata2.obj
 0002:000004ac       ??_C@_15ODEHAHHF@?$AAA?$AAM?$AA?$AA@ 00000001800164ac     libcmt:nlsdata2.obj
 0002:000004b8       ??_C@_1BC@FEMKIFH@?$AAD?$AAe?$AAc?$AAe?$AAm?$AAb?$AAe?$AAr?$AA?$AA@ 00000001800164b8     libcmt:nlsdata2.obj
 0002:000004d0       ??_C@_1BC@BGLIFPF@?$AAN?$AAo?$AAv?$AAe?$AAm?$AAb?$AAe?$AAr?$AA?$AA@ 00000001800164d0     libcmt:nlsdata2.obj
 0002:000004e8       ??_C@_1BA@EPANDLNG@?$AAO?$AAc?$AAt?$AAo?$AAb?$AAe?$AAr?$AA?$AA@ 00000001800164e8     libcmt:nlsdata2.obj
 0002:000004f8       ??_C@_1BE@DKAAMBJL@?$AAS?$AAe?$AAp?$AAt?$AAe?$AAm?$AAb?$AAe?$AAr?$AA?$AA@ 00000001800164f8     libcmt:nlsdata2.obj
 0002:00000510       ??_C@_1O@PAHLKOAC@?$AAA?$AAu?$AAg?$AAu?$AAs?$AAt?$AA?$AA@ 0000000180016510     libcmt:nlsdata2.obj
 0002:00000520       ??_C@_19BIFMLPCD@?$AAJ?$AAu?$AAl?$AAy?$AA?$AA@ 0000000180016520     libcmt:nlsdata2.obj
 0002:00000530       ??_C@_19EPFLPGAP@?$AAJ?$AAu?$AAn?$AAe?$AA?$AA@ 0000000180016530     libcmt:nlsdata2.obj
 0002:00000540       ??_C@_1M@GJNLMHFD@?$AAA?$AAp?$AAr?$AAi?$AAl?$AA?$AA@ 0000000180016540     libcmt:nlsdata2.obj
 0002:00000550       ??_C@_1M@IKEENEDF@?$AAM?$AAa?$AAr?$AAc?$AAh?$AA?$AA@ 0000000180016550     libcmt:nlsdata2.obj
 0002:00000560       ??_C@_1BC@JGDDFFAM@?$AAF?$AAe?$AAb?$AAr?$AAu?$AAa?$AAr?$AAy?$AA?$AA@ 0000000180016560     libcmt:nlsdata2.obj
 0002:00000578       ??_C@_1BA@EFMEIEBA@?$AAJ?$AAa?$AAn?$AAu?$AAa?$AAr?$AAy?$AA?$AA@ 0000000180016578     libcmt:nlsdata2.obj
 0002:00000588       ??_C@_17EGKACKIF@?$AAD?$AAe?$AAc?$AA?$AA@ 0000000180016588     libcmt:nlsdata2.obj
 0002:00000590       ??_C@_17BBDMLCIG@?$AAN?$AAo?$AAv?$AA?$AA@ 0000000180016590     libcmt:nlsdata2.obj
 0002:00000598       ??_C@_17FNLKOI@?$AAO?$AAc?$AAt?$AA?$AA@ 0000000180016598     libcmt:nlsdata2.obj
 0002:000005a0       ??_C@_17HCHCOKMG@?$AAS?$AAe?$AAp?$AA?$AA@ 00000001800165a0     libcmt:nlsdata2.obj
 0002:000005a8       ??_C@_17ICPELBCN@?$AAA?$AAu?$AAg?$AA?$AA@ 00000001800165a8     libcmt:nlsdata2.obj
 0002:000005b0       ??_C@_17IJPCKHK@?$AAJ?$AAu?$AAl?$AA?$AA@ 00000001800165b0     libcmt:nlsdata2.obj
 0002:000005b8       ??_C@_17KCJGOCPB@?$AAJ?$AAu?$AAn?$AA?$AA@ 00000001800165b8     libcmt:nlsdata2.obj
 0002:000005c0       ??_C@_17PNNKMEED@?$AAM?$AAa?$AAy?$AA?$AA@ 00000001800165c0     libcmt:nlsdata2.obj
 0002:000005c8       ??_C@_17LFPOIHDD@?$AAA?$AAp?$AAr?$AA?$AA@ 00000001800165c8     libcmt:nlsdata2.obj
 0002:000005d0       ??_C@_17CKNLEDEC@?$AAM?$AAa?$AAr?$AA?$AA@ 00000001800165d0     libcmt:nlsdata2.obj
 0002:000005d8       ??_C@_17LMDJEKJN@?$AAF?$AAe?$AAb?$AA?$AA@ 00000001800165d8     libcmt:nlsdata2.obj
 0002:000005e0       ??_C@_17DKNBKCHM@?$AAJ?$AAa?$AAn?$AA?$AA@ 00000001800165e0     libcmt:nlsdata2.obj
 0002:000005e8       ??_C@_1BC@ENMNNPAJ@?$AAS?$AAa?$AAt?$AAu?$AAr?$AAd?$AAa?$AAy?$AA?$AA@ 00000001800165e8     libcmt:nlsdata2.obj
 0002:00000600       ??_C@_1O@PDICJHAG@?$AAF?$AAr?$AAi?$AAd?$AAa?$AAy?$AA?$AA@ 0000000180016600     libcmt:nlsdata2.obj
 0002:00000610       ??_C@_1BC@HHMNLIHE@?$AAT?$AAh?$AAu?$AAr?$AAs?$AAd?$AAa?$AAy?$AA?$AA@ 0000000180016610     libcmt:nlsdata2.obj
 0002:00000628       ??_C@_1BE@EBOGMDOH@?$AAW?$AAe?$AAd?$AAn?$AAe?$AAs?$AAd?$AAa?$AAy?$AA?$AA@ 0000000180016628     libcmt:nlsdata2.obj
 0002:00000640       ??_C@_1BA@ENFBFFEK@?$AAT?$AAu?$AAe?$AAs?$AAd?$AAa?$AAy?$AA?$AA@ 0000000180016640     libcmt:nlsdata2.obj
 0002:00000650       ??_C@_1O@MMNBFLIA@?$AAM?$AAo?$AAn?$AAd?$AAa?$AAy?$AA?$AA@ 0000000180016650     libcmt:nlsdata2.obj
 0002:00000660       ??_C@_1O@IHNHDHPB@?$AAS?$AAu?$AAn?$AAd?$AAa?$AAy?$AA?$AA@ 0000000180016660     libcmt:nlsdata2.obj
 0002:00000670       ??_C@_17GGIBDPIH@?$AAS?$AAa?$AAt?$AA?$AA@ 0000000180016670     libcmt:nlsdata2.obj
 0002:00000678       ??_C@_17HFOLPPLP@?$AAF?$AAr?$AAi?$AA?$AA@ 0000000180016678     libcmt:nlsdata2.obj
 0002:00000680       ??_C@_17PDPHAADD@?$AAT?$AAh?$AAu?$AA?$AA@ 0000000180016680     libcmt:nlsdata2.obj
 0002:00000688       ??_C@_17CJEDCEPE@?$AAW?$AAe?$AAd?$AA?$AA@ 0000000180016688     libcmt:nlsdata2.obj
 0002:00000690       ??_C@_17BMKGEGOJ@?$AAT?$AAu?$AAe?$AA?$AA@ 0000000180016690     libcmt:nlsdata2.obj
 0002:00000698       ??_C@_17KBOMKBF@?$AAM?$AAo?$AAn?$AA?$AA@ 0000000180016698     libcmt:nlsdata2.obj
 0002:000006a0       ??_C@_17MBGCMIPB@?$AAS?$AAu?$AAn?$AA?$AA@ 00000001800166a0     libcmt:nlsdata2.obj
 0002:000006a8       ??_C@_08JCCMCCIL@HH?3mm?3ss?$AA@ 00000001800166a8     libcmt:nlsdata2.obj
 0002:000006b8       ??_C@_0BE@CKGJFCPC@dddd?0?5MMMM?5dd?0?5yyyy?$AA@ 00000001800166b8     libcmt:nlsdata2.obj
 0002:000006d0       ??_C@_08BPBNCDIB@MM?1dd?1yy?$AA@ 00000001800166d0     libcmt:nlsdata2.obj
 0002:000006dc       ??_C@_02CJNFDJBF@PM?$AA@   00000001800166dc     libcmt:nlsdata2.obj
 0002:000006e0       ??_C@_02DEDBPAFC@AM?$AA@   00000001800166e0     libcmt:nlsdata2.obj
 0002:000006e8       ??_C@_08EDHMEBNP@December?$AA@ 00000001800166e8     libcmt:nlsdata2.obj
 0002:000006f8       ??_C@_08HCHEGEOA@November?$AA@ 00000001800166f8     libcmt:nlsdata2.obj
 0002:00000708       ??_C@_07JJNFCEND@October?$AA@ 0000000180016708     libcmt:nlsdata2.obj
 0002:00000710       ??_C@_09BHHEALKD@September?$AA@ 0000000180016710     libcmt:nlsdata2.obj
 0002:0000071c       ??_C@_06LBBHFDDG@August?$AA@ 000000018001671c     libcmt:nlsdata2.obj
 0002:00000724       ??_C@_04MIEPOIFP@July?$AA@ 0000000180016724     libcmt:nlsdata2.obj
 0002:0000072c       ??_C@_04CNLMGBGM@June?$AA@ 000000018001672c     libcmt:nlsdata2.obj
 0002:00000734       ??_C@_05DMJDNLEJ@April?$AA@ 0000000180016734     libcmt:nlsdata2.obj
 0002:0000073c       ??_C@_05HPCKOFNC@March?$AA@ 000000018001673c     libcmt:nlsdata2.obj
 0002:00000748       ??_C@_08GNJGEPFN@February?$AA@ 0000000180016748     libcmt:nlsdata2.obj
 0002:00000758       ??_C@_07CGJPFGJA@January?$AA@ 0000000180016758     libcmt:nlsdata2.obj
 0002:00000760       ??_C@_03MKABNOCG@Dec?$AA@  0000000180016760     libcmt:nlsdata2.obj
 0002:00000764       ??_C@_03JPJOFNIA@Nov?$AA@  0000000180016764     libcmt:nlsdata2.obj
 0002:00000768       ??_C@_03BMAOKBAD@Oct?$AA@  0000000180016768     libcmt:nlsdata2.obj
 0002:0000076c       ??_C@_03GGCAPAJC@Sep?$AA@  000000018001676c     libcmt:nlsdata2.obj
 0002:00000770       ??_C@_03IFJFEIGA@Aug?$AA@  0000000180016770     libcmt:nlsdata2.obj
 0002:00000774       ??_C@_03LBGABGKK@Jul?$AA@  0000000180016774     libcmt:nlsdata2.obj
 0002:00000778       ??_C@_03IDFGHECI@Jun?$AA@  0000000180016778     libcmt:nlsdata2.obj
 0002:0000077c       ??_C@_03CNMDKL@May?$AA@    000000018001677c     libcmt:nlsdata2.obj
 0002:00000780       ??_C@_03LEOLGMJP@Apr?$AA@  0000000180016780     libcmt:nlsdata2.obj
 0002:00000784       ??_C@_03ODNJBKGA@Mar?$AA@  0000000180016784     libcmt:nlsdata2.obj
 0002:00000788       ??_C@_03HJBDCHOM@Feb?$AA@  0000000180016788     libcmt:nlsdata2.obj
 0002:0000078c       ??_C@_03JIHJHPIE@Jan?$AA@  000000018001678c     libcmt:nlsdata2.obj
 0002:00000790       ??_C@_08INBOOONO@Saturday?$AA@ 0000000180016790     libcmt:nlsdata2.obj
 0002:0000079c       ??_C@_06JECMNKMI@Friday?$AA@ 000000018001679c     libcmt:nlsdata2.obj
 0002:000007a8       ??_C@_08HACCIKIA@Thursday?$AA@ 00000001800167a8     libcmt:nlsdata2.obj
 0002:000007b8       ??_C@_09DLIGFAKA@Wednesday?$AA@ 00000001800167b8     libcmt:nlsdata2.obj
 0002:000007c8       ??_C@_07BAAGCFCM@Tuesday?$AA@ 00000001800167c8     libcmt:nlsdata2.obj
 0002:000007d0       ??_C@_06JLEDEDGH@Monday?$AA@ 00000001800167d0     libcmt:nlsdata2.obj
 0002:000007d8       ??_C@_06OOPIFAJ@Sunday?$AA@ 00000001800167d8     libcmt:nlsdata2.obj
 0002:000007e0       ??_C@_03FEFJNEK@Sat?$AA@   00000001800167e0     libcmt:nlsdata2.obj
 0002:000007e4       ??_C@_03IDIOELNC@Fri?$AA@  00000001800167e4     libcmt:nlsdata2.obj
 0002:000007e8       ??_C@_03IOFIKPDN@Thu?$AA@  00000001800167e8     libcmt:nlsdata2.obj
 0002:000007ec       ??_C@_03MHOMLAJA@Wed?$AA@  00000001800167ec     libcmt:nlsdata2.obj
 0002:000007f0       ??_C@_03NAGEINEP@Tue?$AA@  00000001800167f0     libcmt:nlsdata2.obj
 0002:000007f4       ??_C@_03PDAGKDH@Mon?$AA@   00000001800167f4     libcmt:nlsdata2.obj
 0002:000007f8       ??_C@_03KOEHGMDN@Sun?$AA@  00000001800167f8     libcmt:nlsdata2.obj
 0002:00000800       ??_C@_1BO@BKOMIGKJ@?$AAr?$AAu?$AAn?$AAt?$AAi?$AAm?$AAe?$AA?5?$AAe?$AAr?$AAr?$AAo?$AAr?$AA?5?$AA?$AA@ 0000000180016800     libcmt:crt0msg.obj
 0002:00000820       ??_C@_15JNBOKNOG@?$AA?$AN?$AA?6?$AA?$AA@ 0000000180016820     libcmt:crt0msg.obj
 0002:00000828       ??_C@_1BM@JBBEPPHI@?$AAT?$AAL?$AAO?$AAS?$AAS?$AA?5?$AAe?$AAr?$AAr?$AAo?$AAr?$AA?$AN?$AA?6?$AA?$AA@ 0000000180016828     libcmt:crt0msg.obj
 0002:00000848       ??_C@_1BK@KMOMNAAI@?$AAS?$AAI?$AAN?$AAG?$AA?5?$AAe?$AAr?$AAr?$AAo?$AAr?$AA?$AN?$AA?6?$AA?$AA@ 0000000180016848     libcmt:crt0msg.obj
 0002:00000868       ??_C@_1BO@BFCDCGC@?$AAD?$AAO?$AAM?$AAA?$AAI?$AAN?$AA?5?$AAe?$AAr?$AAr?$AAo?$AAr?$AA?$AN?$AA?6?$AA?$AA@ 0000000180016868     libcmt:crt0msg.obj
 0002:00000890       ??_C@_1BOO@KGEDBGAJ@?$AAR?$AA6?$AA0?$AA3?$AA3?$AA?$AN?$AA?6?$AA?9?$AA?5?$AAA?$AAt?$AAt?$AAe?$AAm?$AAp?$AAt?$AA?5?$AAt?$AAo?$AA?5?$AAu?$AAs?$AAe?$AA?5?$AAM?$AAS?$AAI?$AAL?$AA?5?$AAc?$AAo?$AAd@ 0000000180016890     libcmt:crt0msg.obj
 0002:00000a80       ??_C@_1GG@GOPILAJP@?$AAR?$AA6?$AA0?$AA3?$AA2?$AA?$AN?$AA?6?$AA?9?$AA?5?$AAn?$AAo?$AAt?$AA?5?$AAe?$AAn?$AAo?$AAu?$AAg?$AAh?$AA?5?$AAs?$AAp?$AAa?$AAc?$AAe?$AA?5?$AAf?$AAo?$AAr?$AA?5?$AAl?$AAo@ 0000000180016a80     libcmt:crt0msg.obj
 0002:00000af0       ??_C@_1MG@ENCOOIDF@?$AAR?$AA6?$AA0?$AA3?$AA1?$AA?$AN?$AA?6?$AA?9?$AA?5?$AAA?$AAt?$AAt?$AAe?$AAm?$AAp?$AAt?$AA?5?$AAt?$AAo?$AA?5?$AAi?$AAn?$AAi?$AAt?$AAi?$AAa?$AAl?$AAi?$AAz?$AAe?$AA?5?$AAt@ 0000000180016af0     libcmt:crt0msg.obj
 0002:00000bb8       ??_C@_1DO@BMFCDCD@?$AAR?$AA6?$AA0?$AA3?$AA0?$AA?$AN?$AA?6?$AA?9?$AA?5?$AAC?$AAR?$AAT?$AA?5?$AAn?$AAo?$AAt?$AA?5?$AAi?$AAn?$AAi?$AAt?$AAi?$AAa?$AAl?$AAi?$AAz?$AAe?$AAd?$AA?$AN?$AA?6?$AA?$AA@ 0000000180016bb8     libcmt:crt0msg.obj
 0002:00000c00       ??_C@_1EK@HHFLMAOL@?$AAR?$AA6?$AA0?$AA2?$AA8?$AA?$AN?$AA?6?$AA?9?$AA?5?$AAu?$AAn?$AAa?$AAb?$AAl?$AAe?$AA?5?$AAt?$AAo?$AA?5?$AAi?$AAn?$AAi?$AAt?$AAi?$AAa?$AAl?$AAi?$AAz?$AAe?$AA?5?$AAh?$AAe@ 0000000180016c00     libcmt:crt0msg.obj
 0002:00000c50       ??_C@_1GK@MFGOKLAG@?$AAR?$AA6?$AA0?$AA2?$AA7?$AA?$AN?$AA?6?$AA?9?$AA?5?$AAn?$AAo?$AAt?$AA?5?$AAe?$AAn?$AAo?$AAu?$AAg?$AAh?$AA?5?$AAs?$AAp?$AAa?$AAc?$AAe?$AA?5?$AAf?$AAo?$AAr?$AA?5?$AAl?$AAo@ 0000000180016c50     libcmt:crt0msg.obj
 0002:00000cc0       ??_C@_1GK@MCAAGJMO@?$AAR?$AA6?$AA0?$AA2?$AA6?$AA?$AN?$AA?6?$AA?9?$AA?5?$AAn?$AAo?$AAt?$AA?5?$AAe?$AAn?$AAo?$AAu?$AAg?$AAh?$AA?5?$AAs?$AAp?$AAa?$AAc?$AAe?$AA?5?$AAf?$AAo?$AAr?$AA?5?$AAs?$AAt@ 0000000180016cc0     libcmt:crt0msg.obj
 0002:00000d30       ??_C@_1EM@MAADIHMB@?$AAR?$AA6?$AA0?$AA2?$AA5?$AA?$AN?$AA?6?$AA?9?$AA?5?$AAp?$AAu?$AAr?$AAe?$AA?5?$AAv?$AAi?$AAr?$AAt?$AAu?$AAa?$AAl?$AA?5?$AAf?$AAu?$AAn?$AAc?$AAt?$AAi?$AAo?$AAn?$AA?5?$AAc@ 0000000180016d30     libcmt:crt0msg.obj
 0002:00000d80       ??_C@_1GK@FHCKBEFA@?$AAR?$AA6?$AA0?$AA2?$AA4?$AA?$AN?$AA?6?$AA?9?$AA?5?$AAn?$AAo?$AAt?$AA?5?$AAe?$AAn?$AAo?$AAu?$AAg?$AAh?$AA?5?$AAs?$AAp?$AAa?$AAc?$AAe?$AA?5?$AAf?$AAo?$AAr?$AA?5?$AA_?$AAo@ 0000000180016d80     libcmt:crt0msg.obj
 0002:00000df0       ??_C@_1FC@ECHBIFBC@?$AAR?$AA6?$AA0?$AA1?$AA9?$AA?$AN?$AA?6?$AA?9?$AA?5?$AAu?$AAn?$AAa?$AAb?$AAl?$AAe?$AA?5?$AAt?$AAo?$AA?5?$AAo?$AAp?$AAe?$AAn?$AA?5?$AAc?$AAo?$AAn?$AAs?$AAo?$AAl?$AAe?$AA?5@ 0000000180016df0     libcmt:crt0msg.obj
 0002:00000e50       ??_C@_1EC@JIBHAOPH@?$AAR?$AA6?$AA0?$AA1?$AA8?$AA?$AN?$AA?6?$AA?9?$AA?5?$AAu?$AAn?$AAe?$AAx?$AAp?$AAe?$AAc?$AAt?$AAe?$AAd?$AA?5?$AAh?$AAe?$AAa?$AAp?$AA?5?$AAe?$AAr?$AAr?$AAo?$AAr?$AA?$AN?$AA?6@ 0000000180016e50     libcmt:crt0msg.obj
 0002:00000ea0       ??_C@_1FK@BEOGODMC@?$AAR?$AA6?$AA0?$AA1?$AA7?$AA?$AN?$AA?6?$AA?9?$AA?5?$AAu?$AAn?$AAe?$AAx?$AAp?$AAe?$AAc?$AAt?$AAe?$AAd?$AA?5?$AAm?$AAu?$AAl?$AAt?$AAi?$AAt?$AAh?$AAr?$AAe?$AAa?$AAd?$AA?5@ 0000000180016ea0     libcmt:crt0msg.obj
 0002:00000f00       ??_C@_1FI@LOGNIKDM@?$AAR?$AA6?$AA0?$AA1?$AA6?$AA?$AN?$AA?6?$AA?9?$AA?5?$AAn?$AAo?$AAt?$AA?5?$AAe?$AAn?$AAo?$AAu?$AAg?$AAh?$AA?5?$AAs?$AAp?$AAa?$AAc?$AAe?$AA?5?$AAf?$AAo?$AAr?$AA?5?$AAt?$AAh@ 0000000180016f00     libcmt:crt0msg.obj
 0002:00000f60       ??_C@_1EG@BEHAGFJD@?$AAR?$AA6?$AA0?$AA1?$AA0?$AA?$AN?$AA?6?$AA?9?$AA?5?$AAa?$AAb?$AAo?$AAr?$AAt?$AA?$CI?$AA?$CJ?$AA?5?$AAh?$AAa?$AAs?$AA?5?$AAb?$AAe?$AAe?$AAn?$AA?5?$AAc?$AAa?$AAl?$AAl?$AAe?$AAd@ 0000000180016f60     libcmt:crt0msg.obj
 0002:00000fb0       ??_C@_1FI@HONFMGBI@?$AAR?$AA6?$AA0?$AA0?$AA9?$AA?$AN?$AA?6?$AA?9?$AA?5?$AAn?$AAo?$AAt?$AA?5?$AAe?$AAn?$AAo?$AAu?$AAg?$AAh?$AA?5?$AAs?$AAp?$AAa?$AAc?$AAe?$AA?5?$AAf?$AAo?$AAr?$AA?5?$AAe?$AAn@ 0000000180016fb0     libcmt:crt0msg.obj
 0002:00001010       ??_C@_1FE@LLNEDJMD@?$AAR?$AA6?$AA0?$AA0?$AA8?$AA?$AN?$AA?6?$AA?9?$AA?5?$AAn?$AAo?$AAt?$AA?5?$AAe?$AAn?$AAo?$AAu?$AAg?$AAh?$AA?5?$AAs?$AAp?$AAa?$AAc?$AAe?$AA?5?$AAf?$AAo?$AAr?$AA?5?$AAa?$AAr@ 0000000180017010     libcmt:crt0msg.obj
 0002:00001070       ??_C@_1FK@PGACCAFB@?$AAR?$AA6?$AA0?$AA0?$AA2?$AA?$AN?$AA?6?$AA?9?$AA?5?$AAf?$AAl?$AAo?$AAa?$AAt?$AAi?$AAn?$AAg?$AA?5?$AAp?$AAo?$AAi?$AAn?$AAt?$AA?5?$AAs?$AAu?$AAp?$AAp?$AAo?$AAr?$AAt?$AA?5@ 0000000180017070     libcmt:crt0msg.obj
 0002:00001230       ??_C@_1EK@MBDPDCGA@?$AAM?$AAi?$AAc?$AAr?$AAo?$AAs?$AAo?$AAf?$AAt?$AA?5?$AAV?$AAi?$AAs?$AAu?$AAa?$AAl?$AA?5?$AAC?$AA?$CL?$AA?$CL?$AA?5?$AAR?$AAu?$AAn?$AAt?$AAi?$AAm?$AAe?$AA?5?$AAL?$AAi?$AAb@ 0000000180017230     libcmt:crt0msg.obj
 0002:0000127c       ??_C@_15IABLJNFO@?$AA?6?$AA?6?$AA?$AA@ 000000018001727c     libcmt:crt0msg.obj
 0002:00001288       ??_C@_17LGKOMLJ@?$AA?4?$AA?4?$AA?4?$AA?$AA@ 0000000180017288     libcmt:crt0msg.obj
 0002:00001290       ??_C@_1CO@EAEJAADC@?$AA?$DM?$AAp?$AAr?$AAo?$AAg?$AAr?$AAa?$AAm?$AA?5?$AAn?$AAa?$AAm?$AAe?$AA?5?$AAu?$AAn?$AAk?$AAn?$AAo?$AAw?$AAn?$AA?$DO?$AA?$AA@ 0000000180017290     libcmt:crt0msg.obj
 0002:000012c0       ??_C@_1DE@JNGNBFGO@?$AAR?$AAu?$AAn?$AAt?$AAi?$AAm?$AAe?$AA?5?$AAE?$AAr?$AAr?$AAo?$AAr?$AA?$CB?$AA?6?$AA?6?$AAP?$AAr?$AAo?$AAg?$AAr?$AAa?$AAm?$AA?3?$AA?5?$AA?$AA@ 00000001800172c0     libcmt:crt0msg.obj
 0002:00001300       __newctype                 0000000180017300     libcmt:ctype.obj
 0002:00001600       _wctype                    0000000180017600     libcmt:ctype.obj
 0002:00001810       __newclmap                 0000000180017810     libcmt:ctype.obj
 0002:00001990       __newcumap                 0000000180017990     libcmt:ctype.obj
 0002:00001b10       ??_C@_0BI@DFKBFLJE@GetProcessWindowStation?$AA@ 0000000180017b10     libcmt:crtmboxw.obj
 0002:00001b28       ??_C@_0BK@DEKFELLI@GetUserObjectInformationW?$AA@ 0000000180017b28     libcmt:crtmboxw.obj
 0002:00001b48       ??_C@_0BD@HHGDFDBJ@GetLastActivePopup?$AA@ 0000000180017b48     libcmt:crtmboxw.obj
 0002:00001b60       ??_C@_0BA@HNOPNCHB@GetActiveWindow?$AA@ 0000000180017b60     libcmt:crtmboxw.obj
 0002:00001b70       ??_C@_0M@DLDCCGNP@MessageBoxW?$AA@ 0000000180017b70     libcmt:crtmboxw.obj
 0002:00001b80       ??_C@_1BG@GOEBHBDC@?$AAU?$AAS?$AAE?$AAR?$AA3?$AA2?$AA?4?$AAD?$AAL?$AAL?$AA?$AA@ 0000000180017b80     libcmt:crtmboxw.obj
 0002:00001b98       ??_C@_1CA@HMNFICHN@?$AAe?$AAr?$AAr?$AAe?$AAu?$AAr?$AA?5?$AAi?$AAn?$AAc?$AAo?$AAn?$AAn?$AAu?$AAe?$AA?$AA@ 0000000180017b98     ilu_error.obj
 0002:00001bb8       ??_C@_1BK@BGAHMHKP@?$AAp?$AAa?$AAs?$AA?5?$AAd?$AA?8?$AAe?$AAr?$AAr?$AAe?$AAu?$AAr?$AA?$AA@ 0000000180017bb8     ilu_error.obj
 0002:00001bd8       ??_C@_1DO@ONPCADDD@?$AAe?$AAx?$AAr?$AA?5?$AA?3?$AA?5?$AAe?$AAr?$AAr?$AAe?$AAu?$AAr?$AA?5?$AAd?$AAa?$AAn?$AAs?$AA?5?$AAl?$AAa?$AA?5?$AAl?$AAi?$AAb?$AAr?$AAa?$AAi?$AAr?$AAi?$AAe?$AA?$AA@ 0000000180017bd8     ilu_error.obj
 0002:00001c18       ??_C@_1DO@PNIGBAC@?$AAj?$AAp?$AA2?$AA?5?$AA?3?$AA?5?$AAe?$AAr?$AAr?$AAe?$AAu?$AAr?$AA?5?$AAd?$AAa?$AAn?$AAs?$AA?5?$AAl?$AAa?$AA?5?$AAl?$AAi?$AAb?$AAr?$AAa?$AAi?$AAr?$AAi?$AAe?$AA?$AA@ 0000000180017c18     ilu_error.obj
 0002:00001c58       ??_C@_1DO@FINPDFIG@?$AAm?$AAn?$AAg?$AA?5?$AA?3?$AA?5?$AAe?$AAr?$AAr?$AAe?$AAu?$AAr?$AA?5?$AAd?$AAa?$AAn?$AAs?$AA?5?$AAl?$AAa?$AA?5?$AAl?$AAi?$AAb?$AAr?$AAa?$AAi?$AAr?$AAi?$AAe?$AA?$AA@ 0000000180017c58     ilu_error.obj
 0002:00001ca0       ??_C@_1EA@BDIOGCDK@?$AAt?$AAi?$AAf?$AAf?$AA?5?$AA?3?$AA?5?$AAe?$AAr?$AAr?$AAe?$AAu?$AAr?$AA?5?$AAd?$AAa?$AAn?$AAs?$AA?5?$AAl?$AAa?$AA?5?$AAl?$AAi?$AAb?$AAr?$AAa?$AAi?$AAr?$AAi?$AAe?$AA?$AA@ 0000000180017ca0     ilu_error.obj
 0002:00001ce0       ??_C@_1DO@FBNBGIHN@?$AAp?$AAn?$AAg?$AA?5?$AA?3?$AA?5?$AAe?$AAr?$AAr?$AAe?$AAu?$AAr?$AA?5?$AAd?$AAa?$AAn?$AAs?$AA?5?$AAl?$AAa?$AA?5?$AAl?$AAi?$AAb?$AAr?$AAa?$AAi?$AAr?$AAi?$AAe?$AA?$AA@ 0000000180017ce0     ilu_error.obj
 0002:00001d20       ??_C@_1EA@MJACECEO@?$AAj?$AAp?$AAe?$AAg?$AA?5?$AA?3?$AA?5?$AAe?$AAr?$AAr?$AAe?$AAu?$AAr?$AA?5?$AAd?$AAa?$AAn?$AAs?$AA?5?$AAl?$AAa?$AA?5?$AAl?$AAi?$AAb?$AAr?$AAa?$AAi?$AAr?$AAi?$AAe?$AA?$AA@ 0000000180017d20     ilu_error.obj
 0002:00001d60       ??_C@_1DO@MHPEPJN@?$AAg?$AAi?$AAf?$AA?5?$AA?3?$AA?5?$AAe?$AAr?$AAr?$AAe?$AAu?$AAr?$AA?5?$AAd?$AAa?$AAn?$AAs?$AA?5?$AAl?$AAa?$AA?5?$AAl?$AAi?$AAb?$AAr?$AAa?$AAi?$AAr?$AAi?$AAe?$AA?$AA@ 0000000180017d60     ilu_error.obj
 0002:00001da0       ??_C@_1EK@KJFAALIO@?$AAe?$AAr?$AAr?$AAe?$AAu?$AAr?$AA?5?$AAl?$AAo?$AAr?$AAs?$AA?5?$AAd?$AAe?$AA?5?$AAl?$AAa?$AA?5?$AAl?$AAe?$AAc?$AAt?$AAu?$AAr?$AAe?$AA?5?$AAd?$AAu?$AA?5?$AAf?$AAi?$AAc@ 0000000180017da0     ilu_error.obj
 0002:00001df0       ??_C@_1CK@JPEODEBM@?$AAm?$AAa?$AAu?$AAv?$AAa?$AAi?$AAs?$AAe?$AAs?$AA?5?$AAd?$AAi?$AAm?$AAe?$AAn?$AAs?$AAi?$AAo?$AAn?$AAs?$AA?$AA@ 0000000180017df0     ilu_error.obj
 0002:00001e20       ??_C@_1CI@GAJKGMML@?$AAc?$AAo?$AAn?$AAv?$AAe?$AAr?$AAs?$AAi?$AAo?$AAn?$AA?5?$AAi?$AAn?$AAv?$AAa?$AAl?$AAi?$AAd?$AAe?$AA?$AA@ 0000000180017e20     ilu_error.obj
 0002:00001e48       ??_C@_1CO@KKPEJJLG@?$AA?i?$AAq?$AAu?$AAi?$AAv?$AAa?$AAl?$AAe?$AAn?$AAt?$AA?5?$AAh?$AAo?$AAr?$AAs?$AA?9?$AAf?$AAo?$AAr?$AAm?$AAa?$AAt?$AA?$AA@ 0000000180017e48     ilu_error.obj
 0002:00001e78       ??_C@_1CM@LKLKDFAK@?$AAf?$AAi?$AAc?$AAh?$AAi?$AAe?$AAr?$AA?5?$AAd?$AA?i?$AAj?$AA?$OA?$AA?5?$AAe?$AAx?$AAi?$AAs?$AAt?$AAa?$AAn?$AAt?$AA?$AA@ 0000000180017e78     ilu_error.obj
 0002:00001ea8       ??_C@_1CG@MDGPOGHK@?$AAe?$AAx?$AAt?$AAe?$AAn?$AAs?$AAi?$AAo?$AAn?$AA?5?$AAi?$AAn?$AAv?$AAa?$AAl?$AAi?$AAd?$AAe?$AA?$AA@ 0000000180017ea8     ilu_error.obj
 0002:00001ed0       ??_C@_1DM@PNFDLHBH@?$AAn?$AAe?$AA?5?$AAp?$AAe?$AAu?$AAt?$AA?5?$AAp?$AAa?$AAs?$AA?5?$AAo?$AAu?$AAv?$AAr?$AAi?$AAr?$AA?5?$AAl?$AAe?$AA?5?$AAf?$AAi?$AAc?$AAh?$AAi?$AAe?$AAr?$AA?$AA@ 0000000180017ed0     ilu_error.obj
 0002:00001f10       ??_C@_1CG@HDAOAOHG@?$AAp?$AAa?$AAr?$AAa?$AAm?$AA?h?$AAt?$AAr?$AAe?$AA?5?$AAi?$AAn?$AAv?$AAa?$AAl?$AAi?$AAd?$AAe?$AA?$AA@ 0000000180017f10     ilu_error.obj
 0002:00001f38       ??_C@_1DI@OFDPAFNA@?$AAe?$AAn?$AA?9?$AAt?$AA?j?$AAt?$AAe?$AA?5?$AAd?$AAe?$AA?5?$AAf?$AAi?$AAc?$AAh?$AAi?$AAe?$AAr?$AA?5?$AAi?$AAn?$AAv?$AAa?$AAl?$AAi?$AAd?$AAe?$AA?$AA@ 0000000180017f38     ilu_error.obj
 0002:00001f70       ??_C@_1DG@CBNKDHNN@?$AAv?$AAa?$AAl?$AAe?$AAu?$AAr?$AA?5?$AAd?$AAe?$AA?5?$AAf?$AAi?$AAc?$AAh?$AAi?$AAe?$AAr?$AA?5?$AAi?$AAl?$AAl?$AA?i?$AAg?$AAa?$AAl?$AAe?$AA?$AA@ 0000000180017f70     ilu_error.obj
 0002:00001fa8       ??_C@_1CG@OAHIJIBB@?$AAo?$AAp?$AA?i?$AAr?$AAa?$AAt?$AAi?$AAo?$AAn?$AA?5?$AAi?$AAl?$AAl?$AA?i?$AAg?$AAa?$AAl?$AAe?$AA?$AA@ 0000000180017fa8     ilu_error.obj
 0002:00001fd0       ??_C@_1CA@NALAPLOH@?$AAv?$AAa?$AAl?$AAe?$AAu?$AAr?$AA?5?$AAi?$AAl?$AAl?$AA?i?$AAg?$AAa?$AAl?$AAe?$AA?$AA@ 0000000180017fd0     ilu_error.obj
 0002:00001ff0       ??_C@_1BO@NHKDJNKP@?$AAe?$AAr?$AAr?$AAe?$AAu?$AAr?$AA?5?$AAi?$AAn?$AAt?$AAe?$AAr?$AAn?$AAe?$AA?$AA@ 0000000180017ff0     ilu_error.obj
 0002:00002010       ??_C@_1CI@NEFCBCMC@?$AAf?$AAo?$AAr?$AAm?$AAa?$AAt?$AA?5?$AAn?$AAo?$AAn?$AA?5?$AAs?$AAu?$AAp?$AAp?$AAo?$AAr?$AAt?$AA?i?$AA?$AA@ 0000000180018010     ilu_error.obj
 0002:00002038       ??_C@_1CO@KFPCDAPJ@?$AAd?$AA?i?$AAp?$AAa?$AAs?$AAs?$AAe?$AAm?$AAe?$AAn?$AAt?$AA?5?$AAd?$AAe?$AA?5?$AAm?$AA?i?$AAm?$AAo?$AAi?$AAr?$AAe?$AA?$AA@ 0000000180018038     ilu_error.obj
 0002:00002068       ??_C@_1CK@NDELFGJH@?$AA?i?$AAn?$AAu?$AAm?$AA?i?$AAr?$AAa?$AAt?$AAi?$AAo?$AAn?$AA?5?$AAi?$AAn?$AAv?$AAa?$AAl?$AAi?$AAd?$AAe?$AA?$AA@ 0000000180018068     ilu_error.obj
 0002:00002098       ??_C@_1CG@IOJFFCEB@?$AAU?$AAn?$AAb?$AAe?$AAk?$AAa?$AAn?$AAn?$AAt?$AAe?$AAr?$AA?5?$AAF?$AAe?$AAh?$AAl?$AAe?$AAr?$AA?$AA@ 0000000180018098     ilu_error.obj
 0002:000020c0       ??_C@_1BI@BCDJAAKE@?$AAK?$AAe?$AAi?$AAn?$AA?5?$AAF?$AAe?$AAh?$AAl?$AAe?$AAr?$AA?$AA@ 00000001800180c0     ilu_error.obj
 0002:000020d8       ??_C@_1DK@EPDNFEGH@?$AAF?$AAe?$AAh?$AAl?$AAe?$AAr?$AA?5?$AAi?$AAn?$AA?5?$AAd?$AAe?$AAr?$AA?5?$AAe?$AAx?$AAr?$AA?5?$AAB?$AAi?$AAb?$AAl?$AAi?$AAo?$AAt?$AAh?$AAe?$AAk?$AA?$AA@ 00000001800180d8     ilu_error.obj
 0002:00002118       ??_C@_1DK@LBMGMJF@?$AAF?$AAe?$AAh?$AAl?$AAe?$AAr?$AA?5?$AAi?$AAn?$AA?5?$AAd?$AAe?$AAr?$AA?5?$AAj?$AAp?$AA2?$AA?5?$AAB?$AAi?$AAb?$AAl?$AAi?$AAo?$AAt?$AAh?$AAe?$AAk?$AA?$AA@ 0000000180018118     ilu_error.obj
 0002:00002158       ??_C@_1DK@OHDPOMJ@?$AAF?$AAe?$AAh?$AAl?$AAe?$AAr?$AA?5?$AAi?$AAn?$AA?5?$AAd?$AAe?$AAr?$AA?5?$AAm?$AAn?$AAg?$AA?5?$AAB?$AAi?$AAb?$AAl?$AAi?$AAo?$AAt?$AAh?$AAe?$AAk?$AA?$AA@ 0000000180018158     ilu_error.obj
 0002:00002198       ??_C@_1DM@KNFIOOOK@?$AAF?$AAe?$AAh?$AAl?$AAe?$AAr?$AA?5?$AAi?$AAn?$AA?5?$AAd?$AAe?$AAr?$AA?5?$AAt?$AAi?$AAf?$AAf?$AA?5?$AAB?$AAi?$AAb?$AAl?$AAi?$AAo?$AAt?$AAh?$AAe?$AAk?$AA?$AA@ 0000000180018198     ilu_error.obj
 0002:000021d8       ??_C@_1DK@ILAKLDOC@?$AAF?$AAe?$AAh?$AAl?$AAe?$AAr?$AA?5?$AAi?$AAn?$AA?5?$AAd?$AAe?$AAr?$AA?5?$AAp?$AAn?$AAg?$AA?5?$AAB?$AAi?$AAb?$AAl?$AAi?$AAo?$AAt?$AAh?$AAe?$AAk?$AA?$AA@ 00000001800181d8     ilu_error.obj
 0002:00002218       ??_C@_1DM@ILGDMDND@?$AAF?$AAe?$AAh?$AAl?$AAe?$AAr?$AA?5?$AAi?$AAn?$AA?5?$AAd?$AAe?$AAr?$AA?5?$AAj?$AAp?$AAe?$AAg?$AA?5?$AAB?$AAi?$AAb?$AAl?$AAi?$AAo?$AAt?$AAh?$AAe?$AAk?$AA?$AA@ 0000000180018218     ilu_error.obj
 0002:00002258       ??_C@_1DK@KNNAHDBM@?$AAF?$AAe?$AAh?$AAl?$AAe?$AAr?$AA?5?$AAi?$AAn?$AA?5?$AAd?$AAe?$AAr?$AA?5?$AAg?$AAi?$AAf?$AA?5?$AAB?$AAi?$AAb?$AAl?$AAi?$AAo?$AAt?$AAh?$AAe?$AAk?$AA?$AA@ 0000000180018258     ilu_error.obj
 0002:00002298       ??_C@_1DI@GMKKLKGH@?$AAF?$AAe?$AAh?$AAl?$AAe?$AAr?$AA?5?$AAb?$AAe?$AAi?$AAm?$AA?5?$AAL?$AAe?$AAs?$AAe?$AAn?$AA?5?$AAd?$AAe?$AAr?$AA?5?$AAD?$AAa?$AAt?$AAe?$AAi?$AA?$AA@ 0000000180018298     ilu_error.obj
 0002:000022d0       ??_C@_1DA@IJILAKCO@?$AAU?$AAn?$AAz?$AAu?$AAl?$AA?d?$AAs?$AAs?$AAi?$AAg?$AAe?$AA?5?$AAA?$AAb?$AAm?$AAe?$AAs?$AAs?$AAu?$AAn?$AAg?$AAe?$AAn?$AA?$AA@ 00000001800182d0     ilu_error.obj
 0002:00002300       ??_C@_1DA@BDALIJHE@?$AAU?$AAn?$AAg?$AA?$PM?$AAl?$AAt?$AAi?$AAg?$AAe?$AA?5?$AAK?$AAo?$AAn?$AAv?$AAe?$AAr?$AAt?$AAi?$AAe?$AAr?$AAu?$AAn?$AAg?$AA?$AA@ 0000000180018300     ilu_error.obj
 0002:00002330       ??_C@_1CA@FPDJBJPA@?$AAS?$AAt?$AAa?$AAc?$AAk?$AA?5?$AAU?$AAn?$AAt?$AAe?$AAr?$AAl?$AAa?$AAu?$AAf?$AA?$AA@ 0000000180018330     ilu_error.obj
 0002:00002350       ??_C@_1BO@KLEFMMLO@?$AAS?$AAt?$AAa?$AAc?$AAk?$AA?5?$AA?$NM?$AAb?$AAe?$AAr?$AAl?$AAa?$AAu?$AAf?$AA?$AA@ 0000000180018350     ilu_error.obj
 0002:00002370       ??_C@_1DI@NCGFKKOJ@?$AAD?$AAi?$AAe?$AA?5?$AAD?$AAa?$AAt?$AAe?$AAi?$AA?5?$AAe?$AAx?$AAi?$AAs?$AAt?$AAi?$AAe?$AAr?$AAt?$AA?5?$AAb?$AAe?$AAr?$AAe?$AAi?$AAt?$AAs?$AA?$AA@ 0000000180018370     ilu_error.obj
 0002:000023a8       ??_C@_1CO@MBCEOOLD@?$AAU?$AAn?$AAg?$AA?$PM?$AAl?$AAt?$AAi?$AAg?$AAe?$AAr?$AA?5?$AAE?$AAr?$AAw?$AAe?$AAi?$AAt?$AAe?$AAr?$AAu?$AAn?$AAg?$AA?$AA@ 00000001800183a8     ilu_error.obj
 0002:000023e0       ??_C@_1EG@GLCHFCHI@?$AAD?$AAa?$AAt?$AAe?$AAi?$AA?5?$AAk?$AAo?$AAn?$AAn?$AAt?$AAe?$AA?5?$AAn?$AAi?$AAc?$AAh?$AAt?$AA?5?$AAg?$AAe?$AA?v?$AAf?$AAf?$AAn?$AAe?$AAt?$AA?5?$AAw?$AAe?$AAr?$AAd@ 00000001800183e0     ilu_error.obj
 0002:00002428       ??_C@_1CO@HIHMMEBB@?$AAU?$AAn?$AAz?$AAu?$AAl?$AA?d?$AAs?$AAs?$AAi?$AAg?$AAe?$AAr?$AA?5?$AAP?$AAa?$AAr?$AAa?$AAm?$AAe?$AAt?$AAe?$AAr?$AA?$AA@ 0000000180018428     ilu_error.obj
 0002:00002458       ??_C@_1DE@MFBPMMOI@?$AAU?$AAn?$AAz?$AAu?$AAl?$AA?d?$AAs?$AAs?$AAi?$AAg?$AAe?$AAr?$AA?5?$AAD?$AAa?$AAt?$AAe?$AAi?$AA?9?$AAH?$AAe?$AAa?$AAd?$AAe?$AAr?$AA?$AA@ 0000000180018458     ilu_error.obj
 0002:00002490       ??_C@_1DA@IPDPLFIL@?$AAU?$AAn?$AAz?$AAu?$AAl?$AA?d?$AAs?$AAs?$AAi?$AAg?$AAe?$AAr?$AA?5?$AAD?$AAa?$AAt?$AAe?$AAi?$AA?9?$AAW?$AAe?$AAr?$AAt?$AA?$AA@ 0000000180018490     ilu_error.obj
 0002:000024c0       ??_C@_1CM@EJAODAH@?$AAU?$AAn?$AAz?$AAu?$AAl?$AA?d?$AAs?$AAs?$AAi?$AAg?$AAe?$AA?5?$AAO?$AAp?$AAe?$AAr?$AAa?$AAt?$AAi?$AAo?$AAn?$AA?$AA@ 00000001800184c0     ilu_error.obj
 0002:000024f0       ??_C@_1CA@OBNPBHAH@?$AAU?$AAn?$AAg?$AA?$PM?$AAl?$AAt?$AAi?$AAg?$AAe?$AAr?$AA?5?$AAW?$AAe?$AAr?$AAt?$AA?$AA@ 00000001800184f0     ilu_error.obj
 0002:00002510       ??_C@_1CA@PEHIKCPH@?$AAI?$AAn?$AAt?$AAe?$AAr?$AAn?$AAe?$AAr?$AA?5?$AAF?$AAe?$AAh?$AAl?$AAe?$AAr?$AA?$AA@ 0000000180018510     ilu_error.obj
 0002:00002530       ??_C@_1EO@HGBJJHBF@?$AAD?$AAa?$AAs?$AA?5?$AAF?$AAo?$AAr?$AAm?$AAa?$AAt?$AA?5?$AAw?$AAi?$AAr?$AAd?$AA?5?$AAn?$AAo?$AAc?$AAh?$AA?5?$AAn?$AAi?$AAc?$AAh?$AAt?$AA?5?$AAu?$AAn?$AAt?$AAe?$AAr@ 0000000180018530     ilu_error.obj
 0002:00002580       ??_C@_1DA@HGGGFNED@?$AAK?$AAe?$AAi?$AAn?$AA?5?$AAS?$AAp?$AAe?$AAi?$AAc?$AAh?$AAe?$AAr?$AA?5?$AAv?$AAe?$AAr?$AAf?$AA?$PM?$AAg?$AAb?$AAa?$AAr?$AA?$AA@ 0000000180018580     ilu_error.obj
 0002:000025b0       ??_C@_1CM@PBABIAKF@?$AAU?$AAn?$AAg?$AA?$PM?$AAl?$AAt?$AAi?$AAg?$AAe?$AAr?$AA?5?$AAE?$AAn?$AAu?$AAm?$AAe?$AAr?$AAa?$AAt?$AAo?$AAr?$AA?$AA@ 00000001800185b0     ilu_error.obj
 0002:000025e0       ??_C@_1DC@POGNHGDF@?$AAe?$AAr?$AAr?$AAo?$AAr?$AA?5?$AAe?$AAn?$AA?5?$AAl?$AAa?$AA?5?$AAl?$AAi?$AAb?$AAr?$AAe?$AAr?$AA?m?$AAa?$AA?5?$AAe?$AAx?$AAr?$AA?$AA@ 00000001800185e0     ilu_error.obj
 0002:00002618       ??_C@_1DC@FAAKLOMJ@?$AAe?$AAr?$AAr?$AAo?$AAr?$AA?5?$AAe?$AAn?$AA?5?$AAl?$AAa?$AA?5?$AAl?$AAi?$AAb?$AAr?$AAe?$AAr?$AA?m?$AAa?$AA?5?$AAj?$AAp?$AA2?$AA?$AA@ 0000000180018618     ilu_error.obj
 0002:00002650       ??_C@_1DC@JPMACLKL@?$AAe?$AAr?$AAr?$AAo?$AAr?$AA?5?$AAe?$AAn?$AA?5?$AAl?$AAa?$AA?5?$AAl?$AAi?$AAb?$AAr?$AAe?$AAr?$AA?m?$AAa?$AA?5?$AAm?$AAn?$AAg?$AA?$AA@ 0000000180018650     ilu_error.obj
 0002:00002688       ??_C@_1DE@OFCANLOD@?$AAe?$AAr?$AAr?$AAo?$AAr?$AA?5?$AAe?$AAn?$AA?5?$AAl?$AAa?$AA?5?$AAl?$AAi?$AAb?$AAr?$AAe?$AAr?$AA?m?$AAa?$AA?5?$AAt?$AAi?$AAf?$AAf?$AA?$AA@ 0000000180018688     ilu_error.obj
 0002:000026c0       ??_C@_1DC@HIHOAPFB@?$AAe?$AAr?$AAr?$AAo?$AAr?$AA?5?$AAe?$AAn?$AA?5?$AAl?$AAa?$AA?5?$AAl?$AAi?$AAb?$AAr?$AAe?$AAr?$AA?m?$AAa?$AA?5?$AAp?$AAn?$AAg?$AA?$AA@ 00000001800186c0     ilu_error.obj
 0002:000026f8       ??_C@_1DE@IBJLFFHD@?$AAe?$AAr?$AAr?$AAo?$AAr?$AA?5?$AAe?$AAn?$AA?5?$AAl?$AAa?$AA?5?$AAl?$AAi?$AAb?$AAr?$AAe?$AAr?$AA?m?$AAa?$AA?5?$AAj?$AAp?$AAe?$AAg?$AA?$AA@ 00000001800186f8     ilu_error.obj
 0002:00002730       ??_C@_1DC@KLLJGALO@?$AAe?$AAr?$AAr?$AAo?$AAr?$AA?5?$AAe?$AAn?$AA?5?$AAl?$AAa?$AA?5?$AAl?$AAi?$AAb?$AAr?$AAe?$AAr?$AA?m?$AAa?$AA?5?$AAg?$AAi?$AAf?$AA?$AA@ 0000000180018730     ilu_error.obj
 0002:00002768       ??_C@_1DO@OPNGPCHO@?$AAe?$AAr?$AAr?$AAo?$AAr?$AA?5?$AAd?$AAe?$AA?5?$AAl?$AAe?$AAc?$AAt?$AAu?$AAr?$AAa?$AA?5?$AAe?$AAn?$AA?5?$AAe?$AAl?$AA?5?$AAf?$AAi?$AAc?$AAh?$AAe?$AAr?$AAo?$AA?$AA@ 0000000180018768     ilu_error.obj
 0002:000027b0       ??_C@_1EC@FFNPLEMJ@?$AAn?$AA?z?$AAm?$AAe?$AAr?$AAo?$AA?5?$AAd?$AAe?$AA?5?$AAd?$AAi?$AAm?$AAe?$AAn?$AAs?$AAi?$AAo?$AAn?$AAe?$AAs?$AA?5?$AAi?$AAn?$AAc?$AAo?$AAr?$AAr?$AAe?$AAc?$AAt?$AAo@ 00000001800187b0     ilu_error.obj
 0002:000027f8       ??_C@_1CM@OMLIENAF@?$AAc?$AAo?$AAn?$AAv?$AAe?$AAr?$AAs?$AAi?$AA?s?$AAn?$AA?5?$AAi?$AAn?$AAc?$AAo?$AAr?$AAr?$AAe?$AAc?$AAt?$AAa?$AA?$AA@ 00000001800187f8     ilu_error.obj
 0002:00002830       ??_C@_1EA@NBAJPDEI@?$AAd?$AAe?$AAs?$AAb?$AAo?$AAr?$AAd?$AAa?$AAm?$AAi?$AAe?$AAn?$AAt?$AAo?$AA?5?$AAi?$AAn?$AAf?$AAe?$AAr?$AAi?$AAo?$AAr?$AA?5?$AAd?$AAe?$AA?5?$AAp?$AAi?$AAl?$AAa?$AA?$AA@ 0000000180018830     ilu_error.obj
 0002:00002870       ??_C@_1EA@IMCEODEG@?$AAd?$AAe?$AAs?$AAb?$AAo?$AAr?$AAd?$AAa?$AAm?$AAi?$AAe?$AAn?$AAt?$AAo?$AA?5?$AAs?$AAu?$AAp?$AAe?$AAr?$AAi?$AAo?$AAr?$AA?5?$AAd?$AAe?$AA?5?$AAp?$AAi?$AAl?$AAa?$AA?$AA@ 0000000180018870     ilu_error.obj
 0002:000028b0       ??_C@_1DM@OFODONCM@?$AAf?$AAo?$AAr?$AAm?$AAa?$AAt?$AAo?$AA?5?$AAd?$AAe?$AA?5?$AAs?$AAa?$AAl?$AAi?$AAd?$AAa?$AA?5?$AAe?$AAq?$AAu?$AAi?$AAv?$AAa?$AAl?$AAe?$AAn?$AAt?$AAe?$AA?$AA@ 00000001800188b0     ilu_error.obj
 0002:000028f0       ??_C@_1CK@FMNLDLFO@?$AAe?$AAl?$AA?5?$AAf?$AAi?$AAc?$AAh?$AAe?$AAr?$AAo?$AA?5?$AAy?$AAa?$AA?5?$AAe?$AAx?$AAi?$AAs?$AAt?$AAe?$AA?$AA@ 00000001800188f0     ilu_error.obj
 0002:00002920       ??_C@_1CM@OICMKPO@?$AAe?$AAx?$AAt?$AAe?$AAn?$AAs?$AAi?$AA?s?$AAn?$AA?5?$AAd?$AAe?$AAs?$AAc?$AAo?$AAn?$AAo?$AAc?$AAi?$AAd?$AAa?$AA?$AA@ 0000000180018920     ilu_error.obj
 0002:00002950       ??_C@_1DK@OBJNJFBI@?$AAn?$AAo?$AA?5?$AAs?$AAe?$AA?5?$AAp?$AAu?$AAe?$AAd?$AAe?$AA?5?$AAa?$AAb?$AAr?$AAi?$AAr?$AA?5?$AAe?$AAl?$AA?5?$AAf?$AAi?$AAc?$AAh?$AAe?$AAr?$AAo?$AA?$AA@ 0000000180018950     ilu_error.obj
 0002:00002990       ??_C@_1CK@FNEFMPJI@?$AAp?$AAa?$AAr?$AA?a?$AAm?$AAe?$AAt?$AAr?$AAo?$AA?5?$AAi?$AAn?$AAc?$AAo?$AAr?$AAr?$AAe?$AAc?$AAt?$AAo?$AA?$AA@ 0000000180018990     ilu_error.obj
 0002:000029c0       ??_C@_1CI@CHEAKFPN@?$AAc?$AAa?$AAb?$AAe?$AAc?$AAe?$AAr?$AAa?$AA?5?$AAi?$AAn?$AAc?$AAo?$AAr?$AAr?$AAe?$AAc?$AAt?$AAa?$AA?$AA@ 00000001800189c0     ilu_error.obj
 0002:000029e8       ??_C@_1DO@DKFFDHIG@?$AAv?$AAa?$AAl?$AAo?$AAr?$AA?5?$AAd?$AAe?$AA?5?$AAf?$AAi?$AAc?$AAh?$AAe?$AAr?$AAo?$AA?5?$AAi?$AAl?$AAe?$AAg?$AAa?$AAI?$AAL?$AA_?$AAT?$AAE?$AAX?$AAT?$AA?$CI?$AA?$AA@ 00000001800189e8     ilu_error.obj
 0002:00002a28       ??_C@_1DA@HAELOPGN@?$AAo?$AAp?$AAe?$AAr?$AAa?$AAc?$AAi?$AA?s?$AAn?$AA?5?$AAi?$AAl?$AAe?$AAg?$AAa?$AAI?$AAL?$AA_?$AAT?$AAE?$AAX?$AAT?$AA?$CI?$AA?$AA@ 0000000180018a28     ilu_error.obj
 0002:00002a58       ??_C@_1CC@HCELJPEA@?$AAv?$AAa?$AAl?$AAo?$AAr?$AA?5?$AAi?$AAn?$AAc?$AAo?$AAr?$AAr?$AAe?$AAc?$AAt?$AAo?$AA?$AA@ 0000000180018a58     ilu_error.obj
 0002:00002a80       ??_C@_1BM@GDFBBKPK@?$AAe?$AAr?$AAr?$AAo?$AAr?$AA?5?$AAi?$AAn?$AAt?$AAe?$AAr?$AAn?$AAo?$AA?$AA@ 0000000180018a80     ilu_error.obj
 0002:00002aa0       ??_C@_1DK@CBIAJMI@?$AAf?$AAo?$AAr?$AAm?$AAa?$AAt?$AAo?$AA?5?$AAn?$AAo?$AA?5?$AAs?$AAo?$AAp?$AAo?$AAr?$AAt?$AAa?$AAd?$AAo?$AA?5?$AAt?$AAo?$AAd?$AAa?$AAv?$AA?m?$AAa?$AA?$AA@ 0000000180018aa0     ilu_error.obj
 0002:00002ae0       ??_C@_1DI@LBBCEEKH@?$AAn?$AAo?$AA?5?$AAq?$AAu?$AAe?$AAd?$AAa?$AA?5?$AAm?$AAe?$AAm?$AAo?$AAr?$AAi?$AAa?$AA?5?$AAd?$AAi?$AAs?$AAp?$AAo?$AAn?$AAi?$AAb?$AAl?$AAe?$AA?$AA@ 0000000180018ae0     ilu_error.obj
 0002:00002b18       ??_C@_1CM@HFICKFIC@?$AAe?$AAn?$AAu?$AAm?$AAe?$AAr?$AAa?$AAd?$AAo?$AAr?$AA?5?$AAi?$AAn?$AAc?$AAo?$AAr?$AAr?$AAe?$AAc?$AAt?$AAo?$AA?$AA@ 0000000180018b18     ilu_error.obj
 0002:00002b48       ??_C@_1CG@LCKCFJMA@?$AA?d?$AA?$LI?$AA?$IN?$AA?f?$AC?$NM?$AB?$HN?$AA?c?$AA?$IB?$AA?$KK?$AA?c?5?$BK?$AA?$KI?$AA?c?$AB?$JC?$AA?$KJ?$AA?c?$AB?$JC?$AA?$LM?$AA?$AA@ 0000000180018b48     ilu_error.obj
 0002:00002b70       ??_C@_1CA@OMFFKEBF@?$AA?c?5?$BK?$AA?$KI?$AA?c?$AB?$JC?$AA?$KJ?$AA?c?$AB?$JC?$AA?$LM?$AA?g?5?$BO?$AA?$KB?$AA?c?$AA?$IB?5?$BE?$AA?$AA@ 0000000180018b70     ilu_error.obj
 0002:00002b90       ??_C@_1DI@LLHNDEOK@?$AAe?$AAx?$AAr?$AA?c?$AB?$JC?$AA?$KJ?$AA?c?5?$BK?$AA?$KE?$AA?c?$AB?$JC?5?$BD?$AA?c?$AB?$JC?$AA?$KJ?$AA?c?$AB?$JC?$AA?$KK?$AA?c?5?$BK?$AA?$KI?$AA?c?$AB?$JC?$AA?$KJ?$AA?c?$AB?$JC?$AA?$LM?$AA?$AA@ 0000000180018b90     ilu_error.obj
 0002:00002bc8       ??_C@_1DI@KDPIOCJD@?$AAj?$AAp?$AA2?$AA?c?$AB?$JC?$AA?$KJ?$AA?c?5?$BK?$AA?$KE?$AA?c?$AB?$JC?5?$BD?$AA?c?$AB?$JC?$AA?$KJ?$AA?c?$AB?$JC?$AA?$KK?$AA?c?5?$BK?$AA?$KI?$AA?c?$AB?$JC?$AA?$KJ?$AA?c?$AB?$JC?$AA?$LM?$AA?$AA@ 0000000180018bc8     ilu_error.obj
 0002:00002c00       ??_C@_1DI@HHKGBBGL@?$AAm?$AAn?$AAg?$AA?c?$AB?$JC?$AA?$KJ?$AA?c?5?$BK?$AA?$KE?$AA?c?$AB?$JC?5?$BD?$AA?c?$AB?$JC?$AA?$KJ?$AA?c?$AB?$JC?$AA?$KK?$AA?c?5?$BK?$AA?$KI?$AA?c?$AB?$JC?$AA?$KJ?$AA?c?$AB?$JC?$AA?$LM?$AA?$AA@ 0000000180018c00     ilu_error.obj
 0002:00002c38       ??_C@_1DK@BPLJJBJB@?$AAt?$AAi?$AAf?$AAf?$AA?c?$AB?$JC?$AA?$KJ?$AA?c?5?$BK?$AA?$KE?$AA?c?$AB?$JC?5?$BD?$AA?c?$AB?$JC?$AA?$KJ?$AA?c?$AB?$JC?$AA?$KK?$AA?c?5?$BK?$AA?$KI?$AA?c?$AB?$JC?$AA?$KJ?$AA?c?$AB?$JC?$AA?$LM?$AA?$AA@ 0000000180018c38     ilu_error.obj
 0002:00002c78       ??_C@_1DI@PCOPOIGJ@?$AAp?$AAn?$AAg?$AA?c?$AB?$JC?$AA?$KJ?$AA?c?5?$BK?$AA?$KE?$AA?c?$AB?$JC?5?$BD?$AA?c?$AB?$JC?$AA?$KJ?$AA?c?$AB?$JC?$AA?$KK?$AA?c?5?$BK?$AA?$KI?$AA?c?$AB?$JC?$AA?$KJ?$AA?c?$AB?$JC?$AA?$LM?$AA?$AA@ 0000000180018c78     ilu_error.obj
 0002:00002cb0       ??_C@_1DK@KOJIJMNO@?$AAj?$AAp?$AAe?$AAg?$AA?c?$AB?$JC?$AA?$KJ?$AA?c?5?$BK?$AA?$KE?$AA?c?$AB?$JC?5?$BD?$AA?c?$AB?$JC?$AA?$KJ?$AA?c?$AB?$JC?$AA?$KK?$AA?c?5?$BK?$AA?$KI?$AA?c?$AB?$JC?$AA?$KJ?$AA?c?$AB?$JC?$AA?$LM?$AA?$AA@ 0000000180018cb0     ilu_error.obj
 0002:00002cf0       ??_C@_1DI@MNJAAIHC@?$AAg?$AAi?$AAf?$AA?c?$AB?$JC?$AA?$KJ?$AA?c?5?$BK?$AA?$KE?$AA?c?$AB?$JC?5?$BD?$AA?c?$AB?$JC?$AA?$KJ?$AA?c?$AB?$JC?$AA?$KK?$AA?c?5?$BK?$AA?$KI?$AA?c?$AB?$JC?$AA?$KJ?$AA?c?$AB?$JC?$AA?$LM?$AA?$AA@ 0000000180018cf0     ilu_error.obj
 0002:00002d30       ??_C@_1EE@EKCBBPOD@?$AA?c?$AB?$JC?5?$CC?$AA?c?5?$BK?$AA?$KB?$AA?c?5?$BK?$AA?$KE?$AA?c?$AB?$JC?$AA?$KL?$AA?h?$AA?$KK?$AA?$KN?$AA?c?$AA?$IB?$AA?$LP?$AA?h?$AA?$LO?$AA?$LM?$AA?c?$AA?$IB?$AA?$LP?$AA?c?5?$BK?$AA?$KI?$AA?c?$AB?$JC?$AA?$KJ?$AA?c?$AB?$JC@ 0000000180018d30     ilu_error.obj
 0002:00002d78       ??_C@_1CG@BLBKCOJL@?$AA?d?$AA?$LI?$AA?$IN?$AA?f?$AA?$KN?$AA?$KD?$AA?c?$AA?$IB?$AA?$KK?$AA?c?5?$BK?$AA?$LF?$AA?c?5?$BK?$AA?$KE?$AA?c?5?$BK?$AA?$LK?$AA?$AA@ 0000000180018d78     ilu_error.obj
 0002:00002da0       ??_C@_1CA@FEANMDFM@?$AA?g?5?$BO?$AA?$KB?$AA?e?$AB?$GA?$AA?$LJ?$AA?c?$AA?$IB?$AA?$KK?$AA?e?$AA?$KE?50?$AA?f?$AA?$IP?5?3?$AA?$AA@ 0000000180018da0     ilu_error.obj
 0002:00002dc0       ??_C@_1EE@LPMPICCB@?$AA?c?5?$BK?$AA?$LJ?$AA?c?5?$BK?$AA?$LP?$AA?c?$AB?$JC?$AB?$JC?$AA?c?5?$BK?$AA?$KP?$AA?c?5?$BK?$AA?$KC?$AA?c?$AB?$JC?$AA?$LD?$AA?c?$AB?$JC?5?$KM?$AA?c?$AB?$JC?$AA?$LM?$AA?c?$AB?$JC?5?$CC?$AA?c?$AB?$JC?$AA?$KN?$AA?c?$AB?$JC@ 0000000180018dc0     ilu_error.obj
 0002:00002e10       ??_C@_1EE@FPCBADOL@?$AA?c?5?$BK?$AA?$LJ?$AA?c?5?$BK?$AA?$LP?$AA?c?$AB?$JC?$AB?$JC?$AA?c?5?$BK?$AA?$KP?$AA?c?5?$BK?$AA?$KK?$AA?c?$AB?$JC?$AA?$LM?$AA?c?$AB?$JC?$AA?$JA?$AA?c?$AB?$JC?$AA?$LM?$AA?c?$AB?$JC?5?$CC?$AA?c?$AB?$JC?$AA?$KN?$AA?c?$AB?$JC@ 0000000180018e10     ilu_error.obj
 0002:00002e58       ??_C@_1DI@BHNMGBLJ@?$AA?g?$AA?$KN?50?$AA?d?$AA?$LO?$AA?$KB?$AA?c?$AB?$JC?5?$CC?$AA?c?5?$BK?$AA?$KJ?$AA?c?$AB?$JC?$AA?$LM?$AA?c?$AB?$JC?$AB?$HO?$AA?c?$AB?$JC?$AB?$JC?$AA?c?$AB?$JC?$AC?F?$AA?e?$AA?$KE?5?$BD?$AA?$AA@ 0000000180018e58     ilu_error.obj
 0002:00002e90       ??_C@_1FG@EECEGNDK@?$AA?c?$AB?$JC?5?$CC?$AA?c?5?$BK?$AA?$KB?$AA?c?5?$BK?$AA?$KE?$AA?c?$AB?$JC?$AA?$KL?$AA?c?$AA?$IB?$AA?$KP?$AA?f?5?$BE?$AA?$KC?$AA?c?$AA?$IB?$AA?$KL?$AA?e?$AA?$KN?$AC?$NM?$AA?e?$ABS?$AA?$KI?$AA?c?$AA?$IB?5?$BE?$AA?c?$AA?$IB@ 0000000180018e90     ilu_error.obj
 0002:00002ee8       ??_C@_1CG@HLODKLIA@?$AA?g?5?$BO?$AA?$KB?$AA?e?$AB?$GA?$AA?$LJ?$AA?c?$AA?$IB?$AA?$KK?$AA?f?59?$AA?$KB?$AA?e?$AA?$LM?$AA?$LF?$AA?e?$AA?$KN?$AA?$JA?$AA?$AA@ 0000000180018ee8     ilu_error.obj
 0002:00002f10       ??_C@_1DO@BPLLCEAF@?$AA?c?$AB?$JC?5?$CC?$AA?c?5?$BK?$AA?$KB?$AA?c?5?$BK?$AA?$KE?$AA?c?$AB?$JC?$AA?$KL?$AA?c?$AA?$IB?$ABR?$AA?i?5?$BD?59?$AA?c?$AA?$IB?5?$BI?$AA?c?$AA?$IB?$AA?$LO?$AA?c?$AA?$IB?5?3?$AA?c?5?$BK?5?$BM?$AA?$AA@ 0000000180018f10     ilu_error.obj
 0002:00002f50       ??_C@_1CM@EKIFNCCF@?$AA?g?5?$BO?$AA?$KB?$AA?e?$AB?$GA?$AA?$LJ?$AA?c?$AA?$IB?$AA?$KK?$AA?c?$AB?$JC?5?$BI?$AA?c?$AB?$JC?$AA?$KJ?$AA?c?$AB?$JC?$AA?$KB?$AA?c?5?$BK?$AA?$LP?$AA?$AA@ 0000000180018f50     ilu_error.obj
 0002:00002f80       ??_C@_1DO@BCPNLNCK@?$AA?g?5?$BO?$AA?$KB?$AA?e?$AB?$GA?$AA?$LJ?$AA?c?$AA?$IB?$AA?$KK?$AA?c?$AB?$JC?5?$CC?$AA?c?5?$BK?$AA?$KB?$AA?c?5?$BK?$AA?$KE?$AA?c?$AB?$JC?$AA?$KL?$AA?c?$AB?$JC?$AC?$NM?$AA?c?$AB?$JC?$AB?$JC?$AA?c?$AB?$JC?5?$KM?$AA?$AA@ 0000000180018f80     ilu_error.obj
 0002:00002fc0       ??_C@_1DI@JNECJNFE@?$AA?d?$AA?$LI?$AA?$IN?$AA?f?$AA?$KN?$AA?$KD?$AA?c?$AA?$IB?$AA?$KK?$AA?c?$AB?$JC?5?$CC?$AA?c?5?$BK?$AA?$KB?$AA?c?5?$BK?$AA?$KE?$AA?c?$AB?$JC?$AA?$KL?$AA?c?$AA?$IB?$AA?$KO?$AA?e?5?$KM?$AA?$KE?$AA?$AA@ 0000000180018fc0     ilu_error.obj
 0002:00002ff8       ??_C@_1DO@KCFEDEHI@?$AA?d?$AA?$LI?$AA?$IN?$AA?f?$AA?$KN?$AA?$KD?$AA?c?$AA?$IB?$AA?$KK?$AA?c?5?$BK?$AA?$KK?$AA?c?$AB?$JC?$ABa?$AA?c?$AB?$JC?$AA?$KM?$AA?c?$AB?$JC?$AA?$LM?$AA?c?5?$BK?$AA?$LH?$AA?c?$AB?$JC?$AA?$KH?$AA?c?$AB?$JC?$AA?$LD?$AA?$AA@ 0000000180018ff8     ilu_error.obj
 0002:00003038       ??_C@_1BK@LBIDONEM@?$AA?g?5?$BO?$AA?$KB?$AA?e?$AB?$GA?$AA?$LJ?$AA?c?$AA?$IB?$AA?$KK?$AA?e?5?$KM?$AA?$KE?$AA?$AA@ 0000000180019038     ilu_error.obj
 0002:00003058       ??_C@_1CA@EPOLEDJJ@?$AA?e?5?5?5?$CG?$AA?i?$AB?$JC?$AA?$KI?$AA?c?5?$BK?$AA?$KI?$AA?c?$AB?$JC?$AA?$KJ?$AA?c?$AB?$JC?$AA?$LM?$AA?$AA@ 0000000180019058     ilu_error.obj
 0002:00003080       ??_C@_1GO@FMPNMKGJ@?$AA?c?$AA?$IB?$AA?$LO?$AA?c?$AA?$IB?$AA?$KA?$AA?c?5?$BK?$AA?$LF?$AA?c?$AB?$JC?$AA?$JN?$AA?c?$AB?$JC?$AA?$LM?$AA?c?$AB?$JC?$AC?F?$AA?c?$AA?$IB?5?$CC?$AA?c?5?$BK?$ABR?$AA?c?$AA?$IB?$AA?$KG?$AA?c?$AA?$IB?5?$BO?$AA?c?$AA?$IB@ 0000000180019080     ilu_error.obj
 0002:000030f0       ??_C@_1CA@PNGDEOJD@?$AA?c?$AB?$JC?$AA?$KB?$AA?c?$AB?$JC?$AA?$KC?$AA?c?$AB?$JC?$AA?$KK?$AA?d?$AA?$LI?$AA?$IN?$AA?h?$AA?$LG?$AA?$LD?$AA?$AA@ 00000001800190f0     ilu_error.obj
 0002:00003110       ??_C@_1CG@DPLCGFID@?$AA?g?5?$BO?$AA?$KB?$AA?e?$AB?$GA?$AA?$LJ?$AA?c?$AA?$IB?$AA?$KK?$AA?e?$AC?F?5?$BE?$AA?f?$ABR?$CB?$CC?$AA?e?5?$KM?$AA?$KE?$AA?$AA@ 0000000180019110     ilu_error.obj
 0002:00003138       ??_C@_1BM@PJCGNPCB@?$AAu?$AAn?$AAk?$AAn?$AAo?$AAw?$AAn?$AA?5?$AAe?$AAr?$AAr?$AAo?$AAr?$AA?$AA@ 0000000180019138     ilu_error.obj
 0002:00003158       ??_C@_1BC@IIGBHFMG@?$AAn?$AAo?$AA?5?$AAe?$AAr?$AAr?$AAo?$AAr?$AA?$AA@ 0000000180019158     ilu_error.obj
 0002:00003170       ??_C@_1CE@COEBJKLC@?$AAe?$AAx?$AAr?$AA?5?$AAl?$AAi?$AAb?$AAr?$AAa?$AAr?$AAy?$AA?5?$AAe?$AAr?$AAr?$AAo?$AAr?$AA?$AA@ 0000000180019170     ilu_error.obj
 0002:00003198       ??_C@_1CE@IIFHDMKA@?$AAj?$AAp?$AA2?$AA?5?$AAl?$AAi?$AAb?$AAr?$AAa?$AAr?$AAy?$AA?5?$AAe?$AAr?$AAr?$AAo?$AAr?$AA?$AA@ 0000000180019198     ilu_error.obj
 0002:000031c0       ??_C@_1CE@DNFDKFOC@?$AAm?$AAn?$AAg?$AA?5?$AAl?$AAi?$AAb?$AAr?$AAa?$AAr?$AAy?$AA?5?$AAe?$AAr?$AAr?$AAo?$AAr?$AA?$AA@ 00000001800191c0     ilu_error.obj
 0002:000031e8       ??_C@_1CG@BMLLHHIC@?$AAt?$AAi?$AAf?$AAf?$AA?5?$AAl?$AAi?$AAb?$AAr?$AAa?$AAr?$AAy?$AA?5?$AAe?$AAr?$AAr?$AAo?$AAr?$AA?$AA@ 00000001800191e8     ilu_error.obj
 0002:00003210       ??_C@_1CE@BJCPKJC@?$AAp?$AAn?$AAg?$AA?5?$AAl?$AAi?$AAb?$AAr?$AAa?$AAr?$AAy?$AA?5?$AAe?$AAr?$AAr?$AAo?$AAr?$AA?$AA@ 0000000180019210     ilu_error.obj
 0002:00003238       ??_C@_1CG@BNHFIPKA@?$AAj?$AAp?$AAe?$AAg?$AA?5?$AAl?$AAi?$AAb?$AAr?$AAa?$AAr?$AAy?$AA?5?$AAe?$AAr?$AAr?$AAo?$AAr?$AA?$AA@ 0000000180019238     ilu_error.obj
 0002:00003260       ??_C@_1CE@LCDGAJIP@?$AAg?$AAi?$AAf?$AA?5?$AAl?$AAi?$AAb?$AAr?$AAa?$AAr?$AAy?$AA?5?$AAe?$AAr?$AAr?$AAo?$AAr?$AA?$AA@ 0000000180019260     ilu_error.obj
 0002:00003288       ??_C@_1CA@EIFDJBOE@?$AAf?$AAi?$AAl?$AAe?$AA?5?$AAr?$AAe?$AAa?$AAd?$AA?5?$AAe?$AAr?$AAr?$AAo?$AAr?$AA?$AA@ 0000000180019288     ilu_error.obj
 0002:000032a8       ??_C@_1BO@FOHEDCED@?$AAb?$AAa?$AAd?$AA?5?$AAd?$AAi?$AAm?$AAe?$AAn?$AAs?$AAi?$AAo?$AAn?$AAs?$AA?$AA@ 00000001800192a8     ilu_error.obj
 0002:000032c8       ??_C@_1CG@MKADAEIE@?$AAi?$AAn?$AAv?$AAa?$AAl?$AAi?$AAd?$AA?5?$AAc?$AAo?$AAn?$AAv?$AAe?$AAr?$AAs?$AAi?$AAo?$AAn?$AA?$AA@ 00000001800192c8     ilu_error.obj
 0002:000032f0       ??_C@_1CA@FPJPDOKI@?$AAs?$AAt?$AAa?$AAc?$AAk?$AA?5?$AAu?$AAn?$AAd?$AAe?$AAr?$AAf?$AAl?$AAo?$AAw?$AA?$AA@ 00000001800192f0     ilu_error.obj
 0002:00003310       ??_C@_1BO@IJEMINHH@?$AAs?$AAt?$AAa?$AAc?$AAk?$AA?5?$AAo?$AAv?$AAe?$AAr?$AAf?$AAl?$AAo?$AAw?$AA?$AA@ 0000000180019310     ilu_error.obj
 0002:00003330       ??_C@_1CI@JJPAMJDE@?$AAf?$AAi?$AAl?$AAe?$AA?5?$AAa?$AAl?$AAr?$AAe?$AAa?$AAd?$AAy?$AA?5?$AAe?$AAx?$AAi?$AAs?$AAt?$AAs?$AA?$AA@ 0000000180019330     ilu_error.obj
 0002:00003358       ??_C@_1CE@FIDIOFI@?$AAi?$AAn?$AAv?$AAa?$AAl?$AAi?$AAd?$AA?5?$AAe?$AAx?$AAt?$AAe?$AAn?$AAs?$AAi?$AAo?$AAn?$AA?$AA@ 0000000180019358     ilu_error.obj
 0002:00003380       ??_C@_1CI@PNPENFJK@?$AAc?$AAo?$AAu?$AAl?$AAd?$AA?5?$AAn?$AAo?$AAt?$AA?5?$AAo?$AAp?$AAe?$AAn?$AA?5?$AAf?$AAi?$AAl?$AAe?$AA?$AA@ 0000000180019380     ilu_error.obj
 0002:000033a8       ??_C@_1CE@FDJGJLIM@?$AAi?$AAn?$AAv?$AAa?$AAl?$AAi?$AAd?$AA?5?$AAp?$AAa?$AAr?$AAa?$AAm?$AAe?$AAt?$AAe?$AAr?$AA?$AA@ 00000001800193a8     ilu_error.obj
 0002:000033d0       ??_C@_1CI@CKHAEECK@?$AAi?$AAn?$AAv?$AAa?$AAl?$AAi?$AAd?$AA?5?$AAf?$AAi?$AAl?$AAe?$AA?5?$AAh?$AAe?$AAa?$AAd?$AAe?$AAr?$AA?$AA@ 00000001800193d0     ilu_error.obj
 0002:000033f8       ??_C@_1CG@CAODKLOC@?$AAi?$AAl?$AAl?$AAe?$AAg?$AAa?$AAl?$AA?5?$AAf?$AAi?$AAl?$AAe?$AA?5?$AAv?$AAa?$AAl?$AAu?$AAe?$AA?$AA@ 00000001800193f8     ilu_error.obj
 0002:00003420       ??_C@_1CE@GIOFLKOI@?$AAi?$AAl?$AAl?$AAe?$AAg?$AAa?$AAl?$AA?5?$AAo?$AAp?$AAe?$AAr?$AAa?$AAt?$AAi?$AAo?$AAn?$AA?$AA@ 0000000180019420     ilu_error.obj
 0002:00003448       ??_C@_1BM@KNOHGDIE@?$AAi?$AAn?$AAv?$AAa?$AAl?$AAi?$AAd?$AA?5?$AAv?$AAa?$AAl?$AAu?$AAe?$AA?$AA@ 0000000180019448     ilu_error.obj
 0002:00003468       ??_C@_1BO@JGHPIJJK@?$AAi?$AAn?$AAt?$AAe?$AAr?$AAn?$AAa?$AAl?$AA?5?$AAe?$AAr?$AAr?$AAo?$AAr?$AA?$AA@ 0000000180019468     ilu_error.obj
 0002:00003488       ??_C@_1DC@LCIPDJNP@?$AAf?$AAo?$AAr?$AAm?$AAa?$AAt?$AA?5?$AAn?$AAo?$AAt?$AA?5?$AAs?$AAu?$AAp?$AAp?$AAo?$AAr?$AAt?$AAe?$AAd?$AA?5?$AAy?$AAe?$AAt?$AA?$AA@ 0000000180019488     ilu_error.obj
 0002:000034c0       ??_C@_1BM@BMAPKJHF@?$AAo?$AAu?$AAt?$AA?5?$AAo?$AAf?$AA?5?$AAm?$AAe?$AAm?$AAo?$AAr?$AAy?$AA?$AA@ 00000001800194c0     ilu_error.obj
[...]
 0002:00004268       __real@402e000000000000    000000018001a268      CIL library: CIL module
 0002:00004270       __real@41200000            000000018001a270      CIL library: CIL module
 0002:00004280       __mask@@AbsDouble@         000000018001a280      CIL library: CIL module
 0002:00004290       __mask@@NegDouble@         000000018001a290      CIL library: CIL module
 0002:000042a0       __real@4025555555555555    000000018001a2a0      CIL library: CIL module
 0002:000042a8       __real@c002aaaaaaaaaaab    000000018001a2a8      CIL library: CIL module
 0002:000042b0       __real@c034000000000000    000000018001a2b0      CIL library: CIL module
 0002:000042b8       __real@4028000000000000    000000018001a2b8      CIL library: CIL module
 0002:000042c0       __real@4000000000000000    000000018001a2c0      CIL library: CIL module
 0002:000042c8       __real@4018000000000000    000000018001a2c8      CIL library: CIL module
 0002:000042d0       __real@4015555555555555    000000018001a2d0      CIL library: CIL module
 0002:000042d8       __real@401c000000000000    000000018001a2d8      CIL library: CIL module
 0002:000042e0       __real@c028000000000000    000000018001a2e0      CIL library: CIL module
 0002:000042e8       __real@0000000000000000    000000018001a2e8      CIL library: CIL module
 0002:000042f0       __real@3fc5555555555555    000000018001a2f0      CIL library: CIL module
 0002:000042f8       __real@3fe5555555555555    000000018001a2f8      CIL library: CIL module
 0002:00004300       __real@3ff8000000000000    000000018001a300      CIL library: CIL module
 0002:00004308       __real@3fe8000000000000    000000018001a308      CIL library: CIL module
 0002:00004310       __real@bfe0000000000000    000000018001a310      CIL library: CIL module
 0002:00004318       __real@4008000000000000    000000018001a318      CIL library: CIL module
 0002:00004320       __real@477fff00            000000018001a320      CIL library: CIL module
 0002:00004324       __real@4f800000            000000018001a324      CIL library: CIL module
 0002:00004328       __real@437f0000            000000018001a328      CIL library: CIL module
 0002:00004330       __real@406fe00000000000    000000018001a330      CIL library: CIL module
 0002:00004338       __real@3e9e00d2            000000018001a338      CIL library: CIL module
 0002:0000433c       __real@3f1c01a3            000000018001a33c      CIL library: CIL module
 0002:00004340       __real@3da7ef9e            000000018001a340      CIL library: CIL module
 0002:00004344       __real@34000000            000000018001a344      CIL library: CIL module
 0002:00004348       __real@bf800000            000000018001a348      CIL library: CIL module
 0002:0000434c       __real@00000000            000000018001a34c      CIL library: CIL module
 0002:00004350       __real@42fe0000            000000018001a350      CIL library: CIL module
 0002:00004354       __real@46fffe00            000000018001a354      CIL library: CIL module
 0002:00004358       __real@4f000000            000000018001a358      CIL library: CIL module
 0002:00004360       _FPinit                    000000018001a360     libcmt:_fpinit_.obj
 0002:00004660       ??_C@_05KGFAIMPG@sqrtf?$AA@ 000000018001a660     libcmt:_sqrtf_.obj
 0002:00004668       __real@bff0000000000000    000000018001a668     libcmt:_floor_.obj
 0002:00004670       ??_C@_05PBJFFIGL@floor?$AA@ 000000018001a670     libcmt:_floor_.obj
 0002:00004678       ??_C@_04GFPJNGEK@ceil?$AA@ 000000018001a678     libcmt:_ceil_.obj
 0002:00004680       ??_C@_05KLBDPFGC@e?$CL000?$AA@ 000000018001a680     libcmt:cvt.obj
 0002:000046a8       __real@c000000000000000    000000018001a6a8     libcmt:_remainder_piby2_.obj
 0002:000046b0       ??_C@_03BLEJJJBH@sin?$AA@  000000018001a6b0     libcmt:_sincos_special_.obj
 0002:000046b4       ??_C@_03LALBNOCG@cos?$AA@  000000018001a6b4     libcmt:_sincos_special_.obj
 0002:000046b8       ??_C@_03JGHBODFD@pow?$AA@  000000018001a6b8     libcmt:_pow_special_.obj
 0002:000046c0       ??_C@_0L@KDOEJCKC@_nextafter?$AA@ 000000018001a6c0     libcmt:_fpexcept_.obj
 0002:000046cc       ??_C@_05JGDBENOH@_logb?$AA@ 000000018001a6cc     libcmt:_fpexcept_.obj
 0002:000046d4       ??_C@_03ONILCKOB@_yn?$AA@  000000018001a6d4     libcmt:_fpexcept_.obj
 0002:000046d8       ??_C@_03NAKIGLHK@_y1?$AA@  000000018001a6d8     libcmt:_fpexcept_.obj
 0002:000046dc       ??_C@_03MJLDFKDL@_y0?$AA@  000000018001a6dc     libcmt:_fpexcept_.obj
 0002:000046e0       ??_C@_05GKKHEGJL@frexp?$AA@ 000000018001a6e0     libcmt:_fpexcept_.obj
 0002:000046e8       ??_C@_04KEPJIHGP@fmod?$AA@ 000000018001a6e8     libcmt:_fpexcept_.obj
 0002:000046f0       ??_C@_06MEIMCGCF@_hypot?$AA@ 000000018001a6f0     libcmt:_fpexcept_.obj
 0002:000046f8       ??_C@_05KBKMEMPO@_cabs?$AA@ 000000018001a6f8     libcmt:_fpexcept_.obj
 0002:00004700       ??_C@_05CEJMAHNP@ldexp?$AA@ 000000018001a700     libcmt:_fpexcept_.obj
 0002:00004708       ??_C@_04EHEDPDJG@modf?$AA@ 000000018001a708     libcmt:_fpexcept_.obj
 0002:00004710       ??_C@_04ODHECPBC@fabs?$AA@ 000000018001a710     libcmt:_fpexcept_.obj
 0002:00004718       ??_C@_03IIINPABG@tan?$AA@  000000018001a718     libcmt:_fpexcept_.obj
 0002:0000471c       ??_C@_04EIAKFFMI@sqrt?$AA@ 000000018001a71c     libcmt:_fpexcept_.obj
 0002:00004724       ??_C@_05KNGEOGJB@atan2?$AA@ 000000018001a724     libcmt:_fpexcept_.obj
 0002:0000472c       ??_C@_04MLLJIGOK@atan?$AA@ 000000018001a72c     libcmt:_fpexcept_.obj
 0002:00004734       ??_C@_04PDIFKINK@acos?$AA@ 000000018001a734     libcmt:_fpexcept_.obj
 0002:0000473c       ??_C@_04FIHNOPOL@asin?$AA@ 000000018001a73c     libcmt:_fpexcept_.obj
 0002:00004744       ??_C@_04FJHINJAO@tanh?$AA@ 000000018001a744     libcmt:_fpexcept_.obj
 0002:0000474c       ??_C@_04HPJJNFIM@cosh?$AA@ 000000018001a74c     libcmt:_fpexcept_.obj
 0002:00004754       ??_C@_04COOMCNPB@sinh?$AA@ 000000018001a754     libcmt:_fpexcept_.obj
 0002:0000475c       ??_C@_05HGHHAHAP@log10?$AA@ 000000018001a75c     libcmt:_fpexcept_.obj
 0002:00004764       ??_C@_03MGHMBJCF@log?$AA@  000000018001a764     libcmt:_fpexcept_.obj
 0002:00004768       ??_C@_03KHJOGHMM@exp?$AA@  000000018001a768     libcmt:_fpexcept_.obj
 0002:000047f0       ??_C@_06IMKFLFPG@1?$CDQNAN?$AA@ 000000018001a7f0     libcmt:_x10fout_.obj
 0002:000047f8       ??_C@_05DNEBIAHO@1?$CDINF?$AA@ 000000018001a7f8     libcmt:_x10fout_.obj
 0002:00004800       ??_C@_05PHHOCPM@1?$CDIND?$AA@ 000000018001a800     libcmt:_x10fout_.obj
 0002:00004808       ??_C@_06PGGFOGJG@1?$CDSNAN?$AA@ 000000018001a808     libcmt:_x10fout_.obj
 0002:00004878       __rtc_iaa                  000000018001a878     libcmt:_initsect_.obj
 0002:00004880       __rtc_izz                  000000018001a880     libcmt:_initsect_.obj
 0002:00004888       __rtc_taa                  000000018001a888     libcmt:_initsect_.obj
 0002:00004890       __rtc_tzz                  000000018001a890     libcmt:_initsect_.obj
 0002:00005aa0       __IMPORT_DESCRIPTOR_ResIL  000000018001baa0     resil:ResIL.dll
 0002:00005ab4       __IMPORT_DESCRIPTOR_KERNEL32 000000018001bab4     kernel32:KERNEL32.dll
 0002:00005ac8       __NULL_IMPORT_DESCRIPTOR   000000018001bac8     resil:ResIL.dll
 0003:00000000       __security_cookie          000000018001d000     libcmt:gs_cookie.obj
 0003:00000008       __security_cookie_complement 000000018001d008     libcmt:gs_cookie.obj
 0003:00000180       __flsindex                 000000018001d180     libcmt:tidtable.obj
 0003:00000190       __badioinfo                000000018001d190     libcmt:ioinit.obj
 0003:00000430       __clocalestr               000000018001d430     libcmt:nlsdata2.obj
 0003:00000440       __lc_time_c                000000018001d440     libcmt:nlsdata2.obj
 0003:00000700       __initiallocinfo           000000018001d700     libcmt:nlsdata2.obj
 0003:00000860       __ptlocinfo                000000018001d860     libcmt:nlsdata2.obj
 0003:00000870       __initialmbcinfo           000000018001d870     libcmt:mbctype.obj
 0003:00000a90       _mbctype                   000000018001da90     libcmt:mbctype.obj
 0003:00000ba0       _mbcasemap                 000000018001dba0     libcmt:mbctype.obj
 0003:00000ca0       __ptmbcinfo                000000018001dca0     libcmt:mbctype.obj
 0003:00000da0       _cfltcvt_tab               000000018001dda0     libcmt:cmiscdat.obj
 0003:00000df0       __lconv_static_decimal     000000018001ddf0     libcmt:lconv.obj
 0003:00000df4       __lconv_static_W_decimal   000000018001ddf4     libcmt:lconv.obj
 0003:00000df8       __lconv                    000000018001ddf8     libcmt:lconv.obj
 0003:00000e00       __lconv_c                  000000018001de00     libcmt:lconv.obj
 0003:00000e98       __globallocalestatus       000000018001de98     libcmt:glstatus.obj
 0003:00000ea0       _pctype                    000000018001dea0     libcmt:ctype.obj
 0003:00000ea8       _pwctype                   000000018001dea8     libcmt:ctype.obj
 0003:00000eb0       __abort_behavior           000000018001deb0     libcmt:abort.obj
 0003:00000ec0       ?_iluVendor@@3PEB_WEB      000000018001dec0     ilu_states.obj
 0003:00000ec8       ?_iluVersion@@3PEB_WEB     000000018001dec8     ilu_states.obj
 0003:00000ed0       ?iluFilter@@3IA            000000018001ded0     ilu_states.obj
 0003:00000ed4       ?iluPlacement@@3IA         000000018001ded4     ilu_states.obj
 0003:00000ed8       ?iluLibErrorStringsArabic@@3PAPEB_WA 000000018001ded8     ilu_error.obj
 0003:00000f10       ?iluErrorStringsArabic@@3PAPEB_WA 000000018001df10     ilu_error.obj
 0003:00000fa0       ?iluMiscErrorStringsArabic@@3PAPEB_WA 000000018001dfa0     ilu_error.obj
 0003:00000fb0       ?iluErrorStringsDutch@@3PAPEB_WA 000000018001dfb0     ilu_error.obj
 0003:00001040       ?iluLibErrorStringsDutch@@3PAPEB_WA 000000018001e040     ilu_error.obj
 0003:00001078       ?iluMiscErrorStringsDutch@@3PAPEB_WA 000000018001e078     ilu_error.obj
 0003:00001088       ?iluLibErrorStringsEnglish@@3PAPEB_WA 000000018001e088     ilu_error.obj
 0003:000010c0       ?iluErrorStringsEnglish@@3PAPEB_WA 000000018001e0c0     ilu_error.obj
 0003:00001150       ?iluMiscErrorStringsEnglish@@3PAPEB_WA 000000018001e150     ilu_error.obj
 0003:00001160       ?iluErrorStringsJapanese@@3PAPEB_WA 000000018001e160     ilu_error.obj
 0003:000011f0       ?iluLibErrorStringsJapanese@@3PAPEB_WA 000000018001e1f0     ilu_error.obj
 0003:00001228       ?iluMiscErrorStringsJapanese@@3PAPEB_WA 000000018001e228     ilu_error.obj
 0003:00001238       ?iluLibErrorStringsSpanish@@3PAPEB_WA 000000018001e238     ilu_error.obj
 0003:00001270       ?iluErrorStringsSpanish@@3PAPEB_WA 000000018001e270     ilu_error.obj
 0003:00001300       ?iluMiscErrorStringsSpanish@@3PAPEB_WA 000000018001e300     ilu_error.obj
 0003:00001310       ?iluErrorStringsGerman@@3PAPEB_WA 000000018001e310     ilu_error.obj
 0003:000013a0       ?iluLibErrorStringsGerman@@3PAPEB_WA 000000018001e3a0     ilu_error.obj
 0003:000013d8       ?iluMiscErrorStringsGerman@@3PAPEB_WA 000000018001e3d8     ilu_error.obj
 0003:000013e8       ?iluLibErrorStringsFrench@@3PAPEB_WA 000000018001e3e8     ilu_error.obj
 0003:00001420       ?iluErrorStringsFrench@@3PAPEB_WA 000000018001e420     ilu_error.obj
 0003:000014b0       ?iluMiscErrorStringsFrench@@3PAPEB_WA 000000018001e4b0     ilu_error.obj
 0003:000014c0       ?iluErrorStrings@@3PAPEAPEB_WA 000000018001e4c0     ilu_error.obj
 0003:000014f8       ?iluLibErrorStrings@@3PAPEAPEB_WA 000000018001e4f8     ilu_error.obj
 0003:00001530       ?iluMiscErrorStrings@@3PAPEAPEB_WA 000000018001e530     ilu_error.obj
 0003:00001568       _fltused                   000000018001e568     libcmt:_fpinit_.obj
 0003:0000156c       _ldused                    000000018001e56c     libcmt:_fpinit_.obj
 0003:00001b30       _matherr_flag              000000018001eb30     libcmt:_matherr_.obj
 0003:00001b70       _d_inf                     000000018001eb70     libcmt:_util_.obj
 0003:00001b78       _d_ind                     000000018001eb78     libcmt:_util_.obj
 0003:00001b80       _d_max                     000000018001eb80     libcmt:_util_.obj
 0003:00001b88       _d_min                     000000018001eb88     libcmt:_util_.obj
 0003:00001b90       _d_mzero                   000000018001eb90     libcmt:_util_.obj
 0003:00001ba0       __mb_cur_max               000000018001eba0     libcmt:nlsdata1.obj
 0003:00001ba4       __decimal_point            000000018001eba4     libcmt:nlsdata1.obj
 0003:00001ba8       __decimal_point_length     000000018001eba8     libcmt:nlsdata1.obj
 0003:00001bb0       _pow10pos                  000000018001ebb0     libcmt:_constpow_.obj
 0003:00001d10       _pow10neg                  000000018001ed10     libcmt:_constpow_.obj
 0003:00001e84       __error_mode               000000018001ee84     libcmt:dllcrt0.obj
 0003:00001e88       _aenvptr                   000000018001ee88     libcmt:dllcrt0.obj
 0003:00001e90       _wenvptr                   000000018001ee90     libcmt:dllcrt0.obj
 0003:00001e98       __app_type                 000000018001ee98     libcmt:dllcrt0.obj
 0003:00002410       _crtheap                   000000018001f410     libcmt:heapinit.obj
 0003:00002418       _maxwait                   000000018001f418     libcmt:crtheap.obj
 0003:00002420       _umaskval                  000000018001f420     libcmt:crt0dat.obj
 0003:00002424       __argc                     000000018001f424     libcmt:crt0dat.obj
 0003:00002428       __argv                     000000018001f428     libcmt:crt0dat.obj
 0003:00002430       __wargv                    000000018001f430     libcmt:crt0dat.obj
 0003:00002438       _environ                   000000018001f438     libcmt:crt0dat.obj
 0003:00002440       __initenv                  000000018001f440     libcmt:crt0dat.obj
 0003:00002448       _wenviron                  000000018001f448     libcmt:crt0dat.obj
 0003:00002450       __winitenv                 000000018001f450     libcmt:crt0dat.obj
 0003:00002458       _pgmptr                    000000018001f458     libcmt:crt0dat.obj
 0003:00002460       _wpgmptr                   000000018001f460     libcmt:crt0dat.obj
 0003:00002468       _exitflag                  000000018001f468     libcmt:crt0dat.obj
 0003:0000246c       _C_Termination_Done        000000018001f46c     libcmt:crt0dat.obj
 0003:00002470       _C_Exit_Done               000000018001f470     libcmt:crt0dat.obj
 0003:00002588       __pInvalidArgHandler       000000018001f588     libcmt:invarg.obj
 0003:000027c8       __mbulinfo                 000000018001f7c8     libcmt:mbctype.obj
 0003:000027d4       __mbcodepage               000000018001f7d4     libcmt:mbctype.obj
 0003:000027d8       __ismbcodepage             000000018001f7d8     libcmt:mbctype.obj
 0003:000027dc       __mblcid                   000000018001f7dc     libcmt:mbctype.obj
 0003:000027e0       ?__pInconsistency@@3P6AXXZEA 000000018001f7e0     libcmt:hooks.obj
 0003:00002818       __pPurecall                000000018001f818     libcmt:inithelp.obj
 0003:00002820       ?_pnhHeap@@3P6AH_K@ZEA     000000018001f820     libcmt:handler.obj
 0003:00002e58       __lconv_static_null        000000018001fe58     libcmt:lconv.obj
 0003:00002e5c       __lconv_static_W_null      000000018001fe5c     libcmt:lconv.obj
 0003:00002e60       _newmode                   000000018001fe60     libcmt:_newmode.obj
 0003:00002e90       ?iluMiscErrors@@3PEAPEB_WEA 000000018001fe90     ilu_error.obj
 0003:00002e98       ?iluLibErrors@@3PEAPEB_WEA 000000018001fe98     ilu_error.obj
 0003:00002ea0       ?iluErrors@@3PEAPEB_WEA    000000018001fea0     ilu_error.obj
 0003:00003008       ?RegionPointsi@@3PEAUILpointi@@EA 0000000180020008     ilu_region.obj
 0003:00003010       ?RegionPointsf@@3PEAUILpointf@@EA 0000000180020010     ilu_region.obj
 0003:00003018       ?PointNum@@3IA             0000000180020018     ilu_region.obj
 0003:00003020       ?iRegionMask@@3PEAEEA      0000000180020020     ilu_region.obj
 0003:00003028       __fastflag                 0000000180020028     libcmt:_fpinit_.obj
 0003:0000302c       _outputformat              000000018002002c     libcmt:outputformat.obj
 0003:00003030       __locale_changed           0000000180020030     libcmt:setlocal.obj
 0003:00003034       _debugger_hook_dummy       0000000180020034     <common>
 0003:00003038       _nhandle                   0000000180020038     <common>
 0003:00003040       __pioinfo                  0000000180020040     <common>
 0003:00003240       __env_initialized          0000000180020240     <common>
 0003:00003248       __onexitend                0000000180020248     <common>
 0003:00003250       __onexitbegin              0000000180020250     <common>
 0003:00003258       __mbctype_initialized      0000000180020258     <common>
 0003:00003260       __dyn_tls_init_callback    0000000180020260     <common>
 0003:00003268       _pDestructExceptionObject  0000000180020268     <common>
 0003:00003270       _acmdln                    0000000180020270     <common>
 0005:00000000       cos                        0000000180022000 f   libcmt:_cos_.obj
 0005:00000490       sin                        0000000180022490 f   libcmt:_sin_.obj
 0005:00000920       pow                        0000000180022920 f   libcmt:_pow_.obj

 entry point at        0001:0000b3ec

 Static symbols

 0001:0000b2d0       __DllMainCRTStartup        000000018000c2d0 f   libcmt:dllcrt0.obj
 0001:0000be24       _initterm                  000000018000ce24 f   libcmt:crt0dat.obj
 0001:0000bf44       doexit                     000000018000cf44 f   libcmt:crt0dat.obj
 0001:0000c590       parse_cmdline              000000018000d590 f   libcmt:stdargv.obj
 0001:0000d440       ?setSBCS@@YAXPEAUthreadmbcinfostruct@@@Z 000000018000e440 f   libcmt:mbctype.obj
 0001:0000d4cc       ?setSBUpLow@@YAXPEAUthreadmbcinfostruct@@@Z 000000018000e4cc f   libcmt:mbctype.obj
 0001:0000d81c       ?getSystemCP@@YAHH@Z       000000018000e81c f   libcmt:mbctype.obj
 0001:0000e928       ?x_ismbbtype_l@@YAHPEAUlocaleinfo_struct@@IHH@Z 000000018000f928 f   libcmt:ismbbyte.obj
 0001:0000f0a4       ?__crtLCMapStringA_stat@@YAHPEAUlocaleinfo_struct@@KKPEBDHPEADHHH@Z 00000001800100a4 f   libcmt:a_map.obj
 0001:0000f408       ?__crtGetStringTypeA_stat@@YAHPEAUlocaleinfo_struct@@KPEBDHPEAGHHH@Z 0000000180010408 f   libcmt:a_str.obj
 0001:00010454       _cftoe2_l                  0000000180011454 f   libcmt:cvt.obj
 0001:00010b60       _cftof2_l                  0000000180011b60 f   libcmt:cvt.obj
 0001:000115a4       _exception_enabled         00000001800125a4 f   libcmt:_libm_error_.obj
 0001:000149a0       _CRT_INIT$fin$0            00000001800159a0 f   libcmt:dllcrt0.obj
 0001:000149c6       __DllMainCRTStartup$filt$0 00000001800159c6 f   libcmt:dllcrt0.obj
 0001:000149e4       _initptd$fin$1             00000001800159e4 f   libcmt:tidtable.obj
 0001:000149e4       _freefls$fin$1             00000001800159e4 f   libcmt:tidtable.obj
 0001:00014a04       _freefls$fin$0             0000000180015a04 f   libcmt:tidtable.obj
 0001:00014a04       _initptd$fin$0             0000000180015a04 f   libcmt:tidtable.obj
 0001:00014a1f       doexit$fin$0               0000000180015a1f f   libcmt:crt0dat.obj
 0001:00014a43       _mtinitlocknum$fin$0       0000000180015a43 f   libcmt:mlock.obj
 0001:00014a61       __updatetlocinfo$fin$0     0000000180015a61 f   libcmt:localref.obj
 0001:00014a7c       __updatetmbcinfo$fin$0     0000000180015a7c f   libcmt:mbctype.obj
 0001:00014a7c       _setmbcp$fin$0             0000000180015a7c f   libcmt:mbctype.obj
 0001:00014aa0       _IsNonwritableInCurrentImage$filt$0 0000000180015aa0 f   libcmt:pesect.obj
 0001:00014ac2       raise$fin$0                0000000180015ac2 f   libcmt:winsig.obj
 0001:00014ae0       _onexit$fin$0              0000000180015ae0 f   libcmt:onexit.obj
 0001:00014af6       _ctrlfp$filt$0             0000000180015af6 f   libcmt:_fpctrl_.obj
