 ILUT

 Timestamp is 54675da1 (Sat Nov 15 15:05:21 2014)

 Preferred load address is 0000000180000000

 Start         Length     Name                   Class
 0001:00000000 0000922eH .text                   CODE
 0001:00009230 000003d2H .text$x                 CODE
 0002:00000000 00000370H .idata$5                DATA
 0002:00000370 00000008H .CRT$XCA                DATA
 0002:00000378 00000008H .CRT$XCZ                DATA
 0002:00000380 00000008H .CRT$XIA                DATA
 0002:00000388 00000010H .CRT$XIC                DATA
 0002:00000398 00000008H .CRT$XIZ                DATA
 0002:000003a0 00000008H .CRT$XPA                DATA
 0002:000003a8 00000008H .CRT$XPZ                DATA
 0002:000003b0 00000008H .CRT$XTA                DATA
 0002:000003b8 00000008H .CRT$XTZ                DATA
 0002:000003c0 00002480H .rdata                  DATA
 0002:00002840 00000052H .rdata$debug            DATA
 0002:00002898 000001e4H .rdata$r                DATA
 0002:00002a80 00000008H .rtc$IAA                DATA
 0002:00002a88 00000008H .rtc$IZZ                DATA
 0002:00002a90 00000008H .rtc$TAA                DATA
 0002:00002a98 00000008H .rtc$TZZ                DATA
 0002:00002aa0 00000b70H .xdata                  DATA
 0002:00003610 00000084H .xdata$x                DATA
 0002:00003694 00000064H .idata$2                DATA
 0002:000036f8 00000014H .idata$3                DATA
 0002:00003710 00000370H .idata$4                DATA
 0002:00003a80 00000764H .idata$6                DATA
 0002:000041f0 000005ceH .edata                  DATA
 0003:00000000 00000f70H .data                   DATA
 0003:00000f80 00001778H .bss                    DATA
 0004:00000000 00000ac8H .pdata                  DATA

  Address         Publics by Value              Rva+Base               Lib:Object

 0000:00000000       ___safe_se_handler_count   0000000000000000     <absolute>
 0000:00000000       ___safe_se_handler_table   0000000000000000     <absolute>
 0000:00000000       __ImageBase                0000000180000000     <linker-defined>
 0001:00000000       DllMain                    0000000180001000 f   ilut_main.obj
 0001:00000010       ?ilutInit@@YAXXZ           0000000180001010 f   ilut_main.obj
 0001:00000010       ?ilut2Init@@YAXXZ          0000000180001010 f   ilut_main.obj
 0001:00000070       ?ilutGetString@@YAPEA_WI@Z 0000000180001070 f   ilut_states.obj
 0001:000000b0       ?ilutEnable@@YAEI@Z        00000001800010b0 f   ilut_states.obj
 0001:000000c0       ?ilutDisable@@YAEI@Z       00000001800010c0 f   ilut_states.obj
 0001:000000d0       ?ilutAble@@YAEIE@Z         00000001800010d0 f   ilut_states.obj
 0001:000001c0       ?ilutIsEnabled@@YAEI@Z     00000001800011c0 f   ilut_states.obj
 0001:000002b0       ?ilutIsDisabled@@YAEI@Z    00000001800012b0 f   ilut_states.obj
 0001:000002d0       ?ilutGetBooleanv@@YAXIPEAE@Z 00000001800012d0 f   ilut_states.obj
 0001:000003a0       ?ilutGetBoolean@@YAEI@Z    00000001800013a0 f   ilut_states.obj
 0001:000003c0       ?ilutGetIntegerv@@YAXIPEAH@Z 00000001800013c0 f   ilut_states.obj
 0001:00000660       ?ilutGetInteger@@YAHI@Z    0000000180001660 f   ilut_states.obj
 0001:00000680       ?ilutSetInteger@@YAXIH@Z   0000000180001680 f   ilut_states.obj
 0001:00000850       ?ilutPushAttrib@@YAXI@Z    0000000180001850 f   ilut_states.obj
 0001:000008e0       ?ilutPopAttrib@@YAXXZ      00000001800018e0 f   ilut_states.obj
 0001:00000910       ?ilutRenderer@@YAEI@Z      0000000180001910 f   ilut_states.obj
 0001:00000950       ??1ILpal@@UEAA@XZ          0000000180001950 f i ilut_win32.obj
 0001:00000980       ?use@ILpal@@QEAAEHPEAEI@Z  0000000180001980 f i ilut_win32.obj
 0001:00000ab0       ??_EILpal@@UEAAPEAXI@Z     0000000180001ab0 f i  CIL library: CIL module
 0001:00000ab0       ??_GILpal@@UEAAPEAXI@Z     0000000180001ab0 f i ilut_win32.obj
 0001:00000b00       ?ilutWin32Init@@YAEXZ      0000000180001b00 f   ilut_win32.obj
 0001:00000b10       ?ilut2ConvertSliceToHBitmap@@YAPEAUHBITMAP__@@PEAUILimage@@PEAUHDC__@@I@Z 0000000180001b10 f   ilut_win32.obj
 0001:00001030       ?ilutConvertSliceToHBitmap@@YAPEAUHBITMAP__@@PEAUHDC__@@I@Z 0000000180002030 f   ilut_win32.obj
 0001:00001080       ?ilutConvertToHBitmap@@YAPEAUHBITMAP__@@PEAUHDC__@@@Z 0000000180002080 f   ilut_win32.obj
 0001:000010c0       ?ilut2ConvertToHBitmap@@YAPEAUHBITMAP__@@PEAUILimage@@PEAUHDC__@@@Z 00000001800020c0 f   ilut_win32.obj
 0001:000010d0       ?iGetPaddedData@@YAPEAEPEAUILimage@@@Z 00000001800020d0 f   ilut_win32.obj
 0001:00001280       ?ilutFreePaddedData@@YAXPEAE@Z 0000000180002280 f   ilut_win32.obj
 0001:00001290       ?ilutGetPaddedData@@YAPEAEXZ 0000000180002290 f   ilut_win32.obj
 0001:000012b0       ?ilutGetBmpInfo@@YAXPEAUtagBITMAPINFO@@@Z 00000001800022b0 f   ilut_win32.obj
 0001:00001340       ?ilutWinLoadImage@@YAPEAUHBITMAP__@@PEA_WPEAUHDC__@@@Z 0000000180002340 f   ilut_win32.obj
 0001:000013b0       ?ilutWinSaveImage@@YAEPEA_WPEAUHBITMAP__@@@Z 00000001800023b0 f   ilut_win32.obj
 0001:00001420       ?ilutGetHPal@@YAPEAUHPALETTE__@@XZ 0000000180002420 f   ilut_win32.obj
 0001:000015a0       ?ilutSetHBitmap@@YAEPEAUHBITMAP__@@@Z 00000001800025a0 f   ilut_win32.obj
 0001:00001830       ?ilutSetHPal@@YAEPEAUHPALETTE__@@@Z 0000000180002830 f   ilut_win32.obj
 0001:000019d0       ?ilutSetWinClipboard@@YAEXZ 00000001800029d0 f   ilut_win32.obj
 0001:00001b50       ?ilutGetWinClipboard@@YAEXZ 0000000180002b50 f   ilut_win32.obj
 0001:00001ca0       ?ilutWinPrint@@YAEIIIIPEAUHDC__@@@Z 0000000180002ca0 f   ilut_win32.obj
 0001:00001d30       ?ilutLoadResource@@YAEPEAUHINSTANCE__@@HPEA_WI@Z 0000000180002d30 f   ilut_win32.obj
 0001:00001dc0       ?ilutWinLoadUrl@@YAEPEA_W@Z 0000000180002dc0 f   ilut_win32.obj
 0001:000020c0       __security_check_cookie    00000001800030c0 f   libcmt:amdsecgs.obj
 0001:000020e0       ??0_LocaleUpdate@@QEAA@PEAUlocaleinfo_struct@@@Z 00000001800030e0 f i libcmt:tolower.obj
 0001:00002184       _tolower_l                 0000000180003184 f   libcmt:tolower.obj
 0001:000022d4       tolower                    00000001800032d4 f   libcmt:tolower.obj
 0001:000022f4       ??3@YAXPEAX@Z              00000001800032f4 f   libcmt:delete.obj
 0001:000022fc       ??_Etype_info@@UEAAPEAXI@Z 00000001800032fc f i libcmt:typinfo.obj
 0001:000022fc       ??_Gtype_info@@UEAAPEAXI@Z 00000001800032fc f i libcmt:typinfo.obj
 0001:00002338       ??8type_info@@QEBA_NAEBV0@@Z 0000000180003338 f   libcmt:typinfo.obj
 0001:00002358       _CRT_INIT                  0000000180003358 f   libcmt:dllcrt0.obj
 0001:000025c8       _DllMainCRTStartup         00000001800035c8 f   libcmt:dllcrt0.obj
 0001:00002608       __report_gsfailure         0000000180003608 f   libcmt:gs_report.obj
 0001:000029d0       __updatetmbcinfo           00000001800039d0 f   libcmt:mbctype.obj
 0001:00002b1c       _setmbcp_nolock            0000000180003b1c f   libcmt:mbctype.obj
 0001:00002d94       _setmbcp                   0000000180003d94 f   libcmt:mbctype.obj
 0001:00002f74       __initmbctable             0000000180003f74 f   libcmt:mbctype.obj
 0001:00002f9c       __addlocaleref             0000000180003f9c f   libcmt:localref.obj
 0001:00003028       __removelocaleref          0000000180004028 f   libcmt:localref.obj
 0001:000030cc       __freetlocinfo             00000001800040cc f   libcmt:localref.obj
 0001:00003248       _updatetlocinfoEx_nolock   0000000180004248 f   libcmt:localref.obj
 0001:000032a0       __updatetlocinfo           00000001800042a0 f   libcmt:localref.obj
 0001:00003318       _encoded_null              0000000180004318 f   libcmt:tidtable.obj
 0001:00003324       __set_flsgetvalue          0000000180004324 f   libcmt:tidtable.obj
 0001:00003328       _mtterm                    0000000180004328 f   libcmt:tidtable.obj
 0001:00003350       _initptd                   0000000180004350 f   libcmt:tidtable.obj
 0001:00003408       _getptd_noexit             0000000180004408 f   libcmt:tidtable.obj
 0001:0000348c       _getptd                    000000018000448c f   libcmt:tidtable.obj
 0001:000034b0       _freefls                   00000001800044b0 f   libcmt:tidtable.obj
 0001:000035e4       _freeptd                   00000001800045e4 f   libcmt:tidtable.obj
 0001:00003624       _mtinit                    0000000180004624 f   libcmt:tidtable.obj
 0001:00003974       __crtLCMapStringA          0000000180004974 f   libcmt:a_map.obj
 0001:00003a0c       _get_errno_from_oserr      0000000180004a0c f   libcmt:dosmap.obj
 0001:00003a54       _errno                     0000000180004a54 f   libcmt:dosmap.obj
 0001:00003a74       _isleadbyte_l              0000000180004a74 f i libcmt:_wctype.obj
 0001:00003abc       _isctype_l                 0000000180004abc f   libcmt:isctype.obj
 0001:00003ba4       free                       0000000180004ba4 f   libcmt:free.obj
 0001:00003be4       ?_Type_info_dtor@type_info@@CAXPEAV1@@Z 0000000180004be4 f   libcmt:typname.obj
 0001:00003c60       strcmp                     0000000180004c60 f   libcmt:strcmp.obj
 0001:00003d10       __C_specific_handler       0000000180004d10 f   libcmt:chandler.obj
 0001:00003f10       _malloc_crt                0000000180004f10 f   libcmt:crtheap.obj
 0001:00003f90       _calloc_crt                0000000180004f90 f   libcmt:crtheap.obj
 0001:00004014       _realloc_crt               0000000180005014 f   libcmt:crtheap.obj
 0001:0000409c       __crtCorExitProcess        000000018000509c f   libcmt:crt0dat.obj
 0001:000040d8       __crtExitProcess           00000001800050d8 f   libcmt:crt0dat.obj
 0001:000040f0       _lockexit                  00000001800050f0 f   libcmt:crt0dat.obj
 0001:000040fc       _unlockexit                00000001800050fc f   libcmt:crt0dat.obj
 0001:00004108       _init_pointers             0000000180005108 f   libcmt:crt0dat.obj
 0001:00004180       _initterm_e                0000000180005180 f   libcmt:crt0dat.obj
 0001:000041bc       _cinit                     00000001800051bc f   libcmt:crt0dat.obj
 0001:000043fc       _exit                      00000001800053fc f   libcmt:crt0dat.obj
 0001:00004408       _cexit                     0000000180005408 f   libcmt:crt0dat.obj
 0001:00004418       _amsg_exit                 0000000180005418 f   libcmt:crt0dat.obj
 0001:00004440       _ioinit                    0000000180005440 f   libcmt:ioinit.obj
 0001:00004714       _ioterm                    0000000180005714 f   libcmt:ioinit.obj
 0001:00004788       _setenvp                   0000000180005788 f   libcmt:stdenvp.obj
 0001:00004a88       _setargv                   0000000180005a88 f   libcmt:stdargv.obj
 0001:00004b80       __crtGetEnvironmentStringsA 0000000180005b80 f   libcmt:a_env.obj
 0001:00004c74       _RTC_Initialize            0000000180005c74 f   libcmt:_initsect_.obj
 0001:00004cac       _RTC_Terminate             0000000180005cac f   libcmt:_initsect_.obj
 0001:00004ce4       _heap_init                 0000000180005ce4 f   libcmt:heapinit.obj
 0001:00004d3c       _heap_term                 0000000180005d3c f   libcmt:heapinit.obj
 0001:00004d5c       _XcptFilter                0000000180005d5c f   libcmt:winxfltr.obj
 0001:00004f2c       __CppXcptFilter            0000000180005f2c f   libcmt:winxfltr.obj
 0001:00004f40       __security_init_cookie     0000000180005f40 f   libcmt:gs_support.obj
 0001:00004ff4       __crt_debugger_hook        0000000180005ff4 f   libcmt:dbghook.obj
 0001:00005010       memset                     0000000180006010 f   libcmt:memset.obj
 0001:000050fc       __GSHandlerCheckCommon     00000001800060fc f   libcmt:gshandler.obj
 0001:00005160       __GSHandlerCheck           0000000180006160 f   libcmt:gshandler.obj
 0001:000052e0       __crtGetStringTypeA        00000001800062e0 f   libcmt:a_str.obj
 0001:00005360       _mtinitlocks               0000000180006360 f   libcmt:mlock.obj
 0001:000053e4       _mtdeletelocks             00000001800063e4 f   libcmt:mlock.obj
 0001:0000546c       _unlock                    000000018000646c f   libcmt:mlock.obj
 0001:00005484       _mtinitlocknum             0000000180006484 f   libcmt:mlock.obj
 0001:0000556c       _lock                      000000018000656c f   libcmt:mlock.obj
 0001:000055c0       memmove                    00000001800065c0     libcmt:memcpy.obj
 0001:000055c0       memcpy                     00000001800065c0 f   libcmt:memcpy.obj
 0001:000058f4       __free_lc_time             00000001800068f4 f   libcmt:inittime.obj
 0001:00005ce4       __free_lconv_num           0000000180006ce4 f   libcmt:initnum.obj
 0001:00005d50       __free_lconv_mon           0000000180006d50 f   libcmt:initmon.obj
 0001:00005e5c       malloc                     0000000180006e5c f   libcmt:malloc.obj
 0001:00005f30       _alloca_probe              0000000180006f30     libcmt:chkstk.obj
 0001:00005f30       __chkstk                   0000000180006f30 f   libcmt:chkstk.obj
 0001:00005f80       _initp_misc_invarg         0000000180006f80 f   libcmt:invarg.obj
 0001:00005f88       _call_reportfault          0000000180006f88 f   libcmt:invarg.obj
 0001:000060d4       _invoke_watson             00000001800070d4 f   libcmt:invarg.obj
 0001:00006108       _invalid_parameter         0000000180007108 f   libcmt:invarg.obj
 0001:00006178       _invalid_parameter_noinfo  0000000180007178 f   libcmt:invarg.obj
 0001:00006198       strcpy_s                   0000000180007198 f   libcmt:strcpy_s.obj
 0001:00006210       strlen                     0000000180007210 f   libcmt:strlen.obj
 0001:000062d0       memcmp                     00000001800072d0 f   libcmt:memcmp.obj
 0001:000063b0       strncmp                    00000001800073b0 f   libcmt:strncmp.obj
 0001:00006480       _local_unwind              0000000180007480 f   libcmt:jmpuwind.obj
 0001:000064b0       _NLG_Notify                00000001800074b0 f   libcmt:jmpuwind.obj
 0001:000064d0       __NLG_Dispatch2            00000001800074d0 f   libcmt:jmpuwind.obj
 0001:000064e0       __NLG_Return2              00000001800074e0 f   libcmt:jmpuwind.obj
 0001:000064f0       _ValidateImageBase         00000001800074f0 f   libcmt:pesect.obj
 0001:00006520       _FindPESection             0000000180007520 f   libcmt:pesect.obj
 0001:00006570       _IsNonwritableInCurrentImage 0000000180007570 f   libcmt:pesect.obj
 0001:000065b4       _calloc_impl               00000001800075b4 f   libcmt:calloc_impl.obj
 0001:00006650       realloc                    0000000180007650 f   libcmt:realloc.obj
 0001:00006724       ?terminate@@YAXXZ          0000000180007724 f   libcmt:hooks.obj
 0001:00006748       ?_inconsistency@@YAXXZ     0000000180007748 f   libcmt:hooks.obj
 0001:00006770       _initp_eh_hooks            0000000180007770 f   libcmt:hooks.obj
 0001:00006790       _initp_misc_winsig         0000000180007790 f   libcmt:winsig.obj
 0001:000067b0       __get_sigabrt              00000001800077b0 f   libcmt:winsig.obj
 0001:000067c0       raise                      00000001800077c0 f   libcmt:winsig.obj
 0001:000069f4       _initp_misc_rand_s         00000001800079f4 f   libcmt:rand_s.obj
 0001:000069fc       _initp_misc_purevirt       00000001800079fc f   libcmt:inithelp.obj
 0001:00006a04       _initp_heap_handler        0000000180007a04 f   libcmt:handler.obj
 0001:00006a0c       _callnewh                  0000000180007a0c f   libcmt:handler.obj
 0001:00006a40       __onexitinit               0000000180007a40 f   libcmt:onexit.obj
 0001:00006a84       _onexit                    0000000180007a84 f   libcmt:onexit.obj
 0001:00006b90       atexit                     0000000180007b90 f   libcmt:onexit.obj
 0001:00006ba8       _initp_misc_cfltcvt_tab    0000000180007ba8 f   libcmt:cmiscdat.obj
 0001:00006be0       _GET_RTERRMSG              0000000180007be0 f   libcmt:crt0msg.obj
 0001:00006c0c       _NMSG_WRITE                0000000180007c0c f   libcmt:crt0msg.obj
 0001:00006e6c       _FF_MSGBANNER              0000000180007e6c f   libcmt:crt0msg.obj
 0001:00006f2c       _ismbblead                 0000000180007f2c f   libcmt:ismbbyte.obj
 0001:00006f40       _msize                     0000000180007f40 f   libcmt:msize.obj
 0001:00006f7c       abort                      0000000180007f7c f   libcmt:abort.obj
 0001:00006fbc       _fptrap                    0000000180007fbc f   libcmt:crt0fp.obj
 0001:00006fc8       __crtMessageBoxW           0000000180007fc8 f   libcmt:crtmboxw.obj
 0001:000071d0       wcscat_s                   00000001800081d0 f   libcmt:wcscat_s.obj
 0001:00007258       wcsncpy_s                  0000000180008258 f   libcmt:wcsncpy_s.obj
 0001:00007328       wcslen                     0000000180008328 f   libcmt:wcslen.obj
 0001:00007344       wcscpy_s                   0000000180008344 f   libcmt:wcscpy_s.obj
 0001:000073b0       _set_error_mode            00000001800083b0 f   libcmt:errmode.obj
 0001:000073f0       RtlVirtualUnwind           00000001800083f0 f   kernel32:KERNEL32.dll
 0001:000073f6       RtlLookupFunctionEntry     00000001800083f6 f   kernel32:KERNEL32.dll
 0001:000073fc       RtlUnwindEx                00000001800083fc f   kernel32:KERNEL32.dll
 0001:00007404       __GSHandlerCheck_EH        0000000180008404 f   libcmt:gshandlereh.obj
 0001:00007494       ?_GetEstablisherFrame@@YAPEA_KPEA_KPEAU_xDISPATCHER_CONTEXT@@PEBU_s_FuncInfo@@0@Z 0000000180008494 f   libcmt:trnsctrl.obj
 0001:00007580       _GetImageBase              0000000180008580 f   libcmt:trnsctrl.obj
 0001:00007598       _GetThrowImageBase         0000000180008598 f   libcmt:trnsctrl.obj
 0001:000075b0       _SetImageBase              00000001800085b0 f   libcmt:trnsctrl.obj
 0001:000075cc       _SetThrowImageBase         00000001800085cc f   libcmt:trnsctrl.obj
 0001:000075e8       ?__FrameUnwindToEmptyState@@YAXPEA_KPEAU_xDISPATCHER_CONTEXT@@PEBU_s_FuncInfo@@@Z 00000001800085e8 f   libcmt:trnsctrl.obj
 0001:00007694       __CxxFrameHandler3         0000000180008694 f   libcmt:trnsctrl.obj
 0001:0000771c       ?__SehTransFilter@@YAHPEAU_EXCEPTION_POINTERS@@PEAUEHExceptionRecord@@PEA_KPEAU_CONTEXT@@PEAU_xDISPATCHER_CONTEXT@@PEBU_s_FuncInfo@@PEAH@Z 000000018000871c f   libcmt:trnsctrl.obj
 0001:000077c0       _CallSETranslator          00000001800087c0 f   libcmt:trnsctrl.obj
 0001:00007814       ?_GetRangeOfTrysToCheck@@YAPEBU_s_TryBlockMapEntry@@PEA_KPEBU_s_FuncInfo@@HHPEAI2PEAU_xDISPATCHER_CONTEXT@@@Z 0000000180008814 f   libcmt:trnsctrl.obj
 0001:00007940       _CreateFrameInfo           0000000180008940 f   libcmt:trnsctrl.obj
 0001:00007984       _IsExceptionObjectToBeDestroyed 0000000180008984 f   libcmt:trnsctrl.obj
 0001:000079b8       _FindAndUnlinkFrame        00000001800089b8 f   libcmt:trnsctrl.obj
 0001:00007a18       _UnwindNestedFrames        0000000180008a18 f   libcmt:trnsctrl.obj
 0001:00007b08       ?__StateFromIp@@YAHPEBU_s_FuncInfo@@PEAU_xDISPATCHER_CONTEXT@@_J@Z 0000000180008b08 f   libcmt:ehstate.obj
 0001:00007b94       ?__StateFromControlPc@@YAHPEBU_s_FuncInfo@@PEAU_xDISPATCHER_CONTEXT@@@Z 0000000180008b94 f   libcmt:ehstate.obj
 0001:00007b9c       ?__GetCurrentState@@YAHPEA_KPEAU_xDISPATCHER_CONTEXT@@PEBU_s_FuncInfo@@@Z 0000000180008b9c f   libcmt:ehstate.obj
 0001:00007bc4       ?__SetState@@YAXPEA_KPEAU_xDISPATCHER_CONTEXT@@PEBU_s_FuncInfo@@H@Z 0000000180008bc4 f   libcmt:ehstate.obj
 0001:00007bd0       ?__SetUnwindTryBlock@@YAXPEA_KPEAU_xDISPATCHER_CONTEXT@@PEBU_s_FuncInfo@@H@Z 0000000180008bd0 f   libcmt:ehstate.obj
 0001:00007c0c       ?__GetUnwindTryBlock@@YAHPEA_KPEAU_xDISPATCHER_CONTEXT@@PEBU_s_FuncInfo@@@Z 0000000180008c0c f   libcmt:ehstate.obj
 0001:00007c38       ??1bad_exception@std@@UEAA@XZ 0000000180008c38 f i libcmt:frame.obj
 0001:00007c48       ??_Gbad_exception@std@@UEAAPEAXI@Z 0000000180008c48 f i libcmt:frame.obj
 0001:00007c48       ??_Ebad_exception@std@@UEAAPEAXI@Z 0000000180008c48 f i libcmt:frame.obj
 0001:00007c84       __TypeMatch                0000000180008c84 f   libcmt:frame.obj
 0001:00007da8       __FrameUnwindFilter        0000000180008da8 f   libcmt:frame.obj
 0001:00007dfc       __FrameUnwindToState       0000000180008dfc f   libcmt:frame.obj
 0001:00007f88       __DestructExceptionObject  0000000180008f88 f   libcmt:frame.obj
 0001:00007fcc       __AdjustPointer            0000000180008fcc f   libcmt:frame.obj
 0001:000080c4       __CxxCallCatchBlock        00000001800090c4 f   libcmt:frame.obj
 0001:000082d8       __BuildCatchObjectHelper   00000001800092d8 f   libcmt:frame.obj
 0001:000084dc       __BuildCatchObject         00000001800094dc f   libcmt:frame.obj
 0001:00008d58       ??0bad_exception@std@@QEAA@AEBV01@@Z 0000000180009d58 f i libcmt:frame.obj
 0001:00008d7c       __InternalCxxFrameHandler  0000000180009d7c f   libcmt:frame.obj
 0001:00008fa4       ?what@exception@std@@UEBAPEBDXZ 0000000180009fa4 f   libcmt:stdexcpt.obj
 0001:00008fb8       ?_Copy_str@exception@std@@AEAAXPEBD@Z 0000000180009fb8 f   libcmt:stdexcpt.obj
 0001:00009014       ?_Tidy@exception@std@@AEAAXXZ 000000018000a014 f   libcmt:stdexcpt.obj
 0001:0000903c       ??0exception@std@@QEAA@AEBQEBD@Z 000000018000a03c f   libcmt:stdexcpt.obj
 0001:0000906c       ??4exception@std@@QEAAAEAV01@AEBV01@@Z 000000018000a06c f   libcmt:stdexcpt.obj
 0001:000090b0       ??1exception@std@@UEAA@XZ  000000018000a0b0 f   libcmt:stdexcpt.obj
 0001:000090c0       ??_Eexception@std@@UEAAPEAXI@Z 000000018000a0c0 f i libcmt:stdexcpt.obj
 0001:000090c0       ??_Gexception@std@@UEAAPEAXI@Z 000000018000a0c0 f i libcmt:stdexcpt.obj
 0001:000090fc       ??0exception@std@@QEAA@AEBV01@@Z 000000018000a0fc f   libcmt:stdexcpt.obj
 0001:00009140       _CallSettingFrame          000000018000a140 f   libcmt:handlers.obj
 0001:00009180       _GetNextInstrOffset        000000018000a180 f   libcmt:handlers.obj
 0001:00009188       ?_ValidateWrite@@YAHPEAXI@Z 000000018000a188 f   libcmt:validate.obj
 0001:00009188       ?_ValidateExecute@@YAHP6A_JXZ@Z 000000018000a188 f   libcmt:validate.obj
 0001:00009188       ?_ValidateRead@@YAHPEBXI@Z 000000018000a188 f   libcmt:validate.obj
 0001:00009194       _CxxThrowException         000000018000a194 f   libcmt:throw.obj
 0001:00009228       RtlPcToFileHeader          000000018000a228 f   kernel32:KERNEL32.dll
 0002:00000000       __imp_CreatePalette        000000018000b000     gdi32:GDI32.dll
 0002:00000008       __imp_GetDIBits            000000018000b008     gdi32:GDI32.dll
 0002:00000010       __imp_DeleteObject         000000018000b010     gdi32:GDI32.dll
 0002:00000018       __imp_SelectObject         000000018000b018     gdi32:GDI32.dll
 0002:00000020       __imp_GetPaletteEntries    000000018000b020     gdi32:GDI32.dll
 0002:00000028       __imp_CreateCompatibleDC   000000018000b028     gdi32:GDI32.dll
 0002:00000030       __imp_CreateCompatibleBitmap 000000018000b030     gdi32:GDI32.dll
 0002:00000038       __imp_SetDIBits            000000018000b038     gdi32:GDI32.dll
 0002:00000040       \177GDI32_NULL_THUNK_DATA  000000018000b040     gdi32:GDI32.dll
 0002:00000048       __imp_GetStartupInfoW      000000018000b048     kernel32:KERNEL32.dll
 0002:00000050       __imp_RaiseException       000000018000b050     kernel32:KERNEL32.dll
 0002:00000058       __imp_HeapSize             000000018000b058     kernel32:KERNEL32.dll
 0002:00000060       __imp_FindResourceW        000000018000b060     kernel32:KERNEL32.dll
 0002:00000068       __imp_LoadResource         000000018000b068     kernel32:KERNEL32.dll
 0002:00000070       __imp_GlobalSize           000000018000b070     kernel32:KERNEL32.dll
 0002:00000078       __imp_GlobalLock           000000018000b078     kernel32:KERNEL32.dll
 0002:00000080       __imp_SizeofResource       000000018000b080     kernel32:KERNEL32.dll
 0002:00000088       __imp_GlobalUnlock         000000018000b088     kernel32:KERNEL32.dll
 0002:00000090       __imp_LockResource         000000018000b090     kernel32:KERNEL32.dll
 0002:00000098       __imp_GetCurrentThreadId   000000018000b098     kernel32:KERNEL32.dll
 0002:000000a0       __imp_FlsSetValue          000000018000b0a0     kernel32:KERNEL32.dll
 0002:000000a8       __imp_GetCommandLineA      000000018000b0a8     kernel32:KERNEL32.dll
 0002:000000b0       __imp_TerminateProcess     000000018000b0b0     kernel32:KERNEL32.dll
 0002:000000b8       __imp_GetCurrentProcess    000000018000b0b8     kernel32:KERNEL32.dll
 0002:000000c0       __imp_UnhandledExceptionFilter 000000018000b0c0     kernel32:KERNEL32.dll
 0002:000000c8       __imp_SetUnhandledExceptionFilter 000000018000b0c8     kernel32:KERNEL32.dll
 0002:000000d0       __imp_IsDebuggerPresent    000000018000b0d0     kernel32:KERNEL32.dll
 0002:000000d8       __imp_RtlVirtualUnwind     000000018000b0d8     kernel32:KERNEL32.dll
 0002:000000e0       __imp_RtlLookupFunctionEntry 000000018000b0e0     kernel32:KERNEL32.dll
 0002:000000e8       __imp_RtlCaptureContext    000000018000b0e8     kernel32:KERNEL32.dll
 0002:000000f0       __imp_GetCPInfo            000000018000b0f0     kernel32:KERNEL32.dll
 0002:000000f8       __imp_GetACP               000000018000b0f8     kernel32:KERNEL32.dll
 0002:00000100       __imp_GetOEMCP             000000018000b100     kernel32:KERNEL32.dll
 0002:00000108       __imp_IsValidCodePage      000000018000b108     kernel32:KERNEL32.dll
 0002:00000110       __imp_EncodePointer        000000018000b110     kernel32:KERNEL32.dll
 0002:00000118       __imp_FlsGetValue          000000018000b118     kernel32:KERNEL32.dll
 0002:00000120       __imp_FlsFree              000000018000b120     kernel32:KERNEL32.dll
 0002:00000128       __imp_SetLastError         000000018000b128     kernel32:KERNEL32.dll
 0002:00000130       __imp_GetLastError         000000018000b130     kernel32:KERNEL32.dll
 0002:00000138       __imp_FlsAlloc             000000018000b138     kernel32:KERNEL32.dll
 0002:00000140       __imp_WideCharToMultiByte  000000018000b140     kernel32:KERNEL32.dll
 0002:00000148       __imp_LCMapStringW         000000018000b148     kernel32:KERNEL32.dll
 0002:00000150       __imp_MultiByteToWideChar  000000018000b150     kernel32:KERNEL32.dll
 0002:00000158       __imp_HeapFree             000000018000b158     kernel32:KERNEL32.dll
 0002:00000160       __imp_RtlUnwindEx          000000018000b160     kernel32:KERNEL32.dll
 0002:00000168       __imp_Sleep                000000018000b168     kernel32:KERNEL32.dll
 0002:00000170       __imp_GetProcAddress       000000018000b170     kernel32:KERNEL32.dll
 0002:00000178       __imp_GetModuleHandleW     000000018000b178     kernel32:KERNEL32.dll
 0002:00000180       __imp_ExitProcess          000000018000b180     kernel32:KERNEL32.dll
 0002:00000188       __imp_DecodePointer        000000018000b188     kernel32:KERNEL32.dll
 0002:00000190       __imp_SetHandleCount       000000018000b190     kernel32:KERNEL32.dll
 0002:00000198       __imp_GetStdHandle         000000018000b198     kernel32:KERNEL32.dll
 0002:000001a0       __imp_InitializeCriticalSectionAndSpinCount 000000018000b1a0     kernel32:KERNEL32.dll
 0002:000001a8       __imp_GetFileType          000000018000b1a8     kernel32:KERNEL32.dll
 0002:000001b0       __imp_RtlPcToFileHeader    000000018000b1b0     kernel32:KERNEL32.dll
 0002:000001b8       __imp_DeleteCriticalSection 000000018000b1b8     kernel32:KERNEL32.dll
 0002:000001c0       __imp_GetModuleFileNameA   000000018000b1c0     kernel32:KERNEL32.dll
 0002:000001c8       __imp_FreeEnvironmentStringsW 000000018000b1c8     kernel32:KERNEL32.dll
 0002:000001d0       __imp_GetEnvironmentStringsW 000000018000b1d0     kernel32:KERNEL32.dll
 0002:000001d8       __imp_HeapSetInformation   000000018000b1d8     kernel32:KERNEL32.dll
 0002:000001e0       __imp_GetVersion           000000018000b1e0     kernel32:KERNEL32.dll
 0002:000001e8       __imp_HeapCreate           000000018000b1e8     kernel32:KERNEL32.dll
 0002:000001f0       __imp_HeapDestroy          000000018000b1f0     kernel32:KERNEL32.dll
 0002:000001f8       __imp_QueryPerformanceCounter 000000018000b1f8     kernel32:KERNEL32.dll
 0002:00000200       __imp_GetTickCount         000000018000b200     kernel32:KERNEL32.dll
 0002:00000208       __imp_GetCurrentProcessId  000000018000b208     kernel32:KERNEL32.dll
 0002:00000210       __imp_GetSystemTimeAsFileTime 000000018000b210     kernel32:KERNEL32.dll
 0002:00000218       __imp_GetStringTypeW       000000018000b218     kernel32:KERNEL32.dll
 0002:00000220       __imp_LeaveCriticalSection 000000018000b220     kernel32:KERNEL32.dll
 0002:00000228       __imp_EnterCriticalSection 000000018000b228     kernel32:KERNEL32.dll
 0002:00000230       __imp_HeapAlloc            000000018000b230     kernel32:KERNEL32.dll
 0002:00000238       __imp_HeapReAlloc          000000018000b238     kernel32:KERNEL32.dll
 0002:00000240       __imp_LoadLibraryW         000000018000b240     kernel32:KERNEL32.dll
 0002:00000248       __imp_WriteFile            000000018000b248     kernel32:KERNEL32.dll
 0002:00000250       __imp_GetModuleFileNameW   000000018000b250     kernel32:KERNEL32.dll
 0002:00000258       \177KERNEL32_NULL_THUNK_DATA 000000018000b258     kernel32:KERNEL32.dll
 0002:00000260       __imp_?ilTexImage@@YAEIIIEIIPEAX@Z 000000018000b260     resil:ResIL.dll
 0002:00000268       __imp_?ilSaveImage@@YAEPEB_W@Z 000000018000b268     resil:ResIL.dll
 0002:00000270       __imp_?ilBindImage@@YAXI@Z 000000018000b270     resil:ResIL.dll
 0002:00000278       __imp_?ilGetCurName@@YAIXZ 000000018000b278     resil:ResIL.dll
 0002:00000280       __imp_?ilConvertPal@@YAEI@Z 000000018000b280     resil:ResIL.dll
 0002:00000288       __imp_?iConvertImage@@YAPEAUILimage@@PEAU1@II@Z 000000018000b288     resil:ResIL.dll
 0002:00000290       __imp_?iGetFlipped@@YAPEAEPEAUILimage@@@Z 000000018000b290     resil:ResIL.dll
 0002:00000298       __imp_?ilLoadImage@@YAEPEB_W@Z 000000018000b298     resil:ResIL.dll
 0002:000002a0       __imp_?ilLoadL@@YAEIPEBXI@Z 000000018000b2a0     resil:ResIL.dll
 0002:000002a8       __imp_?ilGetCurImage@@YAPEAUILimage@@XZ 000000018000b2a8     resil:ResIL.dll
 0002:000002b0       __imp_?ifree@@YAXPEBX@Z    000000018000b2b0     resil:ResIL.dll
 0002:000002b8       __imp_?iConvertPal@@YA?AVILpal@@PEAV1@I@Z 000000018000b2b8     resil:ResIL.dll
 0002:000002c0       __imp_?iBindImageTemp@@YAXXZ 000000018000b2c0     resil:ResIL.dll
 0002:000002c8       __imp_?ilSetCurImage@@YAXPEAUILimage@@@Z 000000018000b2c8     resil:ResIL.dll
 0002:000002d0       __imp_?ialloc@@YAPEAX_K@Z  000000018000b2d0     resil:ResIL.dll
 0002:000002d8       __imp_?ilTypeFromExt@@YAIPEB_W@Z 000000018000b2d8     resil:ResIL.dll
 0002:000002e0       __imp_?ilCloseImage@@YAXPEAX@Z 000000018000b2e0     resil:ResIL.dll
 0002:000002e8       __imp_?il2SetError@@YAXI@Z 000000018000b2e8     resil:ResIL.dll
 0002:000002f0       \177ResIL_NULL_THUNK_DATA  000000018000b2f0     resil:ResIL.dll
 0002:000002f8       __imp_CloseClipboard       000000018000b2f8     user32:USER32.dll
 0002:00000300       __imp_IsClipboardFormatAvailable 000000018000b300     user32:USER32.dll
 0002:00000308       __imp_GetDC                000000018000b308     user32:USER32.dll
 0002:00000310       __imp_GetForegroundWindow  000000018000b310     user32:USER32.dll
 0002:00000318       __imp_GetClipboardData     000000018000b318     user32:USER32.dll
 0002:00000320       __imp_ReleaseDC            000000018000b320     user32:USER32.dll
 0002:00000328       __imp_EmptyClipboard       000000018000b328     user32:USER32.dll
 0002:00000330       __imp_OpenClipboard        000000018000b330     user32:USER32.dll
 0002:00000338       __imp_SetClipboardData     000000018000b338     user32:USER32.dll
 0002:00000340       \177USER32_NULL_THUNK_DATA 000000018000b340     user32:USER32.dll
 0002:00000348       __imp_InternetCloseHandle  000000018000b348     wininet:WININET.dll
 0002:00000350       __imp_InternetOpenW        000000018000b350     wininet:WININET.dll
 0002:00000358       __imp_InternetReadFile     000000018000b358     wininet:WININET.dll
 0002:00000360       __imp_InternetOpenUrlW     000000018000b360     wininet:WININET.dll
 0002:00000368       \177WININET_NULL_THUNK_DATA 000000018000b368     wininet:WININET.dll
 0002:00000370       __xc_a                     000000018000b370     libcmt:crt0init.obj
 0002:00000378       __xc_z                     000000018000b378     libcmt:crt0init.obj
 0002:00000380       __xi_a                     000000018000b380     libcmt:crt0init.obj
 0002:00000398       __xi_z                     000000018000b398     libcmt:crt0init.obj
 0002:000003a0       __xp_a                     000000018000b3a0     libcmt:crt0init.obj
 0002:000003a8       __xp_z                     000000018000b3a8     libcmt:crt0init.obj
 0002:000003b0       __xt_a                     000000018000b3b0     libcmt:crt0init.obj
 0002:000003b8       __xt_z                     000000018000b3b8     libcmt:crt0init.obj
 0002:000003e8       ??_7type_info@@6B@         000000018000b3e8     libcmt:typinfo.obj
 0002:000003f0       _pDefaultRawDllMain        000000018000b3f0     libcmt:dllcrt0.obj
 0002:000003f0       _pRawDllMain               000000018000b3f0     libcmt:dllcrt0.obj
 0002:00000408       ??_C@_1BC@GDGBMEMK@?$AAH?$AAH?$AA?3?$AAm?$AAm?$AA?3?$AAs?$AAs?$AA?$AA@ 000000018000b408     libcmt:nlsdata2.obj
 0002:00000420       ??_C@_1CI@KNAKOEBC@?$AAd?$AAd?$AAd?$AAd?$AA?0?$AA?5?$AAM?$AAM?$AAM?$AAM?$AA?5?$AAd?$AAd?$AA?0?$AA?5?$AAy?$AAy?$AAy?$AAy?$AA?$AA@ 000000018000b420     libcmt:nlsdata2.obj
 0002:00000448       ??_C@_1BC@IEBCMHCM@?$AAM?$AAM?$AA?1?$AAd?$AAd?$AA?1?$AAy?$AAy?$AA?$AA@ 000000018000b448     libcmt:nlsdata2.obj
 0002:0000045c       ??_C@_15CLMNNGEL@?$AAP?$AAM?$AA?$AA@ 000000018000b45c     libcmt:nlsdata2.obj
 0002:00000464       ??_C@_15ODEHAHHF@?$AAA?$AAM?$AA?$AA@ 000000018000b464     libcmt:nlsdata2.obj
 0002:00000470       ??_C@_1BC@FEMKIFH@?$AAD?$AAe?$AAc?$AAe?$AAm?$AAb?$AAe?$AAr?$AA?$AA@ 000000018000b470     libcmt:nlsdata2.obj
 0002:00000488       ??_C@_1BC@BGLIFPF@?$AAN?$AAo?$AAv?$AAe?$AAm?$AAb?$AAe?$AAr?$AA?$AA@ 000000018000b488     libcmt:nlsdata2.obj
 0002:000004a0       ??_C@_1BA@EPANDLNG@?$AAO?$AAc?$AAt?$AAo?$AAb?$AAe?$AAr?$AA?$AA@ 000000018000b4a0     libcmt:nlsdata2.obj
 0002:000004b0       ??_C@_1BE@DKAAMBJL@?$AAS?$AAe?$AAp?$AAt?$AAe?$AAm?$AAb?$AAe?$AAr?$AA?$AA@ 000000018000b4b0     libcmt:nlsdata2.obj
 0002:000004c8       ??_C@_1O@PAHLKOAC@?$AAA?$AAu?$AAg?$AAu?$AAs?$AAt?$AA?$AA@ 000000018000b4c8     libcmt:nlsdata2.obj
 0002:000004d8       ??_C@_19BIFMLPCD@?$AAJ?$AAu?$AAl?$AAy?$AA?$AA@ 000000018000b4d8     libcmt:nlsdata2.obj
 0002:000004e8       ??_C@_19EPFLPGAP@?$AAJ?$AAu?$AAn?$AAe?$AA?$AA@ 000000018000b4e8     libcmt:nlsdata2.obj
 0002:000004f8       ??_C@_1M@GJNLMHFD@?$AAA?$AAp?$AAr?$AAi?$AAl?$AA?$AA@ 000000018000b4f8     libcmt:nlsdata2.obj
 0002:00000508       ??_C@_1M@IKEENEDF@?$AAM?$AAa?$AAr?$AAc?$AAh?$AA?$AA@ 000000018000b508     libcmt:nlsdata2.obj
 0002:00000518       ??_C@_1BC@JGDDFFAM@?$AAF?$AAe?$AAb?$AAr?$AAu?$AAa?$AAr?$AAy?$AA?$AA@ 000000018000b518     libcmt:nlsdata2.obj
 0002:00000530       ??_C@_1BA@EFMEIEBA@?$AAJ?$AAa?$AAn?$AAu?$AAa?$AAr?$AAy?$AA?$AA@ 000000018000b530     libcmt:nlsdata2.obj
 0002:00000540       ??_C@_17EGKACKIF@?$AAD?$AAe?$AAc?$AA?$AA@ 000000018000b540     libcmt:nlsdata2.obj
 0002:00000548       ??_C@_17BBDMLCIG@?$AAN?$AAo?$AAv?$AA?$AA@ 000000018000b548     libcmt:nlsdata2.obj
 0002:00000550       ??_C@_17FNLKOI@?$AAO?$AAc?$AAt?$AA?$AA@ 000000018000b550     libcmt:nlsdata2.obj
 0002:00000558       ??_C@_17HCHCOKMG@?$AAS?$AAe?$AAp?$AA?$AA@ 000000018000b558     libcmt:nlsdata2.obj
 0002:00000560       ??_C@_17ICPELBCN@?$AAA?$AAu?$AAg?$AA?$AA@ 000000018000b560     libcmt:nlsdata2.obj
 0002:00000568       ??_C@_17IJPCKHK@?$AAJ?$AAu?$AAl?$AA?$AA@ 000000018000b568     libcmt:nlsdata2.obj
 0002:00000570       ??_C@_17KCJGOCPB@?$AAJ?$AAu?$AAn?$AA?$AA@ 000000018000b570     libcmt:nlsdata2.obj
 0002:00000578       ??_C@_17PNNKMEED@?$AAM?$AAa?$AAy?$AA?$AA@ 000000018000b578     libcmt:nlsdata2.obj
 0002:00000580       ??_C@_17LFPOIHDD@?$AAA?$AAp?$AAr?$AA?$AA@ 000000018000b580     libcmt:nlsdata2.obj
 0002:00000588       ??_C@_17CKNLEDEC@?$AAM?$AAa?$AAr?$AA?$AA@ 000000018000b588     libcmt:nlsdata2.obj
 0002:00000590       ??_C@_17LMDJEKJN@?$AAF?$AAe?$AAb?$AA?$AA@ 000000018000b590     libcmt:nlsdata2.obj
 0002:00000598       ??_C@_17DKNBKCHM@?$AAJ?$AAa?$AAn?$AA?$AA@ 000000018000b598     libcmt:nlsdata2.obj
 0002:000005a0       ??_C@_1BC@ENMNNPAJ@?$AAS?$AAa?$AAt?$AAu?$AAr?$AAd?$AAa?$AAy?$AA?$AA@ 000000018000b5a0     libcmt:nlsdata2.obj
 0002:000005b8       ??_C@_1O@PDICJHAG@?$AAF?$AAr?$AAi?$AAd?$AAa?$AAy?$AA?$AA@ 000000018000b5b8     libcmt:nlsdata2.obj
 0002:000005c8       ??_C@_1BC@HHMNLIHE@?$AAT?$AAh?$AAu?$AAr?$AAs?$AAd?$AAa?$AAy?$AA?$AA@ 000000018000b5c8     libcmt:nlsdata2.obj
 0002:000005e0       ??_C@_1BE@EBOGMDOH@?$AAW?$AAe?$AAd?$AAn?$AAe?$AAs?$AAd?$AAa?$AAy?$AA?$AA@ 000000018000b5e0     libcmt:nlsdata2.obj
 0002:000005f8       ??_C@_1BA@ENFBFFEK@?$AAT?$AAu?$AAe?$AAs?$AAd?$AAa?$AAy?$AA?$AA@ 000000018000b5f8     libcmt:nlsdata2.obj
 0002:00000608       ??_C@_1O@MMNBFLIA@?$AAM?$AAo?$AAn?$AAd?$AAa?$AAy?$AA?$AA@ 000000018000b608     libcmt:nlsdata2.obj
 0002:00000618       ??_C@_1O@IHNHDHPB@?$AAS?$AAu?$AAn?$AAd?$AAa?$AAy?$AA?$AA@ 000000018000b618     libcmt:nlsdata2.obj
 0002:00000628       ??_C@_17GGIBDPIH@?$AAS?$AAa?$AAt?$AA?$AA@ 000000018000b628     libcmt:nlsdata2.obj
 0002:00000630       ??_C@_17HFOLPPLP@?$AAF?$AAr?$AAi?$AA?$AA@ 000000018000b630     libcmt:nlsdata2.obj
 0002:00000638       ??_C@_17PDPHAADD@?$AAT?$AAh?$AAu?$AA?$AA@ 000000018000b638     libcmt:nlsdata2.obj
 0002:00000640       ??_C@_17CJEDCEPE@?$AAW?$AAe?$AAd?$AA?$AA@ 000000018000b640     libcmt:nlsdata2.obj
 0002:00000648       ??_C@_17BMKGEGOJ@?$AAT?$AAu?$AAe?$AA?$AA@ 000000018000b648     libcmt:nlsdata2.obj
 0002:00000650       ??_C@_17KBOMKBF@?$AAM?$AAo?$AAn?$AA?$AA@ 000000018000b650     libcmt:nlsdata2.obj
 0002:00000658       ??_C@_17MBGCMIPB@?$AAS?$AAu?$AAn?$AA?$AA@ 000000018000b658     libcmt:nlsdata2.obj
 0002:00000660       ??_C@_08JCCMCCIL@HH?3mm?3ss?$AA@ 000000018000b660     libcmt:nlsdata2.obj
 0002:00000670       ??_C@_0BE@CKGJFCPC@dddd?0?5MMMM?5dd?0?5yyyy?$AA@ 000000018000b670     libcmt:nlsdata2.obj
 0002:00000688       ??_C@_08BPBNCDIB@MM?1dd?1yy?$AA@ 000000018000b688     libcmt:nlsdata2.obj
 0002:00000694       ??_C@_02CJNFDJBF@PM?$AA@   000000018000b694     libcmt:nlsdata2.obj
 0002:00000698       ??_C@_02DEDBPAFC@AM?$AA@   000000018000b698     libcmt:nlsdata2.obj
 0002:000006a0       ??_C@_08EDHMEBNP@December?$AA@ 000000018000b6a0     libcmt:nlsdata2.obj
 0002:000006b0       ??_C@_08HCHEGEOA@November?$AA@ 000000018000b6b0     libcmt:nlsdata2.obj
 0002:000006c0       ??_C@_07JJNFCEND@October?$AA@ 000000018000b6c0     libcmt:nlsdata2.obj
 0002:000006c8       ??_C@_09BHHEALKD@September?$AA@ 000000018000b6c8     libcmt:nlsdata2.obj
 0002:000006d4       ??_C@_06LBBHFDDG@August?$AA@ 000000018000b6d4     libcmt:nlsdata2.obj
 0002:000006dc       ??_C@_04MIEPOIFP@July?$AA@ 000000018000b6dc     libcmt:nlsdata2.obj
 0002:000006e4       ??_C@_04CNLMGBGM@June?$AA@ 000000018000b6e4     libcmt:nlsdata2.obj
 0002:000006ec       ??_C@_05DMJDNLEJ@April?$AA@ 000000018000b6ec     libcmt:nlsdata2.obj
 0002:000006f4       ??_C@_05HPCKOFNC@March?$AA@ 000000018000b6f4     libcmt:nlsdata2.obj
 0002:00000700       ??_C@_08GNJGEPFN@February?$AA@ 000000018000b700     libcmt:nlsdata2.obj
 0002:00000710       ??_C@_07CGJPFGJA@January?$AA@ 000000018000b710     libcmt:nlsdata2.obj
 0002:00000718       ??_C@_03MKABNOCG@Dec?$AA@  000000018000b718     libcmt:nlsdata2.obj
 0002:0000071c       ??_C@_03JPJOFNIA@Nov?$AA@  000000018000b71c     libcmt:nlsdata2.obj
 0002:00000720       ??_C@_03BMAOKBAD@Oct?$AA@  000000018000b720     libcmt:nlsdata2.obj
 0002:00000724       ??_C@_03GGCAPAJC@Sep?$AA@  000000018000b724     libcmt:nlsdata2.obj
 0002:00000728       ??_C@_03IFJFEIGA@Aug?$AA@  000000018000b728     libcmt:nlsdata2.obj
 0002:0000072c       ??_C@_03LBGABGKK@Jul?$AA@  000000018000b72c     libcmt:nlsdata2.obj
 0002:00000730       ??_C@_03IDFGHECI@Jun?$AA@  000000018000b730     libcmt:nlsdata2.obj
 0002:00000734       ??_C@_03CNMDKL@May?$AA@    000000018000b734     libcmt:nlsdata2.obj
 0002:00000738       ??_C@_03LEOLGMJP@Apr?$AA@  000000018000b738     libcmt:nlsdata2.obj
 0002:0000073c       ??_C@_03ODNJBKGA@Mar?$AA@  000000018000b73c     libcmt:nlsdata2.obj
 0002:00000740       ??_C@_03HJBDCHOM@Feb?$AA@  000000018000b740     libcmt:nlsdata2.obj
 0002:00000744       ??_C@_03JIHJHPIE@Jan?$AA@  000000018000b744     libcmt:nlsdata2.obj
 0002:00000748       ??_C@_08INBOOONO@Saturday?$AA@ 000000018000b748     libcmt:nlsdata2.obj
 0002:00000754       ??_C@_06JECMNKMI@Friday?$AA@ 000000018000b754     libcmt:nlsdata2.obj
 0002:00000760       ??_C@_08HACCIKIA@Thursday?$AA@ 000000018000b760     libcmt:nlsdata2.obj
 0002:00000770       ??_C@_09DLIGFAKA@Wednesday?$AA@ 000000018000b770     libcmt:nlsdata2.obj
 0002:00000780       ??_C@_07BAAGCFCM@Tuesday?$AA@ 000000018000b780     libcmt:nlsdata2.obj
 0002:00000788       ??_C@_06JLEDEDGH@Monday?$AA@ 000000018000b788     libcmt:nlsdata2.obj
 0002:00000790       ??_C@_06OOPIFAJ@Sunday?$AA@ 000000018000b790     libcmt:nlsdata2.obj
 0002:00000798       ??_C@_03FEFJNEK@Sat?$AA@   000000018000b798     libcmt:nlsdata2.obj
 0002:0000079c       ??_C@_03IDIOELNC@Fri?$AA@  000000018000b79c     libcmt:nlsdata2.obj
 0002:000007a0       ??_C@_03IOFIKPDN@Thu?$AA@  000000018000b7a0     libcmt:nlsdata2.obj
 0002:000007a4       ??_C@_03MHOMLAJA@Wed?$AA@  000000018000b7a4     libcmt:nlsdata2.obj
 0002:000007a8       ??_C@_03NAGEINEP@Tue?$AA@  000000018000b7a8     libcmt:nlsdata2.obj
 0002:000007ac       ??_C@_03PDAGKDH@Mon?$AA@   000000018000b7ac     libcmt:nlsdata2.obj
 0002:000007b0       ??_C@_03KOEHGMDN@Sun?$AA@  000000018000b7b0     libcmt:nlsdata2.obj
 0002:00000840       ??_C@_01NEMOKFLO@?$DN?$AA@ 000000018000b840     libcmt:setlocal.obj
 0002:00000842       ??_C@_00CNPNBAHC@?$AA@     000000018000b842     libcmt:setlocal.obj
 0002:00000848       ??_C@_0P@MIGLKIOC@CorExitProcess?$AA@ 000000018000b848     libcmt:crt0dat.obj
 0002:00000858       ??_C@_1BI@BGOHAHKC@?$AAm?$AAs?$AAc?$AAo?$AAr?$AAe?$AAe?$AA?4?$AAd?$AAl?$AAl?$AA?$AA@ 000000018000b858     libcmt:crt0dat.obj
 0002:00000870       _XcptActTab                000000018000b870     libcmt:winxfltr.obj
 0002:00000930       _First_FPE_Indx            000000018000b930     libcmt:winxfltr.obj
 0002:00000934       _Num_FPE                   000000018000b934     libcmt:winxfltr.obj
 0002:00000938       _XcptActTabSize            000000018000b938     libcmt:winxfltr.obj
 0002:0000093c       _XcptActTabCount           000000018000b93c     libcmt:winxfltr.obj
 0002:00000940       __newctype                 000000018000b940     libcmt:ctype.obj
 0002:00000c40       _wctype                    000000018000bc40     libcmt:ctype.obj
 0002:00000e50       __newclmap                 000000018000be50     libcmt:ctype.obj
 0002:00000fd0       __newcumap                 000000018000bfd0     libcmt:ctype.obj
 0002:00001150       ??_C@_0BK@CFCOFLF@?5Complete?5Object?5Locator?8?$AA@ 000000018000c150     libcmt:undname.obj
 0002:00001170       ??_C@_0BN@MECKDCOJ@?5Class?5Hierarchy?5Descriptor?8?$AA@ 000000018000c170     libcmt:undname.obj
 0002:00001190       ??_C@_0BD@LGICGFMM@?5Base?5Class?5Array?8?$AA@ 000000018000c190     libcmt:undname.obj
 0002:000011a8       ??_C@_0BM@LDKODKLH@?5Base?5Class?5Descriptor?5at?5?$CI?$AA@ 000000018000c1a8     libcmt:undname.obj
 0002:000011c8       ??_C@_0BC@DAFEJGAK@?5Type?5Descriptor?8?$AA@ 000000018000c1c8     libcmt:undname.obj
 0002:000011e0       ??_C@_0BM@PMGGMLDN@?$GAlocal?5static?5thread?5guard?8?$AA@ 000000018000c1e0     libcmt:undname.obj
 0002:00001200       ??_C@_0CL@FGIJHLCE@?$GAmanaged?5vector?5copy?5constructor@ 000000018000c200     libcmt:undname.obj
 0002:00001230       ??_C@_0CJ@GJELGAMM@?$GAvector?5vbase?5copy?5constructor?5i@ 000000018000c230     libcmt:undname.obj
 0002:00001260       ??_C@_0CD@CGAJBKEJ@?$GAvector?5copy?5constructor?5iterato@ 000000018000c260     libcmt:undname.obj
 0002:00001288       ??_C@_0CB@PDBIFEP@?$GAdynamic?5atexit?5destructor?5for?5?8@ 000000018000c288     libcmt:undname.obj
 0002:000012b0       ??_C@_0BL@CLIPGLGB@?$GAdynamic?5initializer?5for?5?8?$AA@ 000000018000c2b0     libcmt:undname.obj
 0002:000012d0       ??_C@_0CM@FCBBDIGB@?$GAeh?5vector?5vbase?5copy?5constructo@ 000000018000c2d0     libcmt:undname.obj
 0002:00001300       ??_C@_0CG@HLDDJMAG@?$GAeh?5vector?5copy?5constructor?5iter@ 000000018000c300     libcmt:undname.obj
 0002:00001328       ??_C@_0CF@IMGKMJNO@?$GAmanaged?5vector?5destructor?5itera@ 000000018000c328     libcmt:undname.obj
 0002:00001350       ??_C@_0CG@CFDHKGGD@?$GAmanaged?5vector?5constructor?5iter@ 000000018000c350     libcmt:undname.obj
 0002:00001378       ??_C@_0BN@CKNJLHMB@?$GAplacement?5delete?$FL?$FN?5closure?8?$AA@ 000000018000c378     libcmt:undname.obj
 0002:00001398       ??_C@_0BL@CNOONJFP@?$GAplacement?5delete?5closure?8?$AA@ 000000018000c398     libcmt:undname.obj
 0002:000013b8       ??_C@_0P@HJKNJFNN@?$GAomni?5callsig?8?$AA@ 000000018000c3b8     libcmt:undname.obj
 0002:000013c8       ??_C@_09LBNFPBCA@?5delete?$FL?$FN?$AA@ 000000018000c3c8     libcmt:undname.obj
 0002:000013d4       ??_C@_06FHBGPFGH@?5new?$FL?$FN?$AA@ 000000018000c3d4     libcmt:undname.obj
 0002:000013e0       ??_C@_0CE@IIHCMGGL@?$GAlocal?5vftable?5constructor?5closu@ 000000018000c3e0     libcmt:undname.obj
 0002:00001408       ??_C@_0BA@KKLDJDLB@?$GAlocal?5vftable?8?$AA@ 000000018000c408     libcmt:undname.obj
 0002:00001418       ??_C@_05KHLCHHI@?$GARTTI?$AA@ 000000018000c418     libcmt:undname.obj
 0002:00001420       ??_C@_03KLGMFNMG@?$GAEH?$AA@ 000000018000c420     libcmt:undname.obj
 0002:00001428       ??_C@_0BA@KBCDOMBN@?$GAudt?5returning?8?$AA@ 000000018000c428     libcmt:undname.obj
 0002:00001438       ??_C@_0BL@LLKPOHJI@?$GAcopy?5constructor?5closure?8?$AA@ 000000018000c438     libcmt:undname.obj
 0002:00001458       ??_C@_0CH@OOJPLCPH@?$GAeh?5vector?5vbase?5constructor?5ite@ 000000018000c458     libcmt:undname.obj
 0002:00001480       ??_C@_0CA@GCEOPDGL@?$GAeh?5vector?5destructor?5iterator?8?$AA@ 000000018000c480     libcmt:undname.obj
 0002:000014a0       ??_C@_0CB@JONCMFFK@?$GAeh?5vector?5constructor?5iterator?8@ 000000018000c4a0     libcmt:undname.obj
 0002:000014c8       ??_C@_0BL@NILFHHPC@?$GAvirtual?5displacement?5map?8?$AA@ 000000018000c4c8     libcmt:undname.obj
 0002:000014e8       ??_C@_0CE@IKBNEHA@?$GAvector?5vbase?5constructor?5iterat@ 000000018000c4e8     libcmt:undname.obj
 0002:00001510       ??_C@_0BN@LFPFMEDL@?$GAvector?5destructor?5iterator?8?$AA@ 000000018000c510     libcmt:undname.obj
 0002:00001530       ??_C@_0BO@PFGOCPJJ@?$GAvector?5constructor?5iterator?8?$AA@ 000000018000c530     libcmt:undname.obj
 0002:00001550       ??_C@_0BN@IMDCHIKM@?$GAscalar?5deleting?5destructor?8?$AA@ 000000018000c550     libcmt:undname.obj
 0002:00001570       ??_C@_0BO@OBMKPJIG@?$GAdefault?5constructor?5closure?8?$AA@ 000000018000c570     libcmt:undname.obj
 0002:00001590       ??_C@_0BN@DEGPLNFK@?$GAvector?5deleting?5destructor?8?$AA@ 000000018000c590     libcmt:undname.obj
 0002:000015b0       ??_C@_0BD@JDLKDPAB@?$GAvbase?5destructor?8?$AA@ 000000018000c5b0     libcmt:undname.obj
 0002:000015c8       ??_C@_08OBABFOLI@?$GAstring?8?$AA@ 000000018000c5c8     libcmt:undname.obj
 0002:000015d8       ??_C@_0BF@KDPPACIK@?$GAlocal?5static?5guard?8?$AA@ 000000018000c5d8     libcmt:undname.obj
 0002:000015f0       ??_C@_08LLFFHHDJ@?$GAtypeof?8?$AA@ 000000018000c5f0     libcmt:undname.obj
 0002:00001600       ??_C@_07FEEIOKP@?$GAvcall?8?$AA@ 000000018000c600     libcmt:undname.obj
 0002:00001608       ??_C@_09BLBHBJP@?$GAvbtable?8?$AA@ 000000018000c608     libcmt:undname.obj
 0002:00001618       ??_C@_09IFPLHPGF@?$GAvftable?8?$AA@ 000000018000c618     libcmt:undname.obj
 0002:00001624       ??_C@_02MHEGNOJ@?$FO?$DN?$AA@ 000000018000c624     libcmt:undname.obj
 0002:00001628       ??_C@_02DHLNPPGH@?$HM?$DN?$AA@ 000000018000c628     libcmt:undname.obj
 0002:0000162c       ??_C@_02FGJGFEAB@?$CG?$DN?$AA@ 000000018000c62c     libcmt:undname.obj
 0002:00001630       ??_C@_03CDNPDDLA@?$DM?$DM?$DN?$AA@ 000000018000c630     libcmt:undname.obj
 0002:00001634       ??_C@_03IKFCCPFF@?$DO?$DO?$DN?$AA@ 000000018000c634     libcmt:undname.obj
 0002:00001638       ??_C@_02FENAOKFI@?$CF?$DN?$AA@ 000000018000c638     libcmt:undname.obj
 0002:0000163c       ??_C@_02FJEHGPIO@?1?$DN?$AA@ 000000018000c63c     libcmt:undname.obj
 0002:00001640       ??_C@_02FKMDLLOA@?9?$DN?$AA@ 000000018000c640     libcmt:undname.obj
 0002:00001644       ??_C@_02FOEOMHFC@?$CL?$DN?$AA@ 000000018000c644     libcmt:undname.obj
 0002:00001648       ??_C@_02FPIMKNGF@?$CK?$DN?$AA@ 000000018000c648     libcmt:undname.obj
 0002:0000164c       ??_C@_02NONPIBCD@?$HM?$HM?$AA@ 000000018000c64c     libcmt:undname.obj
 0002:00001650       ??_C@_02PPKAJPJL@?$CG?$CG?$AA@ 000000018000c650     libcmt:undname.obj
 0002:00001654       ??_C@_01DNKMNLPK@?$HM?$AA@ 000000018000c654     libcmt:undname.obj
 0002:00001658       ??_C@_01JKBOJNNK@?$FO?$AA@ 000000018000c658     libcmt:undname.obj
 0002:0000165c       ??_C@_01PJKLJHI@?$HO?$AA@  000000018000c65c     libcmt:undname.obj
 0002:00001660       ??_C@_02HCKGKOFO@?$CI?$CJ?$AA@ 000000018000c660     libcmt:undname.obj
 0002:00001664       ??_C@_01IHBHIGKO@?0?$AA@   000000018000c664     libcmt:undname.obj
 0002:00001668       ??_C@_02EEKDKGMJ@?$DO?$DN?$AA@ 000000018000c668     libcmt:undname.obj
 0002:0000166c       ??_C@_01PPODPGHN@?$DO?$AA@ 000000018000c66c     libcmt:undname.obj
 0002:00001670       ??_C@_02EHCHHCKH@?$DM?$DN?$AA@ 000000018000c670     libcmt:undname.obj
 0002:00001674       ??_C@_01MNNFJEPP@?$DM?$AA@ 000000018000c674     libcmt:undname.obj
 0002:00001678       ??_C@_01FGNFDNOH@?$CF?$AA@ 000000018000c678     libcmt:undname.obj
 0002:0000167c       ??_C@_01KMDKNFGN@?1?$AA@   000000018000c67c     libcmt:undname.obj
 0002:00001680       ??_C@_03MNHNFDLC@?9?$DO?$CK?$AA@ 000000018000c680     libcmt:undname.obj
 0002:00001684       ??_C@_01HNPIGOCE@?$CG?$AA@ 000000018000c684     libcmt:undname.obj
 0002:00001688       ??_C@_01MIFGBAGJ@?$CL?$AA@ 000000018000c688     libcmt:undname.obj
 0002:0000168c       ??_C@_01JOAMLHOP@?9?$AA@   000000018000c68c     libcmt:undname.obj
 0002:00001690       ??_C@_02BAABKJLB@?9?9?$AA@ 000000018000c690     libcmt:undname.obj
 0002:00001694       ??_C@_02ECNGHCIF@?$CL?$CL?$AA@ 000000018000c694     libcmt:undname.obj
 0002:00001698       ??_C@_01NBENCBCI@?$CK?$AA@ 000000018000c698     libcmt:undname.obj
 0002:0000169c       ??_C@_02HBOOOICD@?9?$DO?$AA@ 000000018000c69c     libcmt:undname.obj
 0002:000016a0       ??_C@_08LHJFAFGD@operator?$AA@ 000000018000c6a0     libcmt:undname.obj
 0002:000016ac       ??_C@_02GPECMEKF@?$FL?$FN?$AA@ 000000018000c6ac     libcmt:undname.obj
 0002:000016b0       ??_C@_02FDNJECIE@?$CB?$DN?$AA@ 000000018000c6b0     libcmt:undname.obj
 0002:000016b4       ??_C@_02EGOFBIJA@?$DN?$DN?$AA@ 000000018000c6b4     libcmt:undname.obj
 0002:000016b8       ??_C@_01DCLJPIOD@?$CB?$AA@ 000000018000c6b8     libcmt:undname.obj
 0002:000016bc       ??_C@_02FODMEDOG@?$DM?$DM?$AA@ 000000018000c6bc     libcmt:undname.obj
 0002:000016c0       ??_C@_02GPIOPFAK@?$DO?$DO?$AA@ 000000018000c6c0     libcmt:undname.obj
 0002:000016c8       ??_C@_07FPCDHGMM@?5delete?$AA@ 000000018000c6c8     libcmt:undname.obj
 0002:000016d0       ??_C@_04NIHEBCM@?5new?$AA@ 000000018000c6d0     libcmt:undname.obj
 0002:000016d8       ??_C@_0M@GFIIJFMG@__unaligned?$AA@ 000000018000c6d8     libcmt:undname.obj
 0002:000016e8       ??_C@_0L@PILCLIHE@__restrict?$AA@ 000000018000c6e8     libcmt:undname.obj
 0002:000016f8       ??_C@_07JOMMBBKO@__ptr64?$AA@ 000000018000c6f8     libcmt:undname.obj
 0002:00001700       ??_C@_06GHPCKEAG@__eabi?$AA@ 000000018000c700     libcmt:undname.obj
 0002:00001708       ??_C@_09HIJEGCPM@__clrcall?$AA@ 000000018000c708     libcmt:undname.obj
 0002:00001718       ??_C@_0L@JMKHOMEK@__fastcall?$AA@ 000000018000c718     libcmt:undname.obj
 0002:00001728       ??_C@_0L@NPHFGOKO@__thiscall?$AA@ 000000018000c728     libcmt:undname.obj
 0002:00001738       ??_C@_09IFJBGAPI@__stdcall?$AA@ 000000018000c738     libcmt:undname.obj
 0002:00001748       ??_C@_08GHMPAG@__pascal?$AA@ 000000018000c748     libcmt:undname.obj
 0002:00001758       ??_C@_07KOLFKCDI@__cdecl?$AA@ 000000018000c758     libcmt:undname.obj
 0002:00001760       ??_C@_08EHJDFFNH@__based?$CI?$AA@ 000000018000c760     libcmt:undname.obj
 0002:00001a78       ??_C@_1BO@BKOMIGKJ@?$AAr?$AAu?$AAn?$AAt?$AAi?$AAm?$AAe?$AA?5?$AAe?$AAr?$AAr?$AAo?$AAr?$AA?5?$AA?$AA@ 000000018000ca78     libcmt:crt0msg.obj
 0002:00001a98       ??_C@_15JNBOKNOG@?$AA?$AN?$AA?6?$AA?$AA@ 000000018000ca98     libcmt:crt0msg.obj
 0002:00001aa0       ??_C@_1BM@JBBEPPHI@?$AAT?$AAL?$AAO?$AAS?$AAS?$AA?5?$AAe?$AAr?$AAr?$AAo?$AAr?$AA?$AN?$AA?6?$AA?$AA@ 000000018000caa0     libcmt:crt0msg.obj
 0002:00001ac0       ??_C@_1BK@KMOMNAAI@?$AAS?$AAI?$AAN?$AAG?$AA?5?$AAe?$AAr?$AAr?$AAo?$AAr?$AA?$AN?$AA?6?$AA?$AA@ 000000018000cac0     libcmt:crt0msg.obj
 0002:00001ae0       ??_C@_1BO@BFCDCGC@?$AAD?$AAO?$AAM?$AAA?$AAI?$AAN?$AA?5?$AAe?$AAr?$AAr?$AAo?$AAr?$AA?$AN?$AA?6?$AA?$AA@ 000000018000cae0     libcmt:crt0msg.obj
 0002:00001b00       ??_C@_1BOO@KGEDBGAJ@?$AAR?$AA6?$AA0?$AA3?$AA3?$AA?$AN?$AA?6?$AA?9?$AA?5?$AAA?$AAt?$AAt?$AAe?$AAm?$AAp?$AAt?$AA?5?$AAt?$AAo?$AA?5?$AAu?$AAs?$AAe?$AA?5?$AAM?$AAS?$AAI?$AAL?$AA?5?$AAc?$AAo?$AAd@ 000000018000cb00     libcmt:crt0msg.obj
 0002:00001cf0       ??_C@_1GG@GOPILAJP@?$AAR?$AA6?$AA0?$AA3?$AA2?$AA?$AN?$AA?6?$AA?9?$AA?5?$AAn?$AAo?$AAt?$AA?5?$AAe?$AAn?$AAo?$AAu?$AAg?$AAh?$AA?5?$AAs?$AAp?$AAa?$AAc?$AAe?$AA?5?$AAf?$AAo?$AAr?$AA?5?$AAl?$AAo@ 000000018000ccf0     libcmt:crt0msg.obj
 0002:00001d60       ??_C@_1MG@ENCOOIDF@?$AAR?$AA6?$AA0?$AA3?$AA1?$AA?$AN?$AA?6?$AA?9?$AA?5?$AAA?$AAt?$AAt?$AAe?$AAm?$AAp?$AAt?$AA?5?$AAt?$AAo?$AA?5?$AAi?$AAn?$AAi?$AAt?$AAi?$AAa?$AAl?$AAi?$AAz?$AAe?$AA?5?$AAt@ 000000018000cd60     libcmt:crt0msg.obj
 0002:00001e28       ??_C@_1DO@BMFCDCD@?$AAR?$AA6?$AA0?$AA3?$AA0?$AA?$AN?$AA?6?$AA?9?$AA?5?$AAC?$AAR?$AAT?$AA?5?$AAn?$AAo?$AAt?$AA?5?$AAi?$AAn?$AAi?$AAt?$AAi?$AAa?$AAl?$AAi?$AAz?$AAe?$AAd?$AA?$AN?$AA?6?$AA?$AA@ 000000018000ce28     libcmt:crt0msg.obj
 0002:00001e70       ??_C@_1EK@HHFLMAOL@?$AAR?$AA6?$AA0?$AA2?$AA8?$AA?$AN?$AA?6?$AA?9?$AA?5?$AAu?$AAn?$AAa?$AAb?$AAl?$AAe?$AA?5?$AAt?$AAo?$AA?5?$AAi?$AAn?$AAi?$AAt?$AAi?$AAa?$AAl?$AAi?$AAz?$AAe?$AA?5?$AAh?$AAe@ 000000018000ce70     libcmt:crt0msg.obj
 0002:00001ec0       ??_C@_1GK@MFGOKLAG@?$AAR?$AA6?$AA0?$AA2?$AA7?$AA?$AN?$AA?6?$AA?9?$AA?5?$AAn?$AAo?$AAt?$AA?5?$AAe?$AAn?$AAo?$AAu?$AAg?$AAh?$AA?5?$AAs?$AAp?$AAa?$AAc?$AAe?$AA?5?$AAf?$AAo?$AAr?$AA?5?$AAl?$AAo@ 000000018000cec0     libcmt:crt0msg.obj
 0002:00001f30       ??_C@_1GK@MCAAGJMO@?$AAR?$AA6?$AA0?$AA2?$AA6?$AA?$AN?$AA?6?$AA?9?$AA?5?$AAn?$AAo?$AAt?$AA?5?$AAe?$AAn?$AAo?$AAu?$AAg?$AAh?$AA?5?$AAs?$AAp?$AAa?$AAc?$AAe?$AA?5?$AAf?$AAo?$AAr?$AA?5?$AAs?$AAt@ 000000018000cf30     libcmt:crt0msg.obj
 0002:00001fa0       ??_C@_1EM@MAADIHMB@?$AAR?$AA6?$AA0?$AA2?$AA5?$AA?$AN?$AA?6?$AA?9?$AA?5?$AAp?$AAu?$AAr?$AAe?$AA?5?$AAv?$AAi?$AAr?$AAt?$AAu?$AAa?$AAl?$AA?5?$AAf?$AAu?$AAn?$AAc?$AAt?$AAi?$AAo?$AAn?$AA?5?$AAc@ 000000018000cfa0     libcmt:crt0msg.obj
 0002:00001ff0       ??_C@_1GK@FHCKBEFA@?$AAR?$AA6?$AA0?$AA2?$AA4?$AA?$AN?$AA?6?$AA?9?$AA?5?$AAn?$AAo?$AAt?$AA?5?$AAe?$AAn?$AAo?$AAu?$AAg?$AAh?$AA?5?$AAs?$AAp?$AAa?$AAc?$AAe?$AA?5?$AAf?$AAo?$AAr?$AA?5?$AA_?$AAo@ 000000018000cff0     libcmt:crt0msg.obj
 0002:00002060       ??_C@_1FC@ECHBIFBC@?$AAR?$AA6?$AA0?$AA1?$AA9?$AA?$AN?$AA?6?$AA?9?$AA?5?$AAu?$AAn?$AAa?$AAb?$AAl?$AAe?$AA?5?$AAt?$AAo?$AA?5?$AAo?$AAp?$AAe?$AAn?$AA?5?$AAc?$AAo?$AAn?$AAs?$AAo?$AAl?$AAe?$AA?5@ 000000018000d060     libcmt:crt0msg.obj
 0002:000020c0       ??_C@_1EC@JIBHAOPH@?$AAR?$AA6?$AA0?$AA1?$AA8?$AA?$AN?$AA?6?$AA?9?$AA?5?$AAu?$AAn?$AAe?$AAx?$AAp?$AAe?$AAc?$AAt?$AAe?$AAd?$AA?5?$AAh?$AAe?$AAa?$AAp?$AA?5?$AAe?$AAr?$AAr?$AAo?$AAr?$AA?$AN?$AA?6@ 000000018000d0c0     libcmt:crt0msg.obj
 0002:00002110       ??_C@_1FK@BEOGODMC@?$AAR?$AA6?$AA0?$AA1?$AA7?$AA?$AN?$AA?6?$AA?9?$AA?5?$AAu?$AAn?$AAe?$AAx?$AAp?$AAe?$AAc?$AAt?$AAe?$AAd?$AA?5?$AAm?$AAu?$AAl?$AAt?$AAi?$AAt?$AAh?$AAr?$AAe?$AAa?$AAd?$AA?5@ 000000018000d110     libcmt:crt0msg.obj
 0002:00002170       ??_C@_1FI@LOGNIKDM@?$AAR?$AA6?$AA0?$AA1?$AA6?$AA?$AN?$AA?6?$AA?9?$AA?5?$AAn?$AAo?$AAt?$AA?5?$AAe?$AAn?$AAo?$AAu?$AAg?$AAh?$AA?5?$AAs?$AAp?$AAa?$AAc?$AAe?$AA?5?$AAf?$AAo?$AAr?$AA?5?$AAt?$AAh@ 000000018000d170     libcmt:crt0msg.obj
 0002:000021d0       ??_C@_1EG@BEHAGFJD@?$AAR?$AA6?$AA0?$AA1?$AA0?$AA?$AN?$AA?6?$AA?9?$AA?5?$AAa?$AAb?$AAo?$AAr?$AAt?$AA?$CI?$AA?$CJ?$AA?5?$AAh?$AAa?$AAs?$AA?5?$AAb?$AAe?$AAe?$AAn?$AA?5?$AAc?$AAa?$AAl?$AAl?$AAe?$AAd@ 000000018000d1d0     libcmt:crt0msg.obj
 0002:00002220       ??_C@_1FI@HONFMGBI@?$AAR?$AA6?$AA0?$AA0?$AA9?$AA?$AN?$AA?6?$AA?9?$AA?5?$AAn?$AAo?$AAt?$AA?5?$AAe?$AAn?$AAo?$AAu?$AAg?$AAh?$AA?5?$AAs?$AAp?$AAa?$AAc?$AAe?$AA?5?$AAf?$AAo?$AAr?$AA?5?$AAe?$AAn@ 000000018000d220     libcmt:crt0msg.obj
 0002:00002280       ??_C@_1FE@LLNEDJMD@?$AAR?$AA6?$AA0?$AA0?$AA8?$AA?$AN?$AA?6?$AA?9?$AA?5?$AAn?$AAo?$AAt?$AA?5?$AAe?$AAn?$AAo?$AAu?$AAg?$AAh?$AA?5?$AAs?$AAp?$AAa?$AAc?$AAe?$AA?5?$AAf?$AAo?$AAr?$AA?5?$AAa?$AAr@ 000000018000d280     libcmt:crt0msg.obj
 0002:000022e0       ??_C@_1FK@PGACCAFB@?$AAR?$AA6?$AA0?$AA0?$AA2?$AA?$AN?$AA?6?$AA?9?$AA?5?$AAf?$AAl?$AAo?$AAa?$AAt?$AAi?$AAn?$AAg?$AA?5?$AAp?$AAo?$AAi?$AAn?$AAt?$AA?5?$AAs?$AAu?$AAp?$AAp?$AAo?$AAr?$AAt?$AA?5@ 000000018000d2e0     libcmt:crt0msg.obj
 0002:000024a0       ??_C@_1EK@MBDPDCGA@?$AAM?$AAi?$AAc?$AAr?$AAo?$AAs?$AAo?$AAf?$AAt?$AA?5?$AAV?$AAi?$AAs?$AAu?$AAa?$AAl?$AA?5?$AAC?$AA?$CL?$AA?$CL?$AA?5?$AAR?$AAu?$AAn?$AAt?$AAi?$AAm?$AAe?$AA?5?$AAL?$AAi?$AAb@ 000000018000d4a0     libcmt:crt0msg.obj
 0002:000024ec       ??_C@_15IABLJNFO@?$AA?6?$AA?6?$AA?$AA@ 000000018000d4ec     libcmt:crt0msg.obj
 0002:000024f8       ??_C@_17LGKOMLJ@?$AA?4?$AA?4?$AA?4?$AA?$AA@ 000000018000d4f8     libcmt:crt0msg.obj
 0002:00002500       ??_C@_1CO@EAEJAADC@?$AA?$DM?$AAp?$AAr?$AAo?$AAg?$AAr?$AAa?$AAm?$AA?5?$AAn?$AAa?$AAm?$AAe?$AA?5?$AAu?$AAn?$AAk?$AAn?$AAo?$AAw?$AAn?$AA?$DO?$AA?$AA@ 000000018000d500     libcmt:crt0msg.obj
 0002:00002530       ??_C@_1DE@JNGNBFGO@?$AAR?$AAu?$AAn?$AAt?$AAi?$AAm?$AAe?$AA?5?$AAE?$AAr?$AAr?$AAo?$AAr?$AA?$CB?$AA?6?$AA?6?$AAP?$AAr?$AAo?$AAg?$AAr?$AAa?$AAm?$AA?3?$AA?5?$AA?$AA@ 000000018000d530     libcmt:crt0msg.obj
 0002:00002568       ??_C@_0BI@DFKBFLJE@GetProcessWindowStation?$AA@ 000000018000d568     libcmt:crtmboxw.obj
 0002:00002580       ??_C@_0BK@DEKFELLI@GetUserObjectInformationW?$AA@ 000000018000d580     libcmt:crtmboxw.obj
 0002:000025a0       ??_C@_0BD@HHGDFDBJ@GetLastActivePopup?$AA@ 000000018000d5a0     libcmt:crtmboxw.obj
 0002:000025b8       ??_C@_0BA@HNOPNCHB@GetActiveWindow?$AA@ 000000018000d5b8     libcmt:crtmboxw.obj
 0002:000025c8       ??_C@_0M@DLDCCGNP@MessageBoxW?$AA@ 000000018000d5c8     libcmt:crtmboxw.obj
 0002:000025d8       ??_C@_1BG@GOEBHBDC@?$AAU?$AAS?$AAE?$AAR?$AA3?$AA2?$AA?4?$AAD?$AAL?$AAL?$AA?$AA@ 000000018000d5d8     libcmt:crtmboxw.obj
 0002:000025f0       ??_C@_1GO@EKIKNOBL@?$AAD?$AAe?$AAv?$AAe?$AAl?$AAo?$AAp?$AAe?$AAr?$AA?8?$AAs?$AA?5?$AAI?$AAm?$AAa?$AAg?$AAe?$AA?5?$AAL?$AAi?$AAb?$AAr?$AAa?$AAr?$AAy?$AA?5?$AAU?$AAt?$AAi?$AAl?$AAi?$AAt@ 000000018000d5f0     ilut_states.obj
 0002:00002660       ??_C@_1CC@FLLNLNFB@?$AAA?$AAb?$AAy?$AAs?$AAm?$AAa?$AAl?$AA?5?$AAS?$AAo?$AAf?$AAt?$AAw?$AAa?$AAr?$AAe?$AA?$AA@ 000000018000d660     ilut_states.obj
 0002:00002688       ??_C@_1DE@LHOEMOEC@?$AAD?$AAe?$AAv?$AAe?$AAl?$AAo?$AAp?$AAe?$AAr?$AA?8?$AAs?$AA?5?$AAI?$AAm?$AAa?$AAg?$AAe?$AA?5?$AAL?$AAi?$AAb?$AAr?$AAa?$AAr?$AAy?$AA?$AA@ 000000018000d688     ilut_win32.obj
 0002:000026c8       ??_7ILpal@@6B@             000000018000d6c8     ilut_win32.obj
 0002:00002798       _pDestructExceptionObject  000000018000d798     libcmt:frame.obj
 0002:000027a8       ??_7bad_exception@std@@6B@ 000000018000d7a8     libcmt:frame.obj
 0002:000027b8       ??_C@_0O@DPKOEFFH@bad?5exception?$AA@ 000000018000d7b8     libcmt:frame.obj
 0002:000027d0       ??_7exception@std@@6B@     000000018000d7d0     libcmt:stdexcpt.obj
 0002:000027e0       ??_C@_0BC@EOODALEL@Unknown?5exception?$AA@ 000000018000d7e0     libcmt:stdexcpt.obj
 0002:00002898       ??_R4type_info@@6B@        000000018000d898     libcmt:typinfo.obj
 0002:000028c0       ??_R3type_info@@8          000000018000d8c0     libcmt:typinfo.obj
 0002:000028d8       ??_R2type_info@@8          000000018000d8d8     libcmt:typinfo.obj
 0002:000028e8       ??_R1A@?0A@EA@type_info@@8 000000018000d8e8     libcmt:typinfo.obj
 0002:00002910       ??_R4ILpal@@6B@            000000018000d910     ilut_win32.obj
 0002:00002938       ??_R3ILpal@@8              000000018000d938     ilut_win32.obj
 0002:00002950       ??_R2ILpal@@8              000000018000d950     ilut_win32.obj
 0002:00002960       ??_R1A@?0A@EA@ILpal@@8     000000018000d960     ilut_win32.obj
 0002:00002988       ??_R4bad_exception@std@@6B@ 000000018000d988     libcmt:frame.obj
 0002:000029b0       ??_R3bad_exception@std@@8  000000018000d9b0     libcmt:frame.obj
 0002:000029c8       ??_R2bad_exception@std@@8  000000018000d9c8     libcmt:frame.obj
 0002:000029e0       ??_R1A@?0A@EA@bad_exception@std@@8 000000018000d9e0     libcmt:frame.obj
 0002:00002a08       ??_R1A@?0A@EA@exception@std@@8 000000018000da08     libcmt:frame.obj
 0002:00002a30       ??_R3exception@std@@8      000000018000da30     libcmt:frame.obj
 0002:00002a48       ??_R2exception@std@@8      000000018000da48     libcmt:frame.obj
 0002:00002a58       ??_R4exception@std@@6B@    000000018000da58     libcmt:stdexcpt.obj
 0002:00002a80       __rtc_iaa                  000000018000da80     libcmt:_initsect_.obj
 0002:00002a88       __rtc_izz                  000000018000da88     libcmt:_initsect_.obj
 0002:00002a90       __rtc_taa                  000000018000da90     libcmt:_initsect_.obj
 0002:00002a98       __rtc_tzz                  000000018000da98     libcmt:_initsect_.obj
 0002:00003610       _TI2?AVbad_exception@std@@ 000000018000e610     libcmt:frame.obj
 0002:00003630       _CTA2?AVbad_exception@std@@ 000000018000e630     libcmt:frame.obj
 0002:00003648       _CT??_R0?AVbad_exception@std@@@8??0bad_exception@std@@QEAA@AEBV01@@Z24 000000018000e648     libcmt:frame.obj
 0002:00003670       _CT??_R0?AVexception@std@@@8??0exception@std@@QEAA@AEBV01@@Z24 000000018000e670     libcmt:frame.obj
 0002:00003694       __IMPORT_DESCRIPTOR_ResIL  000000018000e694     resil:ResIL.dll
 0002:000036a8       __IMPORT_DESCRIPTOR_KERNEL32 000000018000e6a8     kernel32:KERNEL32.dll
 0002:000036bc       __IMPORT_DESCRIPTOR_USER32 000000018000e6bc     user32:USER32.dll
 0002:000036d0       __IMPORT_DESCRIPTOR_GDI32  000000018000e6d0     gdi32:GDI32.dll
 0002:000036e4       __IMPORT_DESCRIPTOR_WININET 000000018000e6e4     wininet:WININET.dll
 0002:000036f8       __NULL_IMPORT_DESCRIPTOR   000000018000e6f8     resil:ResIL.dll
 0003:00000000       ??_R0?AVtype_info@@@8      0000000180010000     libcmt:typinfo.obj
 0003:00000020       __security_cookie          0000000180010020     libcmt:gs_cookie.obj
 0003:00000028       __security_cookie_complement 0000000180010028     libcmt:gs_cookie.obj
 0003:00000030       __initialmbcinfo           0000000180010030     libcmt:mbctype.obj
 0003:00000250       _mbctype                   0000000180010250     libcmt:mbctype.obj
 0003:00000360       _mbcasemap                 0000000180010360     libcmt:mbctype.obj
 0003:00000460       __ptmbcinfo                0000000180010460     libcmt:mbctype.obj
 0003:00000560       __globallocalestatus       0000000180010560     libcmt:glstatus.obj
 0003:00000564       __clocalestr               0000000180010564     libcmt:nlsdata2.obj
 0003:00000570       __lc_time_c                0000000180010570     libcmt:nlsdata2.obj
 0003:00000830       __initiallocinfo           0000000180010830     libcmt:nlsdata2.obj
 0003:00000990       __ptlocinfo                0000000180010990     libcmt:nlsdata2.obj
 0003:00000998       __flsindex                 0000000180010998     libcmt:tidtable.obj
 0003:00000b20       __badioinfo                0000000180010b20     libcmt:ioinit.obj
 0003:00000dc0       __lconv_static_decimal     0000000180010dc0     libcmt:lconv.obj
 0003:00000dc4       __lconv_static_W_decimal   0000000180010dc4     libcmt:lconv.obj
 0003:00000dc8       __lconv                    0000000180010dc8     libcmt:lconv.obj
 0003:00000dd0       __lconv_c                  0000000180010dd0     libcmt:lconv.obj
 0003:00000e68       _pctype                    0000000180010e68     libcmt:ctype.obj
 0003:00000e70       _pwctype                   0000000180010e70     libcmt:ctype.obj
 0003:00000e80       __mb_cur_max               0000000180010e80     libcmt:nlsdata1.obj
 0003:00000e84       __decimal_point            0000000180010e84     libcmt:nlsdata1.obj
 0003:00000e88       __decimal_point_length     0000000180010e88     libcmt:nlsdata1.obj
 0003:00000e90       _cfltcvt_tab               0000000180010e90     libcmt:cmiscdat.obj
 0003:00000ee0       __abort_behavior           0000000180010ee0     libcmt:abort.obj
 0003:00000ee8       ?_ilutVendor@@3PEB_WEB     0000000180010ee8     ilut_states.obj
 0003:00000ef0       ?_ilutVersion@@3PEB_WEB    0000000180010ef0     ilut_states.obj
 0003:00000ef8       ??_R0?AVILpal@@@8          0000000180010ef8     ilut_win32.obj
 0003:00000f18       ??_R0?AVbad_exception@std@@@8 0000000180010f18     libcmt:frame.obj
 0003:00000f40       ??_R0?AVexception@std@@@8  0000000180010f40     libcmt:frame.obj
 0003:00000f84       __error_mode               0000000180010f84     libcmt:dllcrt0.obj
 0003:00000f88       _aenvptr                   0000000180010f88     libcmt:dllcrt0.obj
 0003:00000f90       _wenvptr                   0000000180010f90     libcmt:dllcrt0.obj
 0003:00000f98       __app_type                 0000000180010f98     libcmt:dllcrt0.obj
 0003:00001518       __mbulinfo                 0000000180011518     libcmt:mbctype.obj
 0003:00001524       __mbcodepage               0000000180011524     libcmt:mbctype.obj
 0003:00001528       __ismbcodepage             0000000180011528     libcmt:mbctype.obj
 0003:0000152c       __mblcid                   000000018001152c     libcmt:mbctype.obj
 0003:00001530       __locale_changed           0000000180011530     libcmt:setlocal.obj
 0003:00001548       _maxwait                   0000000180011548     libcmt:crtheap.obj
 0003:00001550       _umaskval                  0000000180011550     libcmt:crt0dat.obj
 0003:00001554       __argc                     0000000180011554     libcmt:crt0dat.obj
 0003:00001558       __argv                     0000000180011558     libcmt:crt0dat.obj
 0003:00001560       __wargv                    0000000180011560     libcmt:crt0dat.obj
 0003:00001568       _environ                   0000000180011568     libcmt:crt0dat.obj
 0003:00001570       __initenv                  0000000180011570     libcmt:crt0dat.obj
 0003:00001578       _wenviron                  0000000180011578     libcmt:crt0dat.obj
 0003:00001580       __winitenv                 0000000180011580     libcmt:crt0dat.obj
 0003:00001588       _pgmptr                    0000000180011588     libcmt:crt0dat.obj
 0003:00001590       _wpgmptr                   0000000180011590     libcmt:crt0dat.obj
 0003:00001598       _exitflag                  0000000180011598     libcmt:crt0dat.obj
 0003:0000159c       _C_Termination_Done        000000018001159c     libcmt:crt0dat.obj
 0003:000015a0       _C_Exit_Done               00000001800115a0     libcmt:crt0dat.obj
 0003:000016b8       _crtheap                   00000001800116b8     libcmt:heapinit.obj
 0003:000018f0       __lconv_static_null        00000001800118f0     libcmt:lconv.obj
 0003:000018f4       __lconv_static_W_null      00000001800118f4     libcmt:lconv.obj
 0003:000018f8       __pInvalidArgHandler       00000001800118f8     libcmt:invarg.obj
 0003:00001900       ?pArgList@UnDecorator@@0PEAVReplicator@@EA 0000000180011900     libcmt:undname.obj
 0003:00001930       ?pZNameList@UnDecorator@@0PEAVReplicator@@EA 0000000180011930     libcmt:undname.obj
 0003:00001938       ?pTemplateArgList@UnDecorator@@0PEAVReplicator@@EA 0000000180011938     libcmt:undname.obj
 0003:00001940       ?gName@UnDecorator@@0PEBDEB 0000000180011940     libcmt:undname.obj
 0003:00001948       ?name@UnDecorator@@0PEBDEB 0000000180011948     libcmt:undname.obj
 0003:00001950       ?outputString@UnDecorator@@0PEADEA 0000000180011950     libcmt:undname.obj
 0003:00001958       ?maxStringLength@UnDecorator@@0HA 0000000180011958     libcmt:undname.obj
 0003:0000195c       ?disableFlags@UnDecorator@@0KA 000000018001195c     libcmt:undname.obj
 0003:00001960       ?m_pGetParameter@UnDecorator@@0P6APEADJ@ZEA 0000000180011960     libcmt:undname.obj
 0003:00001968       ?fExplicitTemplateParams@UnDecorator@@0_NA 0000000180011968     libcmt:undname.obj
 0003:00001969       ?fGetTemplateArgumentList@UnDecorator@@0_NA 0000000180011969     libcmt:undname.obj
 0003:00001970       ?__pInconsistency@@3P6AXXZEA 0000000180011970     libcmt:hooks.obj
 0003:000019a8       __pPurecall                00000001800119a8     libcmt:inithelp.obj
 0003:000019b0       ?_pnhHeap@@3P6AH_K@ZEA     00000001800119b0     libcmt:handler.obj
 0003:00001fe8       _newmode                   0000000180011fe8     libcmt:_newmode.obj
 0003:00002020       ?ilutStates@@3PAUILUT_STATES@@A 0000000180012020     ilut_states.obj
 0003:000024a0       ?ilutCurImage@@3PEAUILimage@@EA 00000001800124a0     ilut_internal.obj
 0003:000024a8       ?ilutCurrentPos@@3IA       00000001800124a8     ilut_states.obj
 0003:000024ac       _debugger_hook_dummy       00000001800124ac     <common>
 0003:000024b0       _nhandle                   00000001800124b0     <common>
 0003:000024c0       __pioinfo                  00000001800124c0     <common>
 0003:000026c0       __env_initialized          00000001800126c0     <common>
 0003:000026c8       __onexitend                00000001800126c8     <common>
 0003:000026d0       __onexitbegin              00000001800126d0     <common>
 0003:000026d8       __mbctype_initialized      00000001800126d8     <common>
 0003:000026e0       _FPinit                    00000001800126e0     <common>
 0003:000026e8       __dyn_tls_init_callback    00000001800126e8     <common>
 0003:000026f0       _acmdln                    00000001800126f0     <common>

 entry point at        0001:000025c8

 Static symbols

 0001:000024ac       __DllMainCRTStartup        00000001800034ac f   libcmt:dllcrt0.obj
 0001:00002754       ?setSBCS@@YAXPEAUthreadmbcinfostruct@@@Z 0000000180003754 f   libcmt:mbctype.obj
 0001:000027e0       ?setSBUpLow@@YAXPEAUthreadmbcinfostruct@@@Z 00000001800037e0 f   libcmt:mbctype.obj
 0001:00002a8c       ?getSystemCP@@YAHH@Z       0000000180003a8c f   libcmt:mbctype.obj
 0001:000036a8       ?__crtLCMapStringA_stat@@YAHPEAUlocaleinfo_struct@@KKPEBDHPEADHHH@Z 00000001800046a8 f   libcmt:a_map.obj
 0001:0000414c       _initterm                  000000018000514c f   libcmt:crt0dat.obj
 0001:0000426c       doexit                     000000018000526c f   libcmt:crt0dat.obj
 0001:000048b8       parse_cmdline              00000001800058b8 f   libcmt:stdargv.obj
 0001:00005180       ?__crtGetStringTypeA_stat@@YAHPEAUlocaleinfo_struct@@KPEBDHPEAGHHH@Z 0000000180006180 f   libcmt:a_str.obj
 0001:00006eb0       ?x_ismbbtype_l@@YAHPEAUlocaleinfo_struct@@IHH@Z 0000000180007eb0 f   libcmt:ismbbyte.obj
 0001:00007ff0       ?IsInExceptionSpec@@YAEPEAUEHExceptionRecord@@PEBU_s_ESTypeList@@@Z 0000000180008ff0 f   libcmt:frame.obj
 0001:0000858c       ?CatchIt@@YAXPEAUEHExceptionRecord@@PEA_KPEAU_CONTEXT@@PEAU_xDISPATCHER_CONTEXT@@PEBU_s_FuncInfo@@PEBU_s_HandlerType@@PEBU_s_CatchableType@@PEBU_s_TryBlockMapEntry@@H1EE@Z 000000018000958c f   libcmt:frame.obj
 0001:00008650       ?FindHandlerForForeignException@@YAXPEAUEHExceptionRecord@@PEA_KPEAU_CONTEXT@@PEAU_xDISPATCHER_CONTEXT@@PEBU_s_FuncInfo@@HH1@Z 0000000180009650 f   libcmt:frame.obj
 0001:00008888       ?FindHandler@@YAXPEAUEHExceptionRecord@@PEA_KPEAU_CONTEXT@@PEAU_xDISPATCHER_CONTEXT@@PEBU_s_FuncInfo@@EH1@Z 0000000180009888 f   libcmt:frame.obj
 0001:00009230       _CRT_INIT$fin$0            000000018000a230 f   libcmt:dllcrt0.obj
 0001:00009256       __DllMainCRTStartup$filt$0 000000018000a256 f   libcmt:dllcrt0.obj
 0001:00009274       __updatetmbcinfo$fin$0     000000018000a274 f   libcmt:mbctype.obj
 0001:00009274       _setmbcp$fin$0             000000018000a274 f   libcmt:mbctype.obj
 0001:0000928f       __updatetlocinfo$fin$0     000000018000a28f f   libcmt:localref.obj
 0001:000092aa       _initptd$fin$1             000000018000a2aa f   libcmt:tidtable.obj
 0001:000092aa       _freefls$fin$1             000000018000a2aa f   libcmt:tidtable.obj
 0001:000092ca       _initptd$fin$0             000000018000a2ca f   libcmt:tidtable.obj
 0001:000092ca       _freefls$fin$0             000000018000a2ca f   libcmt:tidtable.obj
 0001:000092e5       ?fin$0@?0??_Type_info_dtor@type_info@@CAXPEAV1@@Z@4HA 000000018000a2e5 f   libcmt:typname.obj
 0001:00009300       doexit$fin$0               000000018000a300 f   libcmt:crt0dat.obj
 0001:00009324       _mtinitlocknum$fin$0       000000018000a324 f   libcmt:mlock.obj
 0001:00009350       _IsNonwritableInCurrentImage$filt$0 000000018000a350 f   libcmt:pesect.obj
 0001:00009372       raise$fin$0                000000018000a372 f   libcmt:winsig.obj
 0001:00009390       _onexit$fin$0              000000018000a390 f   libcmt:onexit.obj
 0001:000093b0       ?dtor$0@?0??ilut2ConvertSliceToHBitmap@@YAPEAUHBITMAP__@@PEAUILimage@@PEAUHDC__@@I@Z@4HA 000000018000a3b0 f    CIL library: CIL module
 0001:000093c0       ?dtor$1@?0??ilut2ConvertSliceToHBitmap@@YAPEAUHBITMAP__@@PEAUILimage@@PEAUHDC__@@I@Z@4HA 000000018000a3c0 f    CIL library: CIL module
 0001:000093cc       _CallSETranslator$filt$0   000000018000a3cc f   libcmt:trnsctrl.obj
 0001:00009412       __FrameUnwindToState$filt$0 000000018000a412 f   libcmt:frame.obj
 0001:00009432       __FrameUnwindToState$fin$1 000000018000a432 f   libcmt:frame.obj
 0001:0000945b       __DestructExceptionObject$filt$0 000000018000a45b f   libcmt:frame.obj
 0001:00009473       __CxxCallCatchBlock$filt$0 000000018000a473 f   libcmt:frame.obj
 0001:00009573       __CxxCallCatchBlock$fin$1  000000018000a573 f   libcmt:frame.obj
