 ILU

 Timestamp is 54675a32 (Sat Nov 15 14:50:42 2014)

 Preferred load address is 0000000180000000

 Start         Length     Name                   Class
 0001:00000000 0000bab6H .text                   CODE
 0001:0000bac0 00000092H .text$x                 CODE
 0002:00000000 00000248H .idata$5                DATA
 0002:00000248 00000008H .CRT$XCA                DATA
 0002:00000250 00000008H .CRT$XCZ                DATA
 0002:00000258 00000008H .CRT$XIA                DATA
 0002:00000260 00000008H .CRT$XIAA               DATA
 0002:00000268 00000008H .CRT$XIZ                DATA
 0002:00000270 000027f4H .rdata                  DATA
 0002:00002a64 00000051H .rdata$debug            DATA
 0002:00002ab8 00000008H .rtc$IAA                DATA
 0002:00002ac0 00000008H .rtc$IZZ                DATA
 0002:00002ac8 00000008H .rtc$TAA                DATA
 0002:00002ad0 00000008H .rtc$TZZ                DATA
 0002:00002ad8 00000c08H .xdata                  DATA
 0002:000036e0 0000003cH .idata$2                DATA
 0002:0000371c 00000014H .idata$3                DATA
 0002:00003730 00000248H .idata$4                DATA
 0002:00003978 0000047eH .idata$6                DATA
 0002:00003e00 000008b4H .edata                  DATA
 0003:00000000 000006d0H .data                   DATA
 0003:000006d0 00000750H .bss                    DATA
 0004:00000000 00000900H .pdata                  DATA

  Address         Publics by Value              Rva+Base               Lib:Object

 0000:00000000       ___safe_se_handler_count   0000000000000000     <absolute>
 0000:00000000       ___safe_se_handler_table   0000000000000000     <absolute>
 0000:00000000       __ImageBase                0000000180000000     <linker-defined>
 0001:00000000       ?ilu2ErrorString@@YAPEB_WI@Z 0000000180001000 f   ilu_error.obj
 0001:00000000       ?iluErrorString@@YAPEB_WI@Z 0000000180001000 f   ilu_api1.obj
 0001:00000060       ?ilu2SetLanguage@@YAEI@Z   0000000180001060 f   ilu_error.obj
 0001:00000060       ?iluSetLanguage@@YAEI@Z    0000000180001060 f   ilu_api1.obj
 0001:000000d0       ?iluPixelize@@YAEI@Z       00000001800010d0 f   ilu_api1.obj
 0001:000000f0       ?iluEdgeDetectP@@YAEXZ     00000001800010f0 f   ilu_api1.obj
 0001:00000110       ?iluEdgeDetectS@@YAEXZ     0000000180001110 f   ilu_api1.obj
 0001:00000130       ?iluBlurAvg@@YAEI@Z        0000000180001130 f   ilu_api1.obj
 0001:00000150       ?iluBlurGaussian@@YAEI@Z   0000000180001150 f   ilu_api1.obj
 0001:00000170       ?iluEmboss@@YAEXZ          0000000180001170 f   ilu_api1.obj
 0001:00000190       ?iluEdgeDetectE@@YAEXZ     0000000180001190 f   ilu_api1.obj
 0001:000001b0       ?iluScaleAlpha@@YAEM@Z     00000001800011b0 f   ilu_api1.obj
 0001:000001e0       ?iluScaleColours@@YAEMMM@Z 00000001800011e0 f   ilu_api1.obj
 0001:00000230       ?iluGammaCorrect@@YAEM@Z   0000000180001230 f   ilu_api1.obj
 0001:00000260       ?iluSaturate1f@@YAEM@Z     0000000180001260 f   ilu_api1.obj
 0001:000002b0       ?iluSaturate4f@@YAEMMMM@Z  00000001800012b0 f   ilu_api1.obj
 0001:00000320       ?iluAlienify@@YAEXZ        0000000180001320 f   ilu_api1.obj
 0001:00000340       ?iluContrast@@YAEM@Z       0000000180001340 f   ilu_api1.obj
 0001:00000370       ?iluSharpen@@YAEMI@Z       0000000180001370 f   ilu_api1.obj
 0001:000003a0       ?iluConvolution@@YAEPEAHHH@Z 00000001800013a0 f   ilu_api1.obj
 0001:000003e0       ?iluEnlargeImage@@YAEMMM@Z 00000001800013e0 f   ilu_api1.obj
 0001:00000490       ?iluScale@@YAEIII@Z        0000000180001490 f   ilu_api1.obj
 0001:000004d0       ?iluCompareImage@@YAEI@Z   00000001800014d0 f   ilu_api1.obj
 0001:00000530       ?iluLoadImage@@YAIPEB_W@Z  0000000180001530 f   ilu_api1.obj
 0001:00000580       ?iluCrop@@YAEIIIIII@Z      0000000180001580 f   ilu_api1.obj
 0001:00000600       ?iluEnlargeCanvas@@YAEIII@Z 0000000180001600 f   ilu_api1.obj
 0001:00000640       ?iluFlipImage@@YAEXZ       0000000180001640 f   ilu_api1.obj
 0001:00000680       ?iluMirror@@YAEXZ          0000000180001680 f   ilu_api1.obj
 0001:000006a0       ?iluInvertAlpha@@YAEXZ     00000001800016a0 f   ilu_api1.obj
 0001:000006c0       ?iluNegative@@YAEXZ        00000001800016c0 f   ilu_api1.obj
 0001:000006e0       ?iluWave@@YAEM@Z           00000001800016e0 f   ilu_api1.obj
 0001:00000710       ?iluSwapColours@@YAEXZ     0000000180001710 f   ilu_api1.obj
 0001:00000730       ?iluColoursUsed@@YAIXZ     0000000180001730 f   ilu_api1.obj
 0001:00000750       ?iluReplaceColour@@YAEEEEM@Z 0000000180001750 f   ilu_api1.obj
 0001:000007b0       ?iluEqualize@@YAEXZ        00000001800017b0 f   ilu_api1.obj
 0001:000007d0       ?iluBuildMipmaps@@YAEXZ    00000001800017d0 f   ilu_api1.obj
 0001:000007f0       ?iluNoisify@@YAEM@Z        00000001800017f0 f   ilu_api1.obj
 0001:00000820       ?ilu2GetIntegerv@@YAXIPEAH@Z 0000000180001820 f   ilu_states.obj
 0001:00000820       ?iluGetIntegerv@@YAXIPEAH@Z 0000000180001820 f   ilu_api1.obj
 0001:00000850       ?ilu2GetString@@YAPEA_WI@Z 0000000180001850 f   ilu_states.obj
 0001:00000850       ?iluGetString@@YAPEA_WI@Z  0000000180001850 f   ilu_api1.obj
 0001:00000890       ?iluInit@@YAXXZ            0000000180001890 f   ilu_api1.obj
 0001:00000890       ?ilu2Init@@YAXXZ           0000000180001890 f   ilu_main.obj
 0001:000008c0       ?iluRotate3D@@YAEMMMM@Z    00000001800018c0 f   ilu_api1.obj
 0001:000008e0       ?iluRotate@@YAEM@Z         00000001800018e0 f   ilu_api1.obj
 0001:00000910       ?setRGB@ILpal@@QEAAEIEEE@Z 0000000180001910 f i ilu_filter.obj
 0001:00000970       ?ilu2Pixelize@@YAEPEAUILimage@@I@Z 0000000180001970 f   ilu_filter.obj
 0001:000014e0       ?Filter@@YAPEAEPEAUILimage@@PEBHHH@Z 00000001800024e0 f   ilu_filter.obj
 0001:00002100       ?ilu2EdgeDetectP@@YAEPEAUILimage@@@Z 0000000180003100 f   ilu_filter.obj
 0001:000022b0       ?ilu2EdgeDetectS@@YAEPEAUILimage@@@Z 00000001800032b0 f   ilu_filter.obj
 0001:00002460       ?ilu2BlurAvg@@YAEPEAUILimage@@I@Z 0000000180003460 f   ilu_filter.obj
 0001:00002570       ?ilu2BlurGaussian@@YAEPEAUILimage@@I@Z 0000000180003570 f   ilu_filter.obj
 0001:00002680       ?ilu2Emboss@@YAEPEAUILimage@@@Z 0000000180003680 f   ilu_filter.obj
 0001:00002770       ?ilu2EdgeDetectE@@YAEPEAUILimage@@@Z 0000000180003770 f   ilu_filter.obj
 0001:00002860       ?ilu2ScaleAlpha@@YAEPEAUILimage@@M@Z 0000000180003860 f   ilu_filter.obj
 0001:00002a70       ?ilu2ScaleColours@@YAEPEAUILimage@@MMM@Z 0000000180003a70 f   ilu_filter.obj
 0001:00003090       ?ilu2GammaCorrect@@YAEPEAUILimage@@M@Z 0000000180004090 f   ilu_filter.obj
 0001:00003470       ?iApplyMatrix@@YAXPEAUILimage@@QEAY03M@Z 0000000180004470 f   ilu_filter.obj
 0001:00003730       ?ilu2Saturate4f@@YAEPEAUILimage@@MMMM@Z 0000000180004730 f   ilu_filter.obj
 0001:00003840       ?ilu2Saturate1f@@YAEPEAUILimage@@M@Z 0000000180004840 f   ilu_filter.obj
 0001:00003870       ?ilu2Alienify@@YAEPEAUILimage@@@Z 0000000180004870 f   ilu_filter.obj
 0001:00003a90       ?ilu2Contrast@@YAEPEAUILimage@@M@Z 0000000180004a90 f   ilu_filter.obj
 0001:00003b80       ?ilu2Sharpen@@YAEPEAUILimage@@MI@Z 0000000180004b80 f   ilu_filter.obj
 0001:00003d00       ?ilu2Convolution@@YAEPEAUILimage@@PEAHHH@Z 0000000180004d00 f   ilu_filter.obj
 0001:00003df0       ?filter@@YANN@Z            0000000180004df0 f   ilu_filter_rcg.obj
 0001:00003e40       ?box_filter@@YANN@Z        0000000180004e40 f   ilu_filter_rcg.obj
 0001:00003e70       ?triangle_filter@@YANN@Z   0000000180004e70 f   ilu_filter_rcg.obj
 0001:00003ea0       ?bell_filter@@YANN@Z       0000000180004ea0 f   ilu_filter_rcg.obj
 0001:00003f00       ?B_spline_filter@@YANN@Z   0000000180004f00 f   ilu_filter_rcg.obj
 0001:00003f80       ?Lanczos3_filter@@YANN@Z   0000000180004f80 f   ilu_filter_rcg.obj
 0001:00004070       ?Mitchell_filter@@YANN@Z   0000000180005070 f   ilu_filter_rcg.obj
 0001:00004120       ?calc_x_contrib@@YAHPEAUCLIST@@NNHHP6ANN@ZH@Z 0000000180005120 f   ilu_filter_rcg.obj
 0001:00004380       ?zoom@@YAHPEAUILimage@@0P6ANN@ZN@Z 0000000180005380 f   ilu_filter_rcg.obj
 0001:00004b60       ?ilu2ScaleAdvanced@@YAIPEAUILimage@@III@Z 0000000180005b60 f   ilu_filter_rcg.obj
 0001:00004d40       DllMain                    0000000180005d40 f   ilu_main.obj
 0001:00004d50       ?ilu2LoadImage@@YAPEAUILimage@@PEB_W@Z 0000000180005d50 f   ilu_main.obj
 0001:00004da0       ?ilu2Crop2D@@YAEPEAUILimage@@IIII@Z 0000000180005da0 f   ilu_manip.obj
 0001:00004f70       ?ilu2Crop3D@@YAEPEAUILimage@@IIIIII@Z 0000000180005f70 f   ilu_manip.obj
 0001:000051b0       ?ilu2Crop@@YAEPEAUILimage@@IIIIII@Z 00000001800061b0 f   ilu_manip.obj
 0001:00005200       ?ilu2EnlargeCanvas@@YAEPEAUILimage@@III@Z 0000000180006200 f   ilu_manip.obj
 0001:00005470       ?ilu2FlipImage@@YAEPEAUILimage@@@Z 0000000180006470 f   ilu_manip.obj
 0001:000054b0       ?ilu2Mirror@@YAEPEAUILimage@@@Z 00000001800064b0 f   ilu_manip.obj
 0001:000054c0       ?ilu2InvertAlpha@@YAEPEAUILimage@@@Z 00000001800064c0 f   ilu_manip.obj
 0001:00005780       ?ilu2Negative@@YAEPEAUILimage@@@Z 0000000180006780 f   ilu_manip.obj
 0001:000059b0       ?ilu2Wave@@YAEPEAUILimage@@M@Z 00000001800069b0 f   ilu_manip.obj
 0001:00005c10       ?ilu2SwapColours@@YAEPEAUILimage@@@Z 0000000180006c10 f   ilu_manip.obj
 0001:00005da0       ?ilu2ColoursUsed@@YAIPEAUILimage@@@Z 0000000180006da0 f   ilu_manip.obj
 0001:00006090       ?ilu2CompareImage@@YAEPEAUILimage@@0@Z 0000000180007090 f   ilu_manip.obj
 0001:00006140       ?ilu2ReplaceColour@@YAEPEAUILimage@@EEEM@Z 0000000180007140 f   ilu_manip.obj
 0001:000063f0       ?ilu2Equalize@@YAEPEAUILimage@@@Z 00000001800073f0 f   ilu_manip.obj
 0001:000066f0       ?iBuildMipmaps@@YAEPEAUILimage@@III@Z 00000001800076f0 f   ilu_mipmap.obj
 0001:00006760       ?ilu2BuildMipmaps@@YAEPEAUILimage@@@Z 0000000180007760 f   ilu_mipmap.obj
 0001:00006810       ?ilu2Noisify@@YAEPEAUILimage@@M@Z 0000000180007810 f   ilu_noise.obj
 0001:00006ad0       ?BuildEdgeList@@YAXIPEAUILpointi@@PEAPEAUEdge@@@Z 0000000180007ad0 f   ilu_region.obj
 0001:00006d00       ?iScanFill@@YAPEAEPEAUILimage@@@Z 0000000180007d00 f   ilu_region.obj
 0001:000070c0       ?use@ILpal@@QEAAEHPEAEI@Z  00000001800080c0 f i ilu_rotate.obj
 0001:000071f0       ?ilu2Rotate3D@@YAEPEAUILimage@@MMMM@Z 00000001800081f0 f   ilu_rotate.obj
 0001:00007200       ?ilu2Rotate_@@YAPEAUILimage@@PEAU1@M@Z 0000000180008200 f   ilu_rotate.obj
 0001:00008100       ?iluRotate3D_@@YAPEAUILimage@@PEAU1@MMMM@Z 0000000180009100 f   ilu_rotate.obj
 0001:00008110       ?ilu2Rotate@@YAEPEAUILimage@@M@Z 0000000180009110 f   ilu_rotate.obj
 0001:00008270       ?ilu2EnlargeImage@@YAEPEAUILimage@@MMM@Z 0000000180009270 f   ilu_scale.obj
 0001:000082f0       ?ilu2Scale@@YAEPEAUILimage@@III@Z 00000001800092f0 f   ilu_scale.obj
 0001:00008500       ?iluScale_@@YAPEAUILimage@@PEAU1@III@Z 0000000180009500 f   ilu_scale.obj
 0001:00008670       ?iluScale1D_@@YAPEAUILimage@@PEAU1@0I@Z 0000000180009670 f   ilu_scale.obj
 0001:00008cb0       ?iluScale2D_@@YAPEAUILimage@@PEAU1@0II@Z 0000000180009cb0 f   ilu_scale2d.obj
 0001:00008d60       ?iluScale2DNear_@@YAPEAUILimage@@PEAU1@0II@Z 0000000180009d60 f   ilu_scale2d.obj
 0001:000091b0       ?iluScale2DLinear_@@YAPEAUILimage@@PEAU1@0II@Z 000000018000a1b0 f   ilu_scale2d.obj
 0001:00009940       ?iluScale2DBilinear_@@YAPEAUILimage@@PEAU1@0II@Z 000000018000a940 f   ilu_scale2d.obj
 0001:0000a9a0       ?iluScale3D_@@YAPEAUILimage@@PEAU1@0III@Z 000000018000b9a0 f   ilu_scale3d.obj
 0001:0000aa50       ?iluScale3DNear_@@YAPEAUILimage@@PEAU1@0III@Z 000000018000ba50 f   ilu_scale3d.obj
 0001:0000b050       ?iluGetInteger@@YAHI@Z     000000018000c050 f   ilu_api1.obj
 0001:0000b050       ?ilu2GetInteger@@YAHI@Z    000000018000c050 f   ilu_states.obj
 0001:0000b090       ?iluImageParameter@@YAXII@Z 000000018000c090 f   ilu_api1.obj
 0001:0000b090       ?ilu2ImageParameter@@YAXII@Z 000000018000c090 f   ilu_states.obj
 0001:0000b0f0       __security_check_cookie    000000018000c0f0 f   msvcrt:amdsecgs.obj
 0001:0000b170       _CRT_INIT                  000000018000c170 f   msvcrt:crtdll.obj
 0001:0000b508       _DllMainCRTStartup         000000018000c508 f   msvcrt:crtdll.obj
 0001:0000b548       __report_gsfailure         000000018000c548 f   msvcrt:gs_report.obj
 0001:0000b694       __clean_type_info_names    000000018000c694 f   msvcrt:tncleanup.obj
 0001:0000b6a0       _onexit                    000000018000c6a0 f   msvcrt:atonexit.obj
 0001:0000b750       atexit                     000000018000c750 f   msvcrt:atonexit.obj
 0001:0000b768       _RTC_Initialize            000000018000c768 f   msvcrt:_initsect_.obj
 0001:0000b7a0       _RTC_Terminate             000000018000c7a0 f   msvcrt:_initsect_.obj
 0001:0000b7e0       _ValidateImageBase         000000018000c7e0 f   msvcrt:pesect.obj
 0001:0000b810       _FindPESection             000000018000c810 f   msvcrt:pesect.obj
 0001:0000b860       _IsNonwritableInCurrentImage 000000018000c860 f   msvcrt:pesect.obj
 0001:0000b8a2       _initterm                  000000018000c8a2 f   msvcrt:MSVCR100.dll
 0001:0000b8a8       _initterm_e                000000018000c8a8 f   msvcrt:MSVCR100.dll
 0001:0000b8ae       _amsg_exit                 000000018000c8ae f   msvcrt:MSVCR100.dll
 0001:0000b8b4       __C_specific_handler       000000018000c8b4 f   msvcrt:MSVCR100.dll
 0001:0000b8ba       __CppXcptFilter            000000018000c8ba f   msvcrt:MSVCR100.dll
 0001:0000b8c0       __security_init_cookie     000000018000c8c0 f   msvcrt:gs_support.obj
 0001:0000b974       __crt_debugger_hook        000000018000c974 f   msvcrt:MSVCR100.dll
 0001:0000b97a       __clean_type_info_names_internal 000000018000c97a f   msvcrt:MSVCR100.dll
 0001:0000b980       _unlock                    000000018000c980 f   msvcrt:MSVCR100.dll
 0001:0000b986       __dllonexit                000000018000c986 f   msvcrt:MSVCR100.dll
 0001:0000b98c       _lock                      000000018000c98c f   msvcrt:MSVCR100.dll
 0001:0000b992       RtlVirtualUnwind           000000018000c992 f   kernel32:KERNEL32.dll
 0001:0000b998       RtlLookupFunctionEntry     000000018000c998 f   kernel32:KERNEL32.dll
 0001:0000b99e       cos                        000000018000c99e f   msvcrt:MSVCR100.dll
 0001:0000b9a4       fmod                       000000018000c9a4 f   msvcrt:MSVCR100.dll
 0001:0000b9aa       sin                        000000018000c9aa f   msvcrt:MSVCR100.dll
 0001:0000b9b0       memcpy                     000000018000c9b0 f   msvcrt:MSVCR100.dll
 0001:0000b9b6       memset                     000000018000c9b6 f   msvcrt:MSVCR100.dll
 0001:0000b9bc       __GSHandlerCheckCommon     000000018000c9bc f   msvcrt:gshandler.obj
 0001:0000ba20       __GSHandlerCheck           000000018000ca20 f   msvcrt:gshandler.obj
 0001:0000ba50       _alloca_probe              000000018000ca50     msvcrt:chkstk.obj
 0001:0000ba50       __chkstk                   000000018000ca50 f   msvcrt:chkstk.obj
 0001:0000ba9e       sqrtf                      000000018000ca9e f   msvcrt:MSVCR100.dll
 0001:0000baa4       floor                      000000018000caa4 f   msvcrt:MSVCR100.dll
 0001:0000baaa       ceil                       000000018000caaa f   msvcrt:MSVCR100.dll
 0001:0000bab0       pow                        000000018000cab0 f   msvcrt:MSVCR100.dll
 0002:00000000       __imp_GetTickCount         000000018000d000     kernel32:KERNEL32.dll
 0002:00000008       __imp_DecodePointer        000000018000d008     kernel32:KERNEL32.dll
 0002:00000010       __imp_Sleep                000000018000d010     kernel32:KERNEL32.dll
 0002:00000018       __imp_TerminateProcess     000000018000d018     kernel32:KERNEL32.dll
 0002:00000020       __imp_GetCurrentProcess    000000018000d020     kernel32:KERNEL32.dll
 0002:00000028       __imp_UnhandledExceptionFilter 000000018000d028     kernel32:KERNEL32.dll
 0002:00000030       __imp_SetUnhandledExceptionFilter 000000018000d030     kernel32:KERNEL32.dll
 0002:00000038       __imp_IsDebuggerPresent    000000018000d038     kernel32:KERNEL32.dll
 0002:00000040       __imp_RtlVirtualUnwind     000000018000d040     kernel32:KERNEL32.dll
 0002:00000048       __imp_GetSystemTimeAsFileTime 000000018000d048     kernel32:KERNEL32.dll
 0002:00000050       __imp_GetCurrentProcessId  000000018000d050     kernel32:KERNEL32.dll
 0002:00000058       __imp_GetCurrentThreadId   000000018000d058     kernel32:KERNEL32.dll
 0002:00000060       __imp_EncodePointer        000000018000d060     kernel32:KERNEL32.dll
 0002:00000068       __imp_QueryPerformanceCounter 000000018000d068     kernel32:KERNEL32.dll
 0002:00000070       __imp_RtlCaptureContext    000000018000d070     kernel32:KERNEL32.dll
 0002:00000078       __imp_RtlLookupFunctionEntry 000000018000d078     kernel32:KERNEL32.dll
 0002:00000080       \177KERNEL32_NULL_THUNK_DATA 000000018000d080     kernel32:KERNEL32.dll
 0002:00000088       __imp_cos                  000000018000d088     msvcrt:MSVCR100.dll
 0002:00000090       __imp_fmod                 000000018000d090     msvcrt:MSVCR100.dll
 0002:00000098       __imp_sin                  000000018000d098     msvcrt:MSVCR100.dll
 0002:000000a0       __imp_memcpy               000000018000d0a0     msvcrt:MSVCR100.dll
 0002:000000a8       __imp_memset               000000018000d0a8     msvcrt:MSVCR100.dll
 0002:000000b0       __imp_sqrtf                000000018000d0b0     msvcrt:MSVCR100.dll
 0002:000000b8       __imp_floor                000000018000d0b8     msvcrt:MSVCR100.dll
 0002:000000c0       __imp_ceil                 000000018000d0c0     msvcrt:MSVCR100.dll
 0002:000000c8       __imp__encoded_null        000000018000d0c8     msvcrt:MSVCR100.dll
 0002:000000d0       __imp__onexit              000000018000d0d0     msvcrt:MSVCR100.dll
 0002:000000d8       __imp__lock                000000018000d0d8     msvcrt:MSVCR100.dll
 0002:000000e0       __imp___dllonexit          000000018000d0e0     msvcrt:MSVCR100.dll
 0002:000000e8       __imp__unlock              000000018000d0e8     msvcrt:MSVCR100.dll
 0002:000000f0       __imp___clean_type_info_names_internal 000000018000d0f0     msvcrt:MSVCR100.dll
 0002:000000f8       __imp_free                 000000018000d0f8     msvcrt:MSVCR100.dll
 0002:00000100       __imp_rand                 000000018000d100     msvcrt:MSVCR100.dll
 0002:00000108       __imp__malloc_crt          000000018000d108     msvcrt:MSVCR100.dll
 0002:00000110       __imp__initterm            000000018000d110     msvcrt:MSVCR100.dll
 0002:00000118       __imp__initterm_e          000000018000d118     msvcrt:MSVCR100.dll
 0002:00000120       __imp_pow                  000000018000d120     msvcrt:MSVCR100.dll
 0002:00000128       __imp__amsg_exit           000000018000d128     msvcrt:MSVCR100.dll
 0002:00000130       __imp___C_specific_handler 000000018000d130     msvcrt:MSVCR100.dll
 0002:00000138       __imp___CppXcptFilter      000000018000d138     msvcrt:MSVCR100.dll
 0002:00000140       __imp___crt_debugger_hook  000000018000d140     msvcrt:MSVCR100.dll
 0002:00000148       \177MSVCR100_NULL_THUNK_DATA 000000018000d148     msvcrt:MSVCR100.dll
 0002:00000150       __imp_?il2ResizeImage@@YAEPEAUILimage@@IIIEE@Z 000000018000d150     resil:ResIL.dll
 0002:00000158       __imp_?il2GetClear@@YAXPEAXII@Z 000000018000d158     resil:ResIL.dll
 0002:00000160       __imp_?iFlipBuffer@@YAXPEAEIII@Z 000000018000d160     resil:ResIL.dll
 0002:00000168       __imp_?ilGetBppPal@@YAEI@Z 000000018000d168     resil:ResIL.dll
 0002:00000170       __imp_?il2ClearImage@@YAEPEAUILimage@@@Z 000000018000d170     resil:ResIL.dll
 0002:00000178       __imp_?il2ConvertPal@@YAEPEAUILimage@@I@Z 000000018000d178     resil:ResIL.dll
 0002:00000180       __imp_?iConvertImage@@YAPEAUILimage@@PEAU1@II@Z 000000018000d180     resil:ResIL.dll
 0002:00000188       __imp_?iMirror@@YAEPEAUILimage@@@Z 000000018000d188     resil:ResIL.dll
 0002:00000190       __imp_?il2LoadImage@@YAEPEAUILimage@@PEB_W@Z 000000018000d190     resil:ResIL.dll
 0002:00000198       __imp_?il2GenImage@@YAPEAUILimage@@XZ 000000018000d198     resil:ResIL.dll
 0002:000001a0       __imp_?il2DeleteImage@@YAXPEAUILimage@@@Z 000000018000d1a0     resil:ResIL.dll
 0002:000001a8       __imp_?il2TexImage@@YAEPEAUILimage@@IIIEIIPEAX@Z 000000018000d1a8     resil:ResIL.dll
 0002:000001b0       __imp_?icalloc@@YAPEAX_K0@Z 000000018000d1b0     resil:ResIL.dll
 0002:000001b8       __imp_?il2NewImage@@YAPEAUILimage@@IIIEE@Z 000000018000d1b8     resil:ResIL.dll
 0002:000001c0       __imp_?ilSetCurImage@@YAXPEAUILimage@@@Z 000000018000d1c0     resil:ResIL.dll
 0002:000001c8       __imp_?ialloc@@YAPEAX_K@Z  000000018000d1c8     resil:ResIL.dll
 0002:000001d0       __imp_?il2ConvertImage@@YAEPEAUILimage@@II@Z 000000018000d1d0     resil:ResIL.dll
 0002:000001d8       __imp_?il2CopyPixels@@YAIPEAUILimage@@IIIIIIIIPEAX@Z 000000018000d1d8     resil:ResIL.dll
 0002:000001e0       __imp_?il2GetImageInteger@@YAXPEAUILimage@@IPEAH@Z 000000018000d1e0     resil:ResIL.dll
 0002:000001e8       __imp_?ilCloseImage@@YAXPEAX@Z 000000018000d1e8     resil:ResIL.dll
 0002:000001f0       __imp_?ifree@@YAXPEBX@Z    000000018000d1f0     resil:ResIL.dll
 0002:000001f8       __imp_?il2CopyImageAttr@@YAEPEAUILimage@@0@Z 000000018000d1f8     resil:ResIL.dll
 0002:00000200       __imp_?ilGetPalBaseType@@YAII@Z 000000018000d200     resil:ResIL.dll
 0002:00000208       __imp_?il2SetError@@YAXI@Z 000000018000d208     resil:ResIL.dll
 0002:00000210       __imp_?ilGetCurImage@@YAPEAUILimage@@XZ 000000018000d210     resil:ResIL.dll
 0002:00000218       __imp_?ilDeleteImages@@YAX_KPEBI@Z 000000018000d218     resil:ResIL.dll
 0002:00000220       __imp_?ilLoadImage@@YAEPEB_W@Z 000000018000d220     resil:ResIL.dll
 0002:00000228       __imp_?ilGetCurName@@YAIXZ 000000018000d228     resil:ResIL.dll
 0002:00000230       __imp_?ilBindImage@@YAXI@Z 000000018000d230     resil:ResIL.dll
 0002:00000238       __imp_?ilGenImages@@YAX_KPEAI@Z 000000018000d238     resil:ResIL.dll
 0002:00000240       \177ResIL_NULL_THUNK_DATA  000000018000d240     resil:ResIL.dll
 0002:00000248       __xc_a                     000000018000d248     msvcrt:cinitexe.obj
 0002:00000250       __xc_z                     000000018000d250     msvcrt:cinitexe.obj
 0002:00000258       __xi_a                     000000018000d258     msvcrt:cinitexe.obj
 0002:00000268       __xi_z                     000000018000d268     msvcrt:cinitexe.obj
 0002:00000290       _pDefaultRawDllMain        000000018000d290     msvcrt:crtdll.obj
 0002:00000290       _pRawDllMain               000000018000d290     msvcrt:crtdll.obj
 0002:000002a8       ??_C@_1CA@HMNFICHN@?$AAe?$AAr?$AAr?$AAe?$AAu?$AAr?$AA?5?$AAi?$AAn?$AAc?$AAo?$AAn?$AAn?$AAu?$AAe?$AA?$AA@ 000000018000d2a8     ilu_error.obj
 0002:000002c8       ??_C@_1BK@BGAHMHKP@?$AAp?$AAa?$AAs?$AA?5?$AAd?$AA?8?$AAe?$AAr?$AAr?$AAe?$AAu?$AAr?$AA?$AA@ 000000018000d2c8     ilu_error.obj
 0002:000002e8       ??_C@_1DO@ONPCADDD@?$AAe?$AAx?$AAr?$AA?5?$AA?3?$AA?5?$AAe?$AAr?$AAr?$AAe?$AAu?$AAr?$AA?5?$AAd?$AAa?$AAn?$AAs?$AA?5?$AAl?$AAa?$AA?5?$AAl?$AAi?$AAb?$AAr?$AAa?$AAi?$AAr?$AAi?$AAe?$AA?$AA@ 000000018000d2e8     ilu_error.obj
 0002:00000328       ??_C@_1DO@PNIGBAC@?$AAj?$AAp?$AA2?$AA?5?$AA?3?$AA?5?$AAe?$AAr?$AAr?$AAe?$AAu?$AAr?$AA?5?$AAd?$AAa?$AAn?$AAs?$AA?5?$AAl?$AAa?$AA?5?$AAl?$AAi?$AAb?$AAr?$AAa?$AAi?$AAr?$AAi?$AAe?$AA?$AA@ 000000018000d328     ilu_error.obj
 0002:00000368       ??_C@_1DO@FINPDFIG@?$AAm?$AAn?$AAg?$AA?5?$AA?3?$AA?5?$AAe?$AAr?$AAr?$AAe?$AAu?$AAr?$AA?5?$AAd?$AAa?$AAn?$AAs?$AA?5?$AAl?$AAa?$AA?5?$AAl?$AAi?$AAb?$AAr?$AAa?$AAi?$AAr?$AAi?$AAe?$AA?$AA@ 000000018000d368     ilu_error.obj
 0002:000003b0       ??_C@_1EA@BDIOGCDK@?$AAt?$AAi?$AAf?$AAf?$AA?5?$AA?3?$AA?5?$AAe?$AAr?$AAr?$AAe?$AAu?$AAr?$AA?5?$AAd?$AAa?$AAn?$AAs?$AA?5?$AAl?$AAa?$AA?5?$AAl?$AAi?$AAb?$AAr?$AAa?$AAi?$AAr?$AAi?$AAe?$AA?$AA@ 000000018000d3b0     ilu_error.obj
 0002:000003f0       ??_C@_1DO@FBNBGIHN@?$AAp?$AAn?$AAg?$AA?5?$AA?3?$AA?5?$AAe?$AAr?$AAr?$AAe?$AAu?$AAr?$AA?5?$AAd?$AAa?$AAn?$AAs?$AA?5?$AAl?$AAa?$AA?5?$AAl?$AAi?$AAb?$AAr?$AAa?$AAi?$AAr?$AAi?$AAe?$AA?$AA@ 000000018000d3f0     ilu_error.obj
 0002:00000430       ??_C@_1EA@MJACECEO@?$AAj?$AAp?$AAe?$AAg?$AA?5?$AA?3?$AA?5?$AAe?$AAr?$AAr?$AAe?$AAu?$AAr?$AA?5?$AAd?$AAa?$AAn?$AAs?$AA?5?$AAl?$AAa?$AA?5?$AAl?$AAi?$AAb?$AAr?$AAa?$AAi?$AAr?$AAi?$AAe?$AA?$AA@ 000000018000d430     ilu_error.obj
 0002:00000470       ??_C@_1DO@MHPEPJN@?$AAg?$AAi?$AAf?$AA?5?$AA?3?$AA?5?$AAe?$AAr?$AAr?$AAe?$AAu?$AAr?$AA?5?$AAd?$AAa?$AAn?$AAs?$AA?5?$AAl?$AAa?$AA?5?$AAl?$AAi?$AAb?$AAr?$AAa?$AAi?$AAr?$AAi?$AAe?$AA?$AA@ 000000018000d470     ilu_error.obj
 0002:000004b0       ??_C@_1EK@KJFAALIO@?$AAe?$AAr?$AAr?$AAe?$AAu?$AAr?$AA?5?$AAl?$AAo?$AAr?$AAs?$AA?5?$AAd?$AAe?$AA?5?$AAl?$AAa?$AA?5?$AAl?$AAe?$AAc?$AAt?$AAu?$AAr?$AAe?$AA?5?$AAd?$AAu?$AA?5?$AAf?$AAi?$AAc@ 000000018000d4b0     ilu_error.obj
 0002:00000500       ??_C@_1CK@JPEODEBM@?$AAm?$AAa?$AAu?$AAv?$AAa?$AAi?$AAs?$AAe?$AAs?$AA?5?$AAd?$AAi?$AAm?$AAe?$AAn?$AAs?$AAi?$AAo?$AAn?$AAs?$AA?$AA@ 000000018000d500     ilu_error.obj
 0002:00000530       ??_C@_1CI@GAJKGMML@?$AAc?$AAo?$AAn?$AAv?$AAe?$AAr?$AAs?$AAi?$AAo?$AAn?$AA?5?$AAi?$AAn?$AAv?$AAa?$AAl?$AAi?$AAd?$AAe?$AA?$AA@ 000000018000d530     ilu_error.obj
 0002:00000558       ??_C@_1CO@KKPEJJLG@?$AA?i?$AAq?$AAu?$AAi?$AAv?$AAa?$AAl?$AAe?$AAn?$AAt?$AA?5?$AAh?$AAo?$AAr?$AAs?$AA?9?$AAf?$AAo?$AAr?$AAm?$AAa?$AAt?$AA?$AA@ 000000018000d558     ilu_error.obj
 0002:00000588       ??_C@_1CM@LKLKDFAK@?$AAf?$AAi?$AAc?$AAh?$AAi?$AAe?$AAr?$AA?5?$AAd?$AA?i?$AAj?$AA?$OA?$AA?5?$AAe?$AAx?$AAi?$AAs?$AAt?$AAa?$AAn?$AAt?$AA?$AA@ 000000018000d588     ilu_error.obj
 0002:000005b8       ??_C@_1CG@MDGPOGHK@?$AAe?$AAx?$AAt?$AAe?$AAn?$AAs?$AAi?$AAo?$AAn?$AA?5?$AAi?$AAn?$AAv?$AAa?$AAl?$AAi?$AAd?$AAe?$AA?$AA@ 000000018000d5b8     ilu_error.obj
 0002:000005e0       ??_C@_1DM@PNFDLHBH@?$AAn?$AAe?$AA?5?$AAp?$AAe?$AAu?$AAt?$AA?5?$AAp?$AAa?$AAs?$AA?5?$AAo?$AAu?$AAv?$AAr?$AAi?$AAr?$AA?5?$AAl?$AAe?$AA?5?$AAf?$AAi?$AAc?$AAh?$AAi?$AAe?$AAr?$AA?$AA@ 000000018000d5e0     ilu_error.obj
 0002:00000620       ??_C@_1CG@HDAOAOHG@?$AAp?$AAa?$AAr?$AAa?$AAm?$AA?h?$AAt?$AAr?$AAe?$AA?5?$AAi?$AAn?$AAv?$AAa?$AAl?$AAi?$AAd?$AAe?$AA?$AA@ 000000018000d620     ilu_error.obj
 0002:00000648       ??_C@_1DI@OFDPAFNA@?$AAe?$AAn?$AA?9?$AAt?$AA?j?$AAt?$AAe?$AA?5?$AAd?$AAe?$AA?5?$AAf?$AAi?$AAc?$AAh?$AAi?$AAe?$AAr?$AA?5?$AAi?$AAn?$AAv?$AAa?$AAl?$AAi?$AAd?$AAe?$AA?$AA@ 000000018000d648     ilu_error.obj
 0002:00000680       ??_C@_1DG@CBNKDHNN@?$AAv?$AAa?$AAl?$AAe?$AAu?$AAr?$AA?5?$AAd?$AAe?$AA?5?$AAf?$AAi?$AAc?$AAh?$AAi?$AAe?$AAr?$AA?5?$AAi?$AAl?$AAl?$AA?i?$AAg?$AAa?$AAl?$AAe?$AA?$AA@ 000000018000d680     ilu_error.obj
 0002:000006b8       ??_C@_1CG@OAHIJIBB@?$AAo?$AAp?$AA?i?$AAr?$AAa?$AAt?$AAi?$AAo?$AAn?$AA?5?$AAi?$AAl?$AAl?$AA?i?$AAg?$AAa?$AAl?$AAe?$AA?$AA@ 000000018000d6b8     ilu_error.obj
 0002:000006e0       ??_C@_1CA@NALAPLOH@?$AAv?$AAa?$AAl?$AAe?$AAu?$AAr?$AA?5?$AAi?$AAl?$AAl?$AA?i?$AAg?$AAa?$AAl?$AAe?$AA?$AA@ 000000018000d6e0     ilu_error.obj
 0002:00000700       ??_C@_1BO@NHKDJNKP@?$AAe?$AAr?$AAr?$AAe?$AAu?$AAr?$AA?5?$AAi?$AAn?$AAt?$AAe?$AAr?$AAn?$AAe?$AA?$AA@ 000000018000d700     ilu_error.obj
 0002:00000720       ??_C@_1CI@NEFCBCMC@?$AAf?$AAo?$AAr?$AAm?$AAa?$AAt?$AA?5?$AAn?$AAo?$AAn?$AA?5?$AAs?$AAu?$AAp?$AAp?$AAo?$AAr?$AAt?$AA?i?$AA?$AA@ 000000018000d720     ilu_error.obj
 0002:00000748       ??_C@_1CO@KFPCDAPJ@?$AAd?$AA?i?$AAp?$AAa?$AAs?$AAs?$AAe?$AAm?$AAe?$AAn?$AAt?$AA?5?$AAd?$AAe?$AA?5?$AAm?$AA?i?$AAm?$AAo?$AAi?$AAr?$AAe?$AA?$AA@ 000000018000d748     ilu_error.obj
 0002:00000778       ??_C@_1CK@NDELFGJH@?$AA?i?$AAn?$AAu?$AAm?$AA?i?$AAr?$AAa?$AAt?$AAi?$AAo?$AAn?$AA?5?$AAi?$AAn?$AAv?$AAa?$AAl?$AAi?$AAd?$AAe?$AA?$AA@ 000000018000d778     ilu_error.obj
 0002:000007a8       ??_C@_1CG@IOJFFCEB@?$AAU?$AAn?$AAb?$AAe?$AAk?$AAa?$AAn?$AAn?$AAt?$AAe?$AAr?$AA?5?$AAF?$AAe?$AAh?$AAl?$AAe?$AAr?$AA?$AA@ 000000018000d7a8     ilu_error.obj
 0002:000007d0       ??_C@_1BI@BCDJAAKE@?$AAK?$AAe?$AAi?$AAn?$AA?5?$AAF?$AAe?$AAh?$AAl?$AAe?$AAr?$AA?$AA@ 000000018000d7d0     ilu_error.obj
 0002:000007e8       ??_C@_1DK@EPDNFEGH@?$AAF?$AAe?$AAh?$AAl?$AAe?$AAr?$AA?5?$AAi?$AAn?$AA?5?$AAd?$AAe?$AAr?$AA?5?$AAe?$AAx?$AAr?$AA?5?$AAB?$AAi?$AAb?$AAl?$AAi?$AAo?$AAt?$AAh?$AAe?$AAk?$AA?$AA@ 000000018000d7e8     ilu_error.obj
 0002:00000828       ??_C@_1DK@LBMGMJF@?$AAF?$AAe?$AAh?$AAl?$AAe?$AAr?$AA?5?$AAi?$AAn?$AA?5?$AAd?$AAe?$AAr?$AA?5?$AAj?$AAp?$AA2?$AA?5?$AAB?$AAi?$AAb?$AAl?$AAi?$AAo?$AAt?$AAh?$AAe?$AAk?$AA?$AA@ 000000018000d828     ilu_error.obj
 0002:00000868       ??_C@_1DK@OHDPOMJ@?$AAF?$AAe?$AAh?$AAl?$AAe?$AAr?$AA?5?$AAi?$AAn?$AA?5?$AAd?$AAe?$AAr?$AA?5?$AAm?$AAn?$AAg?$AA?5?$AAB?$AAi?$AAb?$AAl?$AAi?$AAo?$AAt?$AAh?$AAe?$AAk?$AA?$AA@ 000000018000d868     ilu_error.obj
 0002:000008a8       ??_C@_1DM@KNFIOOOK@?$AAF?$AAe?$AAh?$AAl?$AAe?$AAr?$AA?5?$AAi?$AAn?$AA?5?$AAd?$AAe?$AAr?$AA?5?$AAt?$AAi?$AAf?$AAf?$AA?5?$AAB?$AAi?$AAb?$AAl?$AAi?$AAo?$AAt?$AAh?$AAe?$AAk?$AA?$AA@ 000000018000d8a8     ilu_error.obj
 0002:000008e8       ??_C@_1DK@ILAKLDOC@?$AAF?$AAe?$AAh?$AAl?$AAe?$AAr?$AA?5?$AAi?$AAn?$AA?5?$AAd?$AAe?$AAr?$AA?5?$AAp?$AAn?$AAg?$AA?5?$AAB?$AAi?$AAb?$AAl?$AAi?$AAo?$AAt?$AAh?$AAe?$AAk?$AA?$AA@ 000000018000d8e8     ilu_error.obj
 0002:00000928       ??_C@_1DM@ILGDMDND@?$AAF?$AAe?$AAh?$AAl?$AAe?$AAr?$AA?5?$AAi?$AAn?$AA?5?$AAd?$AAe?$AAr?$AA?5?$AAj?$AAp?$AAe?$AAg?$AA?5?$AAB?$AAi?$AAb?$AAl?$AAi?$AAo?$AAt?$AAh?$AAe?$AAk?$AA?$AA@ 000000018000d928     ilu_error.obj
 0002:00000968       ??_C@_1DK@KNNAHDBM@?$AAF?$AAe?$AAh?$AAl?$AAe?$AAr?$AA?5?$AAi?$AAn?$AA?5?$AAd?$AAe?$AAr?$AA?5?$AAg?$AAi?$AAf?$AA?5?$AAB?$AAi?$AAb?$AAl?$AAi?$AAo?$AAt?$AAh?$AAe?$AAk?$AA?$AA@ 000000018000d968     ilu_error.obj
 0002:000009a8       ??_C@_1DI@GMKKLKGH@?$AAF?$AAe?$AAh?$AAl?$AAe?$AAr?$AA?5?$AAb?$AAe?$AAi?$AAm?$AA?5?$AAL?$AAe?$AAs?$AAe?$AAn?$AA?5?$AAd?$AAe?$AAr?$AA?5?$AAD?$AAa?$AAt?$AAe?$AAi?$AA?$AA@ 000000018000d9a8     ilu_error.obj
 0002:000009e0       ??_C@_1DA@IJILAKCO@?$AAU?$AAn?$AAz?$AAu?$AAl?$AA?d?$AAs?$AAs?$AAi?$AAg?$AAe?$AA?5?$AAA?$AAb?$AAm?$AAe?$AAs?$AAs?$AAu?$AAn?$AAg?$AAe?$AAn?$AA?$AA@ 000000018000d9e0     ilu_error.obj
 0002:00000a10       ??_C@_1DA@BDALIJHE@?$AAU?$AAn?$AAg?$AA?$PM?$AAl?$AAt?$AAi?$AAg?$AAe?$AA?5?$AAK?$AAo?$AAn?$AAv?$AAe?$AAr?$AAt?$AAi?$AAe?$AAr?$AAu?$AAn?$AAg?$AA?$AA@ 000000018000da10     ilu_error.obj
 0002:00000a40       ??_C@_1CA@FPDJBJPA@?$AAS?$AAt?$AAa?$AAc?$AAk?$AA?5?$AAU?$AAn?$AAt?$AAe?$AAr?$AAl?$AAa?$AAu?$AAf?$AA?$AA@ 000000018000da40     ilu_error.obj
 0002:00000a60       ??_C@_1BO@KLEFMMLO@?$AAS?$AAt?$AAa?$AAc?$AAk?$AA?5?$AA?$NM?$AAb?$AAe?$AAr?$AAl?$AAa?$AAu?$AAf?$AA?$AA@ 000000018000da60     ilu_error.obj
 0002:00000a80       ??_C@_1DI@NCGFKKOJ@?$AAD?$AAi?$AAe?$AA?5?$AAD?$AAa?$AAt?$AAe?$AAi?$AA?5?$AAe?$AAx?$AAi?$AAs?$AAt?$AAi?$AAe?$AAr?$AAt?$AA?5?$AAb?$AAe?$AAr?$AAe?$AAi?$AAt?$AAs?$AA?$AA@ 000000018000da80     ilu_error.obj
 0002:00000ab8       ??_C@_1CO@MBCEOOLD@?$AAU?$AAn?$AAg?$AA?$PM?$AAl?$AAt?$AAi?$AAg?$AAe?$AAr?$AA?5?$AAE?$AAr?$AAw?$AAe?$AAi?$AAt?$AAe?$AAr?$AAu?$AAn?$AAg?$AA?$AA@ 000000018000dab8     ilu_error.obj
 0002:00000af0       ??_C@_1EG@GLCHFCHI@?$AAD?$AAa?$AAt?$AAe?$AAi?$AA?5?$AAk?$AAo?$AAn?$AAn?$AAt?$AAe?$AA?5?$AAn?$AAi?$AAc?$AAh?$AAt?$AA?5?$AAg?$AAe?$AA?v?$AAf?$AAf?$AAn?$AAe?$AAt?$AA?5?$AAw?$AAe?$AAr?$AAd@ 000000018000daf0     ilu_error.obj
 0002:00000b38       ??_C@_1CO@HIHMMEBB@?$AAU?$AAn?$AAz?$AAu?$AAl?$AA?d?$AAs?$AAs?$AAi?$AAg?$AAe?$AAr?$AA?5?$AAP?$AAa?$AAr?$AAa?$AAm?$AAe?$AAt?$AAe?$AAr?$AA?$AA@ 000000018000db38     ilu_error.obj
 0002:00000b68       ??_C@_1DE@MFBPMMOI@?$AAU?$AAn?$AAz?$AAu?$AAl?$AA?d?$AAs?$AAs?$AAi?$AAg?$AAe?$AAr?$AA?5?$AAD?$AAa?$AAt?$AAe?$AAi?$AA?9?$AAH?$AAe?$AAa?$AAd?$AAe?$AAr?$AA?$AA@ 000000018000db68     ilu_error.obj
 0002:00000ba0       ??_C@_1DA@IPDPLFIL@?$AAU?$AAn?$AAz?$AAu?$AAl?$AA?d?$AAs?$AAs?$AAi?$AAg?$AAe?$AAr?$AA?5?$AAD?$AAa?$AAt?$AAe?$AAi?$AA?9?$AAW?$AAe?$AAr?$AAt?$AA?$AA@ 000000018000dba0     ilu_error.obj
 0002:00000bd0       ??_C@_1CM@EJAODAH@?$AAU?$AAn?$AAz?$AAu?$AAl?$AA?d?$AAs?$AAs?$AAi?$AAg?$AAe?$AA?5?$AAO?$AAp?$AAe?$AAr?$AAa?$AAt?$AAi?$AAo?$AAn?$AA?$AA@ 000000018000dbd0     ilu_error.obj
 0002:00000c00       ??_C@_1CA@OBNPBHAH@?$AAU?$AAn?$AAg?$AA?$PM?$AAl?$AAt?$AAi?$AAg?$AAe?$AAr?$AA?5?$AAW?$AAe?$AAr?$AAt?$AA?$AA@ 000000018000dc00     ilu_error.obj
 0002:00000c20       ??_C@_1CA@PEHIKCPH@?$AAI?$AAn?$AAt?$AAe?$AAr?$AAn?$AAe?$AAr?$AA?5?$AAF?$AAe?$AAh?$AAl?$AAe?$AAr?$AA?$AA@ 000000018000dc20     ilu_error.obj
 0002:00000c40       ??_C@_1EO@HGBJJHBF@?$AAD?$AAa?$AAs?$AA?5?$AAF?$AAo?$AAr?$AAm?$AAa?$AAt?$AA?5?$AAw?$AAi?$AAr?$AAd?$AA?5?$AAn?$AAo?$AAc?$AAh?$AA?5?$AAn?$AAi?$AAc?$AAh?$AAt?$AA?5?$AAu?$AAn?$AAt?$AAe?$AAr@ 000000018000dc40     ilu_error.obj
 0002:00000c90       ??_C@_1DA@HGGGFNED@?$AAK?$AAe?$AAi?$AAn?$AA?5?$AAS?$AAp?$AAe?$AAi?$AAc?$AAh?$AAe?$AAr?$AA?5?$AAv?$AAe?$AAr?$AAf?$AA?$PM?$AAg?$AAb?$AAa?$AAr?$AA?$AA@ 000000018000dc90     ilu_error.obj
 0002:00000cc0       ??_C@_1CM@PBABIAKF@?$AAU?$AAn?$AAg?$AA?$PM?$AAl?$AAt?$AAi?$AAg?$AAe?$AAr?$AA?5?$AAE?$AAn?$AAu?$AAm?$AAe?$AAr?$AAa?$AAt?$AAo?$AAr?$AA?$AA@ 000000018000dcc0     ilu_error.obj
 0002:00000cf0       ??_C@_1DC@POGNHGDF@?$AAe?$AAr?$AAr?$AAo?$AAr?$AA?5?$AAe?$AAn?$AA?5?$AAl?$AAa?$AA?5?$AAl?$AAi?$AAb?$AAr?$AAe?$AAr?$AA?m?$AAa?$AA?5?$AAe?$AAx?$AAr?$AA?$AA@ 000000018000dcf0     ilu_error.obj
 0002:00000d28       ??_C@_1DC@FAAKLOMJ@?$AAe?$AAr?$AAr?$AAo?$AAr?$AA?5?$AAe?$AAn?$AA?5?$AAl?$AAa?$AA?5?$AAl?$AAi?$AAb?$AAr?$AAe?$AAr?$AA?m?$AAa?$AA?5?$AAj?$AAp?$AA2?$AA?$AA@ 000000018000dd28     ilu_error.obj
 0002:00000d60       ??_C@_1DC@JPMACLKL@?$AAe?$AAr?$AAr?$AAo?$AAr?$AA?5?$AAe?$AAn?$AA?5?$AAl?$AAa?$AA?5?$AAl?$AAi?$AAb?$AAr?$AAe?$AAr?$AA?m?$AAa?$AA?5?$AAm?$AAn?$AAg?$AA?$AA@ 000000018000dd60     ilu_error.obj
 0002:00000d98       ??_C@_1DE@OFCANLOD@?$AAe?$AAr?$AAr?$AAo?$AAr?$AA?5?$AAe?$AAn?$AA?5?$AAl?$AAa?$AA?5?$AAl?$AAi?$AAb?$AAr?$AAe?$AAr?$AA?m?$AAa?$AA?5?$AAt?$AAi?$AAf?$AAf?$AA?$AA@ 000000018000dd98     ilu_error.obj
 0002:00000dd0       ??_C@_1DC@HIHOAPFB@?$AAe?$AAr?$AAr?$AAo?$AAr?$AA?5?$AAe?$AAn?$AA?5?$AAl?$AAa?$AA?5?$AAl?$AAi?$AAb?$AAr?$AAe?$AAr?$AA?m?$AAa?$AA?5?$AAp?$AAn?$AAg?$AA?$AA@ 000000018000ddd0     ilu_error.obj
 0002:00000e08       ??_C@_1DE@IBJLFFHD@?$AAe?$AAr?$AAr?$AAo?$AAr?$AA?5?$AAe?$AAn?$AA?5?$AAl?$AAa?$AA?5?$AAl?$AAi?$AAb?$AAr?$AAe?$AAr?$AA?m?$AAa?$AA?5?$AAj?$AAp?$AAe?$AAg?$AA?$AA@ 000000018000de08     ilu_error.obj
 0002:00000e40       ??_C@_1DC@KLLJGALO@?$AAe?$AAr?$AAr?$AAo?$AAr?$AA?5?$AAe?$AAn?$AA?5?$AAl?$AAa?$AA?5?$AAl?$AAi?$AAb?$AAr?$AAe?$AAr?$AA?m?$AAa?$AA?5?$AAg?$AAi?$AAf?$AA?$AA@ 000000018000de40     ilu_error.obj
 0002:00000e78       ??_C@_1DO@OPNGPCHO@?$AAe?$AAr?$AAr?$AAo?$AAr?$AA?5?$AAd?$AAe?$AA?5?$AAl?$AAe?$AAc?$AAt?$AAu?$AAr?$AAa?$AA?5?$AAe?$AAn?$AA?5?$AAe?$AAl?$AA?5?$AAf?$AAi?$AAc?$AAh?$AAe?$AAr?$AAo?$AA?$AA@ 000000018000de78     ilu_error.obj
 0002:00000ec0       ??_C@_1EC@FFNPLEMJ@?$AAn?$AA?z?$AAm?$AAe?$AAr?$AAo?$AA?5?$AAd?$AAe?$AA?5?$AAd?$AAi?$AAm?$AAe?$AAn?$AAs?$AAi?$AAo?$AAn?$AAe?$AAs?$AA?5?$AAi?$AAn?$AAc?$AAo?$AAr?$AAr?$AAe?$AAc?$AAt?$AAo@ 000000018000dec0     ilu_error.obj
 0002:00000f08       ??_C@_1CM@OMLIENAF@?$AAc?$AAo?$AAn?$AAv?$AAe?$AAr?$AAs?$AAi?$AA?s?$AAn?$AA?5?$AAi?$AAn?$AAc?$AAo?$AAr?$AAr?$AAe?$AAc?$AAt?$AAa?$AA?$AA@ 000000018000df08     ilu_error.obj
 0002:00000f40       ??_C@_1EA@NBAJPDEI@?$AAd?$AAe?$AAs?$AAb?$AAo?$AAr?$AAd?$AAa?$AAm?$AAi?$AAe?$AAn?$AAt?$AAo?$AA?5?$AAi?$AAn?$AAf?$AAe?$AAr?$AAi?$AAo?$AAr?$AA?5?$AAd?$AAe?$AA?5?$AAp?$AAi?$AAl?$AAa?$AA?$AA@ 000000018000df40     ilu_error.obj
 0002:00000f80       ??_C@_1EA@IMCEODEG@?$AAd?$AAe?$AAs?$AAb?$AAo?$AAr?$AAd?$AAa?$AAm?$AAi?$AAe?$AAn?$AAt?$AAo?$AA?5?$AAs?$AAu?$AAp?$AAe?$AAr?$AAi?$AAo?$AAr?$AA?5?$AAd?$AAe?$AA?5?$AAp?$AAi?$AAl?$AAa?$AA?$AA@ 000000018000df80     ilu_error.obj
 0002:00000fc0       ??_C@_1DM@OFODONCM@?$AAf?$AAo?$AAr?$AAm?$AAa?$AAt?$AAo?$AA?5?$AAd?$AAe?$AA?5?$AAs?$AAa?$AAl?$AAi?$AAd?$AAa?$AA?5?$AAe?$AAq?$AAu?$AAi?$AAv?$AAa?$AAl?$AAe?$AAn?$AAt?$AAe?$AA?$AA@ 000000018000dfc0     ilu_error.obj
 0002:00001000       ??_C@_1CK@FMNLDLFO@?$AAe?$AAl?$AA?5?$AAf?$AAi?$AAc?$AAh?$AAe?$AAr?$AAo?$AA?5?$AAy?$AAa?$AA?5?$AAe?$AAx?$AAi?$AAs?$AAt?$AAe?$AA?$AA@ 000000018000e000     ilu_error.obj
 0002:00001030       ??_C@_1CM@OICMKPO@?$AAe?$AAx?$AAt?$AAe?$AAn?$AAs?$AAi?$AA?s?$AAn?$AA?5?$AAd?$AAe?$AAs?$AAc?$AAo?$AAn?$AAo?$AAc?$AAi?$AAd?$AAa?$AA?$AA@ 000000018000e030     ilu_error.obj
 0002:00001060       ??_C@_1DK@OBJNJFBI@?$AAn?$AAo?$AA?5?$AAs?$AAe?$AA?5?$AAp?$AAu?$AAe?$AAd?$AAe?$AA?5?$AAa?$AAb?$AAr?$AAi?$AAr?$AA?5?$AAe?$AAl?$AA?5?$AAf?$AAi?$AAc?$AAh?$AAe?$AAr?$AAo?$AA?$AA@ 000000018000e060     ilu_error.obj
 0002:000010a0       ??_C@_1CK@FNEFMPJI@?$AAp?$AAa?$AAr?$AA?a?$AAm?$AAe?$AAt?$AAr?$AAo?$AA?5?$AAi?$AAn?$AAc?$AAo?$AAr?$AAr?$AAe?$AAc?$AAt?$AAo?$AA?$AA@ 000000018000e0a0     ilu_error.obj
 0002:000010d0       ??_C@_1CI@CHEAKFPN@?$AAc?$AAa?$AAb?$AAe?$AAc?$AAe?$AAr?$AAa?$AA?5?$AAi?$AAn?$AAc?$AAo?$AAr?$AAr?$AAe?$AAc?$AAt?$AAa?$AA?$AA@ 000000018000e0d0     ilu_error.obj
 0002:000010f8       ??_C@_1DO@DKFFDHIG@?$AAv?$AAa?$AAl?$AAo?$AAr?$AA?5?$AAd?$AAe?$AA?5?$AAf?$AAi?$AAc?$AAh?$AAe?$AAr?$AAo?$AA?5?$AAi?$AAl?$AAe?$AAg?$AAa?$AAI?$AAL?$AA_?$AAT?$AAE?$AAX?$AAT?$AA?$CI?$AA?$AA@ 000000018000e0f8     ilu_error.obj
 0002:00001138       ??_C@_1DA@HAELOPGN@?$AAo?$AAp?$AAe?$AAr?$AAa?$AAc?$AAi?$AA?s?$AAn?$AA?5?$AAi?$AAl?$AAe?$AAg?$AAa?$AAI?$AAL?$AA_?$AAT?$AAE?$AAX?$AAT?$AA?$CI?$AA?$AA@ 000000018000e138     ilu_error.obj
 0002:00001168       ??_C@_1CC@HCELJPEA@?$AAv?$AAa?$AAl?$AAo?$AAr?$AA?5?$AAi?$AAn?$AAc?$AAo?$AAr?$AAr?$AAe?$AAc?$AAt?$AAo?$AA?$AA@ 000000018000e168     ilu_error.obj
 0002:00001190       ??_C@_1BM@GDFBBKPK@?$AAe?$AAr?$AAr?$AAo?$AAr?$AA?5?$AAi?$AAn?$AAt?$AAe?$AAr?$AAn?$AAo?$AA?$AA@ 000000018000e190     ilu_error.obj
 0002:000011b0       ??_C@_1DK@CBIAJMI@?$AAf?$AAo?$AAr?$AAm?$AAa?$AAt?$AAo?$AA?5?$AAn?$AAo?$AA?5?$AAs?$AAo?$AAp?$AAo?$AAr?$AAt?$AAa?$AAd?$AAo?$AA?5?$AAt?$AAo?$AAd?$AAa?$AAv?$AA?m?$AAa?$AA?$AA@ 000000018000e1b0     ilu_error.obj
 0002:000011f0       ??_C@_1DI@LBBCEEKH@?$AAn?$AAo?$AA?5?$AAq?$AAu?$AAe?$AAd?$AAa?$AA?5?$AAm?$AAe?$AAm?$AAo?$AAr?$AAi?$AAa?$AA?5?$AAd?$AAi?$AAs?$AAp?$AAo?$AAn?$AAi?$AAb?$AAl?$AAe?$AA?$AA@ 000000018000e1f0     ilu_error.obj
 0002:00001228       ??_C@_1CM@HFICKFIC@?$AAe?$AAn?$AAu?$AAm?$AAe?$AAr?$AAa?$AAd?$AAo?$AAr?$AA?5?$AAi?$AAn?$AAc?$AAo?$AAr?$AAr?$AAe?$AAc?$AAt?$AAo?$AA?$AA@ 000000018000e228     ilu_error.obj
 0002:00001258       ??_C@_1CG@LCKCFJMA@?$AA?d?$AA?$LI?$AA?$IN?$AA?f?$AC?$NM?$AB?$HN?$AA?c?$AA?$IB?$AA?$KK?$AA?c?5?$BK?$AA?$KI?$AA?c?$AB?$JC?$AA?$KJ?$AA?c?$AB?$JC?$AA?$LM?$AA?$AA@ 000000018000e258     ilu_error.obj
 0002:00001280       ??_C@_1CA@OMFFKEBF@?$AA?c?5?$BK?$AA?$KI?$AA?c?$AB?$JC?$AA?$KJ?$AA?c?$AB?$JC?$AA?$LM?$AA?g?5?$BO?$AA?$KB?$AA?c?$AA?$IB?5?$BE?$AA?$AA@ 000000018000e280     ilu_error.obj
 0002:000012a0       ??_C@_1DI@LLHNDEOK@?$AAe?$AAx?$AAr?$AA?c?$AB?$JC?$AA?$KJ?$AA?c?5?$BK?$AA?$KE?$AA?c?$AB?$JC?5?$BD?$AA?c?$AB?$JC?$AA?$KJ?$AA?c?$AB?$JC?$AA?$KK?$AA?c?5?$BK?$AA?$KI?$AA?c?$AB?$JC?$AA?$KJ?$AA?c?$AB?$JC?$AA?$LM?$AA?$AA@ 000000018000e2a0     ilu_error.obj
 0002:000012d8       ??_C@_1DI@KDPIOCJD@?$AAj?$AAp?$AA2?$AA?c?$AB?$JC?$AA?$KJ?$AA?c?5?$BK?$AA?$KE?$AA?c?$AB?$JC?5?$BD?$AA?c?$AB?$JC?$AA?$KJ?$AA?c?$AB?$JC?$AA?$KK?$AA?c?5?$BK?$AA?$KI?$AA?c?$AB?$JC?$AA?$KJ?$AA?c?$AB?$JC?$AA?$LM?$AA?$AA@ 000000018000e2d8     ilu_error.obj
 0002:00001310       ??_C@_1DI@HHKGBBGL@?$AAm?$AAn?$AAg?$AA?c?$AB?$JC?$AA?$KJ?$AA?c?5?$BK?$AA?$KE?$AA?c?$AB?$JC?5?$BD?$AA?c?$AB?$JC?$AA?$KJ?$AA?c?$AB?$JC?$AA?$KK?$AA?c?5?$BK?$AA?$KI?$AA?c?$AB?$JC?$AA?$KJ?$AA?c?$AB?$JC?$AA?$LM?$AA?$AA@ 000000018000e310     ilu_error.obj
 0002:00001348       ??_C@_1DK@BPLJJBJB@?$AAt?$AAi?$AAf?$AAf?$AA?c?$AB?$JC?$AA?$KJ?$AA?c?5?$BK?$AA?$KE?$AA?c?$AB?$JC?5?$BD?$AA?c?$AB?$JC?$AA?$KJ?$AA?c?$AB?$JC?$AA?$KK?$AA?c?5?$BK?$AA?$KI?$AA?c?$AB?$JC?$AA?$KJ?$AA?c?$AB?$JC?$AA?$LM?$AA?$AA@ 000000018000e348     ilu_error.obj
 0002:00001388       ??_C@_1DI@PCOPOIGJ@?$AAp?$AAn?$AAg?$AA?c?$AB?$JC?$AA?$KJ?$AA?c?5?$BK?$AA?$KE?$AA?c?$AB?$JC?5?$BD?$AA?c?$AB?$JC?$AA?$KJ?$AA?c?$AB?$JC?$AA?$KK?$AA?c?5?$BK?$AA?$KI?$AA?c?$AB?$JC?$AA?$KJ?$AA?c?$AB?$JC?$AA?$LM?$AA?$AA@ 000000018000e388     ilu_error.obj
 0002:000013c0       ??_C@_1DK@KOJIJMNO@?$AAj?$AAp?$AAe?$AAg?$AA?c?$AB?$JC?$AA?$KJ?$AA?c?5?$BK?$AA?$KE?$AA?c?$AB?$JC?5?$BD?$AA?c?$AB?$JC?$AA?$KJ?$AA?c?$AB?$JC?$AA?$KK?$AA?c?5?$BK?$AA?$KI?$AA?c?$AB?$JC?$AA?$KJ?$AA?c?$AB?$JC?$AA?$LM?$AA?$AA@ 000000018000e3c0     ilu_error.obj
 0002:00001400       ??_C@_1DI@MNJAAIHC@?$AAg?$AAi?$AAf?$AA?c?$AB?$JC?$AA?$KJ?$AA?c?5?$BK?$AA?$KE?$AA?c?$AB?$JC?5?$BD?$AA?c?$AB?$JC?$AA?$KJ?$AA?c?$AB?$JC?$AA?$KK?$AA?c?5?$BK?$AA?$KI?$AA?c?$AB?$JC?$AA?$KJ?$AA?c?$AB?$JC?$AA?$LM?$AA?$AA@ 000000018000e400     ilu_error.obj
 0002:00001440       ??_C@_1EE@EKCBBPOD@?$AA?c?$AB?$JC?5?$CC?$AA?c?5?$BK?$AA?$KB?$AA?c?5?$BK?$AA?$KE?$AA?c?$AB?$JC?$AA?$KL?$AA?h?$AA?$KK?$AA?$KN?$AA?c?$AA?$IB?$AA?$LP?$AA?h?$AA?$LO?$AA?$LM?$AA?c?$AA?$IB?$AA?$LP?$AA?c?5?$BK?$AA?$KI?$AA?c?$AB?$JC?$AA?$KJ?$AA?c?$AB?$JC@ 000000018000e440     ilu_error.obj
 0002:00001488       ??_C@_1CG@BLBKCOJL@?$AA?d?$AA?$LI?$AA?$IN?$AA?f?$AA?$KN?$AA?$KD?$AA?c?$AA?$IB?$AA?$KK?$AA?c?5?$BK?$AA?$LF?$AA?c?5?$BK?$AA?$KE?$AA?c?5?$BK?$AA?$LK?$AA?$AA@ 000000018000e488     ilu_error.obj
 0002:000014b0       ??_C@_1CA@FEANMDFM@?$AA?g?5?$BO?$AA?$KB?$AA?e?$AB?$GA?$AA?$LJ?$AA?c?$AA?$IB?$AA?$KK?$AA?e?$AA?$KE?50?$AA?f?$AA?$IP?5?3?$AA?$AA@ 000000018000e4b0     ilu_error.obj
 0002:000014d0       ??_C@_1EE@LPMPICCB@?$AA?c?5?$BK?$AA?$LJ?$AA?c?5?$BK?$AA?$LP?$AA?c?$AB?$JC?$AB?$JC?$AA?c?5?$BK?$AA?$KP?$AA?c?5?$BK?$AA?$KC?$AA?c?$AB?$JC?$AA?$LD?$AA?c?$AB?$JC?5?$KM?$AA?c?$AB?$JC?$AA?$LM?$AA?c?$AB?$JC?5?$CC?$AA?c?$AB?$JC?$AA?$KN?$AA?c?$AB?$JC@ 000000018000e4d0     ilu_error.obj
 0002:00001520       ??_C@_1EE@FPCBADOL@?$AA?c?5?$BK?$AA?$LJ?$AA?c?5?$BK?$AA?$LP?$AA?c?$AB?$JC?$AB?$JC?$AA?c?5?$BK?$AA?$KP?$AA?c?5?$BK?$AA?$KK?$AA?c?$AB?$JC?$AA?$LM?$AA?c?$AB?$JC?$AA?$JA?$AA?c?$AB?$JC?$AA?$LM?$AA?c?$AB?$JC?5?$CC?$AA?c?$AB?$JC?$AA?$KN?$AA?c?$AB?$JC@ 000000018000e520     ilu_error.obj
 0002:00001568       ??_C@_1DI@BHNMGBLJ@?$AA?g?$AA?$KN?50?$AA?d?$AA?$LO?$AA?$KB?$AA?c?$AB?$JC?5?$CC?$AA?c?5?$BK?$AA?$KJ?$AA?c?$AB?$JC?$AA?$LM?$AA?c?$AB?$JC?$AB?$HO?$AA?c?$AB?$JC?$AB?$JC?$AA?c?$AB?$JC?$AC?F?$AA?e?$AA?$KE?5?$BD?$AA?$AA@ 000000018000e568     ilu_error.obj
 0002:000015a0       ??_C@_1FG@EECEGNDK@?$AA?c?$AB?$JC?5?$CC?$AA?c?5?$BK?$AA?$KB?$AA?c?5?$BK?$AA?$KE?$AA?c?$AB?$JC?$AA?$KL?$AA?c?$AA?$IB?$AA?$KP?$AA?f?5?$BE?$AA?$KC?$AA?c?$AA?$IB?$AA?$KL?$AA?e?$AA?$KN?$AC?$NM?$AA?e?$ABS?$AA?$KI?$AA?c?$AA?$IB?5?$BE?$AA?c?$AA?$IB@ 000000018000e5a0     ilu_error.obj
 0002:000015f8       ??_C@_1CG@HLODKLIA@?$AA?g?5?$BO?$AA?$KB?$AA?e?$AB?$GA?$AA?$LJ?$AA?c?$AA?$IB?$AA?$KK?$AA?f?59?$AA?$KB?$AA?e?$AA?$LM?$AA?$LF?$AA?e?$AA?$KN?$AA?$JA?$AA?$AA@ 000000018000e5f8     ilu_error.obj
 0002:00001620       ??_C@_1DO@BPLLCEAF@?$AA?c?$AB?$JC?5?$CC?$AA?c?5?$BK?$AA?$KB?$AA?c?5?$BK?$AA?$KE?$AA?c?$AB?$JC?$AA?$KL?$AA?c?$AA?$IB?$ABR?$AA?i?5?$BD?59?$AA?c?$AA?$IB?5?$BI?$AA?c?$AA?$IB?$AA?$LO?$AA?c?$AA?$IB?5?3?$AA?c?5?$BK?5?$BM?$AA?$AA@ 000000018000e620     ilu_error.obj
 0002:00001660       ??_C@_1CM@EKIFNCCF@?$AA?g?5?$BO?$AA?$KB?$AA?e?$AB?$GA?$AA?$LJ?$AA?c?$AA?$IB?$AA?$KK?$AA?c?$AB?$JC?5?$BI?$AA?c?$AB?$JC?$AA?$KJ?$AA?c?$AB?$JC?$AA?$KB?$AA?c?5?$BK?$AA?$LP?$AA?$AA@ 000000018000e660     ilu_error.obj
 0002:00001690       ??_C@_1DO@BCPNLNCK@?$AA?g?5?$BO?$AA?$KB?$AA?e?$AB?$GA?$AA?$LJ?$AA?c?$AA?$IB?$AA?$KK?$AA?c?$AB?$JC?5?$CC?$AA?c?5?$BK?$AA?$KB?$AA?c?5?$BK?$AA?$KE?$AA?c?$AB?$JC?$AA?$KL?$AA?c?$AB?$JC?$AC?$NM?$AA?c?$AB?$JC?$AB?$JC?$AA?c?$AB?$JC?5?$KM?$AA?$AA@ 000000018000e690     ilu_error.obj
 0002:000016d0       ??_C@_1DI@JNECJNFE@?$AA?d?$AA?$LI?$AA?$IN?$AA?f?$AA?$KN?$AA?$KD?$AA?c?$AA?$IB?$AA?$KK?$AA?c?$AB?$JC?5?$CC?$AA?c?5?$BK?$AA?$KB?$AA?c?5?$BK?$AA?$KE?$AA?c?$AB?$JC?$AA?$KL?$AA?c?$AA?$IB?$AA?$KO?$AA?e?5?$KM?$AA?$KE?$AA?$AA@ 000000018000e6d0     ilu_error.obj
 0002:00001708       ??_C@_1DO@KCFEDEHI@?$AA?d?$AA?$LI?$AA?$IN?$AA?f?$AA?$KN?$AA?$KD?$AA?c?$AA?$IB?$AA?$KK?$AA?c?5?$BK?$AA?$KK?$AA?c?$AB?$JC?$ABa?$AA?c?$AB?$JC?$AA?$KM?$AA?c?$AB?$JC?$AA?$LM?$AA?c?5?$BK?$AA?$LH?$AA?c?$AB?$JC?$AA?$KH?$AA?c?$AB?$JC?$AA?$LD?$AA?$AA@ 000000018000e708     ilu_error.obj
 0002:00001748       ??_C@_1BK@LBIDONEM@?$AA?g?5?$BO?$AA?$KB?$AA?e?$AB?$GA?$AA?$LJ?$AA?c?$AA?$IB?$AA?$KK?$AA?e?5?$KM?$AA?$KE?$AA?$AA@ 000000018000e748     ilu_error.obj
 0002:00001768       ??_C@_1CA@EPOLEDJJ@?$AA?e?5?5?5?$CG?$AA?i?$AB?$JC?$AA?$KI?$AA?c?5?$BK?$AA?$KI?$AA?c?$AB?$JC?$AA?$KJ?$AA?c?$AB?$JC?$AA?$LM?$AA?$AA@ 000000018000e768     ilu_error.obj
 0002:00001790       ??_C@_1GO@FMPNMKGJ@?$AA?c?$AA?$IB?$AA?$LO?$AA?c?$AA?$IB?$AA?$KA?$AA?c?5?$BK?$AA?$LF?$AA?c?$AB?$JC?$AA?$JN?$AA?c?$AB?$JC?$AA?$LM?$AA?c?$AB?$JC?$AC?F?$AA?c?$AA?$IB?5?$CC?$AA?c?5?$BK?$ABR?$AA?c?$AA?$IB?$AA?$KG?$AA?c?$AA?$IB?5?$BO?$AA?c?$AA?$IB@ 000000018000e790     ilu_error.obj
 0002:00001800       ??_C@_1CA@PNGDEOJD@?$AA?c?$AB?$JC?$AA?$KB?$AA?c?$AB?$JC?$AA?$KC?$AA?c?$AB?$JC?$AA?$KK?$AA?d?$AA?$LI?$AA?$IN?$AA?h?$AA?$LG?$AA?$LD?$AA?$AA@ 000000018000e800     ilu_error.obj
 0002:00001820       ??_C@_1CG@DPLCGFID@?$AA?g?5?$BO?$AA?$KB?$AA?e?$AB?$GA?$AA?$LJ?$AA?c?$AA?$IB?$AA?$KK?$AA?e?$AC?F?5?$BE?$AA?f?$ABR?$CB?$CC?$AA?e?5?$KM?$AA?$KE?$AA?$AA@ 000000018000e820     ilu_error.obj
 0002:00001848       ??_C@_1BM@PJCGNPCB@?$AAu?$AAn?$AAk?$AAn?$AAo?$AAw?$AAn?$AA?5?$AAe?$AAr?$AAr?$AAo?$AAr?$AA?$AA@ 000000018000e848     ilu_error.obj
 0002:00001868       ??_C@_1BC@IIGBHFMG@?$AAn?$AAo?$AA?5?$AAe?$AAr?$AAr?$AAo?$AAr?$AA?$AA@ 000000018000e868     ilu_error.obj
 0002:00001880       ??_C@_1CE@COEBJKLC@?$AAe?$AAx?$AAr?$AA?5?$AAl?$AAi?$AAb?$AAr?$AAa?$AAr?$AAy?$AA?5?$AAe?$AAr?$AAr?$AAo?$AAr?$AA?$AA@ 000000018000e880     ilu_error.obj
 0002:000018a8       ??_C@_1CE@IIFHDMKA@?$AAj?$AAp?$AA2?$AA?5?$AAl?$AAi?$AAb?$AAr?$AAa?$AAr?$AAy?$AA?5?$AAe?$AAr?$AAr?$AAo?$AAr?$AA?$AA@ 000000018000e8a8     ilu_error.obj
 0002:000018d0       ??_C@_1CE@DNFDKFOC@?$AAm?$AAn?$AAg?$AA?5?$AAl?$AAi?$AAb?$AAr?$AAa?$AAr?$AAy?$AA?5?$AAe?$AAr?$AAr?$AAo?$AAr?$AA?$AA@ 000000018000e8d0     ilu_error.obj
 0002:000018f8       ??_C@_1CG@BMLLHHIC@?$AAt?$AAi?$AAf?$AAf?$AA?5?$AAl?$AAi?$AAb?$AAr?$AAa?$AAr?$AAy?$AA?5?$AAe?$AAr?$AAr?$AAo?$AAr?$AA?$AA@ 000000018000e8f8     ilu_error.obj
 0002:00001920       ??_C@_1CE@BJCPKJC@?$AAp?$AAn?$AAg?$AA?5?$AAl?$AAi?$AAb?$AAr?$AAa?$AAr?$AAy?$AA?5?$AAe?$AAr?$AAr?$AAo?$AAr?$AA?$AA@ 000000018000e920     ilu_error.obj
 0002:00001948       ??_C@_1CG@BNHFIPKA@?$AAj?$AAp?$AAe?$AAg?$AA?5?$AAl?$AAi?$AAb?$AAr?$AAa?$AAr?$AAy?$AA?5?$AAe?$AAr?$AAr?$AAo?$AAr?$AA?$AA@ 000000018000e948     ilu_error.obj
 0002:00001970       ??_C@_1CE@LCDGAJIP@?$AAg?$AAi?$AAf?$AA?5?$AAl?$AAi?$AAb?$AAr?$AAa?$AAr?$AAy?$AA?5?$AAe?$AAr?$AAr?$AAo?$AAr?$AA?$AA@ 000000018000e970     ilu_error.obj
 0002:00001998       ??_C@_1CA@EIFDJBOE@?$AAf?$AAi?$AAl?$AAe?$AA?5?$AAr?$AAe?$AAa?$AAd?$AA?5?$AAe?$AAr?$AAr?$AAo?$AAr?$AA?$AA@ 000000018000e998     ilu_error.obj
 0002:000019b8       ??_C@_1BO@FOHEDCED@?$AAb?$AAa?$AAd?$AA?5?$AAd?$AAi?$AAm?$AAe?$AAn?$AAs?$AAi?$AAo?$AAn?$AAs?$AA?$AA@ 000000018000e9b8     ilu_error.obj
 0002:000019d8       ??_C@_1CG@MKADAEIE@?$AAi?$AAn?$AAv?$AAa?$AAl?$AAi?$AAd?$AA?5?$AAc?$AAo?$AAn?$AAv?$AAe?$AAr?$AAs?$AAi?$AAo?$AAn?$AA?$AA@ 000000018000e9d8     ilu_error.obj
 0002:00001a00       ??_C@_1CA@FPJPDOKI@?$AAs?$AAt?$AAa?$AAc?$AAk?$AA?5?$AAu?$AAn?$AAd?$AAe?$AAr?$AAf?$AAl?$AAo?$AAw?$AA?$AA@ 000000018000ea00     ilu_error.obj
 0002:00001a20       ??_C@_1BO@IJEMINHH@?$AAs?$AAt?$AAa?$AAc?$AAk?$AA?5?$AAo?$AAv?$AAe?$AAr?$AAf?$AAl?$AAo?$AAw?$AA?$AA@ 000000018000ea20     ilu_error.obj
 0002:00001a40       ??_C@_1CI@JJPAMJDE@?$AAf?$AAi?$AAl?$AAe?$AA?5?$AAa?$AAl?$AAr?$AAe?$AAa?$AAd?$AAy?$AA?5?$AAe?$AAx?$AAi?$AAs?$AAt?$AAs?$AA?$AA@ 000000018000ea40     ilu_error.obj
 0002:00001a68       ??_C@_1CE@FIDIOFI@?$AAi?$AAn?$AAv?$AAa?$AAl?$AAi?$AAd?$AA?5?$AAe?$AAx?$AAt?$AAe?$AAn?$AAs?$AAi?$AAo?$AAn?$AA?$AA@ 000000018000ea68     ilu_error.obj
 0002:00001a90       ??_C@_1CI@PNPENFJK@?$AAc?$AAo?$AAu?$AAl?$AAd?$AA?5?$AAn?$AAo?$AAt?$AA?5?$AAo?$AAp?$AAe?$AAn?$AA?5?$AAf?$AAi?$AAl?$AAe?$AA?$AA@ 000000018000ea90     ilu_error.obj
 0002:00001ab8       ??_C@_1CE@FDJGJLIM@?$AAi?$AAn?$AAv?$AAa?$AAl?$AAi?$AAd?$AA?5?$AAp?$AAa?$AAr?$AAa?$AAm?$AAe?$AAt?$AAe?$AAr?$AA?$AA@ 000000018000eab8     ilu_error.obj
 0002:00001ae0       ??_C@_1CI@CKHAEECK@?$AAi?$AAn?$AAv?$AAa?$AAl?$AAi?$AAd?$AA?5?$AAf?$AAi?$AAl?$AAe?$AA?5?$AAh?$AAe?$AAa?$AAd?$AAe?$AAr?$AA?$AA@ 000000018000eae0     ilu_error.obj
 0002:00001b08       ??_C@_1CG@CAODKLOC@?$AAi?$AAl?$AAl?$AAe?$AAg?$AAa?$AAl?$AA?5?$AAf?$AAi?$AAl?$AAe?$AA?5?$AAv?$AAa?$AAl?$AAu?$AAe?$AA?$AA@ 000000018000eb08     ilu_error.obj
 0002:00001b30       ??_C@_1CE@GIOFLKOI@?$AAi?$AAl?$AAl?$AAe?$AAg?$AAa?$AAl?$AA?5?$AAo?$AAp?$AAe?$AAr?$AAa?$AAt?$AAi?$AAo?$AAn?$AA?$AA@ 000000018000eb30     ilu_error.obj
 0002:00001b58       ??_C@_1BM@KNOHGDIE@?$AAi?$AAn?$AAv?$AAa?$AAl?$AAi?$AAd?$AA?5?$AAv?$AAa?$AAl?$AAu?$AAe?$AA?$AA@ 000000018000eb58     ilu_error.obj
 0002:00001b78       ??_C@_1BO@JGHPIJJK@?$AAi?$AAn?$AAt?$AAe?$AAr?$AAn?$AAa?$AAl?$AA?5?$AAe?$AAr?$AAr?$AAo?$AAr?$AA?$AA@ 000000018000eb78     ilu_error.obj
 0002:00001b98       ??_C@_1DC@LCIPDJNP@?$AAf?$AAo?$AAr?$AAm?$AAa?$AAt?$AA?5?$AAn?$AAo?$AAt?$AA?5?$AAs?$AAu?$AAp?$AAp?$AAo?$AAr?$AAt?$AAe?$AAd?$AA?5?$AAy?$AAe?$AAt?$AA?$AA@ 000000018000eb98     ilu_error.obj
 0002:00001bd0       ??_C@_1BM@BMAPKJHF@?$AAo?$AAu?$AAt?$AA?5?$AAo?$AAf?$AA?5?$AAm?$AAe?$AAm?$AAo?$AAr?$AAy?$AA?$AA@ 000000018000ebd0     ilu_error.obj
 0002:00001bf0       ??_C@_1CE@BCAFBLJ@?$AAi?$AAn?$AAv?$AAa?$AAl?$AAi?$AAd?$AA?5?$AAe?$AAn?$AAu?$AAm?$AAe?$AAr?$AAa?$AAn?$AAt?$AA?$AA@ 000000018000ebf0     ilu_error.obj
 0002:00001c18       ??_C@_1BO@BJDEMPII@?$AAo?$AAn?$AAb?$AAe?$AAk?$AAe?$AAn?$AAd?$AAe?$AA?5?$AAf?$AAo?$AAu?$AAt?$AA?$AA@ 000000018000ec18     ilu_error.obj
 0002:00001c38       ??_C@_1BE@ELLEKHBC@?$AAg?$AAe?$AAe?$AAn?$AA?5?$AAf?$AAo?$AAu?$AAt?$AA?$AA@ 000000018000ec38     ilu_error.obj
 0002:00001c50       ??_C@_1DA@HFPELOMN@?$AAf?$AAo?$AAu?$AAt?$AA?5?$AAi?$AAn?$AA?5?$AAe?$AAx?$AAr?$AA?5?$AAb?$AAi?$AAb?$AAl?$AAi?$AAo?$AAt?$AAh?$AAe?$AAe?$AAk?$AA?$AA@ 000000018000ec50     ilu_error.obj
 0002:00001c80       ??_C@_1DA@HLHMMBEN@?$AAf?$AAo?$AAu?$AAt?$AA?5?$AAi?$AAn?$AA?5?$AAj?$AAp?$AA2?$AA?5?$AAb?$AAi?$AAb?$AAl?$AAi?$AAo?$AAt?$AAh?$AAe?$AAe?$AAk?$AA?$AA@ 000000018000ec80     ilu_error.obj
 0002:00001cb0       ??_C@_1DA@HDHDCEBC@?$AAf?$AAo?$AAu?$AAt?$AA?5?$AAi?$AAn?$AA?5?$AAm?$AAn?$AAg?$AA?5?$AAb?$AAi?$AAb?$AAl?$AAi?$AAo?$AAt?$AAh?$AAe?$AAe?$AAk?$AA?$AA@ 000000018000ecb0     ilu_error.obj
 0002:00001ce0       ??_C@_1DC@CAPGNEEG@?$AAf?$AAo?$AAu?$AAt?$AA?5?$AAi?$AAn?$AA?5?$AAt?$AAi?$AAf?$AAf?$AA?5?$AAb?$AAi?$AAb?$AAl?$AAi?$AAo?$AAt?$AAh?$AAe?$AAe?$AAk?$AA?$AA@ 000000018000ece0     ilu_error.obj
 0002:00001d18       ??_C@_1DA@NGOGBCP@?$AAf?$AAo?$AAu?$AAt?$AA?5?$AAi?$AAn?$AA?5?$AAp?$AAn?$AAg?$AA?5?$AAb?$AAi?$AAb?$AAl?$AAi?$AAo?$AAt?$AAh?$AAe?$AAe?$AAk?$AA?$AA@ 000000018000ed18     ilu_error.obj
 0002:00001d48       ??_C@_1DC@GLKNCDLC@?$AAf?$AAo?$AAu?$AAt?$AA?5?$AAi?$AAn?$AA?5?$AAj?$AAp?$AAe?$AAg?$AA?5?$AAb?$AAi?$AAb?$AAl?$AAi?$AAo?$AAt?$AAh?$AAe?$AAe?$AAk?$AA?$AA@ 000000018000ed48     ilu_error.obj
 0002:00001d80       ??_C@_1DA@BMDFEJHG@?$AAf?$AAo?$AAu?$AAt?$AA?5?$AAi?$AAn?$AA?5?$AAg?$AAi?$AAf?$AA?5?$AAb?$AAi?$AAb?$AAl?$AAi?$AAo?$AAt?$AAh?$AAe?$AAe?$AAk?$AA?$AA@ 000000018000ed80     ilu_error.obj
 0002:00001db0       ??_C@_1CI@BBHOKBNC@?$AAL?$AAe?$AAe?$AAs?$AAf?$AAo?$AAu?$AAt?$AA?5?$AAi?$AAn?$AA?5?$AAb?$AAe?$AAs?$AAt?$AAa?$AAn?$AAd?$AA?$AA@ 000000018000edb0     ilu_error.obj
 0002:00001dd8       ??_C@_1CG@JNCKHOAF@?$AAs?$AAl?$AAe?$AAc?$AAh?$AAt?$AAe?$AA?5?$AAa?$AAf?$AAm?$AAe?$AAt?$AAi?$AAn?$AAg?$AAe?$AAn?$AA?$AA@ 000000018000edd8     ilu_error.obj
 0002:00001e00       ??_C@_1CI@LFJMNLPM@?$AAo?$AAn?$AAg?$AAe?$AAl?$AAd?$AAi?$AAg?$AAe?$AA?5?$AAo?$AAm?$AAz?$AAe?$AAt?$AAt?$AAi?$AAn?$AAg?$AA?$AA@ 000000018000ee00     ilu_error.obj
 0002:00001e28       ??_C@_1CK@PLLKABCL@?$AAs?$AAt?$AAa?$AAp?$AAe?$AAl?$AA?5?$AAo?$AAn?$AAd?$AAe?$AAr?$AAs?$AAt?$AAr?$AAo?$AAm?$AAi?$AAn?$AAg?$AA?$AA@ 000000018000ee28     ilu_error.obj
 0002:00001e58       ??_C@_1CI@CPFECHMH@?$AAs?$AAt?$AAa?$AAp?$AAe?$AAl?$AA?5?$AAo?$AAv?$AAe?$AAr?$AAs?$AAt?$AAr?$AAo?$AAm?$AAi?$AAn?$AAg?$AA?$AA@ 000000018000ee58     ilu_error.obj
 0002:00001e80       ??_C@_1DI@LOPIGHEA@?$AAu?$AAi?$AAt?$AAg?$AAa?$AAa?$AAn?$AAd?$AA?5?$AAf?$AAo?$AAr?$AAm?$AAa?$AAa?$AAt?$AA?5?$AAe?$AAq?$AAu?$AAi?$AAv?$AAa?$AAl?$AAe?$AAn?$AAt?$AA?$AA@ 000000018000ee80     ilu_error.obj
 0002:00001eb8       ??_C@_1CM@OKHKECGG@?$AAB?$AAe?$AAs?$AAt?$AAa?$AAn?$AAd?$AA?5?$AAb?$AAe?$AAs?$AAt?$AAa?$AAa?$AAt?$AA?5?$AAr?$AAe?$AAe?$AAd?$AAs?$AA?$AA@ 000000018000eeb8     ilu_error.obj
 0002:00001ee8       ??_C@_1BE@LCGIKMOB@?$AAo?$AAn?$AAg?$AAe?$AAl?$AAd?$AAi?$AAg?$AAe?$AA?$AA@ 000000018000eee8     ilu_error.obj
 0002:00001f00       ??_C@_1DI@CHFHPILJ@?$AAK?$AAa?$AAn?$AA?5?$AAh?$AAe?$AAt?$AA?5?$AAb?$AAe?$AAs?$AAt?$AAa?$AAn?$AAd?$AA?5?$AAn?$AAi?$AAe?$AAt?$AA?5?$AAo?$AAp?$AAe?$AAn?$AAe?$AAn?$AA?$AA@ 000000018000ef00     ilu_error.obj
 0002:00001f38       ??_C@_1CI@NOFPCGDE@?$AAO?$AAn?$AAg?$AAe?$AAl?$AAd?$AAi?$AAg?$AAe?$AA?5?$AAp?$AAa?$AAr?$AAa?$AAm?$AAe?$AAt?$AAe?$AAr?$AA?$AA@ 000000018000ef38     ilu_error.obj
 0002:00001f60       ??_C@_1CI@CKOFGPEF@?$AAF?$AAo?$AAu?$AAt?$AAe?$AA?5?$AAb?$AAe?$AAs?$AAt?$AAa?$AAn?$AAd?$AAs?$AAb?$AAe?$AAg?$AAi?$AAn?$AA?$AA@ 000000018000ef60     ilu_error.obj
 0002:00001f88       ??_C@_1CK@DALIPNHP@?$AAF?$AAo?$AAu?$AAt?$AAe?$AA?5?$AAb?$AAe?$AAs?$AAt?$AAa?$AAn?$AAd?$AAs?$AAw?$AAa?$AAa?$AAr?$AAd?$AAe?$AA?$AA@ 000000018000ef88     ilu_error.obj
 0002:00001fb8       ??_C@_1CA@OMNHALEG@?$AAF?$AAo?$AAu?$AAt?$AAe?$AA?5?$AAb?$AAe?$AAw?$AAe?$AAr?$AAk?$AAi?$AAn?$AAg?$AA?$AA@ 000000018000efb8     ilu_error.obj
 0002:00001fd8       ??_C@_1CC@BNHNEJBH@?$AAO?$AAn?$AAg?$AAe?$AAl?$AAd?$AAi?$AAg?$AAe?$AA?5?$AAw?$AAa?$AAa?$AAr?$AAd?$AAe?$AA?$AA@ 000000018000efd8     ilu_error.obj
 0002:00002000       ??_C@_1BK@IAHOFMGB@?$AAI?$AAn?$AAt?$AAe?$AAr?$AAn?$AAe?$AA?5?$AAf?$AAo?$AAu?$AAt?$AA?$AA@ 000000018000f000     ilu_error.obj
 0002:00002020       ??_C@_1EE@MMILIJIF@?$AAF?$AAo?$AAr?$AAm?$AAa?$AAt?$AA?5?$AAw?$AAo?$AAr?$AAd?$AAt?$AA?5?$AAn?$AAo?$AAg?$AA?5?$AAn?$AAi?$AAe?$AAt?$AA?5?$AAo?$AAn?$AAd?$AAe?$AAr?$AAs?$AAt?$AAe?$AAu?$AAn@ 000000018000f020     ilu_error.obj
 0002:00002068       ??_C@_1DA@FKGAOINK@?$AAG?$AAe?$AAe?$AAn?$AA?5?$AAv?$AAr?$AAi?$AAj?$AA?5?$AAg?$AAe?$AAh?$AAe?$AAu?$AAg?$AAe?$AAn?$AA?5?$AAm?$AAe?$AAe?$AAr?$AA?$AA@ 000000018000f068     ilu_error.obj
 0002:00002098       ??_C@_1CI@IMOJOMAB@?$AAO?$AAn?$AAg?$AAe?$AAl?$AAd?$AAi?$AAg?$AAe?$AA?5?$AAe?$AAn?$AAu?$AAm?$AAe?$AAr?$AAa?$AAn?$AAt?$AA?$AA@ 000000018000f098     ilu_error.obj
 0002:000020c0       ??_C@_1DC@NJMLPFEF@?$AA?X?$AA?$KO?$AA?X?$AA?$LH?$AA?X?$AA?$KD?$AA?5?$AA?X?$AA?$LK?$AA?Y?$AB?$GA?$AA?X?$AA?$LB?$AA?5?$AA?Y?5?$CG?$AA?X?$AA?$LJ?$AA?X?$AA?$LB?$AA?Y?$AC?F?$AA?Y?$AA?$IB?$AA?$AA@ 000000018000f0c0     ilu_error.obj
 0002:000020f8       ??_C@_1CI@DDNPLLDD@?$AA?Y?5?$BO?$AA?X?$AA?$KH?$AA?Y?$AB?$GA?$AA?Y?$AC?F?$AA?X?$AA?$KM?$AA?X?$AA?$KP?$AA?5?$AA?X?$AA?$KO?$AA?X?$AA?$LH?$AA?X?$AA?$KD?$AA?$AA@ 000000018000f0f8     ilu_error.obj
 0002:00002120       ??_C@_1DG@KBECJPIG@?$AA?X?$AA?$KO?$AA?X?$AA?$LH?$AA?X?$AA?$KD?$AA?5?$AA?Y?$AA?$IB?$AA?Y?$AB?$GA?$AA?5?$AA?Y?5?$CG?$AA?Y?$AB?$JC?$AA?X?$AA?$KK?$AA?X?$AA?$KI?$AA?X?$AA?$KJ?$AA?5?$AAe?$AAx?$AAr?$AA?$AA@ 000000018000f120     ilu_error.obj
 0002:00002158       ??_C@_1DG@PCFFHHK@?$AA?X?$AA?$KO?$AA?X?$AA?$LH?$AA?X?$AA?$KD?$AA?5?$AA?Y?$AA?$IB?$AA?Y?$AB?$GA?$AA?5?$AA?Y?5?$CG?$AA?Y?$AB?$JC?$AA?X?$AA?$KK?$AA?X?$AA?$KI?$AA?X?$AA?$KJ?$AA?5?$AAj?$AAp?$AA2?$AA?$AA@ 000000018000f158     ilu_error.obj
 0002:00002190       ??_C@_1DG@MAOPMCBI@?$AA?X?$AA?$KO?$AA?X?$AA?$LH?$AA?X?$AA?$KD?$AA?5?$AA?Y?$AA?$IB?$AA?Y?$AB?$GA?$AA?5?$AA?Y?5?$CG?$AA?Y?$AB?$JC?$AA?X?$AA?$KK?$AA?X?$AA?$KI?$AA?X?$AA?$KJ?$AA?5?$AAm?$AAn?$AAg?$AA?$AA@ 000000018000f190     ilu_error.obj
 0002:000021c8       ??_C@_1DI@PDBOCDGL@?$AA?X?$AA?$KO?$AA?X?$AA?$LH?$AA?X?$AA?$KD?$AA?5?$AA?Y?$AA?$IB?$AA?Y?$AB?$GA?$AA?5?$AA?Y?5?$CG?$AA?Y?$AB?$JC?$AA?X?$AA?$KK?$AA?X?$AA?$KI?$AA?X?$AA?$KJ?$AA?5?$AAt?$AAi?$AAf?$AAf?$AA?$AA@ 000000018000f1c8     ilu_error.obj
 0002:00002200       ??_C@_1DG@CHFBOGOC@?$AA?X?$AA?$KO?$AA?X?$AA?$LH?$AA?X?$AA?$KD?$AA?5?$AA?Y?$AA?$IB?$AA?Y?$AB?$GA?$AA?5?$AA?Y?5?$CG?$AA?Y?$AB?$JC?$AA?X?$AA?$KK?$AA?X?$AA?$KI?$AA?X?$AA?$KJ?$AA?5?$AAp?$AAn?$AAg?$AA?$AA@ 000000018000f200     ilu_error.obj
 0002:00002238       ??_C@_1DI@JHKFKNPL@?$AA?X?$AA?$KO?$AA?X?$AA?$LH?$AA?X?$AA?$KD?$AA?5?$AA?Y?$AA?$IB?$AA?Y?$AB?$GA?$AA?5?$AA?Y?5?$CG?$AA?Y?$AB?$JC?$AA?X?$AA?$KK?$AA?X?$AA?$KI?$AA?X?$AA?$KJ?$AA?5?$AAj?$AAp?$AAe?$AAg?$AA?$AA@ 000000018000f238     ilu_error.obj
 0002:00002270       ??_C@_1DG@PEJGIJAN@?$AA?X?$AA?$KO?$AA?X?$AA?$LH?$AA?X?$AA?$KD?$AA?5?$AA?Y?$AA?$IB?$AA?Y?$AB?$GA?$AA?5?$AA?Y?5?$CG?$AA?Y?$AB?$JC?$AA?X?$AA?$KK?$AA?X?$AA?$KI?$AA?X?$AA?$KJ?$AA?5?$AAg?$AAi?$AAf?$AA?$AA@ 000000018000f270     ilu_error.obj
 0002:000022b0       ??_C@_1FO@JKALNGNB@?$AA?X?$AA?$KN?$AA?X?$AA?$KP?$AA?X?$AA?$KL?$AA?5?$AA?X?$AA?$KO?$AA?X?$AA?$LH?$AA?X?$AA?$KD?$AA?5?$AA?X?$AA?$KD?$AA?X?$AA?$KL?$AA?Y?5?5?$AA?X?$AA?$KH?$AA?X?$AA?$KB?$AA?5?$AA?Y?5?$BK?$AA?X?$AA?$LB?$AA?X?$AA?$KH?$AA?X@ 000000018000f2b0     ilu_error.obj
 0002:00002310       ??_C@_1CM@ODKJEFOH@?$AA?X?$AA?$KD?$AA?X?$AA?$KI?$AA?X?$AA?$LJ?$AA?X?$AA?$KH?$AA?X?$AA?$KP?$AA?5?$AA?X?$AA?$KO?$AA?X?$AA?$KH?$AA?X?$AA?$LH?$AA?X?$AA?$KG?$AA?X?$AA?$KJ?$AA?$AA@ 000000018000f310     ilu_error.obj
 0002:00002340       ??_C@_1CI@KHPOOPFL@?$AA?X?$AA?$KK?$AA?X?$AA?$KN?$AA?Y?$AC?F?$AA?Y?$AB?$GA?$AA?Y?5?$BO?$AA?5?$AA?X?$AA?$KO?$AA?X?$AA?$KH?$AA?X?$AA?$LH?$AA?X?$AA?$KG?$AA?$AA@ 000000018000f340     ilu_error.obj
 0002:00002370       ??_C@_1EK@OOCHNAMJ@?$AA?X?$AA?$KH?$AA?Y?5?$BO?$AA?Y?5?$CG?$AA?Y?$AB?$JC?$AA?X?$AA?$KP?$AA?X?$AA?$LD?$AA?5?$AA?$CI?$AA?X?$AA?$KH?$AA?Y?5?$BO?$AA?X?$AA?$LD?$AA?X?$AA?$KK?$AA?X?$AA?$KH?$AA?Y?$AB?$JC?$AA?$CJ?$AA?5?$AA?Y?$AA?$IB?$AA?X?$AA?$KH@ 000000018000f370     ilu_error.obj
 0002:000023c0       ??_C@_1EM@FEDOAPDH@?$AA?X?$AA?$KH?$AA?Y?5?$BO?$AA?Y?5?$CG?$AA?Y?$AB?$JC?$AA?X?$AA?$KP?$AA?X?$AA?$LD?$AA?$CI?$AA?X?$AA?$KH?$AA?Y?5?$BO?$AA?X?$AA?$LD?$AA?X?$AA?$KK?$AA?X?$AA?$KH?$AA?Y?$AB?$JC?$AA?$CJ?$AA?5?$AA?Y?5?$CG?$AA?Y?5?$CG?$AA?X@ 000000018000f3c0     ilu_error.obj
 0002:00002410       ??_C@_1CM@GEOCLFPM@?$AAo?$AAu?$AAt?$AA?5?$AAf?$AAo?$AAr?$AAm?$AAa?$AAt?$AA?5?$AAe?$AAq?$AAu?$AAi?$AAv?$AAa?$AAl?$AAe?$AAn?$AAt?$AA?$AA@ 000000018000f410     ilu_error.obj
 0002:00002440       ??_C@_1CM@PMHKHBHM@?$AA?X?$AA?$KH?$AA?Y?5?$BO?$AA?Y?5?$CG?$AA?Y?5?$BO?$AA?Y?$AA?$IB?$AA?5?$AA?Y?5?$CG?$AA?Y?$AC?F?$AA?X?$AA?$KM?$AA?Y?$AC?F?$AA?X?$AA?$KP?$AA?$AA@ 000000018000f440     ilu_error.obj
 0002:00002470       ??_C@_1EC@ELNGHLII@?$AA?X?$AA?$KH?$AA?Y?5?$CG?$AA?X?$AA?$KK?$AA?X?$AA?$KP?$AA?X?$AA?$KH?$AA?X?$AA?$KP?$AA?5?$AA?X?$AA?$KH?$AA?Y?5?$BO?$AA?Y?5?$CG?$AA?Y?5?$BO?$AA?Y?$AA?$IB?$AA?5?$AA?X?$AA?$KO?$AA?X?$AA?$KH?$AA?X?$AA?$LH?$AA?X?$AA?$KG@ 000000018000f470     ilu_error.obj
 0002:000024b8       ??_C@_1DO@BCOLGLII@?$AA?Y?5?$BO?$AA?X?$AA?$KH?$AA?Y?$AB?$GA?$AA?Y?5?$CG?$AA?Y?$AB?$JC?$AA?Y?5?5?$AA?5?$AA?Y?$AA?$IB?$AA?X?$AA?$KK?$AA?X?$AA?$KN?$AA?5?$AA?X?$AA?$KH?$AA?Y?5?$BO?$AA?Y?5?$CG?$AA?Y?5?$BO?$AA?Y?$AA?$IB?$AA?$AA@ 000000018000f4b8     ilu_error.obj
 0002:00002500       ??_C@_1FE@FFAJOFFI@?$AA?X?$AA?$KH?$AA?Y?5?$BO?$AA?X?$AA?$KI?$AA?X?$AA?$KH?$AA?X?$AA?$LB?$AA?Y?5?$CG?$AA?X?$AA?$KK?$AA?X?$AA?$LB?$AA?$CI?$AA?X?$AA?$KH?$AA?Y?5?$BO?$AA?Y?5?$CG?$AA?X?$AA?$LJ?$AA?X?$AA?$KH?$AA?Y?5?$CG?$AA?Y?5?$BO?$AA?$CJ@ 000000018000f500     ilu_error.obj
 0002:00002558       ??_C@_1DG@PEEOMHCO@?$AA?X?$AA?$LB?$AA?X?$AA?$KD?$AA?X?$AA?$LD?$AA?5?$AA?X?$AA?$KH?$AA?Y?5?$BO?$AA?Y?5?$CG?$AA?Y?5?$BO?$AA?Y?$AA?$IB?$AA?5?$AA?X?$AA?$KO?$AA?X?$AA?$KH?$AA?X?$AA?$LH?$AA?X?$AA?$KG?$AA?$AA@ 000000018000f558     ilu_error.obj
 0002:00002590       ??_C@_1FK@DBCJCMKH@?$AA?X?$AA?$LB?$AA?Y?5?$BK?$AA?Y?5?$CG?$AA?5?$AA?$CI?$AA?Y?5?$BK?$AA?Y?$AB?$GA?$AA?Y?5?$CG?$AA?X?$AA?$KJ?$AA?$CJ?$AA?5?$AA?X?$AA?$KH?$AA?Y?5?$BO?$AA?Y?5?$CG?$AA?Y?5?$BO?$AA?Y?$AA?$IB?$AA?5?$AA?X?$AA?$LK?$AA?Y@ 000000018000f590     ilu_error.obj
 0002:000025f0       ??_C@_1DK@BIMPKKKL@?$AA?X?$AA?$LJ?$AA?Y?5?$CG?$AA?Y?5?$BO?$AA?Y?$AB?$GA?$AA?X?$AA?$KJ?$AA?5?$AA?X?$AA?$LK?$AA?Y?$AB?$GA?$AA?X?$AA?$LB?$AA?5?$AA?X?$AA?$LE?$AA?X?$AA?$LB?$AA?X?$AA?$LJ?$AA?Y?$AB?$GA?$AA?X?$AA?$KJ?$AA?$AA@ 000000018000f5f0     ilu_error.obj
 0002:00002630       ??_C@_1CI@CEMFKKII@?$AA?Y?5?$BK?$AA?Y?$AB?$GA?$AA?Y?5?$CG?$AA?X?$AA?$KJ?$AA?5?$AA?X?$AA?$KO?$AA?X?$AA?$KH?$AA?X?$AA?$LH?$AA?X?$AA?$KG?$AA?X?$AA?$KJ?$AA?$AA@ 000000018000f630     ilu_error.obj
 0002:00002658       ??_C@_1CE@MCMENKPJ@?$AA?X?$AA?$KO?$AA?X?$AA?$LH?$AA?X?$AA?$KD?$AA?5?$AA?X?$AA?$KP?$AA?X?$AA?$KH?$AA?X?$AA?$KO?$AA?Y?5?$BO?$AA?Y?$AB?$GA?$AA?$AA@ 000000018000f658     ilu_error.obj
 0002:00002680       ??_C@_1EM@PFABACPB@?$AA?Y?5?5?$AA?X?$AA?$LD?$AA?Y?5?$BK?$AA?5?$AA?X?$AA?$KH?$AA?Y?5?$BO?$AA?X?$AA?$LF?$AA?Y?$AC?F?$AA?X?$AA?$LB?$AA?X?$AA?$KJ?$AA?5?$AA?X?$AA?$LK?$AA?Y?$AB?$GA?$AA?X?$AA?$LB?$AA?5?$AA?Y?5?$CG?$AA?X?$AA?$KP?$AA?X@ 000000018000f680     ilu_error.obj
 0002:000026d0       ??_C@_1EC@EDNINNFE@?$AA?X?$AA?$KO?$AA?X?$AA?$KH?$AA?X?$AA?$LB?$AA?X?$AA?$KM?$AA?5?$AA?X?$AA?$KN?$AA?X?$AA?$KP?$AA?Y?$AC?F?$AA?X?$AA?$KP?$AA?5?$AA?X?$AA?$KH?$AA?Y?5?$BO?$AA?X?$AA?$LA?$AA?X?$AA?$KH?$AA?Y?$AB?$JC?$AA?X?$AA?$LB?$AA?X?$AA?$KJ@ 000000018000f6d0     ilu_error.obj
 0002:00002718       ??_C@_1CG@FMMCPAGB@?$AAe?$AAn?$AAu?$AAm?$AAe?$AAr?$AAa?$AAn?$AAt?$AA?5?$AA?X?$AA?$KO?$AA?X?$AA?$KH?$AA?X?$AA?$LH?$AA?X?$AA?$KG?$AA?$AA@ 000000018000f718     ilu_error.obj
 0002:00002740       ?IL_PI@@3NB                000000018000f740     ilu_internal.obj
 0002:00002748       ?IL_DEGCONV@@3NB           000000018000f748     ilu_internal.obj
 0002:000028a0       ??_C@_1GA@HHAEFLDO@?$AAD?$AAe?$AAv?$AAe?$AAl?$AAo?$AAp?$AAe?$AAr?$AA?8?$AAs?$AA?5?$AAI?$AAm?$AAa?$AAg?$AAe?$AA?5?$AAL?$AAi?$AAb?$AAr?$AAa?$AAr?$AAy?$AA?5?$AAU?$AAt?$AAi?$AAl?$AAi?$AAt@ 000000018000f8a0     ilu_states.obj
 0002:00002900       ??_C@_1CC@FLLNLNFB@?$AAA?$AAb?$AAy?$AAs?$AAm?$AAa?$AAl?$AA?5?$AAS?$AAo?$AAf?$AAt?$AAw?$AAa?$AAr?$AAe?$AA?$AA@ 000000018000f900     ilu_states.obj
 0002:00002924       __real@3f800000            000000018000f924      CIL library: CIL module
 0002:00002928       __real@3f000000            000000018000f928      CIL library: CIL module
 0002:00002930       __real@3fe0000000000000    000000018000f930      CIL library: CIL module
 0002:00002938       __real@3ff0000000000000    000000018000f938      CIL library: CIL module
 0002:00002940       __real@43870000            000000018000f940      CIL library: CIL module
 0002:00002944       __real@43340000            000000018000f944      CIL library: CIL module
 0002:00002948       __real@42b40000            000000018000f948      CIL library: CIL module
 0002:00002950       __real@4066800000000000    000000018000f950      CIL library: CIL module
 0002:00002958       __real@43b40000            000000018000f958      CIL library: CIL module
 0002:00002960       __real@4076800000000000    000000018000f960      CIL library: CIL module
 0002:00002968       __real@40e00000            000000018000f968      CIL library: CIL module
 0002:00002970       __real@403e000000000000    000000018000f970      CIL library: CIL module
 0002:00002978       __real@402e000000000000    000000018000f978      CIL library: CIL module
 0002:00002980       __real@41200000            000000018000f980      CIL library: CIL module
 0002:00002990       __mask@@AbsDouble@         000000018000f990      CIL library: CIL module
 0002:000029a0       __mask@@NegDouble@         000000018000f9a0      CIL library: CIL module
 0002:000029b0       __real@4025555555555555    000000018000f9b0      CIL library: CIL module
 0002:000029b8       __real@c002aaaaaaaaaaab    000000018000f9b8      CIL library: CIL module
 0002:000029c0       __real@c034000000000000    000000018000f9c0      CIL library: CIL module
 0002:000029c8       __real@4028000000000000    000000018000f9c8      CIL library: CIL module
 0002:000029d0       __real@4000000000000000    000000018000f9d0      CIL library: CIL module
 0002:000029d8       __real@4018000000000000    000000018000f9d8      CIL library: CIL module
 0002:000029e0       __real@4015555555555555    000000018000f9e0      CIL library: CIL module
 0002:000029e8       __real@401c000000000000    000000018000f9e8      CIL library: CIL module
 0002:000029f0       __real@c028000000000000    000000018000f9f0      CIL library: CIL module
 0002:000029f8       __real@3fc5555555555555    000000018000f9f8      CIL library: CIL module
 0002:00002a00       __real@3fe5555555555555    000000018000fa00      CIL library: CIL module
 0002:00002a08       __real@3ff8000000000000    000000018000fa08      CIL library: CIL module
 0002:00002a10       __real@3fe8000000000000    000000018000fa10      CIL library: CIL module
 0002:00002a18       __real@bfe0000000000000    000000018000fa18      CIL library: CIL module
 0002:00002a20       __real@4008000000000000    000000018000fa20      CIL library: CIL module
 0002:00002a28       __real@477fff00            000000018000fa28      CIL library: CIL module
 0002:00002a2c       __real@4f800000            000000018000fa2c      CIL library: CIL module
 0002:00002a30       __real@437f0000            000000018000fa30      CIL library: CIL module
 0002:00002a38       __real@406fe00000000000    000000018000fa38      CIL library: CIL module
 0002:00002a40       __real@3e9e00d2            000000018000fa40      CIL library: CIL module
 0002:00002a44       __real@3f1c01a3            000000018000fa44      CIL library: CIL module
 0002:00002a48       __real@3da7ef9e            000000018000fa48      CIL library: CIL module
 0002:00002a4c       __real@34000000            000000018000fa4c      CIL library: CIL module
 0002:00002a50       __real@bf800000            000000018000fa50      CIL library: CIL module
 0002:00002a54       __real@00000000            000000018000fa54      CIL library: CIL module
 0002:00002a58       __real@42fe0000            000000018000fa58      CIL library: CIL module
 0002:00002a5c       __real@46fffe00            000000018000fa5c      CIL library: CIL module
 0002:00002a60       __real@4f000000            000000018000fa60      CIL library: CIL module
 0002:00002ab8       __rtc_iaa                  000000018000fab8     msvcrt:_initsect_.obj
 0002:00002ac0       __rtc_izz                  000000018000fac0     msvcrt:_initsect_.obj
 0002:00002ac8       __rtc_taa                  000000018000fac8     msvcrt:_initsect_.obj
 0002:00002ad0       __rtc_tzz                  000000018000fad0     msvcrt:_initsect_.obj
 0002:000036e0       __IMPORT_DESCRIPTOR_ResIL  00000001800106e0     resil:ResIL.dll
 0002:000036f4       __IMPORT_DESCRIPTOR_MSVCR100 00000001800106f4     msvcrt:MSVCR100.dll
 0002:00003708       __IMPORT_DESCRIPTOR_KERNEL32 0000000180010708     kernel32:KERNEL32.dll
 0002:0000371c       __NULL_IMPORT_DESCRIPTOR   000000018001071c     resil:ResIL.dll
 0003:00000000       __security_cookie          0000000180012000     msvcrt:gs_cookie.obj
 0003:00000008       __security_cookie_complement 0000000180012008     msvcrt:gs_cookie.obj
 0003:00000010       __native_dllmain_reason    0000000180012010     msvcrt:natstart.obj
 0003:00000014       __native_vcclrit_reason    0000000180012014     msvcrt:natstart.obj
 0003:00000020       ?_iluVendor@@3PEB_WEB      0000000180012020     ilu_states.obj
 0003:00000028       ?_iluVersion@@3PEB_WEB     0000000180012028     ilu_states.obj
 0003:00000030       ?iluFilter@@3IA            0000000180012030     ilu_states.obj
 0003:00000034       ?iluPlacement@@3IA         0000000180012034     ilu_states.obj
 0003:00000038       ?iluLibErrorStringsArabic@@3PAPEB_WA 0000000180012038     ilu_error.obj
 0003:00000070       ?iluErrorStringsArabic@@3PAPEB_WA 0000000180012070     ilu_error.obj
 0003:00000100       ?iluMiscErrorStringsArabic@@3PAPEB_WA 0000000180012100     ilu_error.obj
 0003:00000110       ?iluErrorStringsDutch@@3PAPEB_WA 0000000180012110     ilu_error.obj
 0003:000001a0       ?iluLibErrorStringsDutch@@3PAPEB_WA 00000001800121a0     ilu_error.obj
 0003:000001d8       ?iluMiscErrorStringsDutch@@3PAPEB_WA 00000001800121d8     ilu_error.obj
 0003:000001e8       ?iluLibErrorStringsEnglish@@3PAPEB_WA 00000001800121e8     ilu_error.obj
 0003:00000220       ?iluErrorStringsEnglish@@3PAPEB_WA 0000000180012220     ilu_error.obj
 0003:000002b0       ?iluMiscErrorStringsEnglish@@3PAPEB_WA 00000001800122b0     ilu_error.obj
 0003:000002c0       ?iluErrorStringsJapanese@@3PAPEB_WA 00000001800122c0     ilu_error.obj
 0003:00000350       ?iluLibErrorStringsJapanese@@3PAPEB_WA 0000000180012350     ilu_error.obj
 0003:00000388       ?iluMiscErrorStringsJapanese@@3PAPEB_WA 0000000180012388     ilu_error.obj
 0003:00000398       ?iluLibErrorStringsSpanish@@3PAPEB_WA 0000000180012398     ilu_error.obj
 0003:000003d0       ?iluErrorStringsSpanish@@3PAPEB_WA 00000001800123d0     ilu_error.obj
 0003:00000460       ?iluMiscErrorStringsSpanish@@3PAPEB_WA 0000000180012460     ilu_error.obj
 0003:00000470       ?iluErrorStringsGerman@@3PAPEB_WA 0000000180012470     ilu_error.obj
 0003:00000500       ?iluLibErrorStringsGerman@@3PAPEB_WA 0000000180012500     ilu_error.obj
 0003:00000538       ?iluMiscErrorStringsGerman@@3PAPEB_WA 0000000180012538     ilu_error.obj
 0003:00000548       ?iluLibErrorStringsFrench@@3PAPEB_WA 0000000180012548     ilu_error.obj
 0003:00000580       ?iluErrorStringsFrench@@3PAPEB_WA 0000000180012580     ilu_error.obj
 0003:00000610       ?iluMiscErrorStringsFrench@@3PAPEB_WA 0000000180012610     ilu_error.obj
 0003:00000620       ?iluErrorStrings@@3PAPEAPEB_WA 0000000180012620     ilu_error.obj
 0003:00000658       ?iluLibErrorStrings@@3PAPEAPEB_WA 0000000180012658     ilu_error.obj
 0003:00000690       ?iluMiscErrorStrings@@3PAPEAPEB_WA 0000000180012690     ilu_error.obj
 0003:000006c8       _fltused                   00000001800126c8     msvcrt:dllsupp.obj
 0003:00000c50       ?__type_info_root_node@@3U__type_info_node@@A 0000000180012c50     msvcrt:tncleanup.obj
 0003:00000c60       ?iluMiscErrors@@3PEAPEB_WEA 0000000180012c60     ilu_error.obj
 0003:00000c68       ?iluLibErrors@@3PEAPEB_WEA 0000000180012c68     ilu_error.obj
 0003:00000c70       ?iluErrors@@3PEAPEB_WEA    0000000180012c70     ilu_error.obj
 0003:00000dd8       ?RegionPointsi@@3PEAUILpointi@@EA 0000000180012dd8     ilu_region.obj
 0003:00000de0       ?RegionPointsf@@3PEAUILpointf@@EA 0000000180012de0     ilu_region.obj
 0003:00000de8       ?PointNum@@3IA             0000000180012de8     ilu_region.obj
 0003:00000df0       ?iRegionMask@@3PEAEEA      0000000180012df0     ilu_region.obj
 0003:00000df8       __native_startup_state     0000000180012df8     <common>
 0003:00000e00       __native_startup_lock      0000000180012e00     <common>
 0003:00000e08       __onexitend                0000000180012e08     <common>
 0003:00000e10       __onexitbegin              0000000180012e10     <common>
 0003:00000e18       __dyn_tls_init_callback    0000000180012e18     <common>

 entry point at        0001:0000b508

 Static symbols

 0001:0000b110       pre_c_init                 000000018000c110 f   msvcrt:crtdll.obj
 0001:0000b3cc       __DllMainCRTStartup        000000018000c3cc f   msvcrt:crtdll.obj
 0001:0000bac0       __DllMainCRTStartup$filt$0 000000018000cac0 f   msvcrt:crtdll.obj
 0001:0000baf0       __DllMainCRTStartup$fin$1  000000018000caf0 f   msvcrt:crtdll.obj
 0001:0000bb0a       _onexit$fin$0              000000018000cb0a f   msvcrt:atonexit.obj
 0001:0000bb30       _IsNonwritableInCurrentImage$filt$0 000000018000cb30 f   msvcrt:pesect.obj
