 ILUT

 Timestamp is 54675a32 (Sat Nov 15 14:50:42 2014)

 Preferred load address is 0000000180000000

 Start         Length     Name                   Class
 0001:00000000 00002c22H .text                   CODE
 0001:00002c30 0000012cH .text$x                 CODE
 0002:00000000 000002c8H .idata$5                DATA
 0002:000002c8 00000008H .CRT$XCA                DATA
 0002:000002d0 00000008H .CRT$XCZ                DATA
 0002:000002d8 00000008H .CRT$XIA                DATA
 0002:000002e0 00000008H .CRT$XIAA               DATA
 0002:000002e8 00000008H .CRT$XIZ                DATA
 0002:000002f0 00000158H .rdata                  DATA
 0002:00000448 00000052H .rdata$debug            DATA
 0002:000004a0 000000ecH .rdata$r                DATA
 0002:00000590 00000008H .rtc$IAA                DATA
 0002:00000598 00000008H .rtc$IZZ                DATA
 0002:000005a0 00000008H .rtc$TAA                DATA
 0002:000005a8 00000008H .rtc$TZZ                DATA
 0002:000005b0 00000548H .xdata                  DATA
 0002:00000af8 00000078H .idata$2                DATA
 0002:00000b70 00000014H .idata$3                DATA
 0002:00000b88 000002c8H .idata$4                DATA
 0002:00000e50 000005eeH .idata$6                DATA
 0002:00001440 000005ceH .edata                  DATA
 0003:00000000 00000070H .data                   DATA
 0003:00000070 00000a40H .bss                    DATA
 0004:00000000 0000042cH .pdata                  DATA

  Address         Publics by Value              Rva+Base               Lib:Object

 0000:00000000       ___safe_se_handler_count   0000000000000000     <absolute>
 0000:00000000       ___safe_se_handler_table   0000000000000000     <absolute>
 0000:00000000       __ImageBase                0000000180000000     <linker-defined>
 0001:00000000       DllMain                    0000000180001000 f   ilut_main.obj
 0001:00000010       ?ilutInit@@YAXXZ           0000000180001010 f   ilut_main.obj
 0001:00000010       ?ilut2Init@@YAXXZ          0000000180001010 f   ilut_main.obj
 0001:00000070       ?ilutGetString@@YAPEA_WI@Z 0000000180001070 f   ilut_states.obj
 0001:000000b0       ?ilutEnable@@YAEI@Z        00000001800010b0 f   ilut_states.obj
 0001:000000c0       ?ilutDisable@@YAEI@Z       00000001800010c0 f   ilut_states.obj
 0001:000000d0       ?ilutAble@@YAEIE@Z         00000001800010d0 f   ilut_states.obj
 0001:000001c0       ?ilutIsEnabled@@YAEI@Z     00000001800011c0 f   ilut_states.obj
 0001:000002b0       ?ilutIsDisabled@@YAEI@Z    00000001800012b0 f   ilut_states.obj
 0001:000002d0       ?ilutGetBooleanv@@YAXIPEAE@Z 00000001800012d0 f   ilut_states.obj
 0001:000003a0       ?ilutGetBoolean@@YAEI@Z    00000001800013a0 f   ilut_states.obj
 0001:000003c0       ?ilutGetIntegerv@@YAXIPEAH@Z 00000001800013c0 f   ilut_states.obj
 0001:00000660       ?ilutGetInteger@@YAHI@Z    0000000180001660 f   ilut_states.obj
 0001:00000680       ?ilutSetInteger@@YAXIH@Z   0000000180001680 f   ilut_states.obj
 0001:00000850       ?ilutPushAttrib@@YAXI@Z    0000000180001850 f   ilut_states.obj
 0001:000008e0       ?ilutPopAttrib@@YAXXZ      00000001800018e0 f   ilut_states.obj
 0001:00000910       ?ilutRenderer@@YAEI@Z      0000000180001910 f   ilut_states.obj
 0001:00000950       ??1ILpal@@UEAA@XZ          0000000180001950 f i ilut_win32.obj
 0001:00000980       ?use@ILpal@@QEAAEHPEAEI@Z  0000000180001980 f i ilut_win32.obj
 0001:00000ab0       ??_EILpal@@UEAAPEAXI@Z     0000000180001ab0 f i  CIL library: CIL module
 0001:00000ab0       ??_GILpal@@UEAAPEAXI@Z     0000000180001ab0 f i ilut_win32.obj
 0001:00000b00       ?ilutWin32Init@@YAEXZ      0000000180001b00 f   ilut_win32.obj
 0001:00000b10       ?ilut2ConvertSliceToHBitmap@@YAPEAUHBITMAP__@@PEAUILimage@@PEAUHDC__@@I@Z 0000000180001b10 f   ilut_win32.obj
 0001:00001030       ?ilutConvertSliceToHBitmap@@YAPEAUHBITMAP__@@PEAUHDC__@@I@Z 0000000180002030 f   ilut_win32.obj
 0001:00001080       ?ilutConvertToHBitmap@@YAPEAUHBITMAP__@@PEAUHDC__@@@Z 0000000180002080 f   ilut_win32.obj
 0001:000010c0       ?ilut2ConvertToHBitmap@@YAPEAUHBITMAP__@@PEAUILimage@@PEAUHDC__@@@Z 00000001800020c0 f   ilut_win32.obj
 0001:000010d0       ?iGetPaddedData@@YAPEAEPEAUILimage@@@Z 00000001800020d0 f   ilut_win32.obj
 0001:00001280       ?ilutFreePaddedData@@YAXPEAE@Z 0000000180002280 f   ilut_win32.obj
 0001:00001290       ?ilutGetPaddedData@@YAPEAEXZ 0000000180002290 f   ilut_win32.obj
 0001:000012b0       ?ilutGetBmpInfo@@YAXPEAUtagBITMAPINFO@@@Z 00000001800022b0 f   ilut_win32.obj
 0001:00001340       ?ilutWinLoadImage@@YAPEAUHBITMAP__@@PEA_WPEAUHDC__@@@Z 0000000180002340 f   ilut_win32.obj
 0001:000013b0       ?ilutWinSaveImage@@YAEPEA_WPEAUHBITMAP__@@@Z 00000001800023b0 f   ilut_win32.obj
 0001:00001420       ?ilutGetHPal@@YAPEAUHPALETTE__@@XZ 0000000180002420 f   ilut_win32.obj
 0001:000015a0       ?ilutSetHBitmap@@YAEPEAUHBITMAP__@@@Z 00000001800025a0 f   ilut_win32.obj
 0001:00001830       ?ilutSetHPal@@YAEPEAUHPALETTE__@@@Z 0000000180002830 f   ilut_win32.obj
 0001:000019d0       ?ilutSetWinClipboard@@YAEXZ 00000001800029d0 f   ilut_win32.obj
 0001:00001b50       ?ilutGetWinClipboard@@YAEXZ 0000000180002b50 f   ilut_win32.obj
 0001:00001ca0       ?ilutWinPrint@@YAEIIIIPEAUHDC__@@@Z 0000000180002ca0 f   ilut_win32.obj
 0001:00001d30       ?ilutLoadResource@@YAEPEAUHINSTANCE__@@HPEA_WI@Z 0000000180002d30 f   ilut_win32.obj
 0001:00001dc0       ?ilutWinLoadUrl@@YAEPEA_W@Z 0000000180002dc0 f   ilut_win32.obj
 0001:000020c0       __security_check_cookie    00000001800030c0 f   msvcrt:amdsecgs.obj
 0001:000020e0       ??3@YAXPEAX@Z              00000001800030e0 f   msvcrt:MSVCR100.dll
 0001:000020e8       ??_Etype_info@@UEAAPEAXI@Z 00000001800030e8 f i msvcrt:ti_inst.obj
 0001:000021b4       _CRT_INIT                  00000001800031b4 f   msvcrt:crtdll.obj
 0001:0000254c       _DllMainCRTStartup         000000018000354c f   msvcrt:crtdll.obj
 0001:0000258c       __report_gsfailure         000000018000358c f   msvcrt:gs_report.obj
 0001:000026d8       ?__ArrayUnwind@@YAXPEAX_KHP6AX0@Z@Z 00000001800036d8 f   msvcrt:ehvecdtr.obj
 0001:00002724       ??_M@YAXPEAX_KHP6AX0@Z@Z   0000000180003724 f   msvcrt:ehvecdtr.obj
 0001:00002784       __clean_type_info_names    0000000180003784 f   msvcrt:tncleanup.obj
 0001:00002790       _onexit                    0000000180003790 f   msvcrt:atonexit.obj
 0001:00002840       atexit                     0000000180003840 f   msvcrt:atonexit.obj
 0001:00002858       _RTC_Initialize            0000000180003858 f   msvcrt:_initsect_.obj
 0001:00002890       _RTC_Terminate             0000000180003890 f   msvcrt:_initsect_.obj
 0001:000028d0       _ValidateImageBase         00000001800038d0 f   msvcrt:pesect.obj
 0001:00002900       _FindPESection             0000000180003900 f   msvcrt:pesect.obj
 0001:00002950       _IsNonwritableInCurrentImage 0000000180003950 f   msvcrt:pesect.obj
 0001:00002992       _initterm                  0000000180003992 f   msvcrt:MSVCR100.dll
 0001:00002998       _initterm_e                0000000180003998 f   msvcrt:MSVCR100.dll
 0001:0000299e       _amsg_exit                 000000018000399e f   msvcrt:MSVCR100.dll
 0001:000029a4       __C_specific_handler       00000001800039a4 f   msvcrt:MSVCR100.dll
 0001:000029aa       __CppXcptFilter            00000001800039aa f   msvcrt:MSVCR100.dll
 0001:000029b0       __security_init_cookie     00000001800039b0 f   msvcrt:gs_support.obj
 0001:00002a64       __crt_debugger_hook        0000000180003a64 f   msvcrt:MSVCR100.dll
 0001:00002a6a       ?terminate@@YAXXZ          0000000180003a6a f   msvcrt:MSVCR100.dll
 0001:00002a70       ??1type_info@@UEAA@XZ      0000000180003a70 f   msvcrt:MSVCR100.dll
 0001:00002a70       ?_type_info_dtor_internal_method@type_info@@QEAAXXZ 0000000180003a70 f   msvcrt:MSVCR100.dll
 0001:00002a76       __clean_type_info_names_internal 0000000180003a76 f   msvcrt:MSVCR100.dll
 0001:00002a7c       _unlock                    0000000180003a7c f   msvcrt:MSVCR100.dll
 0001:00002a82       __dllonexit                0000000180003a82 f   msvcrt:MSVCR100.dll
 0001:00002a88       _lock                      0000000180003a88 f   msvcrt:MSVCR100.dll
 0001:00002a8e       RtlVirtualUnwind           0000000180003a8e f   kernel32:KERNEL32.dll
 0001:00002a94       RtlLookupFunctionEntry     0000000180003a94 f   kernel32:KERNEL32.dll
 0001:00002a9c       __GSHandlerCheckCommon     0000000180003a9c f   msvcrt:gshandler.obj
 0001:00002b00       __GSHandlerCheck           0000000180003b00 f   msvcrt:gshandler.obj
 0001:00002b30       __chkstk                   0000000180003b30 f   msvcrt:chkstk.obj
 0001:00002b30       _alloca_probe              0000000180003b30     msvcrt:chkstk.obj
 0001:00002b7e       memcpy                     0000000180003b7e f   msvcrt:MSVCR100.dll
 0001:00002b84       memset                     0000000180003b84 f   msvcrt:MSVCR100.dll
 0001:00002b8c       __GSHandlerCheck_EH        0000000180003b8c f   msvcrt:gshandlereh.obj
 0001:00002c1c       __CxxFrameHandler3         0000000180003c1c f   msvcrt:MSVCR100.dll
 0002:00000000       __imp_CreateCompatibleBitmap 0000000180004000     gdi32:GDI32.dll
 0002:00000008       __imp_SetDIBits            0000000180004008     gdi32:GDI32.dll
 0002:00000010       __imp_CreateCompatibleDC   0000000180004010     gdi32:GDI32.dll
 0002:00000018       __imp_GetPaletteEntries    0000000180004018     gdi32:GDI32.dll
 0002:00000020       __imp_SelectObject         0000000180004020     gdi32:GDI32.dll
 0002:00000028       __imp_DeleteObject         0000000180004028     gdi32:GDI32.dll
 0002:00000030       __imp_CreatePalette        0000000180004030     gdi32:GDI32.dll
 0002:00000038       __imp_GetDIBits            0000000180004038     gdi32:GDI32.dll
 0002:00000040       \177GDI32_NULL_THUNK_DATA  0000000180004040     gdi32:GDI32.dll
 0002:00000048       __imp_RtlVirtualUnwind     0000000180004048     kernel32:KERNEL32.dll
 0002:00000050       __imp_IsDebuggerPresent    0000000180004050     kernel32:KERNEL32.dll
 0002:00000058       __imp_SetUnhandledExceptionFilter 0000000180004058     kernel32:KERNEL32.dll
 0002:00000060       __imp_UnhandledExceptionFilter 0000000180004060     kernel32:KERNEL32.dll
 0002:00000068       __imp_GetCurrentProcess    0000000180004068     kernel32:KERNEL32.dll
 0002:00000070       __imp_LoadResource         0000000180004070     kernel32:KERNEL32.dll
 0002:00000078       __imp_GlobalSize           0000000180004078     kernel32:KERNEL32.dll
 0002:00000080       __imp_GlobalLock           0000000180004080     kernel32:KERNEL32.dll
 0002:00000088       __imp_SizeofResource       0000000180004088     kernel32:KERNEL32.dll
 0002:00000090       __imp_GlobalUnlock         0000000180004090     kernel32:KERNEL32.dll
 0002:00000098       __imp_LockResource         0000000180004098     kernel32:KERNEL32.dll
 0002:000000a0       __imp_EncodePointer        00000001800040a0     kernel32:KERNEL32.dll
 0002:000000a8       __imp_DecodePointer        00000001800040a8     kernel32:KERNEL32.dll
 0002:000000b0       __imp_Sleep                00000001800040b0     kernel32:KERNEL32.dll
 0002:000000b8       __imp_TerminateProcess     00000001800040b8     kernel32:KERNEL32.dll
 0002:000000c0       __imp_RtlLookupFunctionEntry 00000001800040c0     kernel32:KERNEL32.dll
 0002:000000c8       __imp_RtlCaptureContext    00000001800040c8     kernel32:KERNEL32.dll
 0002:000000d0       __imp_QueryPerformanceCounter 00000001800040d0     kernel32:KERNEL32.dll
 0002:000000d8       __imp_GetTickCount         00000001800040d8     kernel32:KERNEL32.dll
 0002:000000e0       __imp_GetCurrentThreadId   00000001800040e0     kernel32:KERNEL32.dll
 0002:000000e8       __imp_GetCurrentProcessId  00000001800040e8     kernel32:KERNEL32.dll
 0002:000000f0       __imp_GetSystemTimeAsFileTime 00000001800040f0     kernel32:KERNEL32.dll
 0002:000000f8       __imp_FindResourceW        00000001800040f8     kernel32:KERNEL32.dll
 0002:00000100       \177KERNEL32_NULL_THUNK_DATA 0000000180004100     kernel32:KERNEL32.dll
 0002:00000108       __imp_?terminate@@YAXXZ    0000000180004108     msvcrt:MSVCR100.dll
 0002:00000110       __imp_?_type_info_dtor_internal_method@type_info@@QEAAXXZ 0000000180004110     msvcrt:MSVCR100.dll
 0002:00000118       __imp___clean_type_info_names_internal 0000000180004118     msvcrt:MSVCR100.dll
 0002:00000120       __imp__unlock              0000000180004120     msvcrt:MSVCR100.dll
 0002:00000128       __imp___dllonexit          0000000180004128     msvcrt:MSVCR100.dll
 0002:00000130       __imp__lock                0000000180004130     msvcrt:MSVCR100.dll
 0002:00000138       __imp__onexit              0000000180004138     msvcrt:MSVCR100.dll
 0002:00000140       __imp_memset               0000000180004140     msvcrt:MSVCR100.dll
 0002:00000148       __imp_memcpy               0000000180004148     msvcrt:MSVCR100.dll
 0002:00000150       __imp___crt_debugger_hook  0000000180004150     msvcrt:MSVCR100.dll
 0002:00000158       __imp___CppXcptFilter      0000000180004158     msvcrt:MSVCR100.dll
 0002:00000160       __imp___C_specific_handler 0000000180004160     msvcrt:MSVCR100.dll
 0002:00000168       __imp__amsg_exit           0000000180004168     msvcrt:MSVCR100.dll
 0002:00000170       __imp__encoded_null        0000000180004170     msvcrt:MSVCR100.dll
 0002:00000178       __imp_free                 0000000180004178     msvcrt:MSVCR100.dll
 0002:00000180       __imp__initterm_e          0000000180004180     msvcrt:MSVCR100.dll
 0002:00000188       __imp__malloc_crt          0000000180004188     msvcrt:MSVCR100.dll
 0002:00000190       __imp_??3@YAXPEAX@Z        0000000180004190     msvcrt:MSVCR100.dll
 0002:00000198       __imp_tolower              0000000180004198     msvcrt:MSVCR100.dll
 0002:000001a0       __imp__initterm            00000001800041a0     msvcrt:MSVCR100.dll
 0002:000001a8       __imp___CxxFrameHandler3   00000001800041a8     msvcrt:MSVCR100.dll
 0002:000001b0       \177MSVCR100_NULL_THUNK_DATA 00000001800041b0     msvcrt:MSVCR100.dll
 0002:000001b8       __imp_?ilTexImage@@YAEIIIEIIPEAX@Z 00000001800041b8     resil:ResIL.dll
 0002:000001c0       __imp_?iConvertPal@@YA?AVILpal@@PEAV1@I@Z 00000001800041c0     resil:ResIL.dll
 0002:000001c8       __imp_?iBindImageTemp@@YAXXZ 00000001800041c8     resil:ResIL.dll
 0002:000001d0       __imp_?ilSetCurImage@@YAXPEAUILimage@@@Z 00000001800041d0     resil:ResIL.dll
 0002:000001d8       __imp_?ialloc@@YAPEAX_K@Z  00000001800041d8     resil:ResIL.dll
 0002:000001e0       __imp_?ilTypeFromExt@@YAIPEB_W@Z 00000001800041e0     resil:ResIL.dll
 0002:000001e8       __imp_?ilCloseImage@@YAXPEAX@Z 00000001800041e8     resil:ResIL.dll
 0002:000001f0       __imp_?ifree@@YAXPEBX@Z    00000001800041f0     resil:ResIL.dll
 0002:000001f8       __imp_?ilGetCurImage@@YAPEAUILimage@@XZ 00000001800041f8     resil:ResIL.dll
 0002:00000200       __imp_?ilLoadL@@YAEIPEBXI@Z 0000000180004200     resil:ResIL.dll
 0002:00000208       __imp_?ilLoadImage@@YAEPEB_W@Z 0000000180004208     resil:ResIL.dll
 0002:00000210       __imp_?iGetFlipped@@YAPEAEPEAUILimage@@@Z 0000000180004210     resil:ResIL.dll
 0002:00000218       __imp_?iConvertImage@@YAPEAUILimage@@PEAU1@II@Z 0000000180004218     resil:ResIL.dll
 0002:00000220       __imp_?ilConvertPal@@YAEI@Z 0000000180004220     resil:ResIL.dll
 0002:00000228       __imp_?ilGetCurName@@YAIXZ 0000000180004228     resil:ResIL.dll
 0002:00000230       __imp_?ilBindImage@@YAXI@Z 0000000180004230     resil:ResIL.dll
 0002:00000238       __imp_?ilSaveImage@@YAEPEB_W@Z 0000000180004238     resil:ResIL.dll
 0002:00000240       __imp_?il2SetError@@YAXI@Z 0000000180004240     resil:ResIL.dll
 0002:00000248       \177ResIL_NULL_THUNK_DATA  0000000180004248     resil:ResIL.dll
 0002:00000250       __imp_IsClipboardFormatAvailable 0000000180004250     user32:USER32.dll
 0002:00000258       __imp_SetClipboardData     0000000180004258     user32:USER32.dll
 0002:00000260       __imp_EmptyClipboard       0000000180004260     user32:USER32.dll
 0002:00000268       __imp_ReleaseDC            0000000180004268     user32:USER32.dll
 0002:00000270       __imp_GetClipboardData     0000000180004270     user32:USER32.dll
 0002:00000278       __imp_CloseClipboard       0000000180004278     user32:USER32.dll
 0002:00000280       __imp_OpenClipboard        0000000180004280     user32:USER32.dll
 0002:00000288       __imp_GetDC                0000000180004288     user32:USER32.dll
 0002:00000290       __imp_GetForegroundWindow  0000000180004290     user32:USER32.dll
 0002:00000298       \177USER32_NULL_THUNK_DATA 0000000180004298     user32:USER32.dll
 0002:000002a0       __imp_InternetOpenUrlW     00000001800042a0     wininet:WININET.dll
 0002:000002a8       __imp_InternetReadFile     00000001800042a8     wininet:WININET.dll
 0002:000002b0       __imp_InternetCloseHandle  00000001800042b0     wininet:WININET.dll
 0002:000002b8       __imp_InternetOpenW        00000001800042b8     wininet:WININET.dll
 0002:000002c0       \177WININET_NULL_THUNK_DATA 00000001800042c0     wininet:WININET.dll
 0002:000002c8       __xc_a                     00000001800042c8     msvcrt:cinitexe.obj
 0002:000002d0       __xc_z                     00000001800042d0     msvcrt:cinitexe.obj
 0002:000002d8       __xi_a                     00000001800042d8     msvcrt:cinitexe.obj
 0002:000002e8       __xi_z                     00000001800042e8     msvcrt:cinitexe.obj
 0002:00000318       ??_7type_info@@6B@         0000000180004318     msvcrt:ti_inst.obj
 0002:00000320       _pRawDllMain               0000000180004320     msvcrt:crtdll.obj
 0002:00000320       _pDefaultRawDllMain        0000000180004320     msvcrt:crtdll.obj
 0002:00000340       ??_C@_1GO@EKIKNOBL@?$AAD?$AAe?$AAv?$AAe?$AAl?$AAo?$AAp?$AAe?$AAr?$AA?8?$AAs?$AA?5?$AAI?$AAm?$AAa?$AAg?$AAe?$AA?5?$AAL?$AAi?$AAb?$AAr?$AAa?$AAr?$AAy?$AA?5?$AAU?$AAt?$AAi?$AAl?$AAi?$AAt@ 0000000180004340     ilut_states.obj
 0002:000003b0       ??_C@_1CC@FLLNLNFB@?$AAA?$AAb?$AAy?$AAs?$AAm?$AAa?$AAl?$AA?5?$AAS?$AAo?$AAf?$AAt?$AAw?$AAa?$AAr?$AAe?$AA?$AA@ 00000001800043b0     ilut_states.obj
 0002:000003d8       ??_C@_1DE@LHOEMOEC@?$AAD?$AAe?$AAv?$AAe?$AAl?$AAo?$AAp?$AAe?$AAr?$AA?8?$AAs?$AA?5?$AAI?$AAm?$AAa?$AAg?$AAe?$AA?5?$AAL?$AAi?$AAb?$AAr?$AAa?$AAr?$AAy?$AA?$AA@ 00000001800043d8     ilut_win32.obj
 0002:00000418       ??_7ILpal@@6B@             0000000180004418     ilut_win32.obj
 0002:000004a0       ??_R4type_info@@6B@        00000001800044a0     msvcrt:ti_inst.obj
 0002:000004c8       ??_R3type_info@@8          00000001800044c8     msvcrt:ti_inst.obj
 0002:000004e0       ??_R2type_info@@8          00000001800044e0     msvcrt:ti_inst.obj
 0002:000004f0       ??_R1A@?0A@EA@type_info@@8 00000001800044f0     msvcrt:ti_inst.obj
 0002:00000518       ??_R4ILpal@@6B@            0000000180004518     ilut_win32.obj
 0002:00000540       ??_R3ILpal@@8              0000000180004540     ilut_win32.obj
 0002:00000558       ??_R2ILpal@@8              0000000180004558     ilut_win32.obj
 0002:00000568       ??_R1A@?0A@EA@ILpal@@8     0000000180004568     ilut_win32.obj
 0002:00000590       __rtc_iaa                  0000000180004590     msvcrt:_initsect_.obj
 0002:00000598       __rtc_izz                  0000000180004598     msvcrt:_initsect_.obj
 0002:000005a0       __rtc_taa                  00000001800045a0     msvcrt:_initsect_.obj
 0002:000005a8       __rtc_tzz                  00000001800045a8     msvcrt:_initsect_.obj
 0002:00000af8       __IMPORT_DESCRIPTOR_ResIL  0000000180004af8     resil:ResIL.dll
 0002:00000b0c       __IMPORT_DESCRIPTOR_KERNEL32 0000000180004b0c     kernel32:KERNEL32.dll
 0002:00000b20       __IMPORT_DESCRIPTOR_MSVCR100 0000000180004b20     msvcrt:MSVCR100.dll
 0002:00000b34       __IMPORT_DESCRIPTOR_USER32 0000000180004b34     user32:USER32.dll
 0002:00000b48       __IMPORT_DESCRIPTOR_GDI32  0000000180004b48     gdi32:GDI32.dll
 0002:00000b5c       __IMPORT_DESCRIPTOR_WININET 0000000180004b5c     wininet:WININET.dll
 0002:00000b70       __NULL_IMPORT_DESCRIPTOR   0000000180004b70     resil:ResIL.dll
 0003:00000000       ??_R0?AVtype_info@@@8      0000000180006000     msvcrt:ti_inst.obj
 0003:00000020       __security_cookie          0000000180006020     msvcrt:gs_cookie.obj
 0003:00000028       __security_cookie_complement 0000000180006028     msvcrt:gs_cookie.obj
 0003:00000030       __native_dllmain_reason    0000000180006030     msvcrt:natstart.obj
 0003:00000034       __native_vcclrit_reason    0000000180006034     msvcrt:natstart.obj
 0003:00000038       ?_ilutVendor@@3PEB_WEB     0000000180006038     ilut_states.obj
 0003:00000040       ?_ilutVersion@@3PEB_WEB    0000000180006040     ilut_states.obj
 0003:00000048       ??_R0?AVILpal@@@8          0000000180006048     ilut_win32.obj
 0003:000005f0       ?__type_info_root_node@@3U__type_info_node@@A 00000001800065f0     msvcrt:tncleanup.obj
 0003:00000600       ?ilutStates@@3PAUILUT_STATES@@A 0000000180006600     ilut_states.obj
 0003:00000a80       ?ilutCurImage@@3PEAUILimage@@EA 0000000180006a80     ilut_internal.obj
 0003:00000a88       ?ilutCurrentPos@@3IA       0000000180006a88     ilut_states.obj
 0003:00000a8c       __native_startup_state     0000000180006a8c     <common>
 0003:00000a90       __native_startup_lock      0000000180006a90     <common>
 0003:00000a98       __onexitend                0000000180006a98     <common>
 0003:00000aa0       __onexitbegin              0000000180006aa0     <common>
 0003:00000aa8       __dyn_tls_init_callback    0000000180006aa8     <common>

 entry point at        0001:0000254c

 Static symbols

 0001:00002154       pre_c_init                 0000000180003154 f   msvcrt:crtdll.obj
 0001:00002410       __DllMainCRTStartup        0000000180003410 f   msvcrt:crtdll.obj
 0001:00002c30       __DllMainCRTStartup$filt$0 0000000180003c30 f   msvcrt:crtdll.obj
 0001:00002c60       __DllMainCRTStartup$fin$1  0000000180003c60 f   msvcrt:crtdll.obj
 0001:00002c7a       ?filt$0@?0??__ArrayUnwind@@YAXPEAX_KHP6AX0@Z@Z@4HA 0000000180003c7a f   msvcrt:ehvecdtr.obj
 0001:00002cbb       ?fin$0@?0???_M@YAXPEAX_KHP6AX0@Z@Z@4HA 0000000180003cbb f   msvcrt:ehvecdtr.obj
 0001:00002ce7       _onexit$fin$0              0000000180003ce7 f   msvcrt:atonexit.obj
 0001:00002d10       _IsNonwritableInCurrentImage$filt$0 0000000180003d10 f   msvcrt:pesect.obj
 0001:00002d40       ?dtor$0@?0??ilut2ConvertSliceToHBitmap@@YAPEAUHBITMAP__@@PEAUILimage@@PEAUHDC__@@I@Z@4HA 0000000180003d40 f    CIL library: CIL module
 0001:00002d50       ?dtor$1@?0??ilut2ConvertSliceToHBitmap@@YAPEAUHBITMAP__@@PEAUILimage@@PEAUHDC__@@I@Z@4HA 0000000180003d50 f    CIL library: CIL module
