 ILU

 Timestamp is 5467521a (Sat Nov 15 14:16:10 2014)

 Preferred load address is 10000000

 Start         Length     Name                   Class
 0001:00000000 00015588H .text                   CODE
 0002:00000000 00000160H .idata$5                DATA
 0002:00000160 00000004H .CRT$XCA                DATA
 0002:00000164 00000004H .CRT$XCZ                DATA
 0002:00000168 00000004H .CRT$XIA                DATA
 0002:0000016c 00000010H .CRT$XIC                DATA
 0002:0000017c 00000004H .CRT$XIZ                DATA
 0002:00000180 00000004H .CRT$XPA                DATA
 0002:00000184 00000004H .CRT$XPZ                DATA
 0002:00000188 00000004H .CRT$XTA                DATA
 0002:0000018c 00000004H .CRT$XTZ                DATA
 0002:00000190 00008bd8H .rdata                  DATA
 0002:00008d68 0000004dH .rdata$debug            DATA
 0002:00008dc0 0000000cH .rdata$sxdata           DATA
 0002:00008dcc 00000004H .rtc$IAA                DATA
 0002:00008dd0 00000004H .rtc$IZZ                DATA
 0002:00008dd4 00000004H .rtc$TAA                DATA
 0002:00008dd8 00000004H .rtc$TZZ                DATA
 0002:00008de0 000001ccH .xdata$x                DATA
 0002:00008fac 00000028H .idata$2                DATA
 0002:00008fd4 00000014H .idata$3                DATA
 0002:00008fe8 00000160H .idata$4                DATA
 0002:00009148 00000604H .idata$6                DATA
 0002:00009750 000008acH .edata                  DATA
 0003:00000000 00001310H .data                   DATA
 0003:00001320 00000f00H .bss                    DATA

  Address         Publics by Value              Rva+Base       Lib:Object

 0000:00000000       __except_list              00000000     <absolute>
 0000:00000003       ___safe_se_handler_count   00000003     <absolute>
 0000:00000000       ___ImageBase               10000000     <linker-defined>
 0001:00000000       ?iluErrorString@@YGPB_WI@Z 10001000 f   ilu_api1.obj
 0001:00000010       ?ilu2SetLanguage@@YGEI@Z   10001010 f   ilu_error.obj
 0001:00000010       ?iluSetLanguage@@YGEI@Z    10001010 f   ilu_api1.obj
 0001:00000070       ?iluPixelize@@YGEI@Z       10001070 f   ilu_api1.obj
 0001:00000090       ?iluEdgeDetectP@@YGEXZ     10001090 f   ilu_api1.obj
 0001:000000a0       ?iluEdgeDetectS@@YGEXZ     100010a0 f   ilu_api1.obj
 0001:000000b0       ?iluBlurAvg@@YGEI@Z        100010b0 f   ilu_api1.obj
 0001:000000d0       ?iluBlurGaussian@@YGEI@Z   100010d0 f   ilu_api1.obj
 0001:000000f0       ?iluEmboss@@YGEXZ          100010f0 f   ilu_api1.obj
 0001:00000100       ?iluEdgeDetectE@@YGEXZ     10001100 f   ilu_api1.obj
 0001:00000110       ?iluScaleAlpha@@YGEM@Z     10001110 f   ilu_api1.obj
 0001:00000130       ?iluScaleColours@@YGEMMM@Z 10001130 f   ilu_api1.obj
 0001:00000160       ?iluGammaCorrect@@YGEM@Z   10001160 f   ilu_api1.obj
 0001:00000180       ?iluSaturate1f@@YGEM@Z     10001180 f   ilu_api1.obj
 0001:000001c0       ?iluSaturate4f@@YGEMMMM@Z  100011c0 f   ilu_api1.obj
 0001:00000200       ?iluAlienify@@YGEXZ        10001200 f   ilu_api1.obj
 0001:00000210       ?iluContrast@@YGEM@Z       10001210 f   ilu_api1.obj
 0001:00000230       ?iluSharpen@@YGEMI@Z       10001230 f   ilu_api1.obj
 0001:00000250       ?iluConvolution@@YGEPAHHH@Z 10001250 f   ilu_api1.obj
 0001:00000270       ?iluEnlargeImage@@YGEMMM@Z 10001270 f   ilu_api1.obj
 0001:000002a0       ?iluScale@@YGEIII@Z        100012a0 f   ilu_api1.obj
 0001:000002c0       ?iluCompareImage@@YGEI@Z   100012c0 f   ilu_api1.obj
 0001:00000300       ?iluLoadImage@@YGIPB_W@Z   10001300 f   ilu_api1.obj
 0001:00000350       ?iluCrop@@YGEIIIIII@Z      10001350 f   ilu_api1.obj
 0001:000003a0       ?iluEnlargeCanvas@@YGEIII@Z 100013a0 f   ilu_api1.obj
 0001:000003c0       ?iluFlipImage@@YGEXZ       100013c0 f   ilu_api1.obj
 0001:00000400       ?iluMirror@@YGEXZ          10001400 f   ilu_api1.obj
 0001:00000410       ?iluInvertAlpha@@YGEXZ     10001410 f   ilu_api1.obj
 0001:00000420       ?iluNegative@@YGEXZ        10001420 f   ilu_api1.obj
 0001:00000430       ?iluWave@@YGEM@Z           10001430 f   ilu_api1.obj
 0001:00000450       ?iluSwapColours@@YGEXZ     10001450 f   ilu_api1.obj
 0001:00000460       ?iluColoursUsed@@YGIXZ     10001460 f   ilu_api1.obj
 0001:00000470       ?iluReplaceColour@@YGEEEEM@Z 10001470 f   ilu_api1.obj
 0001:000004a0       ?iluEqualize@@YGEXZ        100014a0 f   ilu_api1.obj
 0001:000004b0       ?iluBuildMipmaps@@YGEXZ    100014b0 f   ilu_api1.obj
 0001:00000500       ?iluNoisify@@YGEM@Z        10001500 f   ilu_api1.obj
 0001:00000520       ?iluGetString@@YGPA_WI@Z   10001520 f   ilu_api1.obj
 0001:00000520       ?ilu2GetString@@YGPA_WI@Z  10001520 f   ilu_states.obj
 0001:00000560       ?iluInit@@YGXXZ            10001560 f   ilu_api1.obj
 0001:00000560       ?ilu2Init@@YGXXZ           10001560 f   ilu_main.obj
 0001:00000590       ?iluRotate3D@@YGEMMMM@Z    10001590 f   ilu_api1.obj
 0001:000005a0       ?iluRotate@@YGEM@Z         100015a0 f   ilu_api1.obj
 0001:000005c0       ?ilu2ErrorString@@YGPB_WI@Z 100015c0 f   ilu_error.obj
 0001:00000630       ?setRGBA@ILpal@@QAEEIEEEE@Z 10001630 f i ilu_filter.obj
 0001:000006a0       ?setRGB@ILpal@@QAEEIEEE@Z  100016a0 f i ilu_filter.obj
 0001:000006f0       ?getRGB@ILpal@@QAEEIAAE00@Z 100016f0 f i ilu_filter.obj
 0001:00000750       ?ilu2Pixelize@@YGEPAUILimage@@I@Z 10001750 f   ilu_filter.obj
 0001:000012a0       ?Filter@@YAPAEPAUILimage@@PBHHH@Z 100022a0 f   ilu_filter.obj
 0001:00001d30       ?ilu2EdgeDetectP@@YGEPAUILimage@@@Z 10002d30 f   ilu_filter.obj
 0001:00001ef0       ?ilu2EdgeDetectS@@YGEPAUILimage@@@Z 10002ef0 f   ilu_filter.obj
 0001:000020b0       ?ilu2BlurAvg@@YGEPAUILimage@@I@Z 100030b0 f   ilu_filter.obj
 0001:000021a0       ?ilu2BlurGaussian@@YGEPAUILimage@@I@Z 100031a0 f   ilu_filter.obj
 0001:00002290       ?ilu2Emboss@@YGEPAUILimage@@@Z 10003290 f   ilu_filter.obj
 0001:00002370       ?ilu2EdgeDetectE@@YGEPAUILimage@@@Z 10003370 f   ilu_filter.obj
 0001:00002450       ?ilu2ScaleAlpha@@YGEPAUILimage@@M@Z 10003450 f   ilu_filter.obj
 0001:000025c0       ?ilu2ScaleColours@@YGEPAUILimage@@MMM@Z 100035c0 f   ilu_filter.obj
 0001:00002b90       ?ilu2GammaCorrect@@YGEPAUILimage@@M@Z 10003b90 f   ilu_filter.obj
 0001:00002e80       ?iApplyMatrix@@YAXPAUILimage@@QAY03M@Z 10003e80 f   ilu_filter.obj
 0001:00003090       ?ilu2Saturate4f@@YGEPAUILimage@@MMMM@Z 10004090 f   ilu_filter.obj
 0001:00003140       ?ilu2Saturate1f@@YGEPAUILimage@@M@Z 10004140 f   ilu_filter.obj
 0001:00003180       ?ilu2Alienify@@YGEPAUILimage@@@Z 10004180 f   ilu_filter.obj
 0001:000033c0       ?iIntExtImg@@YAXPAUILimage@@0M@Z 100043c0 f   ilu_filter.obj
 0001:00003430       ?ilu2Contrast@@YGEPAUILimage@@M@Z 10004430 f   ilu_filter.obj
 0001:00003510       ?ilu2Sharpen@@YGEPAUILimage@@MI@Z 10004510 f   ilu_filter.obj
 0001:000035d0       ?ilu2Convolution@@YGEPAUILimage@@PAHHH@Z 100045d0 f   ilu_filter.obj
 0001:000036b0       ?filter@@YANN@Z            100046b0 f   ilu_filter_rcg.obj
 0001:000036f0       ?box_filter@@YANN@Z        100046f0 f   ilu_filter_rcg.obj
 0001:00003720       ?triangle_filter@@YANN@Z   10004720 f   ilu_filter_rcg.obj
 0001:00003750       ?bell_filter@@YANN@Z       10004750 f   ilu_filter_rcg.obj
 0001:000037b0       ?B_spline_filter@@YANN@Z   100047b0 f   ilu_filter_rcg.obj
 0001:00003810       ?Lanczos3_filter@@YANN@Z   10004810 f   ilu_filter_rcg.obj
 0001:000038c0       ?Mitchell_filter@@YANN@Z   100048c0 f   ilu_filter_rcg.obj
 0001:00003950       ?calc_x_contrib@@YAHPAUCLIST@@NNHHP6ANN@ZH@Z 10004950 f   ilu_filter_rcg.obj
 0001:00003b50       ?zoom@@YAHPAUILimage@@0P6ANN@ZN@Z 10004b50 f   ilu_filter_rcg.obj
 0001:00004220       ?ilu2ScaleAdvanced@@YAIPAUILimage@@III@Z 10005220 f   ilu_filter_rcg.obj
 0001:000043c0       _DllMain@12                100053c0 f   ilu_main.obj
 0001:000043d0       ?ilu2LoadImage@@YGPAUILimage@@PB_W@Z 100053d0 f   ilu_main.obj
 0001:00004410       ?ilu2Crop2D@@YAEPAUILimage@@IIII@Z 10005410 f   ilu_manip.obj
 0001:00004540       ?ilu2Crop3D@@YAEPAUILimage@@IIIIII@Z 10005540 f   ilu_manip.obj
 0001:000046d0       ?ilu2Crop@@YGEPAUILimage@@IIIIII@Z 100056d0 f   ilu_manip.obj
 0001:00004720       ?ilu2EnlargeCanvas@@YGEPAUILimage@@III@Z 10005720 f   ilu_manip.obj
 0001:00004930       ?ilu2FlipImage@@YGEPAUILimage@@@Z 10005930 f   ilu_manip.obj
 0001:00004970       ?ilu2Mirror@@YGEPAUILimage@@@Z 10005970 f   ilu_manip.obj
 0001:00004980       ?ilu2InvertAlpha@@YGEPAUILimage@@@Z 10005980 f   ilu_manip.obj
 0001:00004b70       ?ilu2Negative@@YGEPAUILimage@@@Z 10005b70 f   ilu_manip.obj
 0001:00004d80       ?ilu2Wave@@YGEPAUILimage@@M@Z 10005d80 f   ilu_manip.obj
 0001:00004f20       ?ilu2SwapColours@@YGEPAUILimage@@@Z 10005f20 f   ilu_manip.obj
 0001:000050b0       ?ilu2ColoursUsed@@YGIPAUILimage@@@Z 100060b0 f   ilu_manip.obj
 0001:00005350       ?ilu2CompareImage@@YGEPAUILimage@@0@Z 10006350 f   ilu_manip.obj
 0001:000053f0       ?ilu2ReplaceColour@@YGEPAUILimage@@EEEM@Z 100063f0 f   ilu_manip.obj
 0001:00005680       ?ilu2Equalize@@YGEPAUILimage@@@Z 10006680 f   ilu_manip.obj
 0001:00005a30       ?iBuildMipmaps@@YAEPAUILimage@@III@Z 10006a30 f   ilu_mipmap.obj
 0001:00005ab0       ?ilu2BuildMipmaps@@YGEPAUILimage@@@Z 10006ab0 f   ilu_mipmap.obj
 0001:00005b10       ?ilu2Noisify@@YGEPAUILimage@@M@Z 10006b10 f   ilu_noise.obj
 0001:00005db0       ?MakeEdgeRec@@YAXUILpointi@@0HPAUEdge@@QAPAU2@@Z 10006db0 f   ilu_region.obj
 0001:00005e20       ?BuildEdgeList@@YAXIPAUILpointi@@PAPAUEdge@@@Z 10006e20 f   ilu_region.obj
 0001:00005f40       ?FillScan@@YAXPAUILimage@@HPAUEdge@@@Z 10006f40 f   ilu_region.obj
 0001:00005fc0       ?ResortActiveList@@YAXPAUEdge@@@Z 10006fc0 f   ilu_region.obj
 0001:00006010       ?iScanFill@@YAPAEPAUILimage@@@Z 10007010 f   ilu_region.obj
 0001:000062d0       ?use@ILpal@@QAEEHPAEI@Z    100072d0 f i ilu_rotate.obj
 0001:000063d0       ??4ILpal@@QAEXABV0@@Z      100073d0 f i ilu_rotate.obj
 0001:00006420       ?ilu2Rotate3D@@YGEPAUILimage@@MMMM@Z 10007420 f   ilu_rotate.obj
 0001:00006430       ?ilu2Rotate_@@YGPAUILimage@@PAU1@M@Z 10007430 f   ilu_rotate.obj
 0001:00007460       ?iluRotate3D_@@YGPAUILimage@@PAU1@MMMM@Z 10008460 f   ilu_rotate.obj
 0001:00007470       ?ilu2Rotate@@YGEPAUILimage@@M@Z 10008470 f   ilu_rotate.obj
 0001:00007550       ?ilu2EnlargeImage@@YGEPAUILimage@@MMM@Z 10008550 f   ilu_scale.obj
 0001:00007640       ?ilu2Scale@@YGEPAUILimage@@III@Z 10008640 f   ilu_scale.obj
 0001:00007850       ?iluScale_@@YGPAUILimage@@PAU1@III@Z 10008850 f   ilu_scale.obj
 0001:00007970       ?iluScale1D_@@YAPAUILimage@@PAU1@0I@Z 10008970 f   ilu_scale.obj
 0001:00007fd0       ?iluScale2D_@@YAPAUILimage@@PAU1@0II@Z 10008fd0 f   ilu_scale2d.obj
 0001:000080a0       ?iluScale2DNear_@@YAPAUILimage@@PAU1@0II@Z 100090a0 f   ilu_scale2d.obj
 0001:000084f0       ?iluScale2DLinear_@@YAPAUILimage@@PAU1@0II@Z 100094f0 f   ilu_scale2d.obj
 0001:00008c00       ?iluScale2DBilinear_@@YAPAUILimage@@PAU1@0II@Z 10009c00 f   ilu_scale2d.obj
 0001:00009de0       ?iluScale3D_@@YAPAUILimage@@PAU1@0III@Z 1000ade0 f   ilu_scale3d.obj
 0001:00009e90       ?iluScale3DNear_@@YAPAUILimage@@PAU1@0III@Z 1000ae90 f   ilu_scale3d.obj
 0001:0000a490       ?ilu2GetIntegerv@@YGXIPAH@Z 1000b490 f   ilu_states.obj
 0001:0000a490       ?iluGetIntegerv@@YGXIPAH@Z 1000b490 f   ilu_api1.obj
 0001:0000a4d0       ?iluGetInteger@@YGHI@Z     1000b4d0 f   ilu_api1.obj
 0001:0000a4d0       ?ilu2GetInteger@@YGHI@Z    1000b4d0 f   ilu_states.obj
 0001:0000a510       ?ilu2ImageParameter@@YGXII@Z 1000b510 f   ilu_states.obj
 0001:0000a510       ?iluImageParameter@@YGXII@Z 1000b510 f   ilu_api1.obj
 0001:0000a567       @__security_check_cookie@4 1000b567 f   libcmt:secchk.obj
 0001:0000a580       _ceil                      1000b580 f   libcmt:_ceil_pentium4_.obj
 0001:0000a5c0       __ceil_pentium4            1000b5c0 f   libcmt:_ceil_pentium4_.obj
 0001:0000a69d       _free                      1000b69d f   libcmt:free.obj
 0001:0000a6d7       _rand                      1000b6d7 f   libcmt:rand.obj
 0001:0000a6f8       __CRT_INIT@12              1000b6f8 f   libcmt:dllcrt0.obj
 0001:0000a952       __DllMainCRTStartup@12     1000b952 f   libcmt:dllcrt0.obj
 0001:0000a975       ___report_gsfailure        1000b975 f   libcmt:gs_report.obj
 0001:0000aa7b       ___libm_error_support      1000ba7b f   libcmt:_libm_error_.obj
 0001:0000ad47       __sse2_mathfcns_init       1000bd47 f   libcmt:_mathfcns_.obj
 0001:0000ad57       __ceil_default             1000bd57 f   libcmt:_ceil_.obj
 0001:0000ae2f       __get_errno_from_oserr     1000be2f f   libcmt:dosmap.obj
 0001:0000ae71       __errno                    1000be71 f   libcmt:dosmap.obj
 0001:0000ae84       __heap_init                1000be84 f   libcmt:heapinit.obj
 0001:0000aea2       __heap_term                1000bea2 f   libcmt:heapinit.obj
 0001:0000aeb6       __encoded_null             1000beb6 f   libcmt:tidtable.obj
 0001:0000aebf       ___crtTlsAlloc@4           1000bebf f   libcmt:tidtable.obj
 0001:0000aec8       ___set_flsgetvalue         1000bec8 f   libcmt:tidtable.obj
 0001:0000aefc       __mtterm                   1000befc f   libcmt:tidtable.obj
 0001:0000af39       __initptd                  1000bf39 f   libcmt:tidtable.obj
 0001:0000afed       __getptd_noexit            1000bfed f   libcmt:tidtable.obj
 0001:0000b066       __getptd                   1000c066 f   libcmt:tidtable.obj
 0001:0000b080       __freefls@4                1000c080 f   libcmt:tidtable.obj
 0001:0000b1af       __freeptd                  1000c1af f   libcmt:tidtable.obj
 0001:0000b21d       __mtinit                   1000c21d f   libcmt:tidtable.obj
 0001:0000b398       __malloc_crt               1000c398 f   libcmt:crtheap.obj
 0001:0000b3dd       __calloc_crt               1000c3dd f   libcmt:crtheap.obj
 0001:0000b429       __realloc_crt              1000c429 f   libcmt:crtheap.obj
 0001:0000b477       ___crtCorExitProcess       1000c477 f   libcmt:crt0dat.obj
 0001:0000b4a2       ___crtExitProcess          1000c4a2 f   libcmt:crt0dat.obj
 0001:0000b4ba       __lockexit                 1000c4ba f   libcmt:crt0dat.obj
 0001:0000b4c3       __unlockexit               1000c4c3 f   libcmt:crt0dat.obj
 0001:0000b4cc       __init_pointers            1000c4cc f   libcmt:crt0dat.obj
 0001:0000b4ff       __initterm_e               1000c4ff f   libcmt:crt0dat.obj
 0001:0000b523       __cinit                    1000c523 f   libcmt:crt0dat.obj
 0001:0000b6fa       __exit                     1000c6fa f   libcmt:crt0dat.obj
 0001:0000b710       __cexit                    1000c710 f   libcmt:crt0dat.obj
 0001:0000b71f       __amsg_exit                1000c71f f   libcmt:crt0dat.obj
 0001:0000b73d       __ioinit                   1000c73d f   libcmt:ioinit.obj
 0001:0000b982       __ioterm                   1000c982 f   libcmt:ioinit.obj
 0001:0000b9d5       __setenvp                  1000c9d5 f   libcmt:stdenvp.obj
 0001:0000bc4b       __setargv                  1000cc4b f   libcmt:stdargv.obj
 0001:0000bd06       ___crtGetEnvironmentStringsA 1000cd06 f   libcmt:a_env.obj
 0001:0000bd9d       __RTC_Initialize           1000cd9d f   libcmt:_initsect_.obj
 0001:0000bdc3       __RTC_Terminate            1000cdc3 f   libcmt:_initsect_.obj
 0001:0000bdf0       __SEH_prolog4              1000cdf0 f   libcmt:sehprolg4.obj
 0001:0000be35       __SEH_epilog4              1000ce35 f   libcmt:sehprolg4.obj
 0001:0000be50       __except_handler4          1000ce50 f   libcmt:chandler4.obj
 0001:0000bfdf       __XcptFilter               1000cfdf f   libcmt:winxfltr.obj
 0001:0000c129       ___CppXcptFilter           1000d129 f   libcmt:winxfltr.obj
 0001:0000c149       ___security_init_cookie    1000d149 f   libcmt:gs_support.obj
 0001:0000c1e4       __crt_debugger_hook        1000d1e4 f   libcmt:dbghook.obj
 0001:0000c1ec       __matherr                  1000d1ec f   libcmt:_matherr_.obj
 0001:0000c1ef       __cfltcvt_init             1000d1ef f   libcmt:_fpinit_.obj
 0001:0000c24f       __fpmath                   1000d24f f   libcmt:_fpinit_.obj
 0001:0000c268       ___sse2_available_init     1000d268 f   libcmt:cpu_disp.obj
 0001:0000c278       __raise_exc_ex             1000d278 f   libcmt:_fpexcept_.obj
 0001:0000c554       __raise_exc                1000d554 f   libcmt:_fpexcept_.obj
 0001:0000c577       __handle_exc               1000d577 f   libcmt:_fpexcept_.obj
 0001:0000c75b       __set_errno_from_matherr   1000d75b f   libcmt:_fpexcept_.obj
 0001:0000c788       __errcode                  1000d788 f   libcmt:_fpexcept_.obj
 0001:0000c7bc       __umatherr                 1000d7bc f   libcmt:_fpexcept_.obj
 0001:0000c85c       __handle_qnan1             1000d85c f   libcmt:_fpexcept_.obj
 0001:0000c8b1       __except1                  1000d8b1 f   libcmt:_fpexcept_.obj
 0001:0000c97b       __frnd                     1000d97b f   libcmt:_frnd_.obj
 0001:0000c98f       __set_exp                  1000d98f f   libcmt:_util_.obj
 0001:0000c9bc       __sptype                   1000d9bc f   libcmt:_util_.obj
 0001:0000ca22       __decomp                   1000da22 f   libcmt:_util_.obj
 0001:0000cae5       __statfp                   1000dae5 f   libcmt:_fpctrl_.obj
 0001:0000caf5       __clrfp                    1000daf5 f   libcmt:_fpctrl_.obj
 0001:0000cb06       __ctrlfp                   1000db06 f   libcmt:_fpctrl_.obj
 0001:0000cb31       __set_statfp               1000db31 f   libcmt:_fpctrl_.obj
 0001:0000cb89       ___set_fpsr_sse2           1000db89 f   libcmt:_fpctrl_.obj
 0001:0000cbfb       __initp_misc_invarg        1000dbfb f   libcmt:invarg.obj
 0001:0000cc0a       __call_reportfault         1000dc0a f   libcmt:invarg.obj
 0001:0000cd33       __invoke_watson            1000dd33 f   libcmt:invarg.obj
 0001:0000cd58       __invalid_parameter        1000dd58 f   libcmt:invarg.obj
 0001:0000cd85       __invalid_parameter_noinfo 1000dd85 f   libcmt:invarg.obj
 0001:0000cd95       __mtinitlocks              1000dd95 f   libcmt:mlock.obj
 0001:0000cddf       __mtdeletelocks            1000dddf f   libcmt:mlock.obj
 0001:0000ce36       __unlock                   1000de36 f   libcmt:mlock.obj
 0001:0000ce4d       __mtinitlocknum            1000de4d f   libcmt:mlock.obj
 0001:0000cf0f       __lock                     1000df0f f   libcmt:mlock.obj
 0001:0000cf42       ___addlocaleref            1000df42 f   libcmt:localref.obj
 0001:0000cfd1       ___removelocaleref         1000dfd1 f   libcmt:localref.obj
 0001:0000d06a       ___freetlocinfo            1000e06a f   libcmt:localref.obj
 0001:0000d1b5       __updatetlocinfoEx_nolock  1000e1b5 f   libcmt:localref.obj
 0001:0000d202       ___updatetlocinfo          1000e202 f   libcmt:localref.obj
 0001:0000d49e       ___updatetmbcinfo          1000e49e f   libcmt:mbctype.obj
 0001:0000d542       ??0_LocaleUpdate@@QAE@PAUlocaleinfo_struct@@@Z 1000e542 f i libcmt:mbctype.obj
 0001:0000d645       __setmbcp_nolock           1000e645 f   libcmt:mbctype.obj
 0001:0000d82e       __setmbcp                  1000e82e f   libcmt:mbctype.obj
 0001:0000d9c8       ___initmbctable            1000e9c8 f   libcmt:mbctype.obj
 0001:0000d9e6       _malloc                    1000e9e6 f   libcmt:malloc.obj
 0001:0000da7a       __calloc_impl              1000ea7a f   libcmt:calloc_impl.obj
 0001:0000dafc       _realloc                   1000eafc f   libcmt:realloc.obj
 0001:0000dba9       ?terminate@@YAXXZ          1000eba9 f   libcmt:hooks.obj
 0001:0000dbe2       __initp_eh_hooks           1000ebe2 f   libcmt:hooks.obj
 0001:0000dbf3       __initp_misc_winsig        1000ebf3 f   libcmt:winsig.obj
 0001:0000dc48       ___get_sigabrt             1000ec48 f   libcmt:winsig.obj
 0001:0000dc55       _raise                     1000ec55 f   libcmt:winsig.obj
 0001:0000ddf8       __initp_misc_rand_s        1000edf8 f   libcmt:rand_s.obj
 0001:0000de07       __initp_misc_purevirt      1000ee07 f   libcmt:inithelp.obj
 0001:0000de16       __initp_heap_handler       1000ee16 f   libcmt:handler.obj
 0001:0000de25       __callnewh                 1000ee25 f   libcmt:handler.obj
 0001:0000df03       ___onexitinit              1000ef03 f   libcmt:onexit.obj
 0001:0000df34       __onexit                   1000ef34 f   libcmt:onexit.obj
 0001:0000df70       _atexit                    1000ef70 f   libcmt:onexit.obj
 0001:0000df87       __initp_misc_cfltcvt_tab   1000ef87 f   libcmt:cmiscdat.obj
 0001:0000dfb0       __ValidateImageBase        1000efb0 f   libcmt:pesect.obj
 0001:0000dff0       __FindPESection            1000eff0 f   libcmt:pesect.obj
 0001:0000e040       __IsNonwritableInCurrentImage 1000f040 f   libcmt:pesect.obj
 0001:0000e0fc       __GET_RTERRMSG             1000f0fc f   libcmt:crt0msg.obj
 0001:0000e122       __NMSG_WRITE               1000f122 f   libcmt:crt0msg.obj
 0001:0000e2d1       __FF_MSGBANNER             1000f2d1 f   libcmt:crt0msg.obj
 0001:0000e30a       _strcpy_s                  1000f30a f   libcmt:strcpy_s.obj
 0001:0000e370       _strlen                    1000f370 f   libcmt:strlen.obj
 0001:0000e44e       __ismbblead                1000f44e f   libcmt:ismbbyte.obj
 0001:0000e470       __local_unwind4            1000f470 f   libcmt:exsup4.obj
 0001:0000e546       __seh_longjmp_unwind4@4    1000f546 f   libcmt:exsup4.obj
 0001:0000e562       @_EH4_CallFilterFunc@8     1000f562 f   libcmt:exsup4.obj
 0001:0000e579       @_EH4_TransferToHandler@8  1000f579 f   libcmt:exsup4.obj
 0001:0000e592       @_EH4_GlobalUnwind2@8      1000f592 f   libcmt:exsup4.obj
 0001:0000e5ab       @_EH4_LocalUnwind@16       1000f5ab f   libcmt:exsup4.obj
 0001:0000e5c2       __forcdecpt_l              1000f5c2 f   libcmt:cvt.obj
 0001:0000e636       __cropzeros_l              1000f636 f   libcmt:cvt.obj
 0001:0000e6b8       __positive                 1000f6b8 f   libcmt:cvt.obj
 0001:0000e6d4       __fassign_l                1000f6d4 f   libcmt:cvt.obj
 0001:0000e716       __fassign                  1000f716 f   libcmt:cvt.obj
 0001:0000e74f       __forcdecpt                1000f74f f   libcmt:cvt.obj
 0001:0000e762       __cropzeros                1000f762 f   libcmt:cvt.obj
 0001:0000e8d6       __cftoe_l                  1000f8d6 f   libcmt:cvt.obj
 0001:0000e99d       __cftoe                    1000f99d f   libcmt:cvt.obj
 0001:0000e9bd       __cftoa_l                  1000f9bd f   libcmt:cvt.obj
 0001:0000ee36       __cftof_l                  1000fe36 f   libcmt:cvt.obj
 0001:0000eef7       __cftog_l                  1000fef7 f   libcmt:cvt.obj
 0001:0000efe4       __cfltcvt_l                1000ffe4 f   libcmt:cvt.obj
 0001:0000f06c       __cfltcvt                  1001006c f   libcmt:cvt.obj
 0001:0000f08f       __setdefaultprecision      1001008f f   libcmt:fp8.obj
 0001:0000f0c0       _memset                    100100c0 f   libcmt:memset.obj
 0001:0000f13a       ___free_lc_time            1001013a f   libcmt:inittime.obj
 0001:0000f4b1       ___free_lconv_num          100104b1 f   libcmt:initnum.obj
 0001:0000f51a       ___free_lconv_mon          1001051a f   libcmt:initmon.obj
 0001:0000f618       __freea                    10010618 f i libcmt:a_map.obj
 0001:0000f81f       ___crtLCMapStringA         1001081f f   libcmt:a_map.obj
 0001:0000f94c       ___crtGetStringTypeA       1001094c f   libcmt:a_str.obj
 0001:0000f98c       __msize                    1001098c f   libcmt:msize.obj
 0001:0000f9bf       _abort                     100109bf f   libcmt:abort.obj
 0001:0000fa00       _memcpy                    10010a00 f   libcmt:memcpy.obj
 0001:0000fd61       __fptrap                   10010d61 f   libcmt:crt0fp.obj
 0001:0000fd6a       ___crtMessageBoxW          10010d6a f   libcmt:crtmboxw.obj
 0001:0000fed6       _wcscat_s                  10010ed6 f   libcmt:wcscat_s.obj
 0001:0000ff4b       _wcsncpy_s                 10010f4b f   libcmt:wcsncpy_s.obj
 0001:00010018       _wcslen                    10011018 f   libcmt:wcslen.obj
 0001:00010033       _wcscpy_s                  10011033 f   libcmt:wcscpy_s.obj
 0001:00010096       __set_error_mode           10011096 f   libcmt:errmode.obj
 0001:000100e0       __global_unwind2           100110e0 f   libcmt:exsup.obj
 0001:00010145       __local_unwind2            10011145 f   libcmt:exsup.obj
 0001:000101c9       __abnormal_termination     100111c9 f   libcmt:exsup.obj
 0001:000101ec       __NLG_Notify1              100111ec f   libcmt:exsup.obj
 0001:000101f5       __NLG_Notify               100111f5 f   libcmt:exsup.obj
 0001:0001020c       __NLG_Dispatch             1001120c     libcmt:exsup.obj
 0001:0001020c       __NLG_Dispatch2            1001120c     libcmt:exsup.obj
 0001:00010214       __NLG_Call                 10011214 f   libcmt:exsup.obj
 0001:00010216       __NLG_Return2              10011216     libcmt:exsup.obj
 0001:00010220       _strrchr                   10011220 f   libcmt:strrchr.obj
 0001:0001024d       __isdigit_l                1001124d f i libcmt:_ctype.obj
 0001:0001029e       _isdigit                   1001129e f i libcmt:_ctype.obj
 0001:000102cc       __tolower_l                100112cc f   libcmt:tolower.obj
 0001:000103e1       _tolower                   100113e1 f   libcmt:tolower.obj
 0001:0001040d       __atodbl_l                 1001140d f   libcmt:atodbl.obj
 0001:000104b5       __atoflt_l                 100114b5 f   libcmt:atodbl.obj
 0001:00010560       _memmove                   10011560 f   libcmt:memmove.obj
 0001:000108c1       __fptostr                  100118c1 f   libcmt:_fptostr.obj
 0001:00010974       ___dtold                   10011974 f   libcmt:_cfout_.obj
 0001:00010a27       __fltout2                  10011a27 f   libcmt:_cfout_.obj
 0001:00010ac0       __alldvrm                  10011ac0 f   libcmt:lldvrm.obj
 0001:00010ba0       __aullshr                  10011ba0 f   libcmt:ullshr.obj
 0001:00010bbf       __controlfp_s              10011bbf f   libcmt:_contrlfp_.obj
 0001:00010c1e       __VEC_memzero              10011c1e f   libcmt:p4_memset.obj
 0001:00010ce0       __alloca_probe_16          10011ce0 f   libcmt:alloca16.obj
 0001:00010cf6       __alloca_probe_8           10011cf6     libcmt:alloca16.obj
 0001:00010d0c       __VEC_memcpy               10011d0c f   libcmt:p4_memcpy.obj
 0001:00010e0f       __isctype_l                10011e0f f   libcmt:isctype.obj
 0001:00010ec7       __isleadbyte_l             10011ec7 f i libcmt:_wctype.obj
 0001:00010eff       __ld12tod                  10011eff f   libcmt:_intrncvt_.obj
 0001:00011450       __ld12tof                  10012450 f   libcmt:_intrncvt_.obj
 0001:000119a1       ___strgtold12_l            100129a1 f   libcmt:_strgtold_.obj
 0001:0001207d       _$I10_OUTPUT               1001307d f   libcmt:_x10fout_.obj
 0001:00012aa3       __control87                10013aa3 f i libcmt:_ieee87_.obj
 0001:00012dc0       __chkstk                   10013dc0 f   libcmt:chkstk.obj
 0001:00012dc0       __alloca_probe             10013dc0     libcmt:chkstk.obj
 0001:00012df0       _strcspn                   10013df0 f   libcmt:strcspn.obj
 0001:00012e40       _strcmp                    10013e40 f   libcmt:strcmp.obj
 0001:00012ed0       _strpbrk                   10013ed0 f   libcmt:strpbrk.obj
 0001:00012f10       ___mtold12                 10013f10 f   libcmt:_mantold_.obj
 0001:00013100       ___ascii_strnicmp          10014100 f   libcmt:_strnicm.obj
 0001:00013170       __aulldvrm                 10014170 f   libcmt:ulldvrm.obj
 0001:00013210       __allmul                   10014210 f   libcmt:llmul.obj
 0001:00013244       _RtlUnwind@16              10014244 f   kernel32:KERNEL32.dll
 0001:00013250       _cos                       10014250 f   libcmt:_cos_.obj
 0001:00013290       __CIcos                    10014290 f   libcmt:_cos_.obj
 0001:000132cb       __CIcos_default            100142cb f   libcmt:_cos_.obj
 0001:000132df       __cos_default              100142df     libcmt:_cos_.obj
 0001:00013380       __ftol2_sse                10014380 f   libcmt:ftol2.obj
 0001:00013389       __ftol2_pentium4           10014389 f   libcmt:ftol2.obj
 0001:0001339c       __ftol2_sse_excpt          1001439c f   libcmt:ftol2.obj
 0001:000133b6       __ftol2                    100143b6 f   libcmt:ftol2.obj
 0001:00013430       _sin                       10014430 f   libcmt:_sin_.obj
 0001:00013470       __CIsin                    10014470 f   libcmt:_sin_.obj
 0001:000134ab       __CIsin_default            100144ab f   libcmt:_sin_.obj
 0001:000134bf       __sin_default              100144bf     libcmt:_sin_.obj
 0001:00013560       _fmod                      10014560 f   libcmt:_87fmod_.obj
 0001:0001356a       __CIfmod                   1001456a f   libcmt:_87fmod_.obj
 0001:00013590       __CIsqrt                   10014590 f   libcmt:_sqrt_.obj
 0001:000135a4       _sqrt                      100145a4     libcmt:_sqrt_.obj
 0001:00013650       _floor                     10014650 f   libcmt:_floor_pentium4_.obj
 0001:00013690       __floor_pentium4           10014690 f   libcmt:_floor_pentium4_.obj
 0001:00013780       _pow                       10014780 f   libcmt:_pow_.obj
 0001:000137c0       __CIpow                    100147c0 f   libcmt:_pow_.obj
 0001:000137fb       __CIpow_default            100147fb f   libcmt:_pow_.obj
 0001:00013814       __pow_default              10014814     libcmt:_pow_.obj
 0001:00013a10       __CIcos_pentium4           10014a10 f   libcmt:_cos_pentium4_.obj
 0001:00013a28       __cos_pentium4             10014a28     libcmt:_cos_pentium4_.obj
 0001:00013bc0       __trandisp1                10014bc0 f   libcmt:_87disp_.obj
 0001:00013c27       __trandisp2                10014c27 f   libcmt:_87disp_.obj
 0001:00013cb3       __rttospopde               10014cb3     libcmt:_87disp_.obj
 0001:00013cb8       __rttospop                 10014cb8     libcmt:_87disp_.obj
 0001:00013cba       __rtnospop                 10014cba     libcmt:_87disp_.obj
 0001:00013cbc       __rttosnpop                10014cbc     libcmt:_87disp_.obj
 0001:00013cbd       __rtnospopde               10014cbd     libcmt:_87disp_.obj
 0001:00013cc4       __rtzeropop                10014cc4     libcmt:_87disp_.obj
 0001:00013cc6       __rtzeronpop               10014cc6     libcmt:_87disp_.obj
 0001:00013ccb       __rtonepop                 10014ccb     libcmt:_87disp_.obj
 0001:00013ccd       __rtonenpop                10014ccd     libcmt:_87disp_.obj
 0001:00013cd2       __tosnan1                  10014cd2     libcmt:_87disp_.obj
 0001:00013cfd       __nosnan2                  10014cfd     libcmt:_87disp_.obj
 0001:00013cff       __tosnan2                  10014cff     libcmt:_87disp_.obj
 0001:00013d27       __nan2                     10014d27     libcmt:_87disp_.obj
 0001:00013d66       __rtindfpop                10014d66     libcmt:_87disp_.obj
 0001:00013d68       __rtindfnpop               10014d68     libcmt:_87disp_.obj
 0001:00013d79       __rttosnpopde              10014d79     libcmt:_87disp_.obj
 0001:00013d83       __rtchsifneg               10014d83     libcmt:_87disp_.obj
 0001:00013d90       __twoToTOS                 10014d90 f   libcmt:_common_.obj
 0001:00013da5       __load_CW                  10014da5 f   libcmt:_common_.obj
 0001:00013dbc       __convertTOStoQNaN         10014dbc f   libcmt:_common_.obj
 0001:00013dd5       __fload_withFB             10014dd5 f   libcmt:_common_.obj
 0001:00013e18       __checkTOS_withFB          10014e18 f   libcmt:_common_.obj
 0001:00013e2e       __fast_exit                10014e2e f   libcmt:_common_.obj
 0001:00013e3b       __math_exit                10014e3b f   libcmt:_common_.obj
 0001:00013e65       __check_overflow_exit      10014e65 f   libcmt:_common_.obj
 0001:00013e79       __check_range_exit         10014e79 f   libcmt:_common_.obj
 0001:00013f20       __startTwoArgErrorHandling 10014f20 f   libcmt:_genexcep_.obj
 0001:00013f37       __startOneArgErrorHandling 10014f37 f   libcmt:_genexcep_.obj
 0001:00013f90       __CIsin_pentium4           10014f90 f   libcmt:_sin_pentium4_.obj
 0001:00013fa8       __sin_pentium4             10014fa8     libcmt:_sin_pentium4_.obj
 0001:00014160       __cintrindisp2             10015160 f   libcmt:_87cdisp_.obj
 0001:0001419e       __cintrindisp1             1001519e f   libcmt:_87cdisp_.obj
 0001:000141db       __ctrandisp2               100151db f   libcmt:_87cdisp_.obj
 0001:0001436a       __ctrandisp1               1001536a f   libcmt:_87cdisp_.obj
 0001:0001439d       __fload                    1001539d f   libcmt:_87cdisp_.obj
 0001:000143d9       __floor_default            100153d9 f   libcmt:_floor_.obj
 0001:000144c0       __CIpow_pentium4           100154c0 f   libcmt:_pow_pentium4_.obj
 0001:000144d9       __pow_pentium4             100154d9     libcmt:_pow_pentium4_.obj
 0001:00015031       __fFEXP                    10016031     libcmt:_87tran_.obj
 0001:00015088       __rtinfpopse               10016088     libcmt:_87tran_.obj
 0001:0001508a       __rtinfnpopse              1001608a     libcmt:_87tran_.obj
 0001:0001509a       __fFLN                     1001609a     libcmt:_87tran_.obj
 0001:0001514f       __rtinfpop                 1001614f     libcmt:_87tran_.obj
 0001:00015151       __rtinfnpop                10016151     libcmt:_87tran_.obj
 0001:0001516e       __ffexpm1                  1001616e     libcmt:_87tran_.obj
 0001:00015217       __d_inttype                10016217 f   libcmt:_powhlp_.obj
 0001:00015281       __powhlp                   10016281 f   libcmt:_powhlp_.obj
 0001:000153ac       __87except                 100163ac f   libcmt:_87except_.obj
 0001:000154eb       __fpclass                  100164eb f   libcmt:_ieeemisc_.obj
 0002:00000000       __imp__TlsFree@4           10017000     kernel32:KERNEL32.dll
 0002:00000004       __imp__HeapSize@12         10017004     kernel32:KERNEL32.dll
 0002:00000008       __imp__GetStringTypeW@16   10017008     kernel32:KERNEL32.dll
 0002:0000000c       __imp__MultiByteToWideChar@24 1001700c     kernel32:KERNEL32.dll
 0002:00000010       __imp__LCMapStringW@24     10017010     kernel32:KERNEL32.dll
 0002:00000014       __imp__RtlUnwind@16        10017014     kernel32:KERNEL32.dll
 0002:00000018       __imp__GetModuleFileNameW@12 10017018     kernel32:KERNEL32.dll
 0002:0000001c       __imp__WriteFile@20        1001701c     kernel32:KERNEL32.dll
 0002:00000020       __imp__LoadLibraryW@4      10017020     kernel32:KERNEL32.dll
 0002:00000024       __imp__HeapReAlloc@16      10017024     kernel32:KERNEL32.dll
 0002:00000028       __imp__HeapAlloc@12        10017028     kernel32:KERNEL32.dll
 0002:0000002c       __imp__IsValidCodePage@4   1001702c     kernel32:KERNEL32.dll
 0002:00000030       __imp__GetOEMCP@0          10017030     kernel32:KERNEL32.dll
 0002:00000034       __imp__GetACP@0            10017034     kernel32:KERNEL32.dll
 0002:00000038       __imp__GetCPInfo@8         10017038     kernel32:KERNEL32.dll
 0002:0000003c       __imp__EnterCriticalSection@4 1001703c     kernel32:KERNEL32.dll
 0002:00000040       __imp__LeaveCriticalSection@4 10017040     kernel32:KERNEL32.dll
 0002:00000044       __imp__RaiseException@16   10017044     kernel32:KERNEL32.dll
 0002:00000048       __imp__GetSystemTimeAsFileTime@4 10017048     kernel32:KERNEL32.dll
 0002:0000004c       __imp__GetCurrentProcessId@0 1001704c     kernel32:KERNEL32.dll
 0002:00000050       __imp__GetTickCount@0      10017050     kernel32:KERNEL32.dll
 0002:00000054       __imp__QueryPerformanceCounter@4 10017054     kernel32:KERNEL32.dll
 0002:00000058       __imp__GetEnvironmentStringsW@0 10017058     kernel32:KERNEL32.dll
 0002:0000005c       __imp__GetLastError@0      1001705c     kernel32:KERNEL32.dll
 0002:00000060       __imp__HeapFree@12         10017060     kernel32:KERNEL32.dll
 0002:00000064       __imp__GetCurrentThreadId@0 10017064     kernel32:KERNEL32.dll
 0002:00000068       __imp__DecodePointer@4     10017068     kernel32:KERNEL32.dll
 0002:0000006c       __imp__GetCommandLineA@0   1001706c     kernel32:KERNEL32.dll
 0002:00000070       __imp__TerminateProcess@8  10017070     kernel32:KERNEL32.dll
 0002:00000074       __imp__GetCurrentProcess@0 10017074     kernel32:KERNEL32.dll
 0002:00000078       __imp__UnhandledExceptionFilter@4 10017078     kernel32:KERNEL32.dll
 0002:0000007c       __imp__SetUnhandledExceptionFilter@4 1001707c     kernel32:KERNEL32.dll
 0002:00000080       __imp__IsDebuggerPresent@0 10017080     kernel32:KERNEL32.dll
 0002:00000084       __imp__EncodePointer@4     10017084     kernel32:KERNEL32.dll
 0002:00000088       __imp__IsProcessorFeaturePresent@4 10017088     kernel32:KERNEL32.dll
 0002:0000008c       __imp__HeapCreate@12       1001708c     kernel32:KERNEL32.dll
 0002:00000090       __imp__HeapDestroy@4       10017090     kernel32:KERNEL32.dll
 0002:00000094       __imp__TlsAlloc@0          10017094     kernel32:KERNEL32.dll
 0002:00000098       __imp__TlsGetValue@4       10017098     kernel32:KERNEL32.dll
 0002:0000009c       __imp__TlsSetValue@8       1001709c     kernel32:KERNEL32.dll
 0002:000000a0       __imp__InterlockedIncrement@4 100170a0     kernel32:KERNEL32.dll
 0002:000000a4       __imp__GetModuleHandleW@4  100170a4     kernel32:KERNEL32.dll
 0002:000000a8       __imp__SetLastError@4      100170a8     kernel32:KERNEL32.dll
 0002:000000ac       __imp__InterlockedDecrement@4 100170ac     kernel32:KERNEL32.dll
 0002:000000b0       __imp__GetProcAddress@8    100170b0     kernel32:KERNEL32.dll
 0002:000000b4       __imp__Sleep@4             100170b4     kernel32:KERNEL32.dll
 0002:000000b8       __imp__ExitProcess@4       100170b8     kernel32:KERNEL32.dll
 0002:000000bc       __imp__SetHandleCount@4    100170bc     kernel32:KERNEL32.dll
 0002:000000c0       __imp__GetStdHandle@4      100170c0     kernel32:KERNEL32.dll
 0002:000000c4       __imp__InitializeCriticalSectionAndSpinCount@8 100170c4     kernel32:KERNEL32.dll
 0002:000000c8       __imp__GetFileType@4       100170c8     kernel32:KERNEL32.dll
 0002:000000cc       __imp__GetStartupInfoW@4   100170cc     kernel32:KERNEL32.dll
 0002:000000d0       __imp__DeleteCriticalSection@4 100170d0     kernel32:KERNEL32.dll
 0002:000000d4       __imp__GetModuleFileNameA@12 100170d4     kernel32:KERNEL32.dll
 0002:000000d8       __imp__FreeEnvironmentStringsW@4 100170d8     kernel32:KERNEL32.dll
 0002:000000dc       __imp__WideCharToMultiByte@32 100170dc     kernel32:KERNEL32.dll
 0002:000000e0       \177KERNEL32_NULL_THUNK_DATA 100170e0     kernel32:KERNEL32.dll
 0002:000000e4       __imp_?il2ResizeImage@@YGEPAUILimage@@IIIEE@Z 100170e4     resil:ResIL.dll
 0002:000000e8       __imp_?il2GetClear@@YGXPAXII@Z 100170e8     resil:ResIL.dll
 0002:000000ec       __imp_?iFlipBuffer@@YGXPAEIII@Z 100170ec     resil:ResIL.dll
 0002:000000f0       __imp_?ilGetBppPal@@YGEI@Z 100170f0     resil:ResIL.dll
 0002:000000f4       __imp_?il2ClearImage@@YGEPAUILimage@@@Z 100170f4     resil:ResIL.dll
 0002:000000f8       __imp_?il2ConvertPal@@YGEPAUILimage@@I@Z 100170f8     resil:ResIL.dll
 0002:000000fc       __imp_?iConvertImage@@YGPAUILimage@@PAU1@II@Z 100170fc     resil:ResIL.dll
 0002:00000100       __imp_?iMirror@@YGEPAUILimage@@@Z 10017100     resil:ResIL.dll
 0002:00000104       __imp_?il2LoadImage@@YGEPAUILimage@@PB_W@Z 10017104     resil:ResIL.dll
 0002:00000108       __imp_?il2GenImage@@YGPAUILimage@@XZ 10017108     resil:ResIL.dll
 0002:0000010c       __imp_?il2DeleteImage@@YGXPAUILimage@@@Z 1001710c     resil:ResIL.dll
 0002:00000110       __imp_?il2TexImage@@YGEPAUILimage@@IIIEIIPAX@Z 10017110     resil:ResIL.dll
 0002:00000114       __imp_?icalloc@@YGPAXII@Z  10017114     resil:ResIL.dll
 0002:00000118       __imp_?il2NewImage@@YGPAUILimage@@IIIEE@Z 10017118     resil:ResIL.dll
 0002:0000011c       __imp_?ilSetCurImage@@YGXPAUILimage@@@Z 1001711c     resil:ResIL.dll
 0002:00000120       __imp_?ialloc@@YGPAXI@Z    10017120     resil:ResIL.dll
 0002:00000124       __imp_?il2ConvertImage@@YGEPAUILimage@@II@Z 10017124     resil:ResIL.dll
 0002:00000128       __imp_?il2CopyPixels@@YGIPAUILimage@@IIIIIIIIPAX@Z 10017128     resil:ResIL.dll
 0002:0000012c       __imp_?il2GetImageInteger@@YGXPAUILimage@@IPAH@Z 1001712c     resil:ResIL.dll
 0002:00000130       __imp_?ilCloseImage@@YGXPAX@Z 10017130     resil:ResIL.dll
 0002:00000134       __imp_?ifree@@YGXPBX@Z     10017134     resil:ResIL.dll
 0002:00000138       __imp_?il2CopyImageAttr@@YGEPAUILimage@@0@Z 10017138     resil:ResIL.dll
 0002:0000013c       __imp_?ilGetPalBaseType@@YGII@Z 1001713c     resil:ResIL.dll
 0002:00000140       __imp_?il2SetError@@YGXI@Z 10017140     resil:ResIL.dll
 0002:00000144       __imp_?ilGetCurImage@@YGPAUILimage@@XZ 10017144     resil:ResIL.dll
 0002:00000148       __imp_?ilDeleteImages@@YGXIPBI@Z 10017148     resil:ResIL.dll
 0002:0000014c       __imp_?ilLoadImage@@YGEPB_W@Z 1001714c     resil:ResIL.dll
 0002:00000150       __imp_?ilGetCurName@@YGIXZ 10017150     resil:ResIL.dll
 0002:00000154       __imp_?ilBindImage@@YGXI@Z 10017154     resil:ResIL.dll
 0002:00000158       __imp_?ilGenImages@@YGXIPAI@Z 10017158     resil:ResIL.dll
 0002:0000015c       \177ResIL_NULL_THUNK_DATA  1001715c     resil:ResIL.dll
 0002:00000160       ___xc_a                    10017160     libcmt:crt0init.obj
 0002:00000164       ___xc_z                    10017164     libcmt:crt0init.obj
 0002:00000168       ___xi_a                    10017168     libcmt:crt0init.obj
 0002:0000017c       ___xi_z                    1001717c     libcmt:crt0init.obj
 0002:00000180       ___xp_a                    10017180     libcmt:crt0init.obj
 0002:00000184       ___xp_z                    10017184     libcmt:crt0init.obj
 0002:00000188       ___xt_a                    10017188     libcmt:crt0init.obj
 0002:0000018c       ___xt_z                    1001718c     libcmt:crt0init.obj
 0002:000001f8       __pRawDllMain              100171f8     libcmt:dllcrt0.obj
 0002:000001f8       __pDefaultRawDllMain       100171f8     libcmt:dllcrt0.obj
 0002:00000270       ??_C@_03IIINPABG@tan?$AA@  10017270     libcmt:_libm_error_.obj
 0002:00000274       ??_C@_03LALBNOCG@cos?$AA@  10017274     libcmt:_libm_error_.obj
 0002:00000278       ??_C@_03BLEJJJBH@sin?$AA@  10017278     libcmt:_libm_error_.obj
 0002:0000027c       ??_C@_04EHEDPDJG@modf?$AA@ 1001727c     libcmt:_libm_error_.obj
 0002:00000284       ??_C@_05PBJFFIGL@floor?$AA@ 10017284     libcmt:_libm_error_.obj
 0002:0000028c       ??_C@_04GFPJNGEK@ceil?$AA@ 1001728c     libcmt:_libm_error_.obj
 0002:00000294       ??_C@_04MLLJIGOK@atan?$AA@ 10017294     libcmt:_libm_error_.obj
 0002:0000029c       ??_C@_05EOHGHCHD@exp10?$AA@ 1001729c     libcmt:_libm_error_.obj
 0002:000002a4       ??_C@_04PDIFKINK@acos?$AA@ 100172a4     libcmt:_libm_error_.obj
 0002:000002ac       ??_C@_04FIHNOPOL@asin?$AA@ 100172ac     libcmt:_libm_error_.obj
 0002:000002b4       ??_C@_03MGHMBJCF@log?$AA@  100172b4     libcmt:_libm_error_.obj
 0002:000002b8       ??_C@_05HGHHAHAP@log10?$AA@ 100172b8     libcmt:_libm_error_.obj
 0002:000002c0       ??_C@_03KHJOGHMM@exp?$AA@  100172c0     libcmt:_libm_error_.obj
 0002:000002c4       ??_C@_03JGHBODFD@pow?$AA@  100172c4     libcmt:_libm_error_.obj
 0002:000002c8       ??_C@_1BK@DBDEIDLH@?$AAK?$AAE?$AAR?$AAN?$AAE?$AAL?$AA3?$AA2?$AA?4?$AAD?$AAL?$AAL?$AA?$AA@ 100172c8     libcmt:tidtable.obj
 0002:000002e4       ??_C@_07PEJMOBNF@FlsFree?$AA@ 100172e4     libcmt:tidtable.obj
 0002:000002ec       ??_C@_0M@JCPCPOEF@FlsSetValue?$AA@ 100172ec     libcmt:tidtable.obj
 0002:000002f8       ??_C@_0M@GDNOONDI@FlsGetValue?$AA@ 100172f8     libcmt:tidtable.obj
 0002:00000304       ??_C@_08KNHFBNJ@FlsAlloc?$AA@ 10017304     libcmt:tidtable.obj
 0002:00000310       ??_C@_0P@MIGLKIOC@CorExitProcess?$AA@ 10017310     libcmt:crt0dat.obj
 0002:00000320       ??_C@_1BI@BGOHAHKC@?$AAm?$AAs?$AAc?$AAo?$AAr?$AAe?$AAe?$AA?4?$AAd?$AAl?$AAl?$AA?$AA@ 10017320     libcmt:crt0dat.obj
 0002:00000338       __XcptActTab               10017338     libcmt:winxfltr.obj
 0002:000003c8       __First_FPE_Indx           100173c8     libcmt:winxfltr.obj
 0002:000003cc       __Num_FPE                  100173cc     libcmt:winxfltr.obj
 0002:000003d0       __XcptActTabSize           100173d0     libcmt:winxfltr.obj
 0002:000003d4       __XcptActTabCount          100173d4     libcmt:winxfltr.obj
 0002:000003d8       __FPinit                   100173d8     libcmt:_fpinit_.obj
 0002:000003dc       ??_C@_0L@KDOEJCKC@_nextafter?$AA@ 100173dc     libcmt:_fpexcept_.obj
 0002:000003e8       ??_C@_05JGDBENOH@_logb?$AA@ 100173e8     libcmt:_fpexcept_.obj
 0002:000003f0       ??_C@_03ONILCKOB@_yn?$AA@  100173f0     libcmt:_fpexcept_.obj
 0002:000003f4       ??_C@_03NAKIGLHK@_y1?$AA@  100173f4     libcmt:_fpexcept_.obj
 0002:000003f8       ??_C@_03MJLDFKDL@_y0?$AA@  100173f8     libcmt:_fpexcept_.obj
 0002:000003fc       ??_C@_05GKKHEGJL@frexp?$AA@ 100173fc     libcmt:_fpexcept_.obj
 0002:00000404       ??_C@_04KEPJIHGP@fmod?$AA@ 10017404     libcmt:_fpexcept_.obj
 0002:0000040c       ??_C@_06MEIMCGCF@_hypot?$AA@ 1001740c     libcmt:_fpexcept_.obj
 0002:00000414       ??_C@_05KBKMEMPO@_cabs?$AA@ 10017414     libcmt:_fpexcept_.obj
 0002:0000041c       ??_C@_05CEJMAHNP@ldexp?$AA@ 1001741c     libcmt:_fpexcept_.obj
 0002:00000424       ??_C@_04ODHECPBC@fabs?$AA@ 10017424     libcmt:_fpexcept_.obj
 0002:0000042c       ??_C@_04EIAKFFMI@sqrt?$AA@ 1001742c     libcmt:_fpexcept_.obj
 0002:00000434       ??_C@_05KNGEOGJB@atan2?$AA@ 10017434     libcmt:_fpexcept_.obj
 0002:0000043c       ??_C@_04FJHINJAO@tanh?$AA@ 1001743c     libcmt:_fpexcept_.obj
 0002:00000444       ??_C@_04HPJJNFIM@cosh?$AA@ 10017444     libcmt:_fpexcept_.obj
 0002:0000044c       ??_C@_04COOMCNPB@sinh?$AA@ 1001744c     libcmt:_fpexcept_.obj
 0002:00000454       ??_C@_1BC@GDGBMEMK@?$AAH?$AAH?$AA?3?$AAm?$AAm?$AA?3?$AAs?$AAs?$AA?$AA@ 10017454     libcmt:nlsdata2.obj
 0002:00000468       ??_C@_1CI@KNAKOEBC@?$AAd?$AAd?$AAd?$AAd?$AA?0?$AA?5?$AAM?$AAM?$AAM?$AAM?$AA?5?$AAd?$AAd?$AA?0?$AA?5?$AAy?$AAy?$AAy?$AAy?$AA?$AA@ 10017468     libcmt:nlsdata2.obj
 0002:00000490       ??_C@_1BC@IEBCMHCM@?$AAM?$AAM?$AA?1?$AAd?$AAd?$AA?1?$AAy?$AAy?$AA?$AA@ 10017490     libcmt:nlsdata2.obj
 0002:000004a4       ??_C@_15CLMNNGEL@?$AAP?$AAM?$AA?$AA@ 100174a4     libcmt:nlsdata2.obj
 0002:000004ac       ??_C@_15ODEHAHHF@?$AAA?$AAM?$AA?$AA@ 100174ac     libcmt:nlsdata2.obj
 0002:000004b4       ??_C@_1BC@FEMKIFH@?$AAD?$AAe?$AAc?$AAe?$AAm?$AAb?$AAe?$AAr?$AA?$AA@ 100174b4     libcmt:nlsdata2.obj
 0002:000004c8       ??_C@_1BC@BGLIFPF@?$AAN?$AAo?$AAv?$AAe?$AAm?$AAb?$AAe?$AAr?$AA?$AA@ 100174c8     libcmt:nlsdata2.obj
 0002:000004dc       ??_C@_1BA@EPANDLNG@?$AAO?$AAc?$AAt?$AAo?$AAb?$AAe?$AAr?$AA?$AA@ 100174dc     libcmt:nlsdata2.obj
 0002:000004ec       ??_C@_1BE@DKAAMBJL@?$AAS?$AAe?$AAp?$AAt?$AAe?$AAm?$AAb?$AAe?$AAr?$AA?$AA@ 100174ec     libcmt:nlsdata2.obj
 0002:00000500       ??_C@_1O@PAHLKOAC@?$AAA?$AAu?$AAg?$AAu?$AAs?$AAt?$AA?$AA@ 10017500     libcmt:nlsdata2.obj
 0002:00000510       ??_C@_19BIFMLPCD@?$AAJ?$AAu?$AAl?$AAy?$AA?$AA@ 10017510     libcmt:nlsdata2.obj
 0002:0000051c       ??_C@_19EPFLPGAP@?$AAJ?$AAu?$AAn?$AAe?$AA?$AA@ 1001751c     libcmt:nlsdata2.obj
 0002:00000528       ??_C@_1M@GJNLMHFD@?$AAA?$AAp?$AAr?$AAi?$AAl?$AA?$AA@ 10017528     libcmt:nlsdata2.obj
 0002:00000534       ??_C@_1M@IKEENEDF@?$AAM?$AAa?$AAr?$AAc?$AAh?$AA?$AA@ 10017534     libcmt:nlsdata2.obj
 0002:00000540       ??_C@_1BC@JGDDFFAM@?$AAF?$AAe?$AAb?$AAr?$AAu?$AAa?$AAr?$AAy?$AA?$AA@ 10017540     libcmt:nlsdata2.obj
 0002:00000554       ??_C@_1BA@EFMEIEBA@?$AAJ?$AAa?$AAn?$AAu?$AAa?$AAr?$AAy?$AA?$AA@ 10017554     libcmt:nlsdata2.obj
 0002:00000564       ??_C@_17EGKACKIF@?$AAD?$AAe?$AAc?$AA?$AA@ 10017564     libcmt:nlsdata2.obj
 0002:0000056c       ??_C@_17BBDMLCIG@?$AAN?$AAo?$AAv?$AA?$AA@ 1001756c     libcmt:nlsdata2.obj
 0002:00000574       ??_C@_17FNLKOI@?$AAO?$AAc?$AAt?$AA?$AA@ 10017574     libcmt:nlsdata2.obj
 0002:0000057c       ??_C@_17HCHCOKMG@?$AAS?$AAe?$AAp?$AA?$AA@ 1001757c     libcmt:nlsdata2.obj
 0002:00000584       ??_C@_17ICPELBCN@?$AAA?$AAu?$AAg?$AA?$AA@ 10017584     libcmt:nlsdata2.obj
 0002:0000058c       ??_C@_17IJPCKHK@?$AAJ?$AAu?$AAl?$AA?$AA@ 1001758c     libcmt:nlsdata2.obj
 0002:00000594       ??_C@_17KCJGOCPB@?$AAJ?$AAu?$AAn?$AA?$AA@ 10017594     libcmt:nlsdata2.obj
 0002:0000059c       ??_C@_17PNNKMEED@?$AAM?$AAa?$AAy?$AA?$AA@ 1001759c     libcmt:nlsdata2.obj
 0002:000005a4       ??_C@_17LFPOIHDD@?$AAA?$AAp?$AAr?$AA?$AA@ 100175a4     libcmt:nlsdata2.obj
 0002:000005ac       ??_C@_17CKNLEDEC@?$AAM?$AAa?$AAr?$AA?$AA@ 100175ac     libcmt:nlsdata2.obj
 0002:000005b4       ??_C@_17LMDJEKJN@?$AAF?$AAe?$AAb?$AA?$AA@ 100175b4     libcmt:nlsdata2.obj
 0002:000005bc       ??_C@_17DKNBKCHM@?$AAJ?$AAa?$AAn?$AA?$AA@ 100175bc     libcmt:nlsdata2.obj
 0002:000005c4       ??_C@_1BC@ENMNNPAJ@?$AAS?$AAa?$AAt?$AAu?$AAr?$AAd?$AAa?$AAy?$AA?$AA@ 100175c4     libcmt:nlsdata2.obj
 0002:000005d8       ??_C@_1O@PDICJHAG@?$AAF?$AAr?$AAi?$AAd?$AAa?$AAy?$AA?$AA@ 100175d8     libcmt:nlsdata2.obj
 0002:000005e8       ??_C@_1BC@HHMNLIHE@?$AAT?$AAh?$AAu?$AAr?$AAs?$AAd?$AAa?$AAy?$AA?$AA@ 100175e8     libcmt:nlsdata2.obj
 0002:000005fc       ??_C@_1BE@EBOGMDOH@?$AAW?$AAe?$AAd?$AAn?$AAe?$AAs?$AAd?$AAa?$AAy?$AA?$AA@ 100175fc     libcmt:nlsdata2.obj
 0002:00000610       ??_C@_1BA@ENFBFFEK@?$AAT?$AAu?$AAe?$AAs?$AAd?$AAa?$AAy?$AA?$AA@ 10017610     libcmt:nlsdata2.obj
 0002:00000620       ??_C@_1O@MMNBFLIA@?$AAM?$AAo?$AAn?$AAd?$AAa?$AAy?$AA?$AA@ 10017620     libcmt:nlsdata2.obj
 0002:00000630       ??_C@_1O@IHNHDHPB@?$AAS?$AAu?$AAn?$AAd?$AAa?$AAy?$AA?$AA@ 10017630     libcmt:nlsdata2.obj
 0002:00000640       ??_C@_17GGIBDPIH@?$AAS?$AAa?$AAt?$AA?$AA@ 10017640     libcmt:nlsdata2.obj
 0002:00000648       ??_C@_17HFOLPPLP@?$AAF?$AAr?$AAi?$AA?$AA@ 10017648     libcmt:nlsdata2.obj
 0002:00000650       ??_C@_17PDPHAADD@?$AAT?$AAh?$AAu?$AA?$AA@ 10017650     libcmt:nlsdata2.obj
 0002:00000658       ??_C@_17CJEDCEPE@?$AAW?$AAe?$AAd?$AA?$AA@ 10017658     libcmt:nlsdata2.obj
 0002:00000660       ??_C@_17BMKGEGOJ@?$AAT?$AAu?$AAe?$AA?$AA@ 10017660     libcmt:nlsdata2.obj
 0002:00000668       ??_C@_17KBOMKBF@?$AAM?$AAo?$AAn?$AA?$AA@ 10017668     libcmt:nlsdata2.obj
 0002:00000670       ??_C@_17MBGCMIPB@?$AAS?$AAu?$AAn?$AA?$AA@ 10017670     libcmt:nlsdata2.obj
 0002:00000678       ??_C@_08JCCMCCIL@HH?3mm?3ss?$AA@ 10017678     libcmt:nlsdata2.obj
 0002:00000684       ??_C@_0BE@CKGJFCPC@dddd?0?5MMMM?5dd?0?5yyyy?$AA@ 10017684     libcmt:nlsdata2.obj
 0002:00000698       ??_C@_08BPBNCDIB@MM?1dd?1yy?$AA@ 10017698     libcmt:nlsdata2.obj
 0002:000006a4       ??_C@_02CJNFDJBF@PM?$AA@   100176a4     libcmt:nlsdata2.obj
 0002:000006a8       ??_C@_02DEDBPAFC@AM?$AA@   100176a8     libcmt:nlsdata2.obj
 0002:000006ac       ??_C@_08EDHMEBNP@December?$AA@ 100176ac     libcmt:nlsdata2.obj
 0002:000006b8       ??_C@_08HCHEGEOA@November?$AA@ 100176b8     libcmt:nlsdata2.obj
 0002:000006c4       ??_C@_07JJNFCEND@October?$AA@ 100176c4     libcmt:nlsdata2.obj
 0002:000006cc       ??_C@_09BHHEALKD@September?$AA@ 100176cc     libcmt:nlsdata2.obj
 0002:000006d8       ??_C@_06LBBHFDDG@August?$AA@ 100176d8     libcmt:nlsdata2.obj
 0002:000006e0       ??_C@_04MIEPOIFP@July?$AA@ 100176e0     libcmt:nlsdata2.obj
 0002:000006e8       ??_C@_04CNLMGBGM@June?$AA@ 100176e8     libcmt:nlsdata2.obj
 0002:000006f0       ??_C@_05DMJDNLEJ@April?$AA@ 100176f0     libcmt:nlsdata2.obj
 0002:000006f8       ??_C@_05HPCKOFNC@March?$AA@ 100176f8     libcmt:nlsdata2.obj
 0002:00000700       ??_C@_08GNJGEPFN@February?$AA@ 10017700     libcmt:nlsdata2.obj
 0002:0000070c       ??_C@_07CGJPFGJA@January?$AA@ 1001770c     libcmt:nlsdata2.obj
 0002:00000714       ??_C@_03MKABNOCG@Dec?$AA@  10017714     libcmt:nlsdata2.obj
 0002:00000718       ??_C@_03JPJOFNIA@Nov?$AA@  10017718     libcmt:nlsdata2.obj
 0002:0000071c       ??_C@_03BMAOKBAD@Oct?$AA@  1001771c     libcmt:nlsdata2.obj
 0002:00000720       ??_C@_03GGCAPAJC@Sep?$AA@  10017720     libcmt:nlsdata2.obj
 0002:00000724       ??_C@_03IFJFEIGA@Aug?$AA@  10017724     libcmt:nlsdata2.obj
 0002:00000728       ??_C@_03LBGABGKK@Jul?$AA@  10017728     libcmt:nlsdata2.obj
 0002:0000072c       ??_C@_03IDFGHECI@Jun?$AA@  1001772c     libcmt:nlsdata2.obj
 0002:00000730       ??_C@_03CNMDKL@May?$AA@    10017730     libcmt:nlsdata2.obj
 0002:00000734       ??_C@_03LEOLGMJP@Apr?$AA@  10017734     libcmt:nlsdata2.obj
 0002:00000738       ??_C@_03ODNJBKGA@Mar?$AA@  10017738     libcmt:nlsdata2.obj
 0002:0000073c       ??_C@_03HJBDCHOM@Feb?$AA@  1001773c     libcmt:nlsdata2.obj
 0002:00000740       ??_C@_03JIHJHPIE@Jan?$AA@  10017740     libcmt:nlsdata2.obj
 0002:00000744       ??_C@_08INBOOONO@Saturday?$AA@ 10017744     libcmt:nlsdata2.obj
 0002:00000750       ??_C@_06JECMNKMI@Friday?$AA@ 10017750     libcmt:nlsdata2.obj
 0002:00000758       ??_C@_08HACCIKIA@Thursday?$AA@ 10017758     libcmt:nlsdata2.obj
 0002:00000764       ??_C@_09DLIGFAKA@Wednesday?$AA@ 10017764     libcmt:nlsdata2.obj
 0002:00000770       ??_C@_07BAAGCFCM@Tuesday?$AA@ 10017770     libcmt:nlsdata2.obj
 0002:00000778       ??_C@_06JLEDEDGH@Monday?$AA@ 10017778     libcmt:nlsdata2.obj
 0002:00000780       ??_C@_06OOPIFAJ@Sunday?$AA@ 10017780     libcmt:nlsdata2.obj
 0002:00000788       ??_C@_03FEFJNEK@Sat?$AA@   10017788     libcmt:nlsdata2.obj
 0002:0000078c       ??_C@_03IDIOELNC@Fri?$AA@  1001778c     libcmt:nlsdata2.obj
 0002:00000790       ??_C@_03IOFIKPDN@Thu?$AA@  10017790     libcmt:nlsdata2.obj
 0002:00000794       ??_C@_03MHOMLAJA@Wed?$AA@  10017794     libcmt:nlsdata2.obj
 0002:00000798       ??_C@_03NAGEINEP@Tue?$AA@  10017798     libcmt:nlsdata2.obj
 0002:0000079c       ??_C@_03PDAGKDH@Mon?$AA@   1001779c     libcmt:nlsdata2.obj
 0002:000007a0       ??_C@_03KOEHGMDN@Sun?$AA@  100177a0     libcmt:nlsdata2.obj
 0002:000007a4       ??_C@_1BO@BKOMIGKJ@?$AAr?$AAu?$AAn?$AAt?$AAi?$AAm?$AAe?$AA?5?$AAe?$AAr?$AAr?$AAo?$AAr?$AA?5?$AA?$AA@ 100177a4     libcmt:crt0msg.obj
 0002:000007c4       ??_C@_15JNBOKNOG@?$AA?$AN?$AA?6?$AA?$AA@ 100177c4     libcmt:crt0msg.obj
 0002:000007cc       ??_C@_1BM@JBBEPPHI@?$AAT?$AAL?$AAO?$AAS?$AAS?$AA?5?$AAe?$AAr?$AAr?$AAo?$AAr?$AA?$AN?$AA?6?$AA?$AA@ 100177cc     libcmt:crt0msg.obj
 0002:000007e8       ??_C@_1BK@KMOMNAAI@?$AAS?$AAI?$AAN?$AAG?$AA?5?$AAe?$AAr?$AAr?$AAo?$AAr?$AA?$AN?$AA?6?$AA?$AA@ 100177e8     libcmt:crt0msg.obj
 0002:00000804       ??_C@_1BO@BFCDCGC@?$AAD?$AAO?$AAM?$AAA?$AAI?$AAN?$AA?5?$AAe?$AAr?$AAr?$AAo?$AAr?$AA?$AN?$AA?6?$AA?$AA@ 10017804     libcmt:crt0msg.obj
 0002:00000828       ??_C@_1BOO@KGEDBGAJ@?$AAR?$AA6?$AA0?$AA3?$AA3?$AA?$AN?$AA?6?$AA?9?$AA?5?$AAA?$AAt?$AAt?$AAe?$AAm?$AAp?$AAt?$AA?5?$AAt?$AAo?$AA?5?$AAu?$AAs?$AAe?$AA?5?$AAM?$AAS?$AAI?$AAL?$AA?5?$AAc?$AAo?$AAd@ 10017828     libcmt:crt0msg.obj
 0002:00000a18       ??_C@_1GG@GOPILAJP@?$AAR?$AA6?$AA0?$AA3?$AA2?$AA?$AN?$AA?6?$AA?9?$AA?5?$AAn?$AAo?$AAt?$AA?5?$AAe?$AAn?$AAo?$AAu?$AAg?$AAh?$AA?5?$AAs?$AAp?$AAa?$AAc?$AAe?$AA?5?$AAf?$AAo?$AAr?$AA?5?$AAl?$AAo@ 10017a18     libcmt:crt0msg.obj
 0002:00000a80       ??_C@_1MG@ENCOOIDF@?$AAR?$AA6?$AA0?$AA3?$AA1?$AA?$AN?$AA?6?$AA?9?$AA?5?$AAA?$AAt?$AAt?$AAe?$AAm?$AAp?$AAt?$AA?5?$AAt?$AAo?$AA?5?$AAi?$AAn?$AAi?$AAt?$AAi?$AAa?$AAl?$AAi?$AAz?$AAe?$AA?5?$AAt@ 10017a80     libcmt:crt0msg.obj
 0002:00000b48       ??_C@_1DO@BMFCDCD@?$AAR?$AA6?$AA0?$AA3?$AA0?$AA?$AN?$AA?6?$AA?9?$AA?5?$AAC?$AAR?$AAT?$AA?5?$AAn?$AAo?$AAt?$AA?5?$AAi?$AAn?$AAi?$AAt?$AAi?$AAa?$AAl?$AAi?$AAz?$AAe?$AAd?$AA?$AN?$AA?6?$AA?$AA@ 10017b48     libcmt:crt0msg.obj
 0002:00000b88       ??_C@_1EK@HHFLMAOL@?$AAR?$AA6?$AA0?$AA2?$AA8?$AA?$AN?$AA?6?$AA?9?$AA?5?$AAu?$AAn?$AAa?$AAb?$AAl?$AAe?$AA?5?$AAt?$AAo?$AA?5?$AAi?$AAn?$AAi?$AAt?$AAi?$AAa?$AAl?$AAi?$AAz?$AAe?$AA?5?$AAh?$AAe@ 10017b88     libcmt:crt0msg.obj
 0002:00000bd8       ??_C@_1GK@MFGOKLAG@?$AAR?$AA6?$AA0?$AA2?$AA7?$AA?$AN?$AA?6?$AA?9?$AA?5?$AAn?$AAo?$AAt?$AA?5?$AAe?$AAn?$AAo?$AAu?$AAg?$AAh?$AA?5?$AAs?$AAp?$AAa?$AAc?$AAe?$AA?5?$AAf?$AAo?$AAr?$AA?5?$AAl?$AAo@ 10017bd8     libcmt:crt0msg.obj
 0002:00000c48       ??_C@_1GK@MCAAGJMO@?$AAR?$AA6?$AA0?$AA2?$AA6?$AA?$AN?$AA?6?$AA?9?$AA?5?$AAn?$AAo?$AAt?$AA?5?$AAe?$AAn?$AAo?$AAu?$AAg?$AAh?$AA?5?$AAs?$AAp?$AAa?$AAc?$AAe?$AA?5?$AAf?$AAo?$AAr?$AA?5?$AAs?$AAt@ 10017c48     libcmt:crt0msg.obj
 0002:00000cb8       ??_C@_1EM@MAADIHMB@?$AAR?$AA6?$AA0?$AA2?$AA5?$AA?$AN?$AA?6?$AA?9?$AA?5?$AAp?$AAu?$AAr?$AAe?$AA?5?$AAv?$AAi?$AAr?$AAt?$AAu?$AAa?$AAl?$AA?5?$AAf?$AAu?$AAn?$AAc?$AAt?$AAi?$AAo?$AAn?$AA?5?$AAc@ 10017cb8     libcmt:crt0msg.obj
 0002:00000d08       ??_C@_1GK@FHCKBEFA@?$AAR?$AA6?$AA0?$AA2?$AA4?$AA?$AN?$AA?6?$AA?9?$AA?5?$AAn?$AAo?$AAt?$AA?5?$AAe?$AAn?$AAo?$AAu?$AAg?$AAh?$AA?5?$AAs?$AAp?$AAa?$AAc?$AAe?$AA?5?$AAf?$AAo?$AAr?$AA?5?$AA_?$AAo@ 10017d08     libcmt:crt0msg.obj
 0002:00000d78       ??_C@_1FC@ECHBIFBC@?$AAR?$AA6?$AA0?$AA1?$AA9?$AA?$AN?$AA?6?$AA?9?$AA?5?$AAu?$AAn?$AAa?$AAb?$AAl?$AAe?$AA?5?$AAt?$AAo?$AA?5?$AAo?$AAp?$AAe?$AAn?$AA?5?$AAc?$AAo?$AAn?$AAs?$AAo?$AAl?$AAe?$AA?5@ 10017d78     libcmt:crt0msg.obj
 0002:00000dd0       ??_C@_1EC@JIBHAOPH@?$AAR?$AA6?$AA0?$AA1?$AA8?$AA?$AN?$AA?6?$AA?9?$AA?5?$AAu?$AAn?$AAe?$AAx?$AAp?$AAe?$AAc?$AAt?$AAe?$AAd?$AA?5?$AAh?$AAe?$AAa?$AAp?$AA?5?$AAe?$AAr?$AAr?$AAo?$AAr?$AA?$AN?$AA?6@ 10017dd0     libcmt:crt0msg.obj
 0002:00000e18       ??_C@_1FK@BEOGODMC@?$AAR?$AA6?$AA0?$AA1?$AA7?$AA?$AN?$AA?6?$AA?9?$AA?5?$AAu?$AAn?$AAe?$AAx?$AAp?$AAe?$AAc?$AAt?$AAe?$AAd?$AA?5?$AAm?$AAu?$AAl?$AAt?$AAi?$AAt?$AAh?$AAr?$AAe?$AAa?$AAd?$AA?5@ 10017e18     libcmt:crt0msg.obj
 0002:00000e78       ??_C@_1FI@LOGNIKDM@?$AAR?$AA6?$AA0?$AA1?$AA6?$AA?$AN?$AA?6?$AA?9?$AA?5?$AAn?$AAo?$AAt?$AA?5?$AAe?$AAn?$AAo?$AAu?$AAg?$AAh?$AA?5?$AAs?$AAp?$AAa?$AAc?$AAe?$AA?5?$AAf?$AAo?$AAr?$AA?5?$AAt?$AAh@ 10017e78     libcmt:crt0msg.obj
 0002:00000ed0       ??_C@_1EG@BEHAGFJD@?$AAR?$AA6?$AA0?$AA1?$AA0?$AA?$AN?$AA?6?$AA?9?$AA?5?$AAa?$AAb?$AAo?$AAr?$AAt?$AA?$CI?$AA?$CJ?$AA?5?$AAh?$AAa?$AAs?$AA?5?$AAb?$AAe?$AAe?$AAn?$AA?5?$AAc?$AAa?$AAl?$AAl?$AAe?$AAd@ 10017ed0     libcmt:crt0msg.obj
 0002:00000f18       ??_C@_1FI@HONFMGBI@?$AAR?$AA6?$AA0?$AA0?$AA9?$AA?$AN?$AA?6?$AA?9?$AA?5?$AAn?$AAo?$AAt?$AA?5?$AAe?$AAn?$AAo?$AAu?$AAg?$AAh?$AA?5?$AAs?$AAp?$AAa?$AAc?$AAe?$AA?5?$AAf?$AAo?$AAr?$AA?5?$AAe?$AAn@ 10017f18     libcmt:crt0msg.obj
 0002:00000f70       ??_C@_1FE@LLNEDJMD@?$AAR?$AA6?$AA0?$AA0?$AA8?$AA?$AN?$AA?6?$AA?9?$AA?5?$AAn?$AAo?$AAt?$AA?5?$AAe?$AAn?$AAo?$AAu?$AAg?$AAh?$AA?5?$AAs?$AAp?$AAa?$AAc?$AAe?$AA?5?$AAf?$AAo?$AAr?$AA?5?$AAa?$AAr@ 10017f70     libcmt:crt0msg.obj
 0002:00000fc8       ??_C@_1FK@PGACCAFB@?$AAR?$AA6?$AA0?$AA0?$AA2?$AA?$AN?$AA?6?$AA?9?$AA?5?$AAf?$AAl?$AAo?$AAa?$AAt?$AAi?$AAn?$AAg?$AA?5?$AAp?$AAo?$AAi?$AAn?$AAt?$AA?5?$AAs?$AAu?$AAp?$AAp?$AAo?$AAr?$AAt?$AA?5@ 10017fc8     libcmt:crt0msg.obj
 0002:000010d8       ??_C@_1EK@MBDPDCGA@?$AAM?$AAi?$AAc?$AAr?$AAo?$AAs?$AAo?$AAf?$AAt?$AA?5?$AAV?$AAi?$AAs?$AAu?$AAa?$AAl?$AA?5?$AAC?$AA?$CL?$AA?$CL?$AA?5?$AAR?$AAu?$AAn?$AAt?$AAi?$AAm?$AAe?$AA?5?$AAL?$AAi?$AAb@ 100180d8     libcmt:crt0msg.obj
 0002:00001124       ??_C@_15IABLJNFO@?$AA?6?$AA?6?$AA?$AA@ 10018124     libcmt:crt0msg.obj
 0002:0000112c       ??_C@_17LGKOMLJ@?$AA?4?$AA?4?$AA?4?$AA?$AA@ 1001812c     libcmt:crt0msg.obj
 0002:00001134       ??_C@_1CO@EAEJAADC@?$AA?$DM?$AAp?$AAr?$AAo?$AAg?$AAr?$AAa?$AAm?$AA?5?$AAn?$AAa?$AAm?$AAe?$AA?5?$AAu?$AAn?$AAk?$AAn?$AAo?$AAw?$AAn?$AA?$DO?$AA?$AA@ 10018134     libcmt:crt0msg.obj
 0002:00001164       ??_C@_1DE@JNGNBFGO@?$AAR?$AAu?$AAn?$AAt?$AAi?$AAm?$AAe?$AA?5?$AAE?$AAr?$AAr?$AAo?$AAr?$AA?$CB?$AA?6?$AA?6?$AAP?$AAr?$AAo?$AAg?$AAr?$AAa?$AAm?$AA?3?$AA?5?$AA?$AA@ 10018164     libcmt:crt0msg.obj
 0002:00001198       ??_C@_05KLBDPFGC@e?$CL000?$AA@ 10018198     libcmt:cvt.obj
 0002:000011a0       ___newctype                100181a0     libcmt:ctype.obj
 0002:000014a0       __wctype                   100184a0     libcmt:ctype.obj
 0002:000016a8       ___newclmap                100186a8     libcmt:ctype.obj
 0002:00001828       ___newcumap                10018828     libcmt:ctype.obj
 0002:000019a8       ??_C@_0BI@DFKBFLJE@GetProcessWindowStation?$AA@ 100189a8     libcmt:crtmboxw.obj
 0002:000019c0       ??_C@_0BK@DEKFELLI@GetUserObjectInformationW?$AA@ 100189c0     libcmt:crtmboxw.obj
 0002:000019dc       ??_C@_0BD@HHGDFDBJ@GetLastActivePopup?$AA@ 100189dc     libcmt:crtmboxw.obj
 0002:000019f0       ??_C@_0BA@HNOPNCHB@GetActiveWindow?$AA@ 100189f0     libcmt:crtmboxw.obj
 0002:00001a00       ??_C@_0M@DLDCCGNP@MessageBoxW?$AA@ 10018a00     libcmt:crtmboxw.obj
 0002:00001a0c       ??_C@_1BG@GOEBHBDC@?$AAU?$AAS?$AAE?$AAR?$AA3?$AA2?$AA?4?$AAD?$AAL?$AAL?$AA?$AA@ 10018a0c     libcmt:crtmboxw.obj
 0002:00001aa8       ??_C@_06IMKFLFPG@1?$CDQNAN?$AA@ 10018aa8     libcmt:_x10fout_.obj
 0002:00001ab0       ??_C@_05DNEBIAHO@1?$CDINF?$AA@ 10018ab0     libcmt:_x10fout_.obj
 0002:00001ab8       ??_C@_05PHHOCPM@1?$CDIND?$AA@ 10018ab8     libcmt:_x10fout_.obj
 0002:00001ac0       ??_C@_06PGGFOGJG@1?$CDSNAN?$AA@ 10018ac0     libcmt:_x10fout_.obj
 0002:00001ac8       ??_C@_1CA@HMNFICHN@?$AAe?$AAr?$AAr?$AAe?$AAu?$AAr?$AA?5?$AAi?$AAn?$AAc?$AAo?$AAn?$AAn?$AAu?$AAe?$AA?$AA@ 10018ac8     ilu_error.obj
 0002:00001ae8       ??_C@_1BK@BGAHMHKP@?$AAp?$AAa?$AAs?$AA?5?$AAd?$AA?8?$AAe?$AAr?$AAr?$AAe?$AAu?$AAr?$AA?$AA@ 10018ae8     ilu_error.obj
 0002:00001b04       ??_C@_1DO@ONPCADDD@?$AAe?$AAx?$AAr?$AA?5?$AA?3?$AA?5?$AAe?$AAr?$AAr?$AAe?$AAu?$AAr?$AA?5?$AAd?$AAa?$AAn?$AAs?$AA?5?$AAl?$AAa?$AA?5?$AAl?$AAi?$AAb?$AAr?$AAa?$AAi?$AAr?$AAi?$AAe?$AA?$AA@ 10018b04     ilu_error.obj
 0002:00001b44       ??_C@_1DO@PNIGBAC@?$AAj?$AAp?$AA2?$AA?5?$AA?3?$AA?5?$AAe?$AAr?$AAr?$AAe?$AAu?$AAr?$AA?5?$AAd?$AAa?$AAn?$AAs?$AA?5?$AAl?$AAa?$AA?5?$AAl?$AAi?$AAb?$AAr?$AAa?$AAi?$AAr?$AAi?$AAe?$AA?$AA@ 10018b44     ilu_error.obj
 0002:00001b84       ??_C@_1DO@FINPDFIG@?$AAm?$AAn?$AAg?$AA?5?$AA?3?$AA?5?$AAe?$AAr?$AAr?$AAe?$AAu?$AAr?$AA?5?$AAd?$AAa?$AAn?$AAs?$AA?5?$AAl?$AAa?$AA?5?$AAl?$AAi?$AAb?$AAr?$AAa?$AAi?$AAr?$AAi?$AAe?$AA?$AA@ 10018b84     ilu_error.obj
 0002:00001bc8       ??_C@_1EA@BDIOGCDK@?$AAt?$AAi?$AAf?$AAf?$AA?5?$AA?3?$AA?5?$AAe?$AAr?$AAr?$AAe?$AAu?$AAr?$AA?5?$AAd?$AAa?$AAn?$AAs?$AA?5?$AAl?$AAa?$AA?5?$AAl?$AAi?$AAb?$AAr?$AAa?$AAi?$AAr?$AAi?$AAe?$AA?$AA@ 10018bc8     ilu_error.obj
 0002:00001c08       ??_C@_1DO@FBNBGIHN@?$AAp?$AAn?$AAg?$AA?5?$AA?3?$AA?5?$AAe?$AAr?$AAr?$AAe?$AAu?$AAr?$AA?5?$AAd?$AAa?$AAn?$AAs?$AA?5?$AAl?$AAa?$AA?5?$AAl?$AAi?$AAb?$AAr?$AAa?$AAi?$AAr?$AAi?$AAe?$AA?$AA@ 10018c08     ilu_error.obj
 0002:00001c48       ??_C@_1EA@MJACECEO@?$AAj?$AAp?$AAe?$AAg?$AA?5?$AA?3?$AA?5?$AAe?$AAr?$AAr?$AAe?$AAu?$AAr?$AA?5?$AAd?$AAa?$AAn?$AAs?$AA?5?$AAl?$AAa?$AA?5?$AAl?$AAi?$AAb?$AAr?$AAa?$AAi?$AAr?$AAi?$AAe?$AA?$AA@ 10018c48     ilu_error.obj
 0002:00001c88       ??_C@_1DO@MHPEPJN@?$AAg?$AAi?$AAf?$AA?5?$AA?3?$AA?5?$AAe?$AAr?$AAr?$AAe?$AAu?$AAr?$AA?5?$AAd?$AAa?$AAn?$AAs?$AA?5?$AAl?$AAa?$AA?5?$AAl?$AAi?$AAb?$AAr?$AAa?$AAi?$AAr?$AAi?$AAe?$AA?$AA@ 10018c88     ilu_error.obj
 0002:00001cc8       ??_C@_1EK@KJFAALIO@?$AAe?$AAr?$AAr?$AAe?$AAu?$AAr?$AA?5?$AAl?$AAo?$AAr?$AAs?$AA?5?$AAd?$AAe?$AA?5?$AAl?$AAa?$AA?5?$AAl?$AAe?$AAc?$AAt?$AAu?$AAr?$AAe?$AA?5?$AAd?$AAu?$AA?5?$AAf?$AAi?$AAc@ 10018cc8     ilu_error.obj
 0002:00001d14       ??_C@_1CK@JPEODEBM@?$AAm?$AAa?$AAu?$AAv?$AAa?$AAi?$AAs?$AAe?$AAs?$AA?5?$AAd?$AAi?$AAm?$AAe?$AAn?$AAs?$AAi?$AAo?$AAn?$AAs?$AA?$AA@ 10018d14     ilu_error.obj
 0002:00001d40       ??_C@_1CI@GAJKGMML@?$AAc?$AAo?$AAn?$AAv?$AAe?$AAr?$AAs?$AAi?$AAo?$AAn?$AA?5?$AAi?$AAn?$AAv?$AAa?$AAl?$AAi?$AAd?$AAe?$AA?$AA@ 10018d40     ilu_error.obj
 0002:00001d68       ??_C@_1CO@KKPEJJLG@?$AA?i?$AAq?$AAu?$AAi?$AAv?$AAa?$AAl?$AAe?$AAn?$AAt?$AA?5?$AAh?$AAo?$AAr?$AAs?$AA?9?$AAf?$AAo?$AAr?$AAm?$AAa?$AAt?$AA?$AA@ 10018d68     ilu_error.obj
 0002:00001d98       ??_C@_1CM@LKLKDFAK@?$AAf?$AAi?$AAc?$AAh?$AAi?$AAe?$AAr?$AA?5?$AAd?$AA?i?$AAj?$AA?$OA?$AA?5?$AAe?$AAx?$AAi?$AAs?$AAt?$AAa?$AAn?$AAt?$AA?$AA@ 10018d98     ilu_error.obj
 0002:00001dc4       ??_C@_1CG@MDGPOGHK@?$AAe?$AAx?$AAt?$AAe?$AAn?$AAs?$AAi?$AAo?$AAn?$AA?5?$AAi?$AAn?$AAv?$AAa?$AAl?$AAi?$AAd?$AAe?$AA?$AA@ 10018dc4     ilu_error.obj
 0002:00001dec       ??_C@_1DM@PNFDLHBH@?$AAn?$AAe?$AA?5?$AAp?$AAe?$AAu?$AAt?$AA?5?$AAp?$AAa?$AAs?$AA?5?$AAo?$AAu?$AAv?$AAr?$AAi?$AAr?$AA?5?$AAl?$AAe?$AA?5?$AAf?$AAi?$AAc?$AAh?$AAi?$AAe?$AAr?$AA?$AA@ 10018dec     ilu_error.obj
 0002:00001e28       ??_C@_1CG@HDAOAOHG@?$AAp?$AAa?$AAr?$AAa?$AAm?$AA?h?$AAt?$AAr?$AAe?$AA?5?$AAi?$AAn?$AAv?$AAa?$AAl?$AAi?$AAd?$AAe?$AA?$AA@ 10018e28     ilu_error.obj
 0002:00001e50       ??_C@_1DI@OFDPAFNA@?$AAe?$AAn?$AA?9?$AAt?$AA?j?$AAt?$AAe?$AA?5?$AAd?$AAe?$AA?5?$AAf?$AAi?$AAc?$AAh?$AAi?$AAe?$AAr?$AA?5?$AAi?$AAn?$AAv?$AAa?$AAl?$AAi?$AAd?$AAe?$AA?$AA@ 10018e50     ilu_error.obj
 0002:00001e88       ??_C@_1DG@CBNKDHNN@?$AAv?$AAa?$AAl?$AAe?$AAu?$AAr?$AA?5?$AAd?$AAe?$AA?5?$AAf?$AAi?$AAc?$AAh?$AAi?$AAe?$AAr?$AA?5?$AAi?$AAl?$AAl?$AA?i?$AAg?$AAa?$AAl?$AAe?$AA?$AA@ 10018e88     ilu_error.obj
 0002:00001ec0       ??_C@_1CG@OAHIJIBB@?$AAo?$AAp?$AA?i?$AAr?$AAa?$AAt?$AAi?$AAo?$AAn?$AA?5?$AAi?$AAl?$AAl?$AA?i?$AAg?$AAa?$AAl?$AAe?$AA?$AA@ 10018ec0     ilu_error.obj
 0002:00001ee8       ??_C@_1CA@NALAPLOH@?$AAv?$AAa?$AAl?$AAe?$AAu?$AAr?$AA?5?$AAi?$AAl?$AAl?$AA?i?$AAg?$AAa?$AAl?$AAe?$AA?$AA@ 10018ee8     ilu_error.obj
 0002:00001f08       ??_C@_1BO@NHKDJNKP@?$AAe?$AAr?$AAr?$AAe?$AAu?$AAr?$AA?5?$AAi?$AAn?$AAt?$AAe?$AAr?$AAn?$AAe?$AA?$AA@ 10018f08     ilu_error.obj
 0002:00001f28       ??_C@_1CI@NEFCBCMC@?$AAf?$AAo?$AAr?$AAm?$AAa?$AAt?$AA?5?$AAn?$AAo?$AAn?$AA?5?$AAs?$AAu?$AAp?$AAp?$AAo?$AAr?$AAt?$AA?i?$AA?$AA@ 10018f28     ilu_error.obj
 0002:00001f50       ??_C@_1CO@KFPCDAPJ@?$AAd?$AA?i?$AAp?$AAa?$AAs?$AAs?$AAe?$AAm?$AAe?$AAn?$AAt?$AA?5?$AAd?$AAe?$AA?5?$AAm?$AA?i?$AAm?$AAo?$AAi?$AAr?$AAe?$AA?$AA@ 10018f50     ilu_error.obj
 0002:00001f80       ??_C@_1CK@NDELFGJH@?$AA?i?$AAn?$AAu?$AAm?$AA?i?$AAr?$AAa?$AAt?$AAi?$AAo?$AAn?$AA?5?$AAi?$AAn?$AAv?$AAa?$AAl?$AAi?$AAd?$AAe?$AA?$AA@ 10018f80     ilu_error.obj
 0002:00001fac       ??_C@_1CG@IOJFFCEB@?$AAU?$AAn?$AAb?$AAe?$AAk?$AAa?$AAn?$AAn?$AAt?$AAe?$AAr?$AA?5?$AAF?$AAe?$AAh?$AAl?$AAe?$AAr?$AA?$AA@ 10018fac     ilu_error.obj
 0002:00001fd4       ??_C@_1BI@BCDJAAKE@?$AAK?$AAe?$AAi?$AAn?$AA?5?$AAF?$AAe?$AAh?$AAl?$AAe?$AAr?$AA?$AA@ 10018fd4     ilu_error.obj
 0002:00001fec       ??_C@_1DK@EPDNFEGH@?$AAF?$AAe?$AAh?$AAl?$AAe?$AAr?$AA?5?$AAi?$AAn?$AA?5?$AAd?$AAe?$AAr?$AA?5?$AAe?$AAx?$AAr?$AA?5?$AAB?$AAi?$AAb?$AAl?$AAi?$AAo?$AAt?$AAh?$AAe?$AAk?$AA?$AA@ 10018fec     ilu_error.obj
 0002:00002028       ??_C@_1DK@LBMGMJF@?$AAF?$AAe?$AAh?$AAl?$AAe?$AAr?$AA?5?$AAi?$AAn?$AA?5?$AAd?$AAe?$AAr?$AA?5?$AAj?$AAp?$AA2?$AA?5?$AAB?$AAi?$AAb?$AAl?$AAi?$AAo?$AAt?$AAh?$AAe?$AAk?$AA?$AA@ 10019028     ilu_error.obj
 0002:00002064       ??_C@_1DK@OHDPOMJ@?$AAF?$AAe?$AAh?$AAl?$AAe?$AAr?$AA?5?$AAi?$AAn?$AA?5?$AAd?$AAe?$AAr?$AA?5?$AAm?$AAn?$AAg?$AA?5?$AAB?$AAi?$AAb?$AAl?$AAi?$AAo?$AAt?$AAh?$AAe?$AAk?$AA?$AA@ 10019064     ilu_error.obj
 0002:000020a0       ??_C@_1DM@KNFIOOOK@?$AAF?$AAe?$AAh?$AAl?$AAe?$AAr?$AA?5?$AAi?$AAn?$AA?5?$AAd?$AAe?$AAr?$AA?5?$AAt?$AAi?$AAf?$AAf?$AA?5?$AAB?$AAi?$AAb?$AAl?$AAi?$AAo?$AAt?$AAh?$AAe?$AAk?$AA?$AA@ 100190a0     ilu_error.obj
 0002:000020dc       ??_C@_1DK@ILAKLDOC@?$AAF?$AAe?$AAh?$AAl?$AAe?$AAr?$AA?5?$AAi?$AAn?$AA?5?$AAd?$AAe?$AAr?$AA?5?$AAp?$AAn?$AAg?$AA?5?$AAB?$AAi?$AAb?$AAl?$AAi?$AAo?$AAt?$AAh?$AAe?$AAk?$AA?$AA@ 100190dc     ilu_error.obj
 0002:00002118       ??_C@_1DM@ILGDMDND@?$AAF?$AAe?$AAh?$AAl?$AAe?$AAr?$AA?5?$AAi?$AAn?$AA?5?$AAd?$AAe?$AAr?$AA?5?$AAj?$AAp?$AAe?$AAg?$AA?5?$AAB?$AAi?$AAb?$AAl?$AAi?$AAo?$AAt?$AAh?$AAe?$AAk?$AA?$AA@ 10019118     ilu_error.obj
 0002:00002154       ??_C@_1DK@KNNAHDBM@?$AAF?$AAe?$AAh?$AAl?$AAe?$AAr?$AA?5?$AAi?$AAn?$AA?5?$AAd?$AAe?$AAr?$AA?5?$AAg?$AAi?$AAf?$AA?5?$AAB?$AAi?$AAb?$AAl?$AAi?$AAo?$AAt?$AAh?$AAe?$AAk?$AA?$AA@ 10019154     ilu_error.obj
 0002:00002190       ??_C@_1DI@GMKKLKGH@?$AAF?$AAe?$AAh?$AAl?$AAe?$AAr?$AA?5?$AAb?$AAe?$AAi?$AAm?$AA?5?$AAL?$AAe?$AAs?$AAe?$AAn?$AA?5?$AAd?$AAe?$AAr?$AA?5?$AAD?$AAa?$AAt?$AAe?$AAi?$AA?$AA@ 10019190     ilu_error.obj
 0002:000021c8       ??_C@_1DA@IJILAKCO@?$AAU?$AAn?$AAz?$AAu?$AAl?$AA?d?$AAs?$AAs?$AAi?$AAg?$AAe?$AA?5?$AAA?$AAb?$AAm?$AAe?$AAs?$AAs?$AAu?$AAn?$AAg?$AAe?$AAn?$AA?$AA@ 100191c8     ilu_error.obj
 0002:000021f8       ??_C@_1DA@BDALIJHE@?$AAU?$AAn?$AAg?$AA?$PM?$AAl?$AAt?$AAi?$AAg?$AAe?$AA?5?$AAK?$AAo?$AAn?$AAv?$AAe?$AAr?$AAt?$AAi?$AAe?$AAr?$AAu?$AAn?$AAg?$AA?$AA@ 100191f8     ilu_error.obj
 0002:00002228       ??_C@_1CA@FPDJBJPA@?$AAS?$AAt?$AAa?$AAc?$AAk?$AA?5?$AAU?$AAn?$AAt?$AAe?$AAr?$AAl?$AAa?$AAu?$AAf?$AA?$AA@ 10019228     ilu_error.obj
 0002:00002248       ??_C@_1BO@KLEFMMLO@?$AAS?$AAt?$AAa?$AAc?$AAk?$AA?5?$AA?$NM?$AAb?$AAe?$AAr?$AAl?$AAa?$AAu?$AAf?$AA?$AA@ 10019248     ilu_error.obj
 0002:00002268       ??_C@_1DI@NCGFKKOJ@?$AAD?$AAi?$AAe?$AA?5?$AAD?$AAa?$AAt?$AAe?$AAi?$AA?5?$AAe?$AAx?$AAi?$AAs?$AAt?$AAi?$AAe?$AAr?$AAt?$AA?5?$AAb?$AAe?$AAr?$AAe?$AAi?$AAt?$AAs?$AA?$AA@ 10019268     ilu_error.obj
 0002:000022a0       ??_C@_1CO@MBCEOOLD@?$AAU?$AAn?$AAg?$AA?$PM?$AAl?$AAt?$AAi?$AAg?$AAe?$AAr?$AA?5?$AAE?$AAr?$AAw?$AAe?$AAi?$AAt?$AAe?$AAr?$AAu?$AAn?$AAg?$AA?$AA@ 100192a0     ilu_error.obj
 0002:000022d0       ??_C@_1EG@GLCHFCHI@?$AAD?$AAa?$AAt?$AAe?$AAi?$AA?5?$AAk?$AAo?$AAn?$AAn?$AAt?$AAe?$AA?5?$AAn?$AAi?$AAc?$AAh?$AAt?$AA?5?$AAg?$AAe?$AA?v?$AAf?$AAf?$AAn?$AAe?$AAt?$AA?5?$AAw?$AAe?$AAr?$AAd@ 100192d0     ilu_error.obj
 0002:00002318       ??_C@_1CO@HIHMMEBB@?$AAU?$AAn?$AAz?$AAu?$AAl?$AA?d?$AAs?$AAs?$AAi?$AAg?$AAe?$AAr?$AA?5?$AAP?$AAa?$AAr?$AAa?$AAm?$AAe?$AAt?$AAe?$AAr?$AA?$AA@ 10019318     ilu_error.obj
 0002:00002348       ??_C@_1DE@MFBPMMOI@?$AAU?$AAn?$AAz?$AAu?$AAl?$AA?d?$AAs?$AAs?$AAi?$AAg?$AAe?$AAr?$AA?5?$AAD?$AAa?$AAt?$AAe?$AAi?$AA?9?$AAH?$AAe?$AAa?$AAd?$AAe?$AAr?$AA?$AA@ 10019348     ilu_error.obj
 0002:0000237c       ??_C@_1DA@IPDPLFIL@?$AAU?$AAn?$AAz?$AAu?$AAl?$AA?d?$AAs?$AAs?$AAi?$AAg?$AAe?$AAr?$AA?5?$AAD?$AAa?$AAt?$AAe?$AAi?$AA?9?$AAW?$AAe?$AAr?$AAt?$AA?$AA@ 1001937c     ilu_error.obj
 0002:000023ac       ??_C@_1CM@EJAODAH@?$AAU?$AAn?$AAz?$AAu?$AAl?$AA?d?$AAs?$AAs?$AAi?$AAg?$AAe?$AA?5?$AAO?$AAp?$AAe?$AAr?$AAa?$AAt?$AAi?$AAo?$AAn?$AA?$AA@ 100193ac     ilu_error.obj
 0002:000023d8       ??_C@_1CA@OBNPBHAH@?$AAU?$AAn?$AAg?$AA?$PM?$AAl?$AAt?$AAi?$AAg?$AAe?$AAr?$AA?5?$AAW?$AAe?$AAr?$AAt?$AA?$AA@ 100193d8     ilu_error.obj
 0002:000023f8       ??_C@_1CA@PEHIKCPH@?$AAI?$AAn?$AAt?$AAe?$AAr?$AAn?$AAe?$AAr?$AA?5?$AAF?$AAe?$AAh?$AAl?$AAe?$AAr?$AA?$AA@ 100193f8     ilu_error.obj
 0002:00002418       ??_C@_1EO@HGBJJHBF@?$AAD?$AAa?$AAs?$AA?5?$AAF?$AAo?$AAr?$AAm?$AAa?$AAt?$AA?5?$AAw?$AAi?$AAr?$AAd?$AA?5?$AAn?$AAo?$AAc?$AAh?$AA?5?$AAn?$AAi?$AAc?$AAh?$AAt?$AA?5?$AAu?$AAn?$AAt?$AAe?$AAr@ 10019418     ilu_error.obj
 0002:00002468       ??_C@_1DA@HGGGFNED@?$AAK?$AAe?$AAi?$AAn?$AA?5?$AAS?$AAp?$AAe?$AAi?$AAc?$AAh?$AAe?$AAr?$AA?5?$AAv?$AAe?$AAr?$AAf?$AA?$PM?$AAg?$AAb?$AAa?$AAr?$AA?$AA@ 10019468     ilu_error.obj
 0002:00002498       ??_C@_1CM@PBABIAKF@?$AAU?$AAn?$AAg?$AA?$PM?$AAl?$AAt?$AAi?$AAg?$AAe?$AAr?$AA?5?$AAE?$AAn?$AAu?$AAm?$AAe?$AAr?$AAa?$AAt?$AAo?$AAr?$AA?$AA@ 10019498     ilu_error.obj
 0002:000024c4       ??_C@_1DC@POGNHGDF@?$AAe?$AAr?$AAr?$AAo?$AAr?$AA?5?$AAe?$AAn?$AA?5?$AAl?$AAa?$AA?5?$AAl?$AAi?$AAb?$AAr?$AAe?$AAr?$AA?m?$AAa?$AA?5?$AAe?$AAx?$AAr?$AA?$AA@ 100194c4     ilu_error.obj
 0002:000024f8       ??_C@_1DC@FAAKLOMJ@?$AAe?$AAr?$AAr?$AAo?$AAr?$AA?5?$AAe?$AAn?$AA?5?$AAl?$AAa?$AA?5?$AAl?$AAi?$AAb?$AAr?$AAe?$AAr?$AA?m?$AAa?$AA?5?$AAj?$AAp?$AA2?$AA?$AA@ 100194f8     ilu_error.obj
 0002:0000252c       ??_C@_1DC@JPMACLKL@?$AAe?$AAr?$AAr?$AAo?$AAr?$AA?5?$AAe?$AAn?$AA?5?$AAl?$AAa?$AA?5?$AAl?$AAi?$AAb?$AAr?$AAe?$AAr?$AA?m?$AAa?$AA?5?$AAm?$AAn?$AAg?$AA?$AA@ 1001952c     ilu_error.obj
 0002:00002560       ??_C@_1DE@OFCANLOD@?$AAe?$AAr?$AAr?$AAo?$AAr?$AA?5?$AAe?$AAn?$AA?5?$AAl?$AAa?$AA?5?$AAl?$AAi?$AAb?$AAr?$AAe?$AAr?$AA?m?$AAa?$AA?5?$AAt?$AAi?$AAf?$AAf?$AA?$AA@ 10019560     ilu_error.obj
 0002:00002594       ??_C@_1DC@HIHOAPFB@?$AAe?$AAr?$AAr?$AAo?$AAr?$AA?5?$AAe?$AAn?$AA?5?$AAl?$AAa?$AA?5?$AAl?$AAi?$AAb?$AAr?$AAe?$AAr?$AA?m?$AAa?$AA?5?$AAp?$AAn?$AAg?$AA?$AA@ 10019594     ilu_error.obj
 0002:000025c8       ??_C@_1DE@IBJLFFHD@?$AAe?$AAr?$AAr?$AAo?$AAr?$AA?5?$AAe?$AAn?$AA?5?$AAl?$AAa?$AA?5?$AAl?$AAi?$AAb?$AAr?$AAe?$AAr?$AA?m?$AAa?$AA?5?$AAj?$AAp?$AAe?$AAg?$AA?$AA@ 100195c8     ilu_error.obj
 0002:000025fc       ??_C@_1DC@KLLJGALO@?$AAe?$AAr?$AAr?$AAo?$AAr?$AA?5?$AAe?$AAn?$AA?5?$AAl?$AAa?$AA?5?$AAl?$AAi?$AAb?$AAr?$AAe?$AAr?$AA?m?$AAa?$AA?5?$AAg?$AAi?$AAf?$AA?$AA@ 100195fc     ilu_error.obj
 0002:00002630       ??_C@_1DO@OPNGPCHO@?$AAe?$AAr?$AAr?$AAo?$AAr?$AA?5?$AAd?$AAe?$AA?5?$AAl?$AAe?$AAc?$AAt?$AAu?$AAr?$AAa?$AA?5?$AAe?$AAn?$AA?5?$AAe?$AAl?$AA?5?$AAf?$AAi?$AAc?$AAh?$AAe?$AAr?$AAo?$AA?$AA@ 10019630     ilu_error.obj
 0002:00002670       ??_C@_1EC@FFNPLEMJ@?$AAn?$AA?z?$AAm?$AAe?$AAr?$AAo?$AA?5?$AAd?$AAe?$AA?5?$AAd?$AAi?$AAm?$AAe?$AAn?$AAs?$AAi?$AAo?$AAn?$AAe?$AAs?$AA?5?$AAi?$AAn?$AAc?$AAo?$AAr?$AAr?$AAe?$AAc?$AAt?$AAo@ 10019670     ilu_error.obj
 0002:000026b4       ??_C@_1CM@OMLIENAF@?$AAc?$AAo?$AAn?$AAv?$AAe?$AAr?$AAs?$AAi?$AA?s?$AAn?$AA?5?$AAi?$AAn?$AAc?$AAo?$AAr?$AAr?$AAe?$AAc?$AAt?$AAa?$AA?$AA@ 100196b4     ilu_error.obj
 0002:000026e0       ??_C@_1EA@NBAJPDEI@?$AAd?$AAe?$AAs?$AAb?$AAo?$AAr?$AAd?$AAa?$AAm?$AAi?$AAe?$AAn?$AAt?$AAo?$AA?5?$AAi?$AAn?$AAf?$AAe?$AAr?$AAi?$AAo?$AAr?$AA?5?$AAd?$AAe?$AA?5?$AAp?$AAi?$AAl?$AAa?$AA?$AA@ 100196e0     ilu_error.obj
 0002:00002720       ??_C@_1EA@IMCEODEG@?$AAd?$AAe?$AAs?$AAb?$AAo?$AAr?$AAd?$AAa?$AAm?$AAi?$AAe?$AAn?$AAt?$AAo?$AA?5?$AAs?$AAu?$AAp?$AAe?$AAr?$AAi?$AAo?$AAr?$AA?5?$AAd?$AAe?$AA?5?$AAp?$AAi?$AAl?$AAa?$AA?$AA@ 10019720     ilu_error.obj
 0002:00002760       ??_C@_1DM@OFODONCM@?$AAf?$AAo?$AAr?$AAm?$AAa?$AAt?$AAo?$AA?5?$AAd?$AAe?$AA?5?$AAs?$AAa?$AAl?$AAi?$AAd?$AAa?$AA?5?$AAe?$AAq?$AAu?$AAi?$AAv?$AAa?$AAl?$AAe?$AAn?$AAt?$AAe?$AA?$AA@ 10019760     ilu_error.obj
 0002:0000279c       ??_C@_1CK@FMNLDLFO@?$AAe?$AAl?$AA?5?$AAf?$AAi?$AAc?$AAh?$AAe?$AAr?$AAo?$AA?5?$AAy?$AAa?$AA?5?$AAe?$AAx?$AAi?$AAs?$AAt?$AAe?$AA?$AA@ 1001979c     ilu_error.obj
 0002:000027c8       ??_C@_1CM@OICMKPO@?$AAe?$AAx?$AAt?$AAe?$AAn?$AAs?$AAi?$AA?s?$AAn?$AA?5?$AAd?$AAe?$AAs?$AAc?$AAo?$AAn?$AAo?$AAc?$AAi?$AAd?$AAa?$AA?$AA@ 100197c8     ilu_error.obj
 0002:000027f4       ??_C@_1DK@OBJNJFBI@?$AAn?$AAo?$AA?5?$AAs?$AAe?$AA?5?$AAp?$AAu?$AAe?$AAd?$AAe?$AA?5?$AAa?$AAb?$AAr?$AAi?$AAr?$AA?5?$AAe?$AAl?$AA?5?$AAf?$AAi?$AAc?$AAh?$AAe?$AAr?$AAo?$AA?$AA@ 100197f4     ilu_error.obj
 0002:00002830       ??_C@_1CK@FNEFMPJI@?$AAp?$AAa?$AAr?$AA?a?$AAm?$AAe?$AAt?$AAr?$AAo?$AA?5?$AAi?$AAn?$AAc?$AAo?$AAr?$AAr?$AAe?$AAc?$AAt?$AAo?$AA?$AA@ 10019830     ilu_error.obj
 0002:0000285c       ??_C@_1CI@CHEAKFPN@?$AAc?$AAa?$AAb?$AAe?$AAc?$AAe?$AAr?$AAa?$AA?5?$AAi?$AAn?$AAc?$AAo?$AAr?$AAr?$AAe?$AAc?$AAt?$AAa?$AA?$AA@ 1001985c     ilu_error.obj
 0002:00002884       ??_C@_1DO@DKFFDHIG@?$AAv?$AAa?$AAl?$AAo?$AAr?$AA?5?$AAd?$AAe?$AA?5?$AAf?$AAi?$AAc?$AAh?$AAe?$AAr?$AAo?$AA?5?$AAi?$AAl?$AAe?$AAg?$AAa?$AAI?$AAL?$AA_?$AAT?$AAE?$AAX?$AAT?$AA?$CI?$AA?$AA@ 10019884     ilu_error.obj
 0002:000028c4       ??_C@_1DA@HAELOPGN@?$AAo?$AAp?$AAe?$AAr?$AAa?$AAc?$AAi?$AA?s?$AAn?$AA?5?$AAi?$AAl?$AAe?$AAg?$AAa?$AAI?$AAL?$AA_?$AAT?$AAE?$AAX?$AAT?$AA?$CI?$AA?$AA@ 100198c4     ilu_error.obj
 0002:000028f4       ??_C@_1CC@HCELJPEA@?$AAv?$AAa?$AAl?$AAo?$AAr?$AA?5?$AAi?$AAn?$AAc?$AAo?$AAr?$AAr?$AAe?$AAc?$AAt?$AAo?$AA?$AA@ 100198f4     ilu_error.obj
 0002:00002918       ??_C@_1BM@GDFBBKPK@?$AAe?$AAr?$AAr?$AAo?$AAr?$AA?5?$AAi?$AAn?$AAt?$AAe?$AAr?$AAn?$AAo?$AA?$AA@ 10019918     ilu_error.obj
 0002:00002934       ??_C@_1DK@CBIAJMI@?$AAf?$AAo?$AAr?$AAm?$AAa?$AAt?$AAo?$AA?5?$AAn?$AAo?$AA?5?$AAs?$AAo?$AAp?$AAo?$AAr?$AAt?$AAa?$AAd?$AAo?$AA?5?$AAt?$AAo?$AAd?$AAa?$AAv?$AA?m?$AAa?$AA?$AA@ 10019934     ilu_error.obj
 0002:00002970       ??_C@_1DI@LBBCEEKH@?$AAn?$AAo?$AA?5?$AAq?$AAu?$AAe?$AAd?$AAa?$AA?5?$AAm?$AAe?$AAm?$AAo?$AAr?$AAi?$AAa?$AA?5?$AAd?$AAi?$AAs?$AAp?$AAo?$AAn?$AAi?$AAb?$AAl?$AAe?$AA?$AA@ 10019970     ilu_error.obj
 0002:000029a8       ??_C@_1CM@HFICKFIC@?$AAe?$AAn?$AAu?$AAm?$AAe?$AAr?$AAa?$AAd?$AAo?$AAr?$AA?5?$AAi?$AAn?$AAc?$AAo?$AAr?$AAr?$AAe?$AAc?$AAt?$AAo?$AA?$AA@ 100199a8     ilu_error.obj
 0002:000029d4       ??_C@_1CG@LCKCFJMA@?$AA?d?$AA?$LI?$AA?$IN?$AA?f?$AC?$NM?$AB?$HN?$AA?c?$AA?$IB?$AA?$KK?$AA?c?5?$BK?$AA?$KI?$AA?c?$AB?$JC?$AA?$KJ?$AA?c?$AB?$JC?$AA?$LM?$AA?$AA@ 100199d4     ilu_error.obj
 0002:000029fc       ??_C@_1CA@OMFFKEBF@?$AA?c?5?$BK?$AA?$KI?$AA?c?$AB?$JC?$AA?$KJ?$AA?c?$AB?$JC?$AA?$LM?$AA?g?5?$BO?$AA?$KB?$AA?c?$AA?$IB?5?$BE?$AA?$AA@ 100199fc     ilu_error.obj
 0002:00002a1c       ??_C@_1DI@LLHNDEOK@?$AAe?$AAx?$AAr?$AA?c?$AB?$JC?$AA?$KJ?$AA?c?5?$BK?$AA?$KE?$AA?c?$AB?$JC?5?$BD?$AA?c?$AB?$JC?$AA?$KJ?$AA?c?$AB?$JC?$AA?$KK?$AA?c?5?$BK?$AA?$KI?$AA?c?$AB?$JC?$AA?$KJ?$AA?c?$AB?$JC?$AA?$LM?$AA?$AA@ 10019a1c     ilu_error.obj
 0002:00002a54       ??_C@_1DI@KDPIOCJD@?$AAj?$AAp?$AA2?$AA?c?$AB?$JC?$AA?$KJ?$AA?c?5?$BK?$AA?$KE?$AA?c?$AB?$JC?5?$BD?$AA?c?$AB?$JC?$AA?$KJ?$AA?c?$AB?$JC?$AA?$KK?$AA?c?5?$BK?$AA?$KI?$AA?c?$AB?$JC?$AA?$KJ?$AA?c?$AB?$JC?$AA?$LM?$AA?$AA@ 10019a54     ilu_error.obj
 0002:00002a8c       ??_C@_1DI@HHKGBBGL@?$AAm?$AAn?$AAg?$AA?c?$AB?$JC?$AA?$KJ?$AA?c?5?$BK?$AA?$KE?$AA?c?$AB?$JC?5?$BD?$AA?c?$AB?$JC?$AA?$KJ?$AA?c?$AB?$JC?$AA?$KK?$AA?c?5?$BK?$AA?$KI?$AA?c?$AB?$JC?$AA?$KJ?$AA?c?$AB?$JC?$AA?$LM?$AA?$AA@ 10019a8c     ilu_error.obj
 0002:00002ac4       ??_C@_1DK@BPLJJBJB@?$AAt?$AAi?$AAf?$AAf?$AA?c?$AB?$JC?$AA?$KJ?$AA?c?5?$BK?$AA?$KE?$AA?c?$AB?$JC?5?$BD?$AA?c?$AB?$JC?$AA?$KJ?$AA?c?$AB?$JC?$AA?$KK?$AA?c?5?$BK?$AA?$KI?$AA?c?$AB?$JC?$AA?$KJ?$AA?c?$AB?$JC?$AA?$LM?$AA?$AA@ 10019ac4     ilu_error.obj
 0002:00002b00       ??_C@_1DI@PCOPOIGJ@?$AAp?$AAn?$AAg?$AA?c?$AB?$JC?$AA?$KJ?$AA?c?5?$BK?$AA?$KE?$AA?c?$AB?$JC?5?$BD?$AA?c?$AB?$JC?$AA?$KJ?$AA?c?$AB?$JC?$AA?$KK?$AA?c?5?$BK?$AA?$KI?$AA?c?$AB?$JC?$AA?$KJ?$AA?c?$AB?$JC?$AA?$LM?$AA?$AA@ 10019b00     ilu_error.obj
 0002:00002b38       ??_C@_1DK@KOJIJMNO@?$AAj?$AAp?$AAe?$AAg?$AA?c?$AB?$JC?$AA?$KJ?$AA?c?5?$BK?$AA?$KE?$AA?c?$AB?$JC?5?$BD?$AA?c?$AB?$JC?$AA?$KJ?$AA?c?$AB?$JC?$AA?$KK?$AA?c?5?$BK?$AA?$KI?$AA?c?$AB?$JC?$AA?$KJ?$AA?c?$AB?$JC?$AA?$LM?$AA?$AA@ 10019b38     ilu_error.obj
 0002:00002b74       ??_C@_1DI@MNJAAIHC@?$AAg?$AAi?$AAf?$AA?c?$AB?$JC?$AA?$KJ?$AA?c?5?$BK?$AA?$KE?$AA?c?$AB?$JC?5?$BD?$AA?c?$AB?$JC?$AA?$KJ?$AA?c?$AB?$JC?$AA?$KK?$AA?c?5?$BK?$AA?$KI?$AA?c?$AB?$JC?$AA?$KJ?$AA?c?$AB?$JC?$AA?$LM?$AA?$AA@ 10019b74     ilu_error.obj
 0002:00002bb0       ??_C@_1EE@EKCBBPOD@?$AA?c?$AB?$JC?5?$CC?$AA?c?5?$BK?$AA?$KB?$AA?c?5?$BK?$AA?$KE?$AA?c?$AB?$JC?$AA?$KL?$AA?h?$AA?$KK?$AA?$KN?$AA?c?$AA?$IB?$AA?$LP?$AA?h?$AA?$LO?$AA?$LM?$AA?c?$AA?$IB?$AA?$LP?$AA?c?5?$BK?$AA?$KI?$AA?c?$AB?$JC?$AA?$KJ?$AA?c?$AB?$JC@ 10019bb0     ilu_error.obj
 0002:00002bf4       ??_C@_1CG@BLBKCOJL@?$AA?d?$AA?$LI?$AA?$IN?$AA?f?$AA?$KN?$AA?$KD?$AA?c?$AA?$IB?$AA?$KK?$AA?c?5?$BK?$AA?$LF?$AA?c?5?$BK?$AA?$KE?$AA?c?5?$BK?$AA?$LK?$AA?$AA@ 10019bf4     ilu_error.obj
 0002:00002c1c       ??_C@_1CA@FEANMDFM@?$AA?g?5?$BO?$AA?$KB?$AA?e?$AB?$GA?$AA?$LJ?$AA?c?$AA?$IB?$AA?$KK?$AA?e?$AA?$KE?50?$AA?f?$AA?$IP?5?3?$AA?$AA@ 10019c1c     ilu_error.obj
 0002:00002c40       ??_C@_1EE@LPMPICCB@?$AA?c?5?$BK?$AA?$LJ?$AA?c?5?$BK?$AA?$LP?$AA?c?$AB?$JC?$AB?$JC?$AA?c?5?$BK?$AA?$KP?$AA?c?5?$BK?$AA?$KC?$AA?c?$AB?$JC?$AA?$LD?$AA?c?$AB?$JC?5?$KM?$AA?c?$AB?$JC?$AA?$LM?$AA?c?$AB?$JC?5?$CC?$AA?c?$AB?$JC?$AA?$KN?$AA?c?$AB?$JC@ 10019c40     ilu_error.obj
 0002:00002c88       ??_C@_1EE@FPCBADOL@?$AA?c?5?$BK?$AA?$LJ?$AA?c?5?$BK?$AA?$LP?$AA?c?$AB?$JC?$AB?$JC?$AA?c?5?$BK?$AA?$KP?$AA?c?5?$BK?$AA?$KK?$AA?c?$AB?$JC?$AA?$LM?$AA?c?$AB?$JC?$AA?$JA?$AA?c?$AB?$JC?$AA?$LM?$AA?c?$AB?$JC?5?$CC?$AA?c?$AB?$JC?$AA?$KN?$AA?c?$AB?$JC@ 10019c88     ilu_error.obj
 0002:00002ccc       ??_C@_1DI@BHNMGBLJ@?$AA?g?$AA?$KN?50?$AA?d?$AA?$LO?$AA?$KB?$AA?c?$AB?$JC?5?$CC?$AA?c?5?$BK?$AA?$KJ?$AA?c?$AB?$JC?$AA?$LM?$AA?c?$AB?$JC?$AB?$HO?$AA?c?$AB?$JC?$AB?$JC?$AA?c?$AB?$JC?$AC?F?$AA?e?$AA?$KE?5?$BD?$AA?$AA@ 10019ccc     ilu_error.obj
 0002:00002d08       ??_C@_1FG@EECEGNDK@?$AA?c?$AB?$JC?5?$CC?$AA?c?5?$BK?$AA?$KB?$AA?c?5?$BK?$AA?$KE?$AA?c?$AB?$JC?$AA?$KL?$AA?c?$AA?$IB?$AA?$KP?$AA?f?5?$BE?$AA?$KC?$AA?c?$AA?$IB?$AA?$KL?$AA?e?$AA?$KN?$AC?$NM?$AA?e?$ABS?$AA?$KI?$AA?c?$AA?$IB?5?$BE?$AA?c?$AA?$IB@ 10019d08     ilu_error.obj
[...]
 0002:00003af4       ??_C@_1CM@GEOCLFPM@?$AAo?$AAu?$AAt?$AA?5?$AAf?$AAo?$AAr?$AAm?$AAa?$AAt?$AA?5?$AAe?$AAq?$AAu?$AAi?$AAv?$AAa?$AAl?$AAe?$AAn?$AAt?$AA?$AA@ 1001aaf4     ilu_error.obj
 0002:00003b20       ??_C@_1CM@PMHKHBHM@?$AA?X?$AA?$KH?$AA?Y?5?$BO?$AA?Y?5?$CG?$AA?Y?5?$BO?$AA?Y?$AA?$IB?$AA?5?$AA?Y?5?$CG?$AA?Y?$AC?F?$AA?X?$AA?$KM?$AA?Y?$AC?F?$AA?X?$AA?$KP?$AA?$AA@ 1001ab20     ilu_error.obj
 0002:00003b50       ??_C@_1EC@ELNGHLII@?$AA?X?$AA?$KH?$AA?Y?5?$CG?$AA?X?$AA?$KK?$AA?X?$AA?$KP?$AA?X?$AA?$KH?$AA?X?$AA?$KP?$AA?5?$AA?X?$AA?$KH?$AA?Y?5?$BO?$AA?Y?5?$CG?$AA?Y?5?$BO?$AA?Y?$AA?$IB?$AA?5?$AA?X?$AA?$KO?$AA?X?$AA?$KH?$AA?X?$AA?$LH?$AA?X?$AA?$KG@ 1001ab50     ilu_error.obj
 0002:00003b94       ??_C@_1DO@BCOLGLII@?$AA?Y?5?$BO?$AA?X?$AA?$KH?$AA?Y?$AB?$GA?$AA?Y?5?$CG?$AA?Y?$AB?$JC?$AA?Y?5?5?$AA?5?$AA?Y?$AA?$IB?$AA?X?$AA?$KK?$AA?X?$AA?$KN?$AA?5?$AA?X?$AA?$KH?$AA?Y?5?$BO?$AA?Y?5?$CG?$AA?Y?5?$BO?$AA?Y?$AA?$IB?$AA?$AA@ 1001ab94     ilu_error.obj
 0002:00003bd8       ??_C@_1FE@FFAJOFFI@?$AA?X?$AA?$KH?$AA?Y?5?$BO?$AA?X?$AA?$KI?$AA?X?$AA?$KH?$AA?X?$AA?$LB?$AA?Y?5?$CG?$AA?X?$AA?$KK?$AA?X?$AA?$LB?$AA?$CI?$AA?X?$AA?$KH?$AA?Y?5?$BO?$AA?Y?5?$CG?$AA?X?$AA?$LJ?$AA?X?$AA?$KH?$AA?Y?5?$CG?$AA?Y?5?$BO?$AA?$CJ@ 1001abd8     ilu_error.obj
 0002:00003c2c       ??_C@_1DG@PEEOMHCO@?$AA?X?$AA?$LB?$AA?X?$AA?$KD?$AA?X?$AA?$LD?$AA?5?$AA?X?$AA?$KH?$AA?Y?5?$BO?$AA?Y?5?$CG?$AA?Y?5?$BO?$AA?Y?$AA?$IB?$AA?5?$AA?X?$AA?$KO?$AA?X?$AA?$KH?$AA?X?$AA?$LH?$AA?X?$AA?$KG?$AA?$AA@ 1001ac2c     ilu_error.obj
 0002:00003c68       ??_C@_1FK@DBCJCMKH@?$AA?X?$AA?$LB?$AA?Y?5?$BK?$AA?Y?5?$CG?$AA?5?$AA?$CI?$AA?Y?5?$BK?$AA?Y?$AB?$GA?$AA?Y?5?$CG?$AA?X?$AA?$KJ?$AA?$CJ?$AA?5?$AA?X?$AA?$KH?$AA?Y?5?$BO?$AA?Y?5?$CG?$AA?Y?5?$BO?$AA?Y?$AA?$IB?$AA?5?$AA?X?$AA?$LK?$AA?Y@ 1001ac68     ilu_error.obj
 0002:00003cc4       ??_C@_1DK@BIMPKKKL@?$AA?X?$AA?$LJ?$AA?Y?5?$CG?$AA?Y?5?$BO?$AA?Y?$AB?$GA?$AA?X?$AA?$KJ?$AA?5?$AA?X?$AA?$LK?$AA?Y?$AB?$GA?$AA?X?$AA?$LB?$AA?5?$AA?X?$AA?$LE?$AA?X?$AA?$LB?$AA?X?$AA?$LJ?$AA?Y?$AB?$GA?$AA?X?$AA?$KJ?$AA?$AA@ 1001acc4     ilu_error.obj
 0002:00003d00       ??_C@_1CI@CEMFKKII@?$AA?Y?5?$BK?$AA?Y?$AB?$GA?$AA?Y?5?$CG?$AA?X?$AA?$KJ?$AA?5?$AA?X?$AA?$KO?$AA?X?$AA?$KH?$AA?X?$AA?$LH?$AA?X?$AA?$KG?$AA?X?$AA?$KJ?$AA?$AA@ 1001ad00     ilu_error.obj
 0002:00003d28       ??_C@_1CE@MCMENKPJ@?$AA?X?$AA?$KO?$AA?X?$AA?$LH?$AA?X?$AA?$KD?$AA?5?$AA?X?$AA?$KP?$AA?X?$AA?$KH?$AA?X?$AA?$KO?$AA?Y?5?$BO?$AA?Y?$AB?$GA?$AA?$AA@ 1001ad28     ilu_error.obj
 0002:00003d50       ??_C@_1EM@PFABACPB@?$AA?Y?5?5?$AA?X?$AA?$LD?$AA?Y?5?$BK?$AA?5?$AA?X?$AA?$KH?$AA?Y?5?$BO?$AA?X?$AA?$LF?$AA?Y?$AC?F?$AA?X?$AA?$LB?$AA?X?$AA?$KJ?$AA?5?$AA?X?$AA?$LK?$AA?Y?$AB?$GA?$AA?X?$AA?$LB?$AA?5?$AA?Y?5?$CG?$AA?X?$AA?$KP?$AA?X@ 1001ad50     ilu_error.obj
 0002:00003da0       ??_C@_1EC@EDNINNFE@?$AA?X?$AA?$KO?$AA?X?$AA?$KH?$AA?X?$AA?$LB?$AA?X?$AA?$KM?$AA?5?$AA?X?$AA?$KN?$AA?X?$AA?$KP?$AA?Y?$AC?F?$AA?X?$AA?$KP?$AA?5?$AA?X?$AA?$KH?$AA?Y?5?$BO?$AA?X?$AA?$LA?$AA?X?$AA?$KH?$AA?Y?$AB?$JC?$AA?X?$AA?$LB?$AA?X?$AA?$KJ@ 1001ada0     ilu_error.obj
 0002:00003de4       ??_C@_1CG@FMMCPAGB@?$AAe?$AAn?$AAu?$AAm?$AAe?$AAr?$AAa?$AAn?$AAt?$AA?5?$AA?X?$AA?$KO?$AA?X?$AA?$KH?$AA?X?$AA?$LH?$AA?X?$AA?$KG?$AA?$AA@ 1001ade4     ilu_error.obj
 0002:00003e10       ?IL_PI@@3NB                1001ae10     ilu_internal.obj
 0002:00003e18       ?IL_DEGCONV@@3NB           1001ae18     ilu_internal.obj
 0002:00003f40       ??_C@_1GA@HHAEFLDO@?$AAD?$AAe?$AAv?$AAe?$AAl?$AAo?$AAp?$AAe?$AAr?$AA?8?$AAs?$AA?5?$AAI?$AAm?$AAa?$AAg?$AAe?$AA?5?$AAL?$AAi?$AAb?$AAr?$AAa?$AAr?$AAy?$AA?5?$AAU?$AAt?$AAi?$AAl?$AAi?$AAt@ 1001af40     ilu_states.obj
 0002:00003fa0       ??_C@_1CC@FLLNLNFB@?$AAA?$AAb?$AAy?$AAs?$AAm?$AAa?$AAl?$AA?5?$AAS?$AAo?$AAf?$AAt?$AAw?$AAa?$AAr?$AAe?$AA?$AA@ 1001afa0     ilu_states.obj
 0002:00003fc8       __real@41f0000000000000    1001afc8      CIL library: CIL module
 0002:00003fd0       __real@4f800000            1001afd0      CIL library: CIL module
 0002:00003fd8       __real@3fe0000000000000    1001afd8      CIL library: CIL module
 0002:00003fe0       __real@3ff0000000000000    1001afe0      CIL library: CIL module
 0002:00003fe8       __real@43870000            1001afe8      CIL library: CIL module
 0002:00003fec       __real@43340000            1001afec      CIL library: CIL module
 0002:00003ff0       __real@42b40000            1001aff0      CIL library: CIL module
 0002:00003ff8       __real@0000000000000000    1001aff8      CIL library: CIL module
 0002:00004000       __real@4066800000000000    1001b000      CIL library: CIL module
 0002:00004008       __real@4076800000000000    1001b008      CIL library: CIL module
 0002:00004010       __real@403e000000000000    1001b010      CIL library: CIL module
 0002:00004018       __real@402e000000000000    1001b018      CIL library: CIL module
 0002:00004020       __real@4024000000000000    1001b020      CIL library: CIL module
 0002:00004028       __real@401c000000000000    1001b028      CIL library: CIL module
 0002:00004030       __real@4025555555555555    1001b030      CIL library: CIL module
 0002:00004038       __real@c034000000000000    1001b038      CIL library: CIL module
 0002:00004040       __real@4028000000000000    1001b040      CIL library: CIL module
 0002:00004048       __real@c002aaaaaaaaaaab    1001b048      CIL library: CIL module
 0002:00004050       __real@4000000000000000    1001b050      CIL library: CIL module
 0002:00004058       __real@4018000000000000    1001b058      CIL library: CIL module
 0002:00004060       __real@4015555555555555    1001b060      CIL library: CIL module
 0002:00004068       __real@c028000000000000    1001b068      CIL library: CIL module
 0002:00004070       __real@3fc5555555555555    1001b070      CIL library: CIL module
 0002:00004078       __real@3fe5555555555555    1001b078      CIL library: CIL module
 0002:00004080       __real@3ff8000000000000    1001b080      CIL library: CIL module
 0002:00004088       __real@3fe8000000000000    1001b088      CIL library: CIL module
 0002:00004090       __real@bfe0000000000000    1001b090      CIL library: CIL module
 0002:00004098       __real@4008000000000000    1001b098      CIL library: CIL module
 0002:000040a0       __real@40efffe000000000    1001b0a0      CIL library: CIL module
 0002:000040a8       __real@406fe00000000000    1001b0a8      CIL library: CIL module
 0002:000040b0       __real@3e9e00d2            1001b0b0      CIL library: CIL module
 0002:000040b4       __real@3f1c01a3            1001b0b4      CIL library: CIL module
 0002:000040b8       __real@3da7ef9e            1001b0b8      CIL library: CIL module
 0002:000040bc       __real@34000000            1001b0bc      CIL library: CIL module
 0002:000040c0       __real@bf800000            1001b0c0      CIL library: CIL module
 0002:000040c8       __real@405fc00000000000    1001b0c8      CIL library: CIL module
 0002:000040d0       __real@40dfffc000000000    1001b0d0      CIL library: CIL module
 0002:000040d8       __real@41e0000000000000    1001b0d8      CIL library: CIL module
 0002:000040e0       __OP_FMODjmptab            1001b0e0     libcmt:_87fmod_.obj
 0002:00004a30       __indefinite               1001ba30     libcmt:_87disp_.obj
 0002:00004a3a       __piby2                    1001ba3a     libcmt:_87disp_.obj
 0002:00004a68       __DEFAULT_CW_in_mem        1001ba68     libcmt:_common_.obj
 0002:00004a6a       __pi_by_2_to_61            1001ba6a     libcmt:_common_.obj
 0002:00008cc0       __infinity                 1001fcc0     libcmt:_87tran_.obj
 0002:00008cca       __minfinity                1001fcca     libcmt:_87tran_.obj
 0002:00008cd4       __logemax                  1001fcd4     libcmt:_87tran_.obj
 0002:00008cfa       __OP_EXPjmptab             1001fcfa     libcmt:_87tran_.obj
 0002:00008d20       __load_config_used         1001fd20     libcmt:loadcfg.obj
 0002:00008dc0       ___safe_se_handler_table   1001fdc0     <linker-defined>
 0002:00008dcc       ___rtc_iaa                 1001fdcc     libcmt:_initsect_.obj
 0002:00008dd0       ___rtc_izz                 1001fdd0     libcmt:_initsect_.obj
 0002:00008dd4       ___rtc_taa                 1001fdd4     libcmt:_initsect_.obj
 0002:00008dd8       ___rtc_tzz                 1001fdd8     libcmt:_initsect_.obj
 0002:00008fac       __IMPORT_DESCRIPTOR_ResIL  1001ffac     resil:ResIL.dll
 0002:00008fc0       __IMPORT_DESCRIPTOR_KERNEL32 1001ffc0     kernel32:KERNEL32.dll
 0002:00008fd4       __NULL_IMPORT_DESCRIPTOR   1001ffd4     resil:ResIL.dll
 0003:00000000       ___security_cookie         10021000     libcmt:gs_cookie.obj
 0003:00000004       ___security_cookie_complement 10021004     libcmt:gs_cookie.obj
 0003:00000180       ___flsindex                10021180     libcmt:tidtable.obj
 0003:00000184       ___getvalueindex           10021184     libcmt:tidtable.obj
 0003:00000188       ___badioinfo               10021188     libcmt:ioinit.obj
 0003:000001d0       __matherr_flag             100211d0     libcmt:_matherr_.obj
 0003:000001d4       __fltused                  100211d4     libcmt:_fpinit_.obj
 0003:000001d8       __ldused                   100211d8     libcmt:_fpinit_.obj
 0003:000002c8       __d_inf                    100212c8     libcmt:_util_.obj
 0003:000002d0       __d_ind                    100212d0     libcmt:_util_.obj
 0003:000002d8       __d_max                    100212d8     libcmt:_util_.obj
 0003:000002e0       __d_min                    100212e0     libcmt:_util_.obj
 0003:000002e8       __d_mzero                  100212e8     libcmt:_util_.obj
 0003:00000430       ___clocalestr              10021430     libcmt:nlsdata2.obj
 0003:00000438       ___lc_time_c               10021438     libcmt:nlsdata2.obj
 0003:000005a0       ___initiallocinfo          100215a0     libcmt:nlsdata2.obj
 0003:00000678       ___ptlocinfo               10021678     libcmt:nlsdata2.obj
 0003:00000680       ___initialmbcinfo          10021680     libcmt:mbctype.obj
 0003:000008a0       __mbctype                  100218a0     libcmt:mbctype.obj
 0003:000009a8       __mbcasemap                100219a8     libcmt:mbctype.obj
 0003:00000aa8       ___ptmbcinfo               10021aa8     libcmt:mbctype.obj
 0003:00000ba0       __cfltcvt_tab              10021ba0     libcmt:cmiscdat.obj
 0003:00000bd0       ___lconv_static_decimal    10021bd0     libcmt:lconv.obj
 0003:00000bd4       ___lconv_static_W_decimal  10021bd4     libcmt:lconv.obj
 0003:00000bd8       ___lconv_c                 10021bd8     libcmt:lconv.obj
 0003:00000c28       ___lconv                   10021c28     libcmt:lconv.obj
 0003:00000c2c       ___globallocalestatus      10021c2c     libcmt:glstatus.obj
 0003:00000c30       __pctype                   10021c30     libcmt:ctype.obj
 0003:00000c34       __pwctype                  10021c34     libcmt:ctype.obj
 0003:00000c38       ___abort_behavior          10021c38     libcmt:abort.obj
 0003:00000c40       __NLG_Destination          10021c40     libcmt:exsup.obj
 0003:00000c90       ___mb_cur_max              10021c90     libcmt:nlsdata1.obj
 0003:00000c94       ___decimal_point           10021c94     libcmt:nlsdata1.obj
 0003:00000c98       ___decimal_point_length    10021c98     libcmt:nlsdata1.obj
 0003:00000ca0       __pow10pos                 10021ca0     libcmt:_constpow_.obj
 0003:00000e00       __pow10neg                 10021e00     libcmt:_constpow_.obj
 0003:00000f60       ?_iluVendor@@3PB_WB        10021f60     ilu_states.obj
 0003:00000f64       ?_iluVersion@@3PB_WB       10021f64     ilu_states.obj
 0003:00000f68       ?iluFilter@@3IA            10021f68     ilu_states.obj
 0003:00000f6c       ?iluPlacement@@3IA         10021f6c     ilu_states.obj
 0003:00000f70       ?iluErrorStringsArabic@@3PAPB_WA 10021f70     ilu_error.obj
 0003:00000fb8       ?iluLibErrorStringsArabic@@3PAPB_WA 10021fb8     ilu_error.obj
 0003:00000fd4       ?iluMiscErrorStringsArabic@@3PAPB_WA 10021fd4     ilu_error.obj
 0003:00000fdc       ?iluLibErrorStringsDutch@@3PAPB_WA 10021fdc     ilu_error.obj
 0003:00000ff8       ?iluErrorStringsDutch@@3PAPB_WA 10021ff8     ilu_error.obj
 0003:00001040       ?iluMiscErrorStringsDutch@@3PAPB_WA 10022040     ilu_error.obj
 0003:00001048       ?iluErrorStringsEnglish@@3PAPB_WA 10022048     ilu_error.obj
 0003:00001090       ?iluLibErrorStringsEnglish@@3PAPB_WA 10022090     ilu_error.obj
 0003:000010ac       ?iluMiscErrorStringsEnglish@@3PAPB_WA 100220ac     ilu_error.obj
 0003:000010b4       ?iluLibErrorStringsJapanese@@3PAPB_WA 100220b4     ilu_error.obj
 0003:000010d0       ?iluErrorStringsJapanese@@3PAPB_WA 100220d0     ilu_error.obj
 0003:00001118       ?iluMiscErrorStringsJapanese@@3PAPB_WA 10022118     ilu_error.obj
 0003:00001120       ?iluErrorStringsSpanish@@3PAPB_WA 10022120     ilu_error.obj
 0003:00001168       ?iluLibErrorStringsSpanish@@3PAPB_WA 10022168     ilu_error.obj
 0003:00001184       ?iluMiscErrorStringsSpanish@@3PAPB_WA 10022184     ilu_error.obj
 0003:0000118c       ?iluLibErrorStringsGerman@@3PAPB_WA 1002218c     ilu_error.obj
 0003:000011a8       ?iluErrorStringsGerman@@3PAPB_WA 100221a8     ilu_error.obj
 0003:000011f0       ?iluMiscErrorStringsGerman@@3PAPB_WA 100221f0     ilu_error.obj
 0003:000011f8       ?iluErrorStringsFrench@@3PAPB_WA 100221f8     ilu_error.obj
 0003:00001240       ?iluLibErrorStringsFrench@@3PAPB_WA 10022240     ilu_error.obj
 0003:0000125c       ?iluMiscErrorStringsFrench@@3PAPB_WA 1002225c     ilu_error.obj
 0003:00001264       ?iluErrorStrings@@3PAPAPB_WA 10022264     ilu_error.obj
 0003:00001280       ?iluLibErrorStrings@@3PAPAPB_WA 10022280     ilu_error.obj
 0003:0000129c       ?iluMiscErrorStrings@@3PAPAPB_WA 1002229c     ilu_error.obj
 0003:000012f0       __half                     100222f0     libcmt:_pow_.obj
 0003:00001324       __aenvptr                  10022324     libcmt:dllcrt0.obj
 0003:00001328       __wenvptr                  10022328     libcmt:dllcrt0.obj
 0003:0000132c       ___error_mode              1002232c     libcmt:dllcrt0.obj
 0003:00001330       ___app_type                10022330     libcmt:dllcrt0.obj
 0003:00001660       __crtheap                  10022660     libcmt:heapinit.obj
 0003:00001664       _gpFlsAlloc                10022664     libcmt:tidtable.obj
 0003:00001668       _gpFlsGetValue             10022668     libcmt:tidtable.obj
 0003:0000166c       _gpFlsSetValue             1002266c     libcmt:tidtable.obj
 0003:00001670       _gpFlsFree                 10022670     libcmt:tidtable.obj
 0003:00001674       __maxwait                  10022674     libcmt:crtheap.obj
 0003:00001678       __umaskval                 10022678     libcmt:crt0dat.obj
 0003:0000167c       ___argc                    1002267c     libcmt:crt0dat.obj
 0003:00001680       ___argv                    10022680     libcmt:crt0dat.obj
 0003:00001684       ___wargv                   10022684     libcmt:crt0dat.obj
 0003:00001688       __environ                  10022688     libcmt:crt0dat.obj
 0003:0000168c       ___initenv                 1002268c     libcmt:crt0dat.obj
 0003:00001690       __wenviron                 10022690     libcmt:crt0dat.obj
 0003:00001694       ___winitenv                10022694     libcmt:crt0dat.obj
 0003:00001698       __pgmptr                   10022698     libcmt:crt0dat.obj
 0003:0000169c       __wpgmptr                  1002269c     libcmt:crt0dat.obj
 0003:000016a0       __exitflag                 100226a0     libcmt:crt0dat.obj
 0003:000016a4       __C_Termination_Done       100226a4     libcmt:crt0dat.obj
 0003:000016a8       __C_Exit_Done              100226a8     libcmt:crt0dat.obj
 0003:000017b8       ___fastflag                100227b8     libcmt:_fpinit_.obj
 0003:000017bc       ___pInvalidArgHandler      100227bc     libcmt:invarg.obj
 0003:00001914       ___mbulinfo                10022914     libcmt:mbctype.obj
 0003:00001920       ___mbcodepage              10022920     libcmt:mbctype.obj
 0003:00001924       ___ismbcodepage            10022924     libcmt:mbctype.obj
 0003:00001928       ___mblcid                  10022928     libcmt:mbctype.obj
 0003:0000192c       ?__pInconsistency@@3P6AXXZA 1002292c     libcmt:hooks.obj
 0003:00001948       ___pPurecall               10022948     libcmt:inithelp.obj
 0003:0000194c       ?_pnhHeap@@3P6AHI@ZA       1002294c     libcmt:handler.obj
 0003:00001f78       ___lconv_static_null       10022f78     libcmt:lconv.obj
 0003:00001f7c       ___lconv_static_W_null     10022f7c     libcmt:lconv.obj
 0003:00001f80       __newmode                  10022f80     libcmt:_newmode.obj
 0003:00001f98       __outputformat             10022f98     libcmt:outputformat.obj
 0003:00001f9c       ___locale_changed          10022f9c     libcmt:setlocal.obj
 0003:00001fa0       ?iluMiscErrors@@3PAPB_WA   10022fa0     ilu_error.obj
 0003:00001fa4       ?iluLibErrors@@3PAPB_WA    10022fa4     ilu_error.obj
 0003:00001fa8       ?iluErrors@@3PAPB_WA       10022fa8     ilu_error.obj
 0003:000020e0       ?RegionPointsi@@3PAUILpointi@@A 100230e0     ilu_region.obj
 0003:000020e4       ?RegionPointsf@@3PAUILpointf@@A 100230e4     ilu_region.obj
 0003:000020e8       ?PointNum@@3IA             100230e8     ilu_region.obj
 0003:000020ec       ?iRegionMask@@3PAEA        100230ec     ilu_region.obj
 0003:000020f0       ___sse2_available          100230f0     <common>
 0003:000020f4       __debugger_hook_dummy      100230f4     <common>
 0003:000020f8       __pDestructExceptionObject 100230f8     <common>
 0003:000020fc       __nhandle                  100230fc     <common>
 0003:00002100       ___pioinfo                 10023100     <common>
 0003:00002200       ___env_initialized         10023200     <common>
 0003:00002204       ___onexitend               10023204     <common>
 0003:00002208       ___onexitbegin             10023208     <common>
 0003:0000220c       ___mbctype_initialized     1002320c     <common>
 0003:00002210       ___dyn_tls_init_callback   10023210     <common>
 0003:00002214       ___use_sse2_mathfcns       10023214     <common>
 0003:00002218       __pmatherr                 10023218     <common>
 0003:0000221c       __acmdln                   1002321c     <common>

 entry point at        0001:0000a952

 Static symbols

 0001:0000a85c       ___DllMainCRTStartup       1000b85c f   libcmt:dllcrt0.obj
 0001:0000b5ba       _doexit                    1000c5ba f   libcmt:crt0dat.obj
 0001:0000bab1       _parse_cmdline             1000cab1 f   libcmt:stdargv.obj
 0001:0000d27b       ?CPtoLCID@@YAHH@Z          1000e27b f   libcmt:mbctype.obj
 0001:0000d2aa       ?setSBCS@@YAXPAUthreadmbcinfostruct@@@Z 1000e2aa f   libcmt:mbctype.obj
 0001:0000d30e       ?setSBUpLow@@YAXPAUthreadmbcinfostruct@@@Z 1000e30e f   libcmt:mbctype.obj
 0001:0000d5c9       ?getSystemCP@@YAHH@Z       1000e5c9 f   libcmt:mbctype.obj
 0001:0000dc11       _siglookup                 1000ec11 f   libcmt:winsig.obj
 0001:0000de4d       __onexit_nolock            1000ee4d f   libcmt:onexit.obj
 0001:0000e3fb       ?x_ismbbtype_l@@YAHPAUlocaleinfo_struct@@IHH@Z 1000f3fb f   libcmt:ismbbyte.obj
 0001:0000e500       __unwind_handler4          1000f500 f   libcmt:exsup4.obj
 0001:0000e730       __shift                    1000f730 f   libcmt:cvt.obj
 0001:0000e775       __cftoe2_l                 1000f775 f   libcmt:cvt.obj
 0001:0000ed33       __cftof2_l                 1000fd33 f   libcmt:cvt.obj
 0001:0000f638       ?__crtLCMapStringA_stat@@YAHPAUlocaleinfo_struct@@KKPBDHPADHHH@Z 10010638 f   libcmt:a_map.obj
 0001:0000f865       ?__crtGetStringTypeA_stat@@YAHPAUlocaleinfo_struct@@KPBDHPAGHHH@Z 10010865 f   libcmt:a_str.obj
 0001:00010100       __unwind_handler           10011100 f   libcmt:exsup.obj
 0001:00012975       __hw_cw                    10013975 f   libcmt:_ieee87_.obj
 0001:00012a03       ___hw_cw_sse2              10013a03 f   libcmt:_ieee87_.obj
