 ILUT

 Timestamp is 5467521e (Sat Nov 15 14:16:14 2014)

 Preferred load address is 10000000

 Start         Length     Name                   Class
 0001:00000000 00007e51H .text                   CODE
 0001:00007e60 00000059H .text$x                 CODE
 0002:00000000 000001acH .idata$5                DATA
 0002:000001ac 00000004H .CRT$XCA                DATA
 0002:000001b0 00000004H .CRT$XCZ                DATA
 0002:000001b4 00000004H .CRT$XIA                DATA
 0002:000001b8 0000000cH .CRT$XIC                DATA
 0002:000001c4 00000004H .CRT$XIZ                DATA
 0002:000001c8 00000004H .CRT$XPA                DATA
 0002:000001cc 00000004H .CRT$XPZ                DATA
 0002:000001d0 00000004H .CRT$XTA                DATA
 0002:000001d4 00000004H .CRT$XTZ                DATA
 0002:000001e0 00002030H .rdata                  DATA
 0002:00002210 0000004eH .rdata$debug            DATA
 0002:00002260 00000124H .rdata$r                DATA
 0002:00002390 0000001cH .rdata$sxdata           DATA
 0002:000023ac 00000004H .rtc$IAA                DATA
 0002:000023b0 00000004H .rtc$IZZ                DATA
 0002:000023b4 00000004H .rtc$TAA                DATA
 0002:000023b8 00000004H .rtc$TZZ                DATA
 0002:000023c0 00000378H .xdata$x                DATA
 0002:00002738 00000064H .idata$2                DATA
 0002:0000279c 00000014H .idata$3                DATA
 0002:000027b0 000001acH .idata$4                DATA
 0002:0000295c 00000734H .idata$6                DATA
 0002:00003090 00000558H .edata                  DATA
 0003:00000000 00000ba0H .data                   DATA
 0003:00000ba0 0000127cH .bss                    DATA

  Address         Publics by Value              Rva+Base       Lib:Object

 0000:00000000       __except_list              00000000     <absolute>
 0000:00000007       ___safe_se_handler_count   00000007     <absolute>
 0000:00000000       ___ImageBase               10000000     <linker-defined>
 0001:00000000       _DllMain@12                10001000 f   ilut_main.obj
 0001:00000010       ?ilut2Init@@YGXXZ          10001010 f   ilut_main.obj
 0001:00000010       ?ilutInit@@YGXXZ           10001010 f   ilut_main.obj
 0001:00000080       ?ilutGetString@@YGPA_WI@Z  10001080 f   ilut_states.obj
 0001:000000c0       ?ilutEnable@@YGEI@Z        100010c0 f   ilut_states.obj
 0001:000000e0       ?ilutDisable@@YGEI@Z       100010e0 f   ilut_states.obj
 0001:00000100       ?ilutAble@@YAEIE@Z         10001100 f   ilut_states.obj
 0001:000001b0       ?ilutIsEnabled@@YGEI@Z     100011b0 f   ilut_states.obj
 0001:00000270       ?ilutIsDisabled@@YGEI@Z    10001270 f   ilut_states.obj
 0001:00000290       ?ilutGetBooleanv@@YGXIPAE@Z 10001290 f   ilut_states.obj
 0001:00000360       ?ilutGetBoolean@@YGEI@Z    10001360 f   ilut_states.obj
 0001:00000380       ?ilutGetIntegerv@@YGXIPAH@Z 10001380 f   ilut_states.obj
 0001:00000630       ?ilutGetInteger@@YGHI@Z    10001630 f   ilut_states.obj
 0001:00000660       ?ilutSetInteger@@YGXIH@Z   10001660 f   ilut_states.obj
 0001:00000820       ?ilutPushAttrib@@YGXI@Z    10001820 f   ilut_states.obj
 0001:000008b0       ?ilutPopAttrib@@YGXXZ      100018b0 f   ilut_states.obj
 0001:000008e0       ?ilutRenderer@@YGEI@Z      100018e0 f   ilut_states.obj
 0001:00000920       ??1ILpal@@UAE@XZ           10001920 f i ilut_win32.obj
 0001:00000940       ?use@ILpal@@QAEEHPAEI@Z    10001940 f i ilut_win32.obj
 0001:00000a40       ??4ILpal@@QAEXABV0@@Z      10001a40 f i ilut_win32.obj
 0001:00000a90       ??_GILpal@@UAEPAXI@Z       10001a90 f i ilut_win32.obj
 0001:00000a90       ??_EILpal@@UAEPAXI@Z       10001a90 f i  CIL library: CIL module
 0001:00000ad0       ?ilutWin32Init@@YAEXZ      10001ad0 f   ilut_win32.obj
 0001:00000ae0       ?ilut2ConvertSliceToHBitmap@@YGPAUHBITMAP__@@PAUILimage@@PAUHDC__@@I@Z 10001ae0 f   ilut_win32.obj
 0001:00001090       ?ilutConvertSliceToHBitmap@@YGPAUHBITMAP__@@PAUHDC__@@I@Z 10002090 f   ilut_win32.obj
 0001:000010c0       ?ilutConvertToHBitmap@@YGPAUHBITMAP__@@PAUHDC__@@@Z 100020c0 f   ilut_win32.obj
 0001:000010f0       ?ilut2ConvertToHBitmap@@YGPAUHBITMAP__@@PAUILimage@@PAUHDC__@@@Z 100020f0 f   ilut_win32.obj
 0001:00001110       ?iGetPaddedData@@YGPAEPAUILimage@@@Z 10002110 f   ilut_win32.obj
 0001:00001260       ?ilutFreePaddedData@@YGXPAE@Z 10002260 f   ilut_win32.obj
 0001:00001270       ?ilutGetPaddedData@@YGPAEXZ 10002270 f   ilut_win32.obj
 0001:00001280       ?ilutGetBmpInfo@@YGXPAUtagBITMAPINFO@@@Z 10002280 f   ilut_win32.obj
 0001:00001320       ?ilutWinLoadImage@@YGPAUHBITMAP__@@PA_WPAUHDC__@@@Z 10002320 f   ilut_win32.obj
 0001:00001370       ?ilutWinSaveImage@@YGEPA_WPAUHBITMAP__@@@Z 10002370 f   ilut_win32.obj
 0001:000013c0       ?ilutGetHPal@@YGPAUHPALETTE__@@XZ 100023c0 f   ilut_win32.obj
 0001:000014f0       ?ilutSetHBitmap@@YGEPAUHBITMAP__@@@Z 100024f0 f   ilut_win32.obj
 0001:000016c0       ?ilutSetHPal@@YGEPAUHPALETTE__@@@Z 100026c0 f   ilut_win32.obj
 0001:00001800       ?ilutSetWinClipboard@@YGEXZ 10002800 f   ilut_win32.obj
 0001:00001940       ?ilutGetWinClipboard@@YGEXZ 10002940 f   ilut_win32.obj
 0001:00001a40       ?ilutWinPrint@@YGEIIIIPAUHDC__@@@Z 10002a40 f   ilut_win32.obj
 0001:00001ab0       ?ilutLoadResource@@YGEPAUHINSTANCE__@@HPA_WI@Z 10002ab0 f   ilut_win32.obj
 0001:00001b10       ?ilutWinLoadUrl@@YGEPA_W@Z 10002b10 f   ilut_win32.obj
 0001:00001da0       @__security_check_cookie@4 10002da0 f   libcmt:secchk.obj
 0001:00001daf       ??0_LocaleUpdate@@QAE@PAUlocaleinfo_struct@@@Z 10002daf f i libcmt:tolower.obj
 0001:00001e36       __tolower_l                10002e36 f   libcmt:tolower.obj
 0001:00001f4b       _tolower                   10002f4b f   libcmt:tolower.obj
 0001:00001f77       ??3@YAXPAX@Z               10002f77 f   libcmt:delete.obj
 0001:00001f82       ??1type_info@@UAE@XZ       10002f82 f   libcmt:typinfo.obj
 0001:00001f92       ??_Gtype_info@@UAEPAXI@Z   10002f92 f i libcmt:typinfo.obj
 0001:00001f92       ??_Etype_info@@UAEPAXI@Z   10002f92 f i libcmt:typinfo.obj
 0001:00001fb3       ??8type_info@@QBE_NABV0@@Z 10002fb3 f   libcmt:typinfo.obj
 0001:00001fd3       __CRT_INIT@12              10002fd3 f   libcmt:dllcrt0.obj
 0001:0000222d       __DllMainCRTStartup@12     1000322d f   libcmt:dllcrt0.obj
 0001:00002250       ___report_gsfailure        10003250 f   libcmt:gs_report.obj
 0001:00002579       ___updatetmbcinfo          10003579 f   libcmt:mbctype.obj
 0001:00002699       __setmbcp_nolock           10003699 f   libcmt:mbctype.obj
 0001:00002882       __setmbcp                  10003882 f   libcmt:mbctype.obj
 0001:00002a1c       ___initmbctable            10003a1c f   libcmt:mbctype.obj
 0001:00002a3a       ___addlocaleref            10003a3a f   libcmt:localref.obj
 0001:00002ac9       ___removelocaleref         10003ac9 f   libcmt:localref.obj
 0001:00002b62       ___freetlocinfo            10003b62 f   libcmt:localref.obj
 0001:00002cad       __updatetlocinfoEx_nolock  10003cad f   libcmt:localref.obj
 0001:00002cfa       ___updatetlocinfo          10003cfa f   libcmt:localref.obj
 0001:00002d73       __encoded_null             10003d73 f   libcmt:tidtable.obj
 0001:00002d7c       ___crtTlsAlloc@4           10003d7c f   libcmt:tidtable.obj
 0001:00002d85       ___set_flsgetvalue         10003d85 f   libcmt:tidtable.obj
 0001:00002db9       __mtterm                   10003db9 f   libcmt:tidtable.obj
 0001:00002df6       __initptd                  10003df6 f   libcmt:tidtable.obj
 0001:00002eaa       __getptd_noexit            10003eaa f   libcmt:tidtable.obj
 0001:00002f23       __getptd                   10003f23 f   libcmt:tidtable.obj
 0001:00002f3d       __freefls@4                10003f3d f   libcmt:tidtable.obj
 0001:0000306c       __freeptd                  1000406c f   libcmt:tidtable.obj
 0001:000030da       __mtinit                   100040da f   libcmt:tidtable.obj
 0001:00003255       __freea                    10004255 f i libcmt:a_map.obj
 0001:0000345c       ___crtLCMapStringA         1000445c f   libcmt:a_map.obj
 0001:000034a2       __get_errno_from_oserr     100044a2 f   libcmt:dosmap.obj
 0001:000034e4       __errno                    100044e4 f   libcmt:dosmap.obj
 0001:000034f7       __isleadbyte_l             100044f7 f i libcmt:_wctype.obj
 0001:0000352f       __isctype_l                1000452f f   libcmt:isctype.obj
 0001:000035e7       _free                      100045e7 f   libcmt:free.obj
 0001:00003621       ?_Type_info_dtor@type_info@@CAXPAV1@@Z 10004621 f   libcmt:typname.obj
 0001:000036a0       _strcmp                    100046a0 f   libcmt:strcmp.obj
 0001:00003728       __malloc_crt               10004728 f   libcmt:crtheap.obj
 0001:0000376d       __calloc_crt               1000476d f   libcmt:crtheap.obj
 0001:000037b9       __realloc_crt              100047b9 f   libcmt:crtheap.obj
 0001:00003807       ___crtCorExitProcess       10004807 f   libcmt:crt0dat.obj
 0001:00003832       ___crtExitProcess          10004832 f   libcmt:crt0dat.obj
 0001:0000384a       __lockexit                 1000484a f   libcmt:crt0dat.obj
 0001:00003853       __unlockexit               10004853 f   libcmt:crt0dat.obj
 0001:0000385c       __init_pointers            1000485c f   libcmt:crt0dat.obj
 0001:0000388f       __initterm_e               1000488f f   libcmt:crt0dat.obj
 0001:000038b3       __cinit                    100048b3 f   libcmt:crt0dat.obj
 0001:00003a8a       __exit                     10004a8a f   libcmt:crt0dat.obj
 0001:00003aa0       __cexit                    10004aa0 f   libcmt:crt0dat.obj
 0001:00003aaf       __amsg_exit                10004aaf f   libcmt:crt0dat.obj
 0001:00003acd       __ioinit                   10004acd f   libcmt:ioinit.obj
 0001:00003d12       __ioterm                   10004d12 f   libcmt:ioinit.obj
 0001:00003d65       __setenvp                  10004d65 f   libcmt:stdenvp.obj
 0001:00003fdb       __setargv                  10004fdb f   libcmt:stdargv.obj
 0001:00004096       ___crtGetEnvironmentStringsA 10005096 f   libcmt:a_env.obj
 0001:0000412d       __RTC_Initialize           1000512d f   libcmt:_initsect_.obj
 0001:00004153       __RTC_Terminate            10005153 f   libcmt:_initsect_.obj
 0001:00004179       __heap_init                10005179 f   libcmt:heapinit.obj
 0001:00004197       __heap_term                10005197 f   libcmt:heapinit.obj
 0001:000041b0       __SEH_prolog4              100051b0 f   libcmt:sehprolg4.obj
 0001:000041f5       __SEH_epilog4              100051f5 f   libcmt:sehprolg4.obj
 0001:00004210       __except_handler4          10005210 f   libcmt:chandler4.obj
 0001:0000439f       __XcptFilter               1000539f f   libcmt:winxfltr.obj
 0001:000044e9       ___CppXcptFilter           100054e9 f   libcmt:winxfltr.obj
 0001:00004509       ___security_init_cookie    10005509 f   libcmt:gs_support.obj
 0001:000045a4       __crt_debugger_hook        100055a4 f   libcmt:dbghook.obj
 0001:000045b0       _memset                    100055b0 f   libcmt:memset.obj
 0001:00004711       ___crtGetStringTypeA       10005711 f   libcmt:a_str.obj
 0001:00004751       __mtinitlocks              10005751 f   libcmt:mlock.obj
 0001:0000479b       __mtdeletelocks            1000579b f   libcmt:mlock.obj
 0001:000047f2       __unlock                   100057f2 f   libcmt:mlock.obj
 0001:00004809       __mtinitlocknum            10005809 f   libcmt:mlock.obj
 0001:000048cb       __lock                     100058cb f   libcmt:mlock.obj
 0001:000048fe       ___free_lc_time            100058fe f   libcmt:inittime.obj
 0001:00004c75       ___free_lconv_num          10005c75 f   libcmt:initnum.obj
 0001:00004cde       ___free_lconv_mon          10005cde f   libcmt:initmon.obj
 0001:00004ddc       _malloc                    10005ddc f   libcmt:malloc.obj
 0001:00004e70       __alloca_probe_16          10005e70 f   libcmt:alloca16.obj
 0001:00004e86       __alloca_probe_8           10005e86     libcmt:alloca16.obj
 0001:00004e9c       __initp_misc_invarg        10005e9c f   libcmt:invarg.obj
 0001:00004eab       __call_reportfault         10005eab f   libcmt:invarg.obj
 0001:00004fd4       __invoke_watson            10005fd4 f   libcmt:invarg.obj
 0001:00004ff9       __invalid_parameter        10005ff9 f   libcmt:invarg.obj
 0001:00005026       __invalid_parameter_noinfo 10006026 f   libcmt:invarg.obj
 0001:00005040       _strcspn                   10006040 f   libcmt:strcspn.obj
 0001:00005086       _strcpy_s                  10006086 f   libcmt:strcpy_s.obj
 0001:000050f0       _memcpy                    100060f0 f   libcmt:memcpy.obj
 0001:00005460       _strlen                    10006460 f   libcmt:strlen.obj
 0001:000054f0       _strpbrk                   100064f0 f   libcmt:strpbrk.obj
 0001:00005530       __local_unwind4            10006530 f   libcmt:exsup4.obj
 0001:00005606       __seh_longjmp_unwind4@4    10006606 f   libcmt:exsup4.obj
 0001:00005622       @_EH4_CallFilterFunc@8     10006622 f   libcmt:exsup4.obj
 0001:00005639       @_EH4_TransferToHandler@8  10006639 f   libcmt:exsup4.obj
 0001:00005652       @_EH4_GlobalUnwind2@8      10006652 f   libcmt:exsup4.obj
 0001:0000566b       @_EH4_LocalUnwind@16       1000666b f   libcmt:exsup4.obj
 0001:00005682       __calloc_impl              10006682 f   libcmt:calloc_impl.obj
 0001:00005704       _realloc                   10006704 f   libcmt:realloc.obj
 0001:000057b1       ?terminate@@YAXXZ          100067b1 f   libcmt:hooks.obj
 0001:000057ea       ?unexpected@@YAXXZ         100067ea f   libcmt:hooks.obj
 0001:000057fd       ?_inconsistency@@YAXXZ     100067fd f   libcmt:hooks.obj
 0001:00005835       __initp_eh_hooks           10006835 f   libcmt:hooks.obj
 0001:00005846       __initp_misc_winsig        10006846 f   libcmt:winsig.obj
 0001:0000589b       ___get_sigabrt             1000689b f   libcmt:winsig.obj
 0001:000058a8       _raise                     100068a8 f   libcmt:winsig.obj
 0001:00005a4b       __initp_misc_rand_s        10006a4b f   libcmt:rand_s.obj
 0001:00005a5a       __initp_misc_purevirt      10006a5a f   libcmt:inithelp.obj
 0001:00005a69       __initp_heap_handler       10006a69 f   libcmt:handler.obj
 0001:00005a78       __callnewh                 10006a78 f   libcmt:handler.obj
 0001:00005b56       ___onexitinit              10006b56 f   libcmt:onexit.obj
 0001:00005b87       __onexit                   10006b87 f   libcmt:onexit.obj
 0001:00005bc3       _atexit                    10006bc3 f   libcmt:onexit.obj
 0001:00005bda       __initp_misc_cfltcvt_tab   10006bda f   libcmt:cmiscdat.obj
 0001:00005c00       __ValidateImageBase        10006c00 f   libcmt:pesect.obj
 0001:00005c40       __FindPESection            10006c40 f   libcmt:pesect.obj
 0001:00005c90       __IsNonwritableInCurrentImage 10006c90 f   libcmt:pesect.obj
 0001:00005d4c       __GET_RTERRMSG             10006d4c f   libcmt:crt0msg.obj
 0001:00005d72       __NMSG_WRITE               10006d72 f   libcmt:crt0msg.obj
 0001:00005f21       __FF_MSGBANNER             10006f21 f   libcmt:crt0msg.obj
 0001:00005fad       __ismbblead                10006fad f   libcmt:ismbbyte.obj
 0001:00005fc5       __VEC_memzero              10006fc5 f   libcmt:p4_memset.obj
 0001:0000607f       ___sse2_available_init     1000707f f   libcmt:cpu_disp.obj
 0001:00006090       __chkstk                   10007090 f   libcmt:chkstk.obj
 0001:00006090       __alloca_probe             10007090     libcmt:chkstk.obj
 0001:000060bb       __VEC_memcpy               100070bb f   libcmt:p4_memcpy.obj
 0001:000061c0       __aulldvrm                 100071c0 f   libcmt:ulldvrm.obj
 0001:00006260       __global_unwind2           10007260 f   libcmt:exsup.obj
 0001:000062c5       __local_unwind2            100072c5 f   libcmt:exsup.obj
 0001:00006349       __abnormal_termination     10007349 f   libcmt:exsup.obj
 0001:0000636c       __NLG_Notify1              1000736c f   libcmt:exsup.obj
 0001:00006375       __NLG_Notify               10007375 f   libcmt:exsup.obj
 0001:0000638c       __NLG_Dispatch2            1000738c     libcmt:exsup.obj
 0001:0000638c       __NLG_Dispatch             1000738c     libcmt:exsup.obj
 0001:00006394       __NLG_Call                 10007394 f   libcmt:exsup.obj
 0001:00006396       __NLG_Return2              10007396     libcmt:exsup.obj
 0001:00006397       __msize                    10007397 f   libcmt:msize.obj
 0001:000063ca       _abort                     100073ca f   libcmt:abort.obj
 0001:000063fd       __fptrap                   100073fd f   libcmt:crt0fp.obj
 0001:00006406       ___crtMessageBoxW          10007406 f   libcmt:crtmboxw.obj
 0001:00006572       _wcscat_s                  10007572 f   libcmt:wcscat_s.obj
 0001:000065e7       _wcsncpy_s                 100075e7 f   libcmt:wcsncpy_s.obj
 0001:000066b4       _wcslen                    100076b4 f   libcmt:wcslen.obj
 0001:000066cf       _wcscpy_s                  100076cf f   libcmt:wcscpy_s.obj
 0001:00006732       __set_error_mode           10007732 f   libcmt:errmode.obj
 0001:00006780       ___ascii_strnicmp          10007780 f   libcmt:_strnicm.obj
 0001:000067f0       __allmul                   100077f0 f   libcmt:llmul.obj
 0001:00006824       _RtlUnwind@16              10007824 f   kernel32:KERNEL32.dll
 0001:0000682a       ?_JumpToContinuation@@YGXPAXPAUEHRegistrationNode@@@Z 1000782a f   libcmt:_trnsctrl_.obj
 0001:0000685c       ?_CallMemberFunction0@@YGXPAX0@Z 1000785c f   libcmt:_trnsctrl_.obj
 0001:0000685c       ?_CallMemberFunction1@@YGXPAX00@Z 1000785c f   libcmt:_trnsctrl_.obj
 0001:0000685c       ?_CallMemberFunction2@@YGXPAX00H@Z 1000785c f   libcmt:_trnsctrl_.obj
 0001:00006863       ?_UnwindNestedFrames@@YGXPAUEHRegistrationNode@@PAUEHExceptionRecord@@@Z 10007863 f   libcmt:_trnsctrl_.obj
 0001:000068b7       ___CxxFrameHandler3        100078b7 f   libcmt:_trnsctrl_.obj
 0001:00006920       ?_CallSETranslator@@YAHPAUEHExceptionRecord@@PAUEHRegistrationNode@@PAX2PBU_s_FuncInfo@@H1@Z 10007920 f   libcmt:_trnsctrl_.obj
 0001:00006a96       ?_GetRangeOfTrysToCheck@@YAPBU_s_TryBlockMapEntry@@PBU_s_FuncInfo@@HHPAI1@Z 10007a96 f   libcmt:_trnsctrl_.obj
 0001:00006b09       __CreateFrameInfo          10007b09 f   libcmt:_trnsctrl_.obj
 0001:00006b35       __IsExceptionObjectToBeDestroyed 10007b35 f   libcmt:_trnsctrl_.obj
 0001:00006b5c       __FindAndUnlinkFrame       10007b5c f   libcmt:_trnsctrl_.obj
 0001:00006bae       ?_CallCatchBlock2@@YAPAXPAUEHRegistrationNode@@PBU_s_FuncInfo@@PAXHK@Z 10007bae f   libcmt:_trnsctrl_.obj
 0001:00006c0e       ??1bad_exception@std@@UAE@XZ 10007c0e f i libcmt:frame.obj
 0001:00006c19       ??_Gbad_exception@std@@UAEPAXI@Z 10007c19 f i libcmt:frame.obj
 0001:00006c19       ??_Ebad_exception@std@@UAEPAXI@Z 10007c19 f i libcmt:frame.obj
 0001:00006c40       ___TypeMatch               10007c40 f   libcmt:frame.obj
 0001:00006c9f       ___FrameUnwindFilter       10007c9f f   libcmt:frame.obj
 0001:00006cee       ___FrameUnwindToState      10007cee f   libcmt:frame.obj
 0001:00006e0f       ___DestructExceptionObject 10007e0f f   libcmt:frame.obj
 0001:00006e64       ___AdjustPointer           10007e64 f   libcmt:frame.obj
 0001:000070e8       ___BuildCatchObjectHelper  100080e8 f   libcmt:frame.obj
 0001:00007267       ___BuildCatchObject        10008267 f   libcmt:frame.obj
 0001:000077e3       ??0bad_exception@std@@QAE@ABV01@@Z 100087e3 f i libcmt:frame.obj
 0001:00007800       ___InternalCxxFrameHandler 10008800 f   libcmt:frame.obj
 0001:000078f0       __CallSettingFrame@12      100088f0 f   libcmt:lowhelpr.obj
 0001:00007917       __NLG_Return               10008917     libcmt:lowhelpr.obj
 0001:0000793c       ?what@exception@std@@UBEPBDXZ 1000893c f   libcmt:stdexcpt.obj
 0001:00007949       ?_Copy_str@exception@std@@AAEXPBD@Z 10008949 f   libcmt:stdexcpt.obj
 0001:00007989       ?_Tidy@exception@std@@AAEXXZ 10008989 f   libcmt:stdexcpt.obj
 0001:000079a7       ??0exception@std@@QAE@ABQBD@Z 100089a7 f   libcmt:stdexcpt.obj
 0001:000079ce       ??4exception@std@@QAEAAV01@ABV01@@Z 100089ce f   libcmt:stdexcpt.obj
 0001:00007a03       ??1exception@std@@UAE@XZ   10008a03 f   libcmt:stdexcpt.obj
 0001:00007a0e       ??_Eexception@std@@UAEPAXI@Z 10008a0e f i libcmt:stdexcpt.obj
 0001:00007a0e       ??_Gexception@std@@UAEPAXI@Z 10008a0e f i libcmt:stdexcpt.obj
 0001:00007a35       ??0exception@std@@QAE@ABV01@@Z 10008a35 f   libcmt:stdexcpt.obj
 0001:00007a5a       __EH_prolog3_catch         10008a5a f   libcmt:ehprolg3.obj
 0001:00007a90       __CxxThrowException@8      10008a90 f   libcmt:throw.obj
 0001:00007adc       ?_ValidateExecute@@YAHP6GHXZ@Z 10008adc f   libcmt:validate.obj
 0001:00007adc       ?_ValidateWrite@@YAHPAXI@Z 10008adc f   libcmt:validate.obj
 0001:00007adc       ?_ValidateRead@@YAHPBXI@Z  10008adc f   libcmt:validate.obj
 0001:00007af0       _memmove                   10008af0 f   libcmt:memmove.obj
 0002:00000000       __imp__DeleteObject@4      10009000     Gdi32:GDI32.dll
 0002:00000004       __imp__GetDIBits@28        10009004     Gdi32:GDI32.dll
 0002:00000008       __imp__CreatePalette@4     10009008     Gdi32:GDI32.dll
 0002:0000000c       __imp__SelectObject@8      1000900c     Gdi32:GDI32.dll
 0002:00000010       __imp__GetPaletteEntries@16 10009010     Gdi32:GDI32.dll
 0002:00000014       __imp__CreateCompatibleDC@4 10009014     Gdi32:GDI32.dll
 0002:00000018       __imp__CreateCompatibleBitmap@12 10009018     Gdi32:GDI32.dll
 0002:0000001c       __imp__SetDIBits@28        1000901c     Gdi32:GDI32.dll
 0002:00000020       \177GDI32_NULL_THUNK_DATA  10009020     Gdi32:GDI32.dll
 0002:00000024       __imp__DeleteCriticalSection@4 10009024     kernel32:KERNEL32.dll
 0002:00000028       __imp__HeapSize@12         10009028     kernel32:KERNEL32.dll
 0002:0000002c       __imp__IsProcessorFeaturePresent@4 1000902c     kernel32:KERNEL32.dll
 0002:00000030       __imp__FindResourceW@12    10009030     kernel32:KERNEL32.dll
 0002:00000034       __imp__LoadResource@8      10009034     kernel32:KERNEL32.dll
 0002:00000038       __imp__GlobalSize@4        10009038     kernel32:KERNEL32.dll
 0002:0000003c       __imp__GlobalLock@4        1000903c     kernel32:KERNEL32.dll
 0002:00000040       __imp__SizeofResource@8    10009040     kernel32:KERNEL32.dll
 0002:00000044       __imp__GlobalUnlock@4      10009044     kernel32:KERNEL32.dll
 0002:00000048       __imp__LockResource@4      10009048     kernel32:KERNEL32.dll
 0002:0000004c       __imp__GetCurrentThreadId@0 1000904c     kernel32:KERNEL32.dll
 0002:00000050       __imp__DecodePointer@4     10009050     kernel32:KERNEL32.dll
 0002:00000054       __imp__GetCommandLineA@0   10009054     kernel32:KERNEL32.dll
 0002:00000058       __imp__TerminateProcess@8  10009058     kernel32:KERNEL32.dll
 0002:0000005c       __imp__GetCurrentProcess@0 1000905c     kernel32:KERNEL32.dll
 0002:00000060       __imp__UnhandledExceptionFilter@4 10009060     kernel32:KERNEL32.dll
 0002:00000064       __imp__SetUnhandledExceptionFilter@4 10009064     kernel32:KERNEL32.dll
 0002:00000068       __imp__IsDebuggerPresent@0 10009068     kernel32:KERNEL32.dll
 0002:0000006c       __imp__GetCPInfo@8         1000906c     kernel32:KERNEL32.dll
 0002:00000070       __imp__InterlockedIncrement@4 10009070     kernel32:KERNEL32.dll
 0002:00000074       __imp__InterlockedDecrement@4 10009074     kernel32:KERNEL32.dll
 0002:00000078       __imp__GetACP@0            10009078     kernel32:KERNEL32.dll
 0002:0000007c       __imp__GetOEMCP@0          1000907c     kernel32:KERNEL32.dll
 0002:00000080       __imp__IsValidCodePage@4   10009080     kernel32:KERNEL32.dll
 0002:00000084       __imp__EncodePointer@4     10009084     kernel32:KERNEL32.dll
 0002:00000088       __imp__TlsAlloc@0          10009088     kernel32:KERNEL32.dll
 0002:0000008c       __imp__TlsGetValue@4       1000908c     kernel32:KERNEL32.dll
 0002:00000090       __imp__TlsSetValue@8       10009090     kernel32:KERNEL32.dll
 0002:00000094       __imp__TlsFree@4           10009094     kernel32:KERNEL32.dll
 0002:00000098       __imp__GetModuleHandleW@4  10009098     kernel32:KERNEL32.dll
 0002:0000009c       __imp__SetLastError@4      1000909c     kernel32:KERNEL32.dll
 0002:000000a0       __imp__GetLastError@0      100090a0     kernel32:KERNEL32.dll
 0002:000000a4       __imp__GetProcAddress@8    100090a4     kernel32:KERNEL32.dll
 0002:000000a8       __imp__WideCharToMultiByte@32 100090a8     kernel32:KERNEL32.dll
 0002:000000ac       __imp__LCMapStringW@24     100090ac     kernel32:KERNEL32.dll
 0002:000000b0       __imp__MultiByteToWideChar@24 100090b0     kernel32:KERNEL32.dll
 0002:000000b4       __imp__HeapFree@12         100090b4     kernel32:KERNEL32.dll
 0002:000000b8       __imp__Sleep@4             100090b8     kernel32:KERNEL32.dll
 0002:000000bc       __imp__ExitProcess@4       100090bc     kernel32:KERNEL32.dll
 0002:000000c0       __imp__SetHandleCount@4    100090c0     kernel32:KERNEL32.dll
 0002:000000c4       __imp__GetStdHandle@4      100090c4     kernel32:KERNEL32.dll
 0002:000000c8       __imp__InitializeCriticalSectionAndSpinCount@8 100090c8     kernel32:KERNEL32.dll
 0002:000000cc       __imp__GetFileType@4       100090cc     kernel32:KERNEL32.dll
 0002:000000d0       __imp__GetStartupInfoW@4   100090d0     kernel32:KERNEL32.dll
 0002:000000d4       __imp__RaiseException@16   100090d4     kernel32:KERNEL32.dll
 0002:000000d8       __imp__GetModuleFileNameA@12 100090d8     kernel32:KERNEL32.dll
 0002:000000dc       __imp__FreeEnvironmentStringsW@4 100090dc     kernel32:KERNEL32.dll
 0002:000000e0       __imp__GetEnvironmentStringsW@0 100090e0     kernel32:KERNEL32.dll
 0002:000000e4       __imp__HeapCreate@12       100090e4     kernel32:KERNEL32.dll
 0002:000000e8       __imp__HeapDestroy@4       100090e8     kernel32:KERNEL32.dll
 0002:000000ec       __imp__QueryPerformanceCounter@4 100090ec     kernel32:KERNEL32.dll
 0002:000000f0       __imp__GetTickCount@0      100090f0     kernel32:KERNEL32.dll
 0002:000000f4       __imp__GetCurrentProcessId@0 100090f4     kernel32:KERNEL32.dll
 0002:000000f8       __imp__GetSystemTimeAsFileTime@4 100090f8     kernel32:KERNEL32.dll
 0002:000000fc       __imp__GetStringTypeW@16   100090fc     kernel32:KERNEL32.dll
 0002:00000100       __imp__LeaveCriticalSection@4 10009100     kernel32:KERNEL32.dll
 0002:00000104       __imp__EnterCriticalSection@4 10009104     kernel32:KERNEL32.dll
 0002:00000108       __imp__HeapAlloc@12        10009108     kernel32:KERNEL32.dll
 0002:0000010c       __imp__RtlUnwind@16        1000910c     kernel32:KERNEL32.dll
 0002:00000110       __imp__HeapReAlloc@16      10009110     kernel32:KERNEL32.dll
 0002:00000114       __imp__LoadLibraryW@4      10009114     kernel32:KERNEL32.dll
 0002:00000118       __imp__WriteFile@20        10009118     kernel32:KERNEL32.dll
 0002:0000011c       __imp__GetModuleFileNameW@12 1000911c     kernel32:KERNEL32.dll
 0002:00000120       \177KERNEL32_NULL_THUNK_DATA 10009120     kernel32:KERNEL32.dll
 0002:00000124       __imp_?ilTexImage@@YGEIIIEIIPAX@Z 10009124     resil:ResIL.dll
 0002:00000128       __imp_?iConvertPal@@YG?AVILpal@@PAV1@I@Z 10009128     resil:ResIL.dll
 0002:0000012c       __imp_?ilSaveImage@@YGEPB_W@Z 1000912c     resil:ResIL.dll
 0002:00000130       __imp_?ilBindImage@@YGXI@Z 10009130     resil:ResIL.dll
 0002:00000134       __imp_?ilGetCurName@@YGIXZ 10009134     resil:ResIL.dll
 0002:00000138       __imp_?ilConvertPal@@YGEI@Z 10009138     resil:ResIL.dll
 0002:0000013c       __imp_?iConvertImage@@YGPAUILimage@@PAU1@II@Z 1000913c     resil:ResIL.dll
 0002:00000140       __imp_?iGetFlipped@@YGPAEPAUILimage@@@Z 10009140     resil:ResIL.dll
 0002:00000144       __imp_?ilLoadImage@@YGEPB_W@Z 10009144     resil:ResIL.dll
 0002:00000148       __imp_?ilLoadL@@YGEIPBXI@Z 10009148     resil:ResIL.dll
 0002:0000014c       __imp_?ilGetCurImage@@YGPAUILimage@@XZ 1000914c     resil:ResIL.dll
 0002:00000150       __imp_?ifree@@YGXPBX@Z     10009150     resil:ResIL.dll
 0002:00000154       __imp_?ilCloseImage@@YGXPAX@Z 10009154     resil:ResIL.dll
 0002:00000158       __imp_?ilTypeFromExt@@YGIPB_W@Z 10009158     resil:ResIL.dll
 0002:0000015c       __imp_?ialloc@@YGPAXI@Z    1000915c     resil:ResIL.dll
 0002:00000160       __imp_?ilSetCurImage@@YGXPAUILimage@@@Z 10009160     resil:ResIL.dll
 0002:00000164       __imp_?il2SetError@@YGXI@Z 10009164     resil:ResIL.dll
 0002:00000168       __imp_?iBindImageTemp@@YGXXZ 10009168     resil:ResIL.dll
 0002:0000016c       \177ResIL_NULL_THUNK_DATA  1000916c     resil:ResIL.dll
 0002:00000170       __imp__GetDC@4             10009170     User32:USER32.dll
 0002:00000174       __imp__OpenClipboard@4     10009174     User32:USER32.dll
 0002:00000178       __imp__EmptyClipboard@0    10009178     User32:USER32.dll
 0002:0000017c       __imp__ReleaseDC@8         1000917c     User32:USER32.dll
 0002:00000180       __imp__CloseClipboard@0    10009180     User32:USER32.dll
 0002:00000184       __imp__IsClipboardFormatAvailable@4 10009184     User32:USER32.dll
 0002:00000188       __imp__SetClipboardData@8  10009188     User32:USER32.dll
 0002:0000018c       __imp__GetForegroundWindow@0 1000918c     User32:USER32.dll
 0002:00000190       __imp__GetClipboardData@4  10009190     User32:USER32.dll
 0002:00000194       \177USER32_NULL_THUNK_DATA 10009194     User32:USER32.dll
 0002:00000198       __imp__InternetOpenUrlW@24 10009198     Wininet:WININET.dll
 0002:0000019c       __imp__InternetReadFile@16 1000919c     Wininet:WININET.dll
 0002:000001a0       __imp__InternetCloseHandle@4 100091a0     Wininet:WININET.dll
 0002:000001a4       __imp__InternetOpenW@20    100091a4     Wininet:WININET.dll
 0002:000001a8       \177WININET_NULL_THUNK_DATA 100091a8     Wininet:WININET.dll
 0002:000001ac       ___xc_a                    100091ac     libcmt:crt0init.obj
 0002:000001b0       ___xc_z                    100091b0     libcmt:crt0init.obj
 0002:000001b4       ___xi_a                    100091b4     libcmt:crt0init.obj
 0002:000001c4       ___xi_z                    100091c4     libcmt:crt0init.obj
 0002:000001c8       ___xp_a                    100091c8     libcmt:crt0init.obj
 0002:000001cc       ___xp_z                    100091cc     libcmt:crt0init.obj
 0002:000001d0       ___xt_a                    100091d0     libcmt:crt0init.obj
 0002:000001d4       ___xt_z                    100091d4     libcmt:crt0init.obj
 0002:00000200       ??_7type_info@@6B@         10009200     libcmt:typinfo.obj
 0002:00000204       __pDefaultRawDllMain       10009204     libcmt:dllcrt0.obj
 0002:00000204       __pRawDllMain              10009204     libcmt:dllcrt0.obj
 0002:00000210       ??_C@_1BC@GDGBMEMK@?$AAH?$AAH?$AA?3?$AAm?$AAm?$AA?3?$AAs?$AAs?$AA?$AA@ 10009210     libcmt:nlsdata2.obj
 0002:00000224       ??_C@_1CI@KNAKOEBC@?$AAd?$AAd?$AAd?$AAd?$AA?0?$AA?5?$AAM?$AAM?$AAM?$AAM?$AA?5?$AAd?$AAd?$AA?0?$AA?5?$AAy?$AAy?$AAy?$AAy?$AA?$AA@ 10009224     libcmt:nlsdata2.obj
 0002:0000024c       ??_C@_1BC@IEBCMHCM@?$AAM?$AAM?$AA?1?$AAd?$AAd?$AA?1?$AAy?$AAy?$AA?$AA@ 1000924c     libcmt:nlsdata2.obj
 0002:00000260       ??_C@_15CLMNNGEL@?$AAP?$AAM?$AA?$AA@ 10009260     libcmt:nlsdata2.obj
 0002:00000268       ??_C@_15ODEHAHHF@?$AAA?$AAM?$AA?$AA@ 10009268     libcmt:nlsdata2.obj
 0002:00000270       ??_C@_1BC@FEMKIFH@?$AAD?$AAe?$AAc?$AAe?$AAm?$AAb?$AAe?$AAr?$AA?$AA@ 10009270     libcmt:nlsdata2.obj
 0002:00000284       ??_C@_1BC@BGLIFPF@?$AAN?$AAo?$AAv?$AAe?$AAm?$AAb?$AAe?$AAr?$AA?$AA@ 10009284     libcmt:nlsdata2.obj
 0002:00000298       ??_C@_1BA@EPANDLNG@?$AAO?$AAc?$AAt?$AAo?$AAb?$AAe?$AAr?$AA?$AA@ 10009298     libcmt:nlsdata2.obj
 0002:000002a8       ??_C@_1BE@DKAAMBJL@?$AAS?$AAe?$AAp?$AAt?$AAe?$AAm?$AAb?$AAe?$AAr?$AA?$AA@ 100092a8     libcmt:nlsdata2.obj
 0002:000002bc       ??_C@_1O@PAHLKOAC@?$AAA?$AAu?$AAg?$AAu?$AAs?$AAt?$AA?$AA@ 100092bc     libcmt:nlsdata2.obj
 0002:000002cc       ??_C@_19BIFMLPCD@?$AAJ?$AAu?$AAl?$AAy?$AA?$AA@ 100092cc     libcmt:nlsdata2.obj
 0002:000002d8       ??_C@_19EPFLPGAP@?$AAJ?$AAu?$AAn?$AAe?$AA?$AA@ 100092d8     libcmt:nlsdata2.obj
 0002:000002e4       ??_C@_1M@GJNLMHFD@?$AAA?$AAp?$AAr?$AAi?$AAl?$AA?$AA@ 100092e4     libcmt:nlsdata2.obj
 0002:000002f0       ??_C@_1M@IKEENEDF@?$AAM?$AAa?$AAr?$AAc?$AAh?$AA?$AA@ 100092f0     libcmt:nlsdata2.obj
 0002:000002fc       ??_C@_1BC@JGDDFFAM@?$AAF?$AAe?$AAb?$AAr?$AAu?$AAa?$AAr?$AAy?$AA?$AA@ 100092fc     libcmt:nlsdata2.obj
 0002:00000310       ??_C@_1BA@EFMEIEBA@?$AAJ?$AAa?$AAn?$AAu?$AAa?$AAr?$AAy?$AA?$AA@ 10009310     libcmt:nlsdata2.obj
 0002:00000320       ??_C@_17EGKACKIF@?$AAD?$AAe?$AAc?$AA?$AA@ 10009320     libcmt:nlsdata2.obj
 0002:00000328       ??_C@_17BBDMLCIG@?$AAN?$AAo?$AAv?$AA?$AA@ 10009328     libcmt:nlsdata2.obj
 0002:00000330       ??_C@_17FNLKOI@?$AAO?$AAc?$AAt?$AA?$AA@ 10009330     libcmt:nlsdata2.obj
 0002:00000338       ??_C@_17HCHCOKMG@?$AAS?$AAe?$AAp?$AA?$AA@ 10009338     libcmt:nlsdata2.obj
 0002:00000340       ??_C@_17ICPELBCN@?$AAA?$AAu?$AAg?$AA?$AA@ 10009340     libcmt:nlsdata2.obj
 0002:00000348       ??_C@_17IJPCKHK@?$AAJ?$AAu?$AAl?$AA?$AA@ 10009348     libcmt:nlsdata2.obj
 0002:00000350       ??_C@_17KCJGOCPB@?$AAJ?$AAu?$AAn?$AA?$AA@ 10009350     libcmt:nlsdata2.obj
 0002:00000358       ??_C@_17PNNKMEED@?$AAM?$AAa?$AAy?$AA?$AA@ 10009358     libcmt:nlsdata2.obj
 0002:00000360       ??_C@_17LFPOIHDD@?$AAA?$AAp?$AAr?$AA?$AA@ 10009360     libcmt:nlsdata2.obj
 0002:00000368       ??_C@_17CKNLEDEC@?$AAM?$AAa?$AAr?$AA?$AA@ 10009368     libcmt:nlsdata2.obj
 0002:00000370       ??_C@_17LMDJEKJN@?$AAF?$AAe?$AAb?$AA?$AA@ 10009370     libcmt:nlsdata2.obj
 0002:00000378       ??_C@_17DKNBKCHM@?$AAJ?$AAa?$AAn?$AA?$AA@ 10009378     libcmt:nlsdata2.obj
 0002:00000380       ??_C@_1BC@ENMNNPAJ@?$AAS?$AAa?$AAt?$AAu?$AAr?$AAd?$AAa?$AAy?$AA?$AA@ 10009380     libcmt:nlsdata2.obj
 0002:00000394       ??_C@_1O@PDICJHAG@?$AAF?$AAr?$AAi?$AAd?$AAa?$AAy?$AA?$AA@ 10009394     libcmt:nlsdata2.obj
 0002:000003a4       ??_C@_1BC@HHMNLIHE@?$AAT?$AAh?$AAu?$AAr?$AAs?$AAd?$AAa?$AAy?$AA?$AA@ 100093a4     libcmt:nlsdata2.obj
 0002:000003b8       ??_C@_1BE@EBOGMDOH@?$AAW?$AAe?$AAd?$AAn?$AAe?$AAs?$AAd?$AAa?$AAy?$AA?$AA@ 100093b8     libcmt:nlsdata2.obj
 0002:000003cc       ??_C@_1BA@ENFBFFEK@?$AAT?$AAu?$AAe?$AAs?$AAd?$AAa?$AAy?$AA?$AA@ 100093cc     libcmt:nlsdata2.obj
 0002:000003dc       ??_C@_1O@MMNBFLIA@?$AAM?$AAo?$AAn?$AAd?$AAa?$AAy?$AA?$AA@ 100093dc     libcmt:nlsdata2.obj
 0002:000003ec       ??_C@_1O@IHNHDHPB@?$AAS?$AAu?$AAn?$AAd?$AAa?$AAy?$AA?$AA@ 100093ec     libcmt:nlsdata2.obj
 0002:000003fc       ??_C@_17GGIBDPIH@?$AAS?$AAa?$AAt?$AA?$AA@ 100093fc     libcmt:nlsdata2.obj
 0002:00000404       ??_C@_17HFOLPPLP@?$AAF?$AAr?$AAi?$AA?$AA@ 10009404     libcmt:nlsdata2.obj
 0002:0000040c       ??_C@_17PDPHAADD@?$AAT?$AAh?$AAu?$AA?$AA@ 1000940c     libcmt:nlsdata2.obj
 0002:00000414       ??_C@_17CJEDCEPE@?$AAW?$AAe?$AAd?$AA?$AA@ 10009414     libcmt:nlsdata2.obj
 0002:0000041c       ??_C@_17BMKGEGOJ@?$AAT?$AAu?$AAe?$AA?$AA@ 1000941c     libcmt:nlsdata2.obj
 0002:00000424       ??_C@_17KBOMKBF@?$AAM?$AAo?$AAn?$AA?$AA@ 10009424     libcmt:nlsdata2.obj
 0002:0000042c       ??_C@_17MBGCMIPB@?$AAS?$AAu?$AAn?$AA?$AA@ 1000942c     libcmt:nlsdata2.obj
 0002:00000434       ??_C@_08JCCMCCIL@HH?3mm?3ss?$AA@ 10009434     libcmt:nlsdata2.obj
 0002:00000440       ??_C@_0BE@CKGJFCPC@dddd?0?5MMMM?5dd?0?5yyyy?$AA@ 10009440     libcmt:nlsdata2.obj
 0002:00000454       ??_C@_08BPBNCDIB@MM?1dd?1yy?$AA@ 10009454     libcmt:nlsdata2.obj
 0002:00000460       ??_C@_02CJNFDJBF@PM?$AA@   10009460     libcmt:nlsdata2.obj
 0002:00000464       ??_C@_02DEDBPAFC@AM?$AA@   10009464     libcmt:nlsdata2.obj
 0002:00000468       ??_C@_08EDHMEBNP@December?$AA@ 10009468     libcmt:nlsdata2.obj
 0002:00000474       ??_C@_08HCHEGEOA@November?$AA@ 10009474     libcmt:nlsdata2.obj
 0002:00000480       ??_C@_07JJNFCEND@October?$AA@ 10009480     libcmt:nlsdata2.obj
 0002:00000488       ??_C@_09BHHEALKD@September?$AA@ 10009488     libcmt:nlsdata2.obj
 0002:00000494       ??_C@_06LBBHFDDG@August?$AA@ 10009494     libcmt:nlsdata2.obj
 0002:0000049c       ??_C@_04MIEPOIFP@July?$AA@ 1000949c     libcmt:nlsdata2.obj
 0002:000004a4       ??_C@_04CNLMGBGM@June?$AA@ 100094a4     libcmt:nlsdata2.obj
 0002:000004ac       ??_C@_05DMJDNLEJ@April?$AA@ 100094ac     libcmt:nlsdata2.obj
 0002:000004b4       ??_C@_05HPCKOFNC@March?$AA@ 100094b4     libcmt:nlsdata2.obj
 0002:000004bc       ??_C@_08GNJGEPFN@February?$AA@ 100094bc     libcmt:nlsdata2.obj
 0002:000004c8       ??_C@_07CGJPFGJA@January?$AA@ 100094c8     libcmt:nlsdata2.obj
 0002:000004d0       ??_C@_03MKABNOCG@Dec?$AA@  100094d0     libcmt:nlsdata2.obj
 0002:000004d4       ??_C@_03JPJOFNIA@Nov?$AA@  100094d4     libcmt:nlsdata2.obj
 0002:000004d8       ??_C@_03BMAOKBAD@Oct?$AA@  100094d8     libcmt:nlsdata2.obj
 0002:000004dc       ??_C@_03GGCAPAJC@Sep?$AA@  100094dc     libcmt:nlsdata2.obj
 0002:000004e0       ??_C@_03IFJFEIGA@Aug?$AA@  100094e0     libcmt:nlsdata2.obj
 0002:000004e4       ??_C@_03LBGABGKK@Jul?$AA@  100094e4     libcmt:nlsdata2.obj
 0002:000004e8       ??_C@_03IDFGHECI@Jun?$AA@  100094e8     libcmt:nlsdata2.obj
 0002:000004ec       ??_C@_03CNMDKL@May?$AA@    100094ec     libcmt:nlsdata2.obj
 0002:000004f0       ??_C@_03LEOLGMJP@Apr?$AA@  100094f0     libcmt:nlsdata2.obj
 0002:000004f4       ??_C@_03ODNJBKGA@Mar?$AA@  100094f4     libcmt:nlsdata2.obj
 0002:000004f8       ??_C@_03HJBDCHOM@Feb?$AA@  100094f8     libcmt:nlsdata2.obj
 0002:000004fc       ??_C@_03JIHJHPIE@Jan?$AA@  100094fc     libcmt:nlsdata2.obj
 0002:00000500       ??_C@_08INBOOONO@Saturday?$AA@ 10009500     libcmt:nlsdata2.obj
 0002:0000050c       ??_C@_06JECMNKMI@Friday?$AA@ 1000950c     libcmt:nlsdata2.obj
 0002:00000514       ??_C@_08HACCIKIA@Thursday?$AA@ 10009514     libcmt:nlsdata2.obj
 0002:00000520       ??_C@_09DLIGFAKA@Wednesday?$AA@ 10009520     libcmt:nlsdata2.obj
 0002:0000052c       ??_C@_07BAAGCFCM@Tuesday?$AA@ 1000952c     libcmt:nlsdata2.obj
 0002:00000534       ??_C@_06JLEDEDGH@Monday?$AA@ 10009534     libcmt:nlsdata2.obj
 0002:0000053c       ??_C@_06OOPIFAJ@Sunday?$AA@ 1000953c     libcmt:nlsdata2.obj
 0002:00000544       ??_C@_03FEFJNEK@Sat?$AA@   10009544     libcmt:nlsdata2.obj
 0002:00000548       ??_C@_03IDIOELNC@Fri?$AA@  10009548     libcmt:nlsdata2.obj
 0002:0000054c       ??_C@_03IOFIKPDN@Thu?$AA@  1000954c     libcmt:nlsdata2.obj
 0002:00000550       ??_C@_03MHOMLAJA@Wed?$AA@  10009550     libcmt:nlsdata2.obj
 0002:00000554       ??_C@_03NAGEINEP@Tue?$AA@  10009554     libcmt:nlsdata2.obj
 0002:00000558       ??_C@_03PDAGKDH@Mon?$AA@   10009558     libcmt:nlsdata2.obj
 0002:0000055c       ??_C@_03KOEHGMDN@Sun?$AA@  1000955c     libcmt:nlsdata2.obj
 0002:00000560       ??_C@_1BK@DBDEIDLH@?$AAK?$AAE?$AAR?$AAN?$AAE?$AAL?$AA3?$AA2?$AA?4?$AAD?$AAL?$AAL?$AA?$AA@ 10009560     libcmt:tidtable.obj
 0002:0000057c       ??_C@_07PEJMOBNF@FlsFree?$AA@ 1000957c     libcmt:tidtable.obj
 0002:00000584       ??_C@_0M@JCPCPOEF@FlsSetValue?$AA@ 10009584     libcmt:tidtable.obj
 0002:00000590       ??_C@_0M@GDNOONDI@FlsGetValue?$AA@ 10009590     libcmt:tidtable.obj
 0002:0000059c       ??_C@_08KNHFBNJ@FlsAlloc?$AA@ 1000959c     libcmt:tidtable.obj
 0002:00000628       ??_C@_01NEMOKFLO@?$DN?$AA@ 10009628     libcmt:setlocal.obj
 0002:0000062a       ??_C@_00CNPNBAHC@?$AA@     1000962a     libcmt:setlocal.obj
 0002:0000062c       ??_C@_0P@MIGLKIOC@CorExitProcess?$AA@ 1000962c     libcmt:crt0dat.obj
 0002:0000063c       ??_C@_1BI@BGOHAHKC@?$AAm?$AAs?$AAc?$AAo?$AAr?$AAe?$AAe?$AA?4?$AAd?$AAl?$AAl?$AA?$AA@ 1000963c     libcmt:crt0dat.obj
 0002:00000658       __XcptActTab               10009658     libcmt:winxfltr.obj
 0002:000006e8       __First_FPE_Indx           100096e8     libcmt:winxfltr.obj
 0002:000006ec       __Num_FPE                  100096ec     libcmt:winxfltr.obj
 0002:000006f0       __XcptActTabSize           100096f0     libcmt:winxfltr.obj
 0002:000006f4       __XcptActTabCount          100096f4     libcmt:winxfltr.obj
 0002:000006f8       ___newctype                100096f8     libcmt:ctype.obj
 0002:000009f8       __wctype                   100099f8     libcmt:ctype.obj
 0002:00000c00       ___newclmap                10009c00     libcmt:ctype.obj
 0002:00000d80       ___newcumap                10009d80     libcmt:ctype.obj
 0002:00000f00       ??_C@_0BK@CFCOFLF@?5Complete?5Object?5Locator?8?$AA@ 10009f00     libcmt:undname.obj
 0002:00000f1c       ??_C@_0BN@MECKDCOJ@?5Class?5Hierarchy?5Descriptor?8?$AA@ 10009f1c     libcmt:undname.obj
 0002:00000f3c       ??_C@_0BD@LGICGFMM@?5Base?5Class?5Array?8?$AA@ 10009f3c     libcmt:undname.obj
 0002:00000f50       ??_C@_0BM@LDKODKLH@?5Base?5Class?5Descriptor?5at?5?$CI?$AA@ 10009f50     libcmt:undname.obj
 0002:00000f6c       ??_C@_0BC@DAFEJGAK@?5Type?5Descriptor?8?$AA@ 10009f6c     libcmt:undname.obj
 0002:00000f80       ??_C@_0BM@PMGGMLDN@?$GAlocal?5static?5thread?5guard?8?$AA@ 10009f80     libcmt:undname.obj
 0002:00000f9c       ??_C@_0CL@FGIJHLCE@?$GAmanaged?5vector?5copy?5constructor@ 10009f9c     libcmt:undname.obj
 0002:00000fc8       ??_C@_0CJ@GJELGAMM@?$GAvector?5vbase?5copy?5constructor?5i@ 10009fc8     libcmt:undname.obj
 0002:00000ff4       ??_C@_0CD@CGAJBKEJ@?$GAvector?5copy?5constructor?5iterato@ 10009ff4     libcmt:undname.obj
 0002:00001018       ??_C@_0CB@PDBIFEP@?$GAdynamic?5atexit?5destructor?5for?5?8@ 1000a018     libcmt:undname.obj
 0002:0000103c       ??_C@_0BL@CLIPGLGB@?$GAdynamic?5initializer?5for?5?8?$AA@ 1000a03c     libcmt:undname.obj
 0002:00001058       ??_C@_0CM@FCBBDIGB@?$GAeh?5vector?5vbase?5copy?5constructo@ 1000a058     libcmt:undname.obj
 0002:00001084       ??_C@_0CG@HLDDJMAG@?$GAeh?5vector?5copy?5constructor?5iter@ 1000a084     libcmt:undname.obj
 0002:000010ac       ??_C@_0CF@IMGKMJNO@?$GAmanaged?5vector?5destructor?5itera@ 1000a0ac     libcmt:undname.obj
 0002:000010d4       ??_C@_0CG@CFDHKGGD@?$GAmanaged?5vector?5constructor?5iter@ 1000a0d4     libcmt:undname.obj
 0002:000010fc       ??_C@_0BN@CKNJLHMB@?$GAplacement?5delete?$FL?$FN?5closure?8?$AA@ 1000a0fc     libcmt:undname.obj
 0002:0000111c       ??_C@_0BL@CNOONJFP@?$GAplacement?5delete?5closure?8?$AA@ 1000a11c     libcmt:undname.obj
 0002:00001138       ??_C@_0P@HJKNJFNN@?$GAomni?5callsig?8?$AA@ 1000a138     libcmt:undname.obj
 0002:00001148       ??_C@_09LBNFPBCA@?5delete?$FL?$FN?$AA@ 1000a148     libcmt:undname.obj
 0002:00001154       ??_C@_06FHBGPFGH@?5new?$FL?$FN?$AA@ 1000a154     libcmt:undname.obj
 0002:0000115c       ??_C@_0CE@IIHCMGGL@?$GAlocal?5vftable?5constructor?5closu@ 1000a15c     libcmt:undname.obj
 0002:00001180       ??_C@_0BA@KKLDJDLB@?$GAlocal?5vftable?8?$AA@ 1000a180     libcmt:undname.obj
 0002:00001190       ??_C@_05KHLCHHI@?$GARTTI?$AA@ 1000a190     libcmt:undname.obj
 0002:00001198       ??_C@_03KLGMFNMG@?$GAEH?$AA@ 1000a198     libcmt:undname.obj
 0002:0000119c       ??_C@_0BA@KBCDOMBN@?$GAudt?5returning?8?$AA@ 1000a19c     libcmt:undname.obj
 0002:000011ac       ??_C@_0BL@LLKPOHJI@?$GAcopy?5constructor?5closure?8?$AA@ 1000a1ac     libcmt:undname.obj
 0002:000011c8       ??_C@_0CH@OOJPLCPH@?$GAeh?5vector?5vbase?5constructor?5ite@ 1000a1c8     libcmt:undname.obj
 0002:000011f0       ??_C@_0CA@GCEOPDGL@?$GAeh?5vector?5destructor?5iterator?8?$AA@ 1000a1f0     libcmt:undname.obj
 0002:00001210       ??_C@_0CB@JONCMFFK@?$GAeh?5vector?5constructor?5iterator?8@ 1000a210     libcmt:undname.obj
 0002:00001234       ??_C@_0BL@NILFHHPC@?$GAvirtual?5displacement?5map?8?$AA@ 1000a234     libcmt:undname.obj
 0002:00001250       ??_C@_0CE@IKBNEHA@?$GAvector?5vbase?5constructor?5iterat@ 1000a250     libcmt:undname.obj
 0002:00001274       ??_C@_0BN@LFPFMEDL@?$GAvector?5destructor?5iterator?8?$AA@ 1000a274     libcmt:undname.obj
 0002:00001294       ??_C@_0BO@PFGOCPJJ@?$GAvector?5constructor?5iterator?8?$AA@ 1000a294     libcmt:undname.obj
 0002:000012b4       ??_C@_0BN@IMDCHIKM@?$GAscalar?5deleting?5destructor?8?$AA@ 1000a2b4     libcmt:undname.obj
 0002:000012d4       ??_C@_0BO@OBMKPJIG@?$GAdefault?5constructor?5closure?8?$AA@ 1000a2d4     libcmt:undname.obj
 0002:000012f4       ??_C@_0BN@DEGPLNFK@?$GAvector?5deleting?5destructor?8?$AA@ 1000a2f4     libcmt:undname.obj
 0002:00001314       ??_C@_0BD@JDLKDPAB@?$GAvbase?5destructor?8?$AA@ 1000a314     libcmt:undname.obj
 0002:00001328       ??_C@_08OBABFOLI@?$GAstring?8?$AA@ 1000a328     libcmt:undname.obj
 0002:00001334       ??_C@_0BF@KDPPACIK@?$GAlocal?5static?5guard?8?$AA@ 1000a334     libcmt:undname.obj
 0002:0000134c       ??_C@_08LLFFHHDJ@?$GAtypeof?8?$AA@ 1000a34c     libcmt:undname.obj
 0002:00001358       ??_C@_07FEEIOKP@?$GAvcall?8?$AA@ 1000a358     libcmt:undname.obj
 0002:00001360       ??_C@_09BLBHBJP@?$GAvbtable?8?$AA@ 1000a360     libcmt:undname.obj
 0002:0000136c       ??_C@_09IFPLHPGF@?$GAvftable?8?$AA@ 1000a36c     libcmt:undname.obj
 0002:00001378       ??_C@_02MHEGNOJ@?$FO?$DN?$AA@ 1000a378     libcmt:undname.obj
 0002:0000137c       ??_C@_02DHLNPPGH@?$HM?$DN?$AA@ 1000a37c     libcmt:undname.obj
 0002:00001380       ??_C@_02FGJGFEAB@?$CG?$DN?$AA@ 1000a380     libcmt:undname.obj
 0002:00001384       ??_C@_03CDNPDDLA@?$DM?$DM?$DN?$AA@ 1000a384     libcmt:undname.obj
 0002:00001388       ??_C@_03IKFCCPFF@?$DO?$DO?$DN?$AA@ 1000a388     libcmt:undname.obj
 0002:0000138c       ??_C@_02FENAOKFI@?$CF?$DN?$AA@ 1000a38c     libcmt:undname.obj
 0002:00001390       ??_C@_02FJEHGPIO@?1?$DN?$AA@ 1000a390     libcmt:undname.obj
 0002:00001394       ??_C@_02FKMDLLOA@?9?$DN?$AA@ 1000a394     libcmt:undname.obj
 0002:00001398       ??_C@_02FOEOMHFC@?$CL?$DN?$AA@ 1000a398     libcmt:undname.obj
 0002:0000139c       ??_C@_02FPIMKNGF@?$CK?$DN?$AA@ 1000a39c     libcmt:undname.obj
 0002:000013a0       ??_C@_02NONPIBCD@?$HM?$HM?$AA@ 1000a3a0     libcmt:undname.obj
 0002:000013a4       ??_C@_02PPKAJPJL@?$CG?$CG?$AA@ 1000a3a4     libcmt:undname.obj
 0002:000013a8       ??_C@_01DNKMNLPK@?$HM?$AA@ 1000a3a8     libcmt:undname.obj
 0002:000013ac       ??_C@_01JKBOJNNK@?$FO?$AA@ 1000a3ac     libcmt:undname.obj
 0002:000013b0       ??_C@_01PJKLJHI@?$HO?$AA@  1000a3b0     libcmt:undname.obj
 0002:000013b4       ??_C@_02HCKGKOFO@?$CI?$CJ?$AA@ 1000a3b4     libcmt:undname.obj
 0002:000013b8       ??_C@_01IHBHIGKO@?0?$AA@   1000a3b8     libcmt:undname.obj
 0002:000013bc       ??_C@_02EEKDKGMJ@?$DO?$DN?$AA@ 1000a3bc     libcmt:undname.obj
 0002:000013c0       ??_C@_01PPODPGHN@?$DO?$AA@ 1000a3c0     libcmt:undname.obj
 0002:000013c4       ??_C@_02EHCHHCKH@?$DM?$DN?$AA@ 1000a3c4     libcmt:undname.obj
 0002:000013c8       ??_C@_01MNNFJEPP@?$DM?$AA@ 1000a3c8     libcmt:undname.obj
 0002:000013cc       ??_C@_01FGNFDNOH@?$CF?$AA@ 1000a3cc     libcmt:undname.obj
 0002:000013d0       ??_C@_01KMDKNFGN@?1?$AA@   1000a3d0     libcmt:undname.obj
 0002:000013d4       ??_C@_03MNHNFDLC@?9?$DO?$CK?$AA@ 1000a3d4     libcmt:undname.obj
 0002:000013d8       ??_C@_01HNPIGOCE@?$CG?$AA@ 1000a3d8     libcmt:undname.obj
 0002:000013dc       ??_C@_01MIFGBAGJ@?$CL?$AA@ 1000a3dc     libcmt:undname.obj
 0002:000013e0       ??_C@_01JOAMLHOP@?9?$AA@   1000a3e0     libcmt:undname.obj
 0002:000013e4       ??_C@_02BAABKJLB@?9?9?$AA@ 1000a3e4     libcmt:undname.obj
 0002:000013e8       ??_C@_02ECNGHCIF@?$CL?$CL?$AA@ 1000a3e8     libcmt:undname.obj
 0002:000013ec       ??_C@_01NBENCBCI@?$CK?$AA@ 1000a3ec     libcmt:undname.obj
 0002:000013f0       ??_C@_02HBOOOICD@?9?$DO?$AA@ 1000a3f0     libcmt:undname.obj
 0002:000013f4       ??_C@_08LHJFAFGD@operator?$AA@ 1000a3f4     libcmt:undname.obj
 0002:00001400       ??_C@_02GPECMEKF@?$FL?$FN?$AA@ 1000a400     libcmt:undname.obj
 0002:00001404       ??_C@_02FDNJECIE@?$CB?$DN?$AA@ 1000a404     libcmt:undname.obj
 0002:00001408       ??_C@_02EGOFBIJA@?$DN?$DN?$AA@ 1000a408     libcmt:undname.obj
 0002:0000140c       ??_C@_01DCLJPIOD@?$CB?$AA@ 1000a40c     libcmt:undname.obj
 0002:00001410       ??_C@_02FODMEDOG@?$DM?$DM?$AA@ 1000a410     libcmt:undname.obj
 0002:00001414       ??_C@_02GPIOPFAK@?$DO?$DO?$AA@ 1000a414     libcmt:undname.obj
 0002:00001418       ??_C@_07FPCDHGMM@?5delete?$AA@ 1000a418     libcmt:undname.obj
 0002:00001420       ??_C@_04NIHEBCM@?5new?$AA@ 1000a420     libcmt:undname.obj
 0002:00001428       ??_C@_0M@GFIIJFMG@__unaligned?$AA@ 1000a428     libcmt:undname.obj
 0002:00001434       ??_C@_0L@PILCLIHE@__restrict?$AA@ 1000a434     libcmt:undname.obj
 0002:00001440       ??_C@_07JOMMBBKO@__ptr64?$AA@ 1000a440     libcmt:undname.obj
 0002:00001448       ??_C@_06GHPCKEAG@__eabi?$AA@ 1000a448     libcmt:undname.obj
 0002:00001450       ??_C@_09HIJEGCPM@__clrcall?$AA@ 1000a450     libcmt:undname.obj
 0002:0000145c       ??_C@_0L@JMKHOMEK@__fastcall?$AA@ 1000a45c     libcmt:undname.obj
 0002:00001468       ??_C@_0L@NPHFGOKO@__thiscall?$AA@ 1000a468     libcmt:undname.obj
 0002:00001474       ??_C@_09IFJBGAPI@__stdcall?$AA@ 1000a474     libcmt:undname.obj
 0002:00001480       ??_C@_08GHMPAG@__pascal?$AA@ 1000a480     libcmt:undname.obj
 0002:0000148c       ??_C@_07KOLFKCDI@__cdecl?$AA@ 1000a48c     libcmt:undname.obj
 0002:00001494       ??_C@_08EHJDFFNH@__based?$CI?$AA@ 1000a494     libcmt:undname.obj
 0002:00001624       ??_C@_1BO@BKOMIGKJ@?$AAr?$AAu?$AAn?$AAt?$AAi?$AAm?$AAe?$AA?5?$AAe?$AAr?$AAr?$AAo?$AAr?$AA?5?$AA?$AA@ 1000a624     libcmt:crt0msg.obj
 0002:00001644       ??_C@_15JNBOKNOG@?$AA?$AN?$AA?6?$AA?$AA@ 1000a644     libcmt:crt0msg.obj
 0002:0000164c       ??_C@_1BM@JBBEPPHI@?$AAT?$AAL?$AAO?$AAS?$AAS?$AA?5?$AAe?$AAr?$AAr?$AAo?$AAr?$AA?$AN?$AA?6?$AA?$AA@ 1000a64c     libcmt:crt0msg.obj
 0002:00001668       ??_C@_1BK@KMOMNAAI@?$AAS?$AAI?$AAN?$AAG?$AA?5?$AAe?$AAr?$AAr?$AAo?$AAr?$AA?$AN?$AA?6?$AA?$AA@ 1000a668     libcmt:crt0msg.obj
 0002:00001684       ??_C@_1BO@BFCDCGC@?$AAD?$AAO?$AAM?$AAA?$AAI?$AAN?$AA?5?$AAe?$AAr?$AAr?$AAo?$AAr?$AA?$AN?$AA?6?$AA?$AA@ 1000a684     libcmt:crt0msg.obj
 0002:000016a8       ??_C@_1BOO@KGEDBGAJ@?$AAR?$AA6?$AA0?$AA3?$AA3?$AA?$AN?$AA?6?$AA?9?$AA?5?$AAA?$AAt?$AAt?$AAe?$AAm?$AAp?$AAt?$AA?5?$AAt?$AAo?$AA?5?$AAu?$AAs?$AAe?$AA?5?$AAM?$AAS?$AAI?$AAL?$AA?5?$AAc?$AAo?$AAd@ 1000a6a8     libcmt:crt0msg.obj
 0002:00001898       ??_C@_1GG@GOPILAJP@?$AAR?$AA6?$AA0?$AA3?$AA2?$AA?$AN?$AA?6?$AA?9?$AA?5?$AAn?$AAo?$AAt?$AA?5?$AAe?$AAn?$AAo?$AAu?$AAg?$AAh?$AA?5?$AAs?$AAp?$AAa?$AAc?$AAe?$AA?5?$AAf?$AAo?$AAr?$AA?5?$AAl?$AAo@ 1000a898     libcmt:crt0msg.obj
 0002:00001900       ??_C@_1MG@ENCOOIDF@?$AAR?$AA6?$AA0?$AA3?$AA1?$AA?$AN?$AA?6?$AA?9?$AA?5?$AAA?$AAt?$AAt?$AAe?$AAm?$AAp?$AAt?$AA?5?$AAt?$AAo?$AA?5?$AAi?$AAn?$AAi?$AAt?$AAi?$AAa?$AAl?$AAi?$AAz?$AAe?$AA?5?$AAt@ 1000a900     libcmt:crt0msg.obj
 0002:000019c8       ??_C@_1DO@BMFCDCD@?$AAR?$AA6?$AA0?$AA3?$AA0?$AA?$AN?$AA?6?$AA?9?$AA?5?$AAC?$AAR?$AAT?$AA?5?$AAn?$AAo?$AAt?$AA?5?$AAi?$AAn?$AAi?$AAt?$AAi?$AAa?$AAl?$AAi?$AAz?$AAe?$AAd?$AA?$AN?$AA?6?$AA?$AA@ 1000a9c8     libcmt:crt0msg.obj
 0002:00001a08       ??_C@_1EK@HHFLMAOL@?$AAR?$AA6?$AA0?$AA2?$AA8?$AA?$AN?$AA?6?$AA?9?$AA?5?$AAu?$AAn?$AAa?$AAb?$AAl?$AAe?$AA?5?$AAt?$AAo?$AA?5?$AAi?$AAn?$AAi?$AAt?$AAi?$AAa?$AAl?$AAi?$AAz?$AAe?$AA?5?$AAh?$AAe@ 1000aa08     libcmt:crt0msg.obj
 0002:00001a58       ??_C@_1GK@MFGOKLAG@?$AAR?$AA6?$AA0?$AA2?$AA7?$AA?$AN?$AA?6?$AA?9?$AA?5?$AAn?$AAo?$AAt?$AA?5?$AAe?$AAn?$AAo?$AAu?$AAg?$AAh?$AA?5?$AAs?$AAp?$AAa?$AAc?$AAe?$AA?5?$AAf?$AAo?$AAr?$AA?5?$AAl?$AAo@ 1000aa58     libcmt:crt0msg.obj
 0002:00001ac8       ??_C@_1GK@MCAAGJMO@?$AAR?$AA6?$AA0?$AA2?$AA6?$AA?$AN?$AA?6?$AA?9?$AA?5?$AAn?$AAo?$AAt?$AA?5?$AAe?$AAn?$AAo?$AAu?$AAg?$AAh?$AA?5?$AAs?$AAp?$AAa?$AAc?$AAe?$AA?5?$AAf?$AAo?$AAr?$AA?5?$AAs?$AAt@ 1000aac8     libcmt:crt0msg.obj
 0002:00001b38       ??_C@_1EM@MAADIHMB@?$AAR?$AA6?$AA0?$AA2?$AA5?$AA?$AN?$AA?6?$AA?9?$AA?5?$AAp?$AAu?$AAr?$AAe?$AA?5?$AAv?$AAi?$AAr?$AAt?$AAu?$AAa?$AAl?$AA?5?$AAf?$AAu?$AAn?$AAc?$AAt?$AAi?$AAo?$AAn?$AA?5?$AAc@ 1000ab38     libcmt:crt0msg.obj
 0002:00001b88       ??_C@_1GK@FHCKBEFA@?$AAR?$AA6?$AA0?$AA2?$AA4?$AA?$AN?$AA?6?$AA?9?$AA?5?$AAn?$AAo?$AAt?$AA?5?$AAe?$AAn?$AAo?$AAu?$AAg?$AAh?$AA?5?$AAs?$AAp?$AAa?$AAc?$AAe?$AA?5?$AAf?$AAo?$AAr?$AA?5?$AA_?$AAo@ 1000ab88     libcmt:crt0msg.obj
 0002:00001bf8       ??_C@_1FC@ECHBIFBC@?$AAR?$AA6?$AA0?$AA1?$AA9?$AA?$AN?$AA?6?$AA?9?$AA?5?$AAu?$AAn?$AAa?$AAb?$AAl?$AAe?$AA?5?$AAt?$AAo?$AA?5?$AAo?$AAp?$AAe?$AAn?$AA?5?$AAc?$AAo?$AAn?$AAs?$AAo?$AAl?$AAe?$AA?5@ 1000abf8     libcmt:crt0msg.obj
 0002:00001c50       ??_C@_1EC@JIBHAOPH@?$AAR?$AA6?$AA0?$AA1?$AA8?$AA?$AN?$AA?6?$AA?9?$AA?5?$AAu?$AAn?$AAe?$AAx?$AAp?$AAe?$AAc?$AAt?$AAe?$AAd?$AA?5?$AAh?$AAe?$AAa?$AAp?$AA?5?$AAe?$AAr?$AAr?$AAo?$AAr?$AA?$AN?$AA?6@ 1000ac50     libcmt:crt0msg.obj
 0002:00001c98       ??_C@_1FK@BEOGODMC@?$AAR?$AA6?$AA0?$AA1?$AA7?$AA?$AN?$AA?6?$AA?9?$AA?5?$AAu?$AAn?$AAe?$AAx?$AAp?$AAe?$AAc?$AAt?$AAe?$AAd?$AA?5?$AAm?$AAu?$AAl?$AAt?$AAi?$AAt?$AAh?$AAr?$AAe?$AAa?$AAd?$AA?5@ 1000ac98     libcmt:crt0msg.obj
 0002:00001cf8       ??_C@_1FI@LOGNIKDM@?$AAR?$AA6?$AA0?$AA1?$AA6?$AA?$AN?$AA?6?$AA?9?$AA?5?$AAn?$AAo?$AAt?$AA?5?$AAe?$AAn?$AAo?$AAu?$AAg?$AAh?$AA?5?$AAs?$AAp?$AAa?$AAc?$AAe?$AA?5?$AAf?$AAo?$AAr?$AA?5?$AAt?$AAh@ 1000acf8     libcmt:crt0msg.obj
 0002:00001d50       ??_C@_1EG@BEHAGFJD@?$AAR?$AA6?$AA0?$AA1?$AA0?$AA?$AN?$AA?6?$AA?9?$AA?5?$AAa?$AAb?$AAo?$AAr?$AAt?$AA?$CI?$AA?$CJ?$AA?5?$AAh?$AAa?$AAs?$AA?5?$AAb?$AAe?$AAe?$AAn?$AA?5?$AAc?$AAa?$AAl?$AAl?$AAe?$AAd@ 1000ad50     libcmt:crt0msg.obj
 0002:00001d98       ??_C@_1FI@HONFMGBI@?$AAR?$AA6?$AA0?$AA0?$AA9?$AA?$AN?$AA?6?$AA?9?$AA?5?$AAn?$AAo?$AAt?$AA?5?$AAe?$AAn?$AAo?$AAu?$AAg?$AAh?$AA?5?$AAs?$AAp?$AAa?$AAc?$AAe?$AA?5?$AAf?$AAo?$AAr?$AA?5?$AAe?$AAn@ 1000ad98     libcmt:crt0msg.obj
 0002:00001df0       ??_C@_1FE@LLNEDJMD@?$AAR?$AA6?$AA0?$AA0?$AA8?$AA?$AN?$AA?6?$AA?9?$AA?5?$AAn?$AAo?$AAt?$AA?5?$AAe?$AAn?$AAo?$AAu?$AAg?$AAh?$AA?5?$AAs?$AAp?$AAa?$AAc?$AAe?$AA?5?$AAf?$AAo?$AAr?$AA?5?$AAa?$AAr@ 1000adf0     libcmt:crt0msg.obj
 0002:00001e48       ??_C@_1FK@PGACCAFB@?$AAR?$AA6?$AA0?$AA0?$AA2?$AA?$AN?$AA?6?$AA?9?$AA?5?$AAf?$AAl?$AAo?$AAa?$AAt?$AAi?$AAn?$AAg?$AA?5?$AAp?$AAo?$AAi?$AAn?$AAt?$AA?5?$AAs?$AAu?$AAp?$AAp?$AAo?$AAr?$AAt?$AA?5@ 1000ae48     libcmt:crt0msg.obj
 0002:00001f58       ??_C@_1EK@MBDPDCGA@?$AAM?$AAi?$AAc?$AAr?$AAo?$AAs?$AAo?$AAf?$AAt?$AA?5?$AAV?$AAi?$AAs?$AAu?$AAa?$AAl?$AA?5?$AAC?$AA?$CL?$AA?$CL?$AA?5?$AAR?$AAu?$AAn?$AAt?$AAi?$AAm?$AAe?$AA?5?$AAL?$AAi?$AAb@ 1000af58     libcmt:crt0msg.obj
 0002:00001fa4       ??_C@_15IABLJNFO@?$AA?6?$AA?6?$AA?$AA@ 1000afa4     libcmt:crt0msg.obj
 0002:00001fac       ??_C@_17LGKOMLJ@?$AA?4?$AA?4?$AA?4?$AA?$AA@ 1000afac     libcmt:crt0msg.obj
 0002:00001fb4       ??_C@_1CO@EAEJAADC@?$AA?$DM?$AAp?$AAr?$AAo?$AAg?$AAr?$AAa?$AAm?$AA?5?$AAn?$AAa?$AAm?$AAe?$AA?5?$AAu?$AAn?$AAk?$AAn?$AAo?$AAw?$AAn?$AA?$DO?$AA?$AA@ 1000afb4     libcmt:crt0msg.obj
 0002:00001fe4       ??_C@_1DE@JNGNBFGO@?$AAR?$AAu?$AAn?$AAt?$AAi?$AAm?$AAe?$AA?5?$AAE?$AAr?$AAr?$AAo?$AAr?$AA?$CB?$AA?6?$AA?6?$AAP?$AAr?$AAo?$AAg?$AAr?$AAa?$AAm?$AA?3?$AA?5?$AA?$AA@ 1000afe4     libcmt:crt0msg.obj
 0002:00002018       ??_C@_0BI@DFKBFLJE@GetProcessWindowStation?$AA@ 1000b018     libcmt:crtmboxw.obj
 0002:00002030       ??_C@_0BK@DEKFELLI@GetUserObjectInformationW?$AA@ 1000b030     libcmt:crtmboxw.obj
 0002:0000204c       ??_C@_0BD@HHGDFDBJ@GetLastActivePopup?$AA@ 1000b04c     libcmt:crtmboxw.obj
 0002:00002060       ??_C@_0BA@HNOPNCHB@GetActiveWindow?$AA@ 1000b060     libcmt:crtmboxw.obj
 0002:00002070       ??_C@_0M@DLDCCGNP@MessageBoxW?$AA@ 1000b070     libcmt:crtmboxw.obj
 0002:0000207c       ??_C@_1BG@GOEBHBDC@?$AAU?$AAS?$AAE?$AAR?$AA3?$AA2?$AA?4?$AAD?$AAL?$AAL?$AA?$AA@ 1000b07c     libcmt:crtmboxw.obj
 0002:00002098       ??_C@_1GO@EKIKNOBL@?$AAD?$AAe?$AAv?$AAe?$AAl?$AAo?$AAp?$AAe?$AAr?$AA?8?$AAs?$AA?5?$AAI?$AAm?$AAa?$AAg?$AAe?$AA?5?$AAL?$AAi?$AAb?$AAr?$AAa?$AAr?$AAy?$AA?5?$AAU?$AAt?$AAi?$AAl?$AAi?$AAt@ 1000b098     ilut_states.obj
 0002:00002108       ??_C@_1CC@FLLNLNFB@?$AAA?$AAb?$AAy?$AAs?$AAm?$AAa?$AAl?$AA?5?$AAS?$AAo?$AAf?$AAt?$AAw?$AAa?$AAr?$AAe?$AA?$AA@ 1000b108     ilut_states.obj
 0002:0000212c       ??_C@_1DE@LHOEMOEC@?$AAD?$AAe?$AAv?$AAe?$AAl?$AAo?$AAp?$AAe?$AAr?$AA?8?$AAs?$AA?5?$AAI?$AAm?$AAa?$AAg?$AAe?$AA?5?$AAL?$AAi?$AAb?$AAr?$AAa?$AAr?$AAy?$AA?$AA@ 1000b12c     ilut_win32.obj
 0002:00002164       ??_7ILpal@@6B@             1000b164     ilut_win32.obj
 0002:00002168       __pDestructExceptionObject 1000b168     libcmt:frame.obj
 0002:00002170       ??_7bad_exception@std@@6B@ 1000b170     libcmt:frame.obj
 0002:00002178       ??_C@_0O@DPKOEFFH@bad?5exception?$AA@ 1000b178     libcmt:frame.obj
 0002:0000218c       ??_7exception@std@@6B@     1000b18c     libcmt:stdexcpt.obj
 0002:00002194       ??_C@_0BC@EOODALEL@Unknown?5exception?$AA@ 1000b194     libcmt:stdexcpt.obj
 0002:000021c8       __load_config_used         1000b1c8     libcmt:loadcfg.obj
 0002:00002260       ??_R4type_info@@6B@        1000b260     libcmt:typinfo.obj
 0002:00002274       ??_R3type_info@@8          1000b274     libcmt:typinfo.obj
 0002:00002284       ??_R2type_info@@8          1000b284     libcmt:typinfo.obj
 0002:0000228c       ??_R1A@?0A@EA@type_info@@8 1000b28c     libcmt:typinfo.obj
 0002:000022a8       ??_R4ILpal@@6B@            1000b2a8     ilut_win32.obj
 0002:000022bc       ??_R3ILpal@@8              1000b2bc     ilut_win32.obj
 0002:000022cc       ??_R2ILpal@@8              1000b2cc     ilut_win32.obj
 0002:000022d4       ??_R1A@?0A@EA@ILpal@@8     1000b2d4     ilut_win32.obj
 0002:000022f0       ??_R4bad_exception@std@@6B@ 1000b2f0     libcmt:frame.obj
 0002:00002304       ??_R3bad_exception@std@@8  1000b304     libcmt:frame.obj
 0002:00002314       ??_R2bad_exception@std@@8  1000b314     libcmt:frame.obj
 0002:00002320       ??_R1A@?0A@EA@bad_exception@std@@8 1000b320     libcmt:frame.obj
 0002:0000233c       ??_R1A@?0A@EA@exception@std@@8 1000b33c     libcmt:frame.obj
 0002:00002358       ??_R3exception@std@@8      1000b358     libcmt:frame.obj
 0002:00002368       ??_R2exception@std@@8      1000b368     libcmt:frame.obj
 0002:00002370       ??_R4exception@std@@6B@    1000b370     libcmt:stdexcpt.obj
 0002:00002390       ___safe_se_handler_table   1000b390     <linker-defined>
 0002:000023ac       ___rtc_iaa                 1000b3ac     libcmt:_initsect_.obj
 0002:000023b0       ___rtc_izz                 1000b3b0     libcmt:_initsect_.obj
 0002:000023b4       ___rtc_taa                 1000b3b4     libcmt:_initsect_.obj
 0002:000023b8       ___rtc_tzz                 1000b3b8     libcmt:_initsect_.obj
 0002:000026e4       __TI2?AVbad_exception@std@@ 1000b6e4     libcmt:frame.obj
 0002:000026f4       __CTA2?AVbad_exception@std@@ 1000b6f4     libcmt:frame.obj
 0002:00002700       __CT??_R0?AVbad_exception@std@@@8??0bad_exception@std@@QAE@ABV01@@Z12 1000b700     libcmt:frame.obj
 0002:0000271c       __CT??_R0?AVexception@std@@@8??0exception@std@@QAE@ABV01@@Z12 1000b71c     libcmt:frame.obj
 0002:00002738       __IMPORT_DESCRIPTOR_ResIL  1000b738     resil:ResIL.dll
 0002:0000274c       __IMPORT_DESCRIPTOR_KERNEL32 1000b74c     kernel32:KERNEL32.dll
 0002:00002760       __IMPORT_DESCRIPTOR_USER32 1000b760     User32:USER32.dll
 0002:00002774       __IMPORT_DESCRIPTOR_WININET 1000b774     Wininet:WININET.dll
 0002:00002788       __IMPORT_DESCRIPTOR_GDI32  1000b788     Gdi32:GDI32.dll
 0002:0000279c       __NULL_IMPORT_DESCRIPTOR   1000b79c     resil:ResIL.dll
 0003:00000000       ??_R0?AVtype_info@@@8      1000d000     libcmt:typinfo.obj
 0003:00000018       ___security_cookie         1000d018     libcmt:gs_cookie.obj
 0003:0000001c       ___security_cookie_complement 1000d01c     libcmt:gs_cookie.obj
 0003:00000020       ___initialmbcinfo          1000d020     libcmt:mbctype.obj
 0003:00000240       __mbctype                  1000d240     libcmt:mbctype.obj
 0003:00000348       __mbcasemap                1000d348     libcmt:mbctype.obj
 0003:00000448       ___ptmbcinfo               1000d448     libcmt:mbctype.obj
 0003:00000540       ___globallocalestatus      1000d540     libcmt:glstatus.obj
 0003:00000544       ___clocalestr              1000d544     libcmt:nlsdata2.obj
 0003:00000548       ___lc_time_c               1000d548     libcmt:nlsdata2.obj
 0003:000006b0       ___initiallocinfo          1000d6b0     libcmt:nlsdata2.obj
 0003:00000788       ___ptlocinfo               1000d788     libcmt:nlsdata2.obj
 0003:0000078c       ___flsindex                1000d78c     libcmt:tidtable.obj
 0003:00000790       ___getvalueindex           1000d790     libcmt:tidtable.obj
 0003:00000910       ___badioinfo               1000d910     libcmt:ioinit.obj
 0003:00000a70       ___lconv_static_decimal    1000da70     libcmt:lconv.obj
 0003:00000a74       ___lconv_static_W_decimal  1000da74     libcmt:lconv.obj
 0003:00000a78       ___lconv_c                 1000da78     libcmt:lconv.obj
 0003:00000ac8       ___lconv                   1000dac8     libcmt:lconv.obj
 0003:00000acc       __pctype                   1000dacc     libcmt:ctype.obj
 0003:00000ad0       __pwctype                  1000dad0     libcmt:ctype.obj
 0003:00000ae0       ___mb_cur_max              1000dae0     libcmt:nlsdata1.obj
 0003:00000ae4       ___decimal_point           1000dae4     libcmt:nlsdata1.obj
 0003:00000ae8       ___decimal_point_length    1000dae8     libcmt:nlsdata1.obj
 0003:00000af0       __cfltcvt_tab              1000daf0     libcmt:cmiscdat.obj
 0003:00000b20       __NLG_Destination          1000db20     libcmt:exsup.obj
 0003:00000b30       ___abort_behavior          1000db30     libcmt:abort.obj
 0003:00000b40       ?_ilutVendor@@3PB_WB       1000db40     ilut_states.obj
 0003:00000b44       ?_ilutVersion@@3PB_WB      1000db44     ilut_states.obj
 0003:00000b48       ??_R0?AVILpal@@@8          1000db48     ilut_win32.obj
 0003:00000b5c       ??_R0?AVbad_exception@std@@@8 1000db5c     libcmt:frame.obj
 0003:00000b7c       ??_R0?AVexception@std@@@8  1000db7c     libcmt:frame.obj
 0003:00000ba4       __aenvptr                  1000dba4     libcmt:dllcrt0.obj
 0003:00000ba8       __wenvptr                  1000dba8     libcmt:dllcrt0.obj
 0003:00000bac       ___error_mode              1000dbac     libcmt:dllcrt0.obj
 0003:00000bb0       ___app_type                1000dbb0     libcmt:dllcrt0.obj
 0003:00000ee0       ___mbulinfo                1000dee0     libcmt:mbctype.obj
 0003:00000eec       ___mbcodepage              1000deec     libcmt:mbctype.obj
 0003:00000ef0       ___ismbcodepage            1000def0     libcmt:mbctype.obj
 0003:00000ef4       ___mblcid                  1000def4     libcmt:mbctype.obj
 0003:00000ef8       _gpFlsAlloc                1000def8     libcmt:tidtable.obj
 0003:00000efc       _gpFlsGetValue             1000defc     libcmt:tidtable.obj
 0003:00000f00       _gpFlsSetValue             1000df00     libcmt:tidtable.obj
 0003:00000f04       _gpFlsFree                 1000df04     libcmt:tidtable.obj
 0003:00000f08       ___locale_changed          1000df08     libcmt:setlocal.obj
 0003:00000f14       __maxwait                  1000df14     libcmt:crtheap.obj
 0003:00000f18       __umaskval                 1000df18     libcmt:crt0dat.obj
 0003:00000f1c       ___argc                    1000df1c     libcmt:crt0dat.obj
 0003:00000f20       ___argv                    1000df20     libcmt:crt0dat.obj
 0003:00000f24       ___wargv                   1000df24     libcmt:crt0dat.obj
 0003:00000f28       __environ                  1000df28     libcmt:crt0dat.obj
 0003:00000f2c       ___initenv                 1000df2c     libcmt:crt0dat.obj
 0003:00000f30       __wenviron                 1000df30     libcmt:crt0dat.obj
 0003:00000f34       ___winitenv                1000df34     libcmt:crt0dat.obj
 0003:00000f38       __pgmptr                   1000df38     libcmt:crt0dat.obj
 0003:00000f3c       __wpgmptr                  1000df3c     libcmt:crt0dat.obj
 0003:00000f40       __exitflag                 1000df40     libcmt:crt0dat.obj
 0003:00000f44       __C_Termination_Done       1000df44     libcmt:crt0dat.obj
 0003:00000f48       __C_Exit_Done              1000df48     libcmt:crt0dat.obj
 0003:00001058       __crtheap                  1000e058     libcmt:heapinit.obj
 0003:000011b0       ___lconv_static_null       1000e1b0     libcmt:lconv.obj
 0003:000011b4       ___lconv_static_W_null     1000e1b4     libcmt:lconv.obj
 0003:000011b8       ___pInvalidArgHandler      1000e1b8     libcmt:invarg.obj
 0003:000011d0       ?pArgList@UnDecorator@@0PAVReplicator@@A 1000e1d0     libcmt:undname.obj
 0003:000011d4       ?pZNameList@UnDecorator@@0PAVReplicator@@A 1000e1d4     libcmt:undname.obj
 0003:000011d8       ?pTemplateArgList@UnDecorator@@0PAVReplicator@@A 1000e1d8     libcmt:undname.obj
 0003:000011dc       ?gName@UnDecorator@@0PBDB  1000e1dc     libcmt:undname.obj
 0003:000011e0       ?name@UnDecorator@@0PBDB   1000e1e0     libcmt:undname.obj
 0003:000011e4       ?outputString@UnDecorator@@0PADA 1000e1e4     libcmt:undname.obj
 0003:000011e8       ?maxStringLength@UnDecorator@@0HA 1000e1e8     libcmt:undname.obj
 0003:000011ec       ?disableFlags@UnDecorator@@0KA 1000e1ec     libcmt:undname.obj
 0003:000011f0       ?m_pGetParameter@UnDecorator@@0P6APADJ@ZA 1000e1f0     libcmt:undname.obj
 0003:000011f4       ?fExplicitTemplateParams@UnDecorator@@0_NA 1000e1f4     libcmt:undname.obj
 0003:000011f5       ?fGetTemplateArgumentList@UnDecorator@@0_NA 1000e1f5     libcmt:undname.obj
 0003:000011f8       ?__pInconsistency@@3P6AXXZA 1000e1f8     libcmt:hooks.obj
 0003:00001214       ___pPurecall               1000e214     libcmt:inithelp.obj
 0003:00001218       ?_pnhHeap@@3P6AHI@ZA       1000e218     libcmt:handler.obj
 0003:00001848       __newmode                  1000e848     libcmt:_newmode.obj
 0003:00001860       ?ilutStates@@3PAUILUT_STATES@@A 1000e860     ilut_states.obj
 0003:00001ce0       ?ilutCurImage@@3PAUILimage@@A 1000ece0     ilut_internal.obj
 0003:00001ce4       ?ilutCurrentPos@@3IA       1000ece4     ilut_states.obj
 0003:00001ce8       ___sse2_available          1000ece8     <common>
 0003:00001cec       __debugger_hook_dummy      1000ecec     <common>
 0003:00001cf0       __nhandle                  1000ecf0     <common>
 0003:00001d00       ___pioinfo                 1000ed00     <common>
 0003:00001e00       ___env_initialized         1000ee00     <common>
 0003:00001e04       ___onexitend               1000ee04     <common>
 0003:00001e08       ___onexitbegin             1000ee08     <common>
 0003:00001e0c       ___mbctype_initialized     1000ee0c     <common>
 0003:00001e10       __FPinit                   1000ee10     <common>
 0003:00001e14       ___dyn_tls_init_callback   1000ee14     <common>
 0003:00001e18       __acmdln                   1000ee18     <common>

 entry point at        0001:0000222d

 Static symbols

 0001:00002137       ___DllMainCRTStartup       10003137 f   libcmt:dllcrt0.obj
 0001:00002356       ?CPtoLCID@@YAHH@Z          10003356 f   libcmt:mbctype.obj
 0001:00002385       ?setSBCS@@YAXPAUthreadmbcinfostruct@@@Z 10003385 f   libcmt:mbctype.obj
 0001:000023e9       ?setSBUpLow@@YAXPAUthreadmbcinfostruct@@@Z 100033e9 f   libcmt:mbctype.obj
 0001:0000261d       ?getSystemCP@@YAHH@Z       1000361d f   libcmt:mbctype.obj
 0001:00003275       ?__crtLCMapStringA_stat@@YAHPAUlocaleinfo_struct@@KKPBDHPADHHH@Z 10004275 f   libcmt:a_map.obj
 0001:0000394a       _doexit                    1000494a f   libcmt:crt0dat.obj
 0001:00003e41       _parse_cmdline             10004e41 f   libcmt:stdargv.obj
 0001:0000462a       ?__crtGetStringTypeA_stat@@YAHPAUlocaleinfo_struct@@KPBDHPAGHHH@Z 1000562a f   libcmt:a_str.obj
 0001:000055c0       __unwind_handler4          100065c0 f   libcmt:exsup4.obj
 0001:00005864       _siglookup                 10006864 f   libcmt:winsig.obj
 0001:00005aa0       __onexit_nolock            10006aa0 f   libcmt:onexit.obj
 0001:00005f5a       ?x_ismbbtype_l@@YAHPAUlocaleinfo_struct@@IHH@Z 10006f5a f   libcmt:ismbbyte.obj
 0001:00006280       __unwind_handler           10007280 f   libcmt:exsup.obj
 0001:000068ed       ?CatchGuardHandler@@YA?AW4_EXCEPTION_DISPOSITION@@PAUEHExceptionRecord@@PAUCatchGuardRN@@PAX2@Z 100078ed f   libcmt:_trnsctrl_.obj
 0001:000069f7       ?TranslatorGuardHandler@@YA?AW4_EXCEPTION_DISPOSITION@@PAUEHExceptionRecord@@PAUTranslatorGuardRN@@PAX2@Z 100079f7 f   libcmt:_trnsctrl_.obj
 0001:00006dca       ?ExFilterRethrow@@YAHPAU_EXCEPTION_POINTERS@@@Z 10007dca f   libcmt:frame.obj
 0001:00006e8d       ?IsInExceptionSpec@@YAEPAUEHExceptionRecord@@PBU_s_ESTypeList@@@Z 10007e8d f   libcmt:frame.obj
 0001:00006f03       ?CallUnexpected@@YAXPBU_s_ESTypeList@@@Z 10007f03 f   libcmt:frame.obj
 0001:00006f34       __catch$?CallUnexpected@@YAXPBU_s_ESTypeList@@@Z$0 10007f34 f   libcmt:frame.obj
 0001:00006f4c       ?CallCatchBlock@@YAPAXPAUEHExceptionRecord@@PAUEHRegistrationNode@@PAU_CONTEXT@@PBU_s_FuncInfo@@PAXHK@Z 10007f4c f   libcmt:frame.obj
 0001:000072f9       ?CatchIt@@YAXPAUEHExceptionRecord@@PAUEHRegistrationNode@@PAU_CONTEXT@@PAXPBU_s_FuncInfo@@PBU_s_HandlerType@@PBU_s_CatchableType@@PBU_s_TryBlockMapEntry@@H1E@Z 100082f9 f   libcmt:frame.obj
 0001:00007367       ?FindHandlerForForeignException@@YAXPAUEHExceptionRecord@@PAUEHRegistrationNode@@PAU_CONTEXT@@PAXPBU_s_FuncInfo@@HH1@Z 10008367 f   libcmt:frame.obj
 0001:0000746e       ?FindHandler@@YAXPAUEHExceptionRecord@@PAUEHRegistrationNode@@PAU_CONTEXT@@PAXPBU_s_FuncInfo@@EH1@Z 1000846e f   libcmt:frame.obj
 0001:00007e60       __unwindfunclet$?ilut2ConvertSliceToHBitmap@@YGPAUHBITMAP__@@PAUILimage@@PAUHDC__@@I@Z$3 10008e60 f    CIL library: CIL module
 0001:00007e6b       __unwindfunclet$?ilut2ConvertSliceToHBitmap@@YGPAUHBITMAP__@@PAUILimage@@PAUHDC__@@I@Z$4 10008e6b f    CIL library: CIL module
 0001:00007e76       __ehhandler$?ilut2ConvertSliceToHBitmap@@YGPAUHBITMAP__@@PAUILimage@@PAUHDC__@@I@Z 10008e76 f    CIL library: CIL module
 0001:00007e9e       __ehhandler$?CallUnexpected@@YAXPBU_s_ESTypeList@@@Z 10008e9e f   libcmt:frame.obj
