 ILU

 Timestamp is 55aa99fe (Sat Jul 18 21:25:02 2015)

 Preferred load address is 0000000180000000

 Start         Length     Name                   Class
 0001:00000000 0000b128H .text$mn                CODE
 0001:0000b130 0000007bH .text$x                 CODE
 0002:00000000 000001f8H .idata$5                DATA
 0002:000001f8 00000008H .CRT$XCA                DATA
 0002:00000200 00000008H .CRT$XCZ                DATA
 0002:00000208 00000008H .CRT$XIA                DATA
 0002:00000210 00000008H .CRT$XIAA               DATA
 0002:00000218 00000008H .CRT$XIC                DATA
 0002:00000220 00000008H .CRT$XIZ                DATA
 0002:00000230 00002880H .rdata                  DATA
 0002:00002ab0 00000078H .rdata$debug            DATA
 0002:00002b28 00000008H .rtc$IAA                DATA
 0002:00002b30 00000008H .rtc$IZZ                DATA
 0002:00002b38 00000008H .rtc$TAA                DATA
 0002:00002b40 00000008H .rtc$TZZ                DATA
 0002:00002b48 00000c0cH .xdata                  DATA
 0002:00003760 0000086cH .edata                  DATA
 0002:00003fcc 0000003cH .idata$2                DATA
 0002:00004008 00000014H .idata$3                DATA
 0002:00004020 000001f8H .idata$4                DATA
 0002:00004218 000003e0H .idata$6                DATA
 0003:00000000 000006c4H .data                   DATA
 0003:000006d0 000007a0H .bss                    DATA
 0004:00000000 0000081cH .pdata                  DATA
 0005:00000000 00000058H .rsrc$01                DATA
 0005:00000060 00000180H .rsrc$02                DATA

  Address         Publics by Value              Rva+Base               Lib:Object

 0000:00000000       __guard_fids_table         0000000000000000     <absolute>
 0000:00000000       ___safe_se_handler_count   0000000000000000     <absolute>
 0000:00000000       __guard_flags              0000000000000000     <absolute>
 0000:00000000       ___safe_se_handler_table   0000000000000000     <absolute>
 0000:00000000       __guard_fids_count         0000000000000000     <absolute>
 0000:00000000       __ImageBase                0000000180000000     <linker-defined>
 0001:00000000       ?iluConvolution@@YAEPEAHHH@Z 0000000180001000 f   ilu_api1.obj
 0001:00000040       ?iluCrop@@YAEIIIIII@Z      0000000180001040 f   ilu_api1.obj
 0001:000000a0       ?ilu2ErrorString@@YAPEB_WI@Z 00000001800010a0 f   ilu_error.obj
 0001:00000100       ?ilu2SetLanguage@@YAEI@Z   0000000180001100 f   ilu_error.obj
 0001:00000170       ?Filter@@YAPEAEPEAUILimage@@PEBHHH@Z 0000000180001170 f   ilu_filter.obj
 0001:00000dc0       ?iApplyMatrix@@YAXPEAUILimage@@QEAY03M@Z 0000000180001dc0 f   ilu_filter.obj
 0001:00000fc0       ?iIntExtImg@@YAXPEAUILimage@@0M@Z 0000000180001fc0 f   ilu_filter.obj
 0001:00001040       ?ilu2Alienify@@YAEPEAUILimage@@@Z 0000000180002040 f   ilu_filter.obj
 0001:00001240       ?ilu2BlurAvg@@YAEPEAUILimage@@I@Z 0000000180002240 f   ilu_filter.obj
 0001:00001340       ?ilu2BlurGaussian@@YAEPEAUILimage@@I@Z 0000000180002340 f   ilu_filter.obj
 0001:00001440       ?ilu2Contrast@@YAEPEAUILimage@@M@Z 0000000180002440 f   ilu_filter.obj
 0001:00001530       ?ilu2Convolution@@YAEPEAUILimage@@PEAHHH@Z 0000000180002530 f   ilu_filter.obj
 0001:00001620       ?ilu2EdgeDetectE@@YAEPEAUILimage@@@Z 0000000180002620 f   ilu_filter.obj
 0001:00001700       ?ilu2EdgeDetectP@@YAEPEAUILimage@@@Z 0000000180002700 f   ilu_filter.obj
 0001:00001890       ?ilu2EdgeDetectS@@YAEPEAUILimage@@@Z 0000000180002890 f   ilu_filter.obj
 0001:00001a20       ?ilu2Emboss@@YAEPEAUILimage@@@Z 0000000180002a20 f   ilu_filter.obj
 0001:00001b00       ?ilu2GammaCorrect@@YAEPEAUILimage@@M@Z 0000000180002b00 f   ilu_filter.obj
 0001:00001ed0       ?ilu2Pixelize@@YAEPEAUILimage@@I@Z 0000000180002ed0 f   ilu_filter.obj
 0001:00002980       ?ilu2Saturate1f@@YAEPEAUILimage@@M@Z 0000000180003980 f   ilu_filter.obj
 0001:000029b0       ?ilu2Saturate4f@@YAEPEAUILimage@@MMMM@Z 00000001800039b0 f   ilu_filter.obj
 0001:00002a80       ?ilu2ScaleAlpha@@YAEPEAUILimage@@M@Z 0000000180003a80 f   ilu_filter.obj
 0001:00002c80       ?ilu2ScaleColours@@YAEPEAUILimage@@MMM@Z 0000000180003c80 f   ilu_filter.obj
 0001:00003280       ?ilu2Sharpen@@YAEPEAUILimage@@MI@Z 0000000180004280 f   ilu_filter.obj
 0001:00003390       ?setRGB@ILpal@@QEAAEIEEE@Z 0000000180004390 f i ilu_filter.obj
 0001:000033e0       ?setRGBA@ILpal@@QEAAEIEEEE@Z 00000001800043e0 f i ilu_filter.obj
 0001:00003460       ?B_spline_filter@@YANN@Z   0000000180004460 f   ilu_filter_rcg.obj
 0001:000034d0       ?Lanczos3_filter@@YANN@Z   00000001800044d0 f   ilu_filter_rcg.obj
 0001:000035c0       ?Mitchell_filter@@YANN@Z   00000001800045c0 f   ilu_filter_rcg.obj
 0001:00003660       ?bell_filter@@YANN@Z       0000000180004660 f   ilu_filter_rcg.obj
 0001:000036b0       ?box_filter@@YANN@Z        00000001800046b0 f   ilu_filter_rcg.obj
 0001:000036e0       ?calc_x_contrib@@YAHPEAUCLIST@@NNHHP6ANN@ZH@Z 00000001800046e0 f   ilu_filter_rcg.obj
 0001:00003940       ?filter@@YANN@Z            0000000180004940 f   ilu_filter_rcg.obj
 0001:00003990       ?ilu2ScaleAdvanced@@YAIPEAUILimage@@III@Z 0000000180004990 f   ilu_filter_rcg.obj
 0001:00003b60       ?triangle_filter@@YANN@Z   0000000180004b60 f   ilu_filter_rcg.obj
 0001:00003b90       ?zoom@@YAHPEAUILimage@@0P6ANN@ZN@Z 0000000180004b90 f   ilu_filter_rcg.obj
 0001:00004360       ?ilu2Init@@YAXXZ           0000000180005360 f   ilu_main.obj
 0001:00004370       ?ilu2LoadImage@@YAPEAUILimage@@PEB_W@Z 0000000180005370 f   ilu_main.obj
 0001:000043c0       DllMain                    00000001800053c0 f   ilu_main.obj
 0001:000043d0       ?ilu2ColoursUsed@@YAIPEAUILimage@@@Z 00000001800053d0 f   ilu_manip.obj
 0001:00004680       ?ilu2CompareImage@@YAEPEAUILimage@@0@Z 0000000180005680 f   ilu_manip.obj
 0001:00004730       ?ilu2Crop2D@@YAEPEAUILimage@@IIII@Z 0000000180005730 f   ilu_manip.obj
 0001:00004900       ?ilu2Crop3D@@YAEPEAUILimage@@IIIIII@Z 0000000180005900 f   ilu_manip.obj
 0001:00004b40       ?ilu2Crop@@YAEPEAUILimage@@IIIIII@Z 0000000180005b40 f   ilu_manip.obj
 0001:00004b60       ?ilu2EnlargeCanvas@@YAEPEAUILimage@@III@Z 0000000180005b60 f   ilu_manip.obj
 0001:00004dc0       ?ilu2Equalize@@YAEPEAUILimage@@@Z 0000000180005dc0 f   ilu_manip.obj
 0001:00005150       ?ilu2FlipImage@@YAEPEAUILimage@@@Z 0000000180006150 f   ilu_manip.obj
 0001:00005190       ?ilu2InvertAlpha@@YAEPEAUILimage@@@Z 0000000180006190 f   ilu_manip.obj
 0001:00005440       ?ilu2Mirror@@YAEPEAUILimage@@@Z 0000000180006440 f   ilu_manip.obj
 0001:00005450       ?ilu2Negative@@YAEPEAUILimage@@@Z 0000000180006450 f   ilu_manip.obj
 0001:00005760       ?ilu2ReplaceColour@@YAEPEAUILimage@@EEEM@Z 0000000180006760 f   ilu_manip.obj
 0001:00005a20       ?ilu2SwapColours@@YAEPEAUILimage@@@Z 0000000180006a20 f   ilu_manip.obj
 0001:00005ba0       ?ilu2Wave@@YAEPEAUILimage@@M@Z 0000000180006ba0 f   ilu_manip.obj
 0001:00005df0       ?iBuildMipmaps@@YAEPEAUILimage@@III@Z 0000000180006df0 f   ilu_mipmap.obj
 0001:00005e60       ?ilu2BuildMipmaps@@YAEPEAUILimage@@@Z 0000000180006e60 f   ilu_mipmap.obj
 0001:00005f10       ?ilu2Noisify@@YAEPEAUILimage@@M@Z 0000000180006f10 f   ilu_noise.obj
 0001:000061e0       ?BuildEdgeList@@YAXIPEAUILpointi@@PEAPEAUEdge@@@Z 00000001800071e0 f   ilu_region.obj
 0001:00006330       ?MakeEdgeRec@@YAXUILpointi@@0HPEAUEdge@@QEAPEAU2@@Z 0000000180007330 f   ilu_region.obj
 0001:000063c0       ?iScanFill@@YAPEAEPEAUILimage@@@Z 00000001800073c0 f   ilu_region.obj
 0001:00006780       ??4ILpal@@QEAAXAEBV0@@Z    0000000180007780 f i ilu_rotate.obj
 0001:000067e0       ?ilu2Rotate3D@@YAEPEAUILimage@@MMMM@Z 00000001800077e0 f   ilu_rotate.obj
 0001:000067f0       ?ilu2Rotate@@YAEPEAUILimage@@M@Z 00000001800077f0 f   ilu_rotate.obj
 0001:00006910       ?ilu2Rotate_@@YAPEAUILimage@@PEAU1@M@Z 0000000180007910 f   ilu_rotate.obj
 0001:00007780       ?iluRotate3D_@@YAPEAUILimage@@PEAU1@MMMM@Z 0000000180008780 f   ilu_rotate.obj
 0001:00007790       ?use@ILpal@@QEAAEHPEAEI@Z  0000000180008790 f i ilu_rotate.obj
 0001:000078b0       ?ilu2EnlargeImage@@YAEPEAUILimage@@MMM@Z 00000001800088b0 f   ilu_scale.obj
 0001:00007920       ?ilu2Scale@@YAEPEAUILimage@@III@Z 0000000180008920 f   ilu_scale.obj
 0001:00007ba0       ?iluScale1D_@@YAPEAUILimage@@PEAU1@0I@Z 0000000180008ba0 f   ilu_scale.obj
 0001:00008120       ?iluScale_@@YAPEAUILimage@@PEAU1@III@Z 0000000180009120 f   ilu_scale.obj
 0001:00008280       ?iluScale2DBilinear_@@YAPEAUILimage@@PEAU1@0II@Z 0000000180009280 f   ilu_scale2d.obj
 0001:000092b0       ?iluScale2DLinear_@@YAPEAUILimage@@PEAU1@0II@Z 000000018000a2b0 f   ilu_scale2d.obj
 0001:00009a10       ?iluScale2DNear_@@YAPEAUILimage@@PEAU1@0II@Z 000000018000aa10 f   ilu_scale2d.obj
 0001:00009e40       ?iluScale2D_@@YAPEAUILimage@@PEAU1@0II@Z 000000018000ae40 f   ilu_scale2d.obj
 0001:00009ee0       ?iluScale3DNear_@@YAPEAUILimage@@PEAU1@0III@Z 000000018000aee0 f   ilu_scale3d.obj
 0001:0000a500       ?iluScale3D_@@YAPEAUILimage@@PEAU1@0III@Z 000000018000b500 f   ilu_scale3d.obj
 0001:0000a5a0       ?ilu2GetInteger@@YAHI@Z    000000018000b5a0 f   ilu_states.obj
 0001:0000a5e0       ?ilu2GetIntegerv@@YAXIPEAH@Z 000000018000b5e0 f   ilu_states.obj
 0001:0000a610       ?ilu2GetString@@YAPEA_WI@Z 000000018000b610 f   ilu_states.obj
 0001:0000a650       ?ilu2ImageParameter@@YAXII@Z 000000018000b650 f   ilu_states.obj
 0001:0000a68e       ?ilGetCurImage@@YAPEAUILimage@@XZ 000000018000b68e f   resil:ResIL.dll
 0001:0000a694       ?il2SetError@@YAXI@Z       000000018000b694 f   resil:ResIL.dll
 0001:0000a69a       ?il2NewImage@@YAPEAUILimage@@IIIEE@Z 000000018000b69a f   resil:ResIL.dll
 0001:0000a6a0       ?il2ConvertImage@@YAEPEAUILimage@@II@Z 000000018000b6a0 f   resil:ResIL.dll
 0001:0000a6a6       ?il2CopyPixels@@YAIPEAUILimage@@IIIIIIIIPEAX@Z 000000018000b6a6 f   resil:ResIL.dll
 0001:0000a6ac       ?il2GetImageInteger@@YAXPEAUILimage@@IPEAH@Z 000000018000b6ac f   resil:ResIL.dll
 0001:0000a6b2       ?ialloc@@YAPEAX_K@Z        000000018000b6b2 f   resil:ResIL.dll
 0001:0000a6b8       ?ifree@@YAXPEBX@Z          000000018000b6b8 f   resil:ResIL.dll
 0001:0000a6be       ?ilSetCurImage@@YAXPEAUILimage@@@Z 000000018000b6be f   resil:ResIL.dll
 0001:0000a6c4       ?ilGetPalBaseType@@YAII@Z  000000018000b6c4 f   resil:ResIL.dll
 0001:0000a6ca       ?ilCloseImage@@YAXPEAX@Z   000000018000b6ca f   resil:ResIL.dll
 0001:0000a6d0       ?il2CopyImageAttr@@YAEPEAUILimage@@0@Z 000000018000b6d0 f   resil:ResIL.dll
 0001:0000a6d6       ?il2TexImage@@YAEPEAUILimage@@IIIEIIPEAX@Z 000000018000b6d6 f   resil:ResIL.dll
 0001:0000a6dc       ?icalloc@@YAPEAX_K0@Z      000000018000b6dc f   resil:ResIL.dll
 0001:0000a6e2       ?il2GenImage@@YAPEAUILimage@@XZ 000000018000b6e2 f   resil:ResIL.dll
 0001:0000a6e8       ?il2DeleteImage@@YAXPEAUILimage@@@Z 000000018000b6e8 f   resil:ResIL.dll
 0001:0000a6ee       ?il2LoadImage@@YAEPEAUILimage@@PEB_W@Z 000000018000b6ee f   resil:ResIL.dll
 0001:0000a6f4       ?il2ClearImage@@YAEPEAUILimage@@@Z 000000018000b6f4 f   resil:ResIL.dll
 0001:0000a6fa       ?il2ConvertPal@@YAEPEAUILimage@@I@Z 000000018000b6fa f   resil:ResIL.dll
 0001:0000a700       ?ilGetBppPal@@YAEI@Z       000000018000b700 f   resil:ResIL.dll
 0001:0000a706       ?il2GetClear@@YAXPEAXII@Z  000000018000b706 f   resil:ResIL.dll
 0001:0000a70c       ?iConvertImage@@YAPEAUILimage@@PEAU1@II@Z 000000018000b70c f   resil:ResIL.dll
 0001:0000a712       ?iMirror@@YAEPEAUILimage@@@Z 000000018000b712 f   resil:ResIL.dll
 0001:0000a718       ?iFlipBuffer@@YAXPEAEIII@Z 000000018000b718 f   resil:ResIL.dll
 0001:0000a71e       ?il2ResizeImage@@YAEPEAUILimage@@IIIEE@Z 000000018000b71e f   resil:ResIL.dll
 0001:0000a724       __GSHandlerCheck           000000018000b724 f   msvcrt:gshandler.obj
 0001:0000a744       __GSHandlerCheckCommon     000000018000b744 f   msvcrt:gshandler.obj
 0001:0000a7c0       __security_check_cookie    000000018000b7c0 f   msvcrt:amdsecgs.obj
 0001:0000a7e0       pow                        000000018000b7e0 f   msvcrt:MSVCR120.dll
 0001:0000a7e6       sqrtf                      000000018000b7e6 f   msvcrt:MSVCR120.dll
 0001:0000a7ec       ceil                       000000018000b7ec f   msvcrt:MSVCR120.dll
 0001:0000a7f2       floor                      000000018000b7f2 f   msvcrt:MSVCR120.dll
 0001:0000a7f8       sin                        000000018000b7f8 f   msvcrt:MSVCR120.dll
 0001:0000a7fe       cos                        000000018000b7fe f   msvcrt:MSVCR120.dll
 0001:0000a820       __chkstk                   000000018000b820 f   msvcrt:chkstk.obj
 0001:0000a820       _alloca_probe              000000018000b820 f   msvcrt:chkstk.obj
 0001:0000a86e       memcpy                     000000018000b86e f   msvcrt:MSVCR120.dll
 0001:0000a874       memset                     000000018000b874 f   msvcrt:MSVCR120.dll
 0001:0000a87a       fmod                       000000018000b87a f   msvcrt:MSVCR120.dll
 0001:0000a8e0       _CRT_INIT                  000000018000b8e0 f   msvcrt:crtdll.obj
 0001:0000ab2c       _DllMainCRTStartup         000000018000bb2c f   msvcrt:crtdll.obj
 0001:0000aca4       __raise_securityfailure    000000018000bca4 f   msvcrt:gs_report.obj
 0001:0000acf0       __report_gsfailure         000000018000bcf0 f   msvcrt:gs_report.obj
 0001:0000adc2       __CppXcptFilter            000000018000bdc2 f   msvcrt:MSVCR120.dll
 0001:0000adc8       _amsg_exit                 000000018000bdc8 f   msvcrt:MSVCR120.dll
 0001:0000add0       _FindPESection             000000018000bdd0 f   msvcrt:pesect.obj
 0001:0000ae20       _IsNonwritableInCurrentImage 000000018000be20 f   msvcrt:pesect.obj
 0001:0000ae70       _ValidateImageBase         000000018000be70 f   msvcrt:pesect.obj
 0001:0000aea0       __atonexitinit             000000018000bea0 f   msvcrt:atonexit.obj
 0001:0000aef0       _onexit                    000000018000bef0 f   msvcrt:atonexit.obj
 0001:0000afa0       atexit                     000000018000bfa0 f   msvcrt:atonexit.obj
 0001:0000afb8       __security_init_cookie     000000018000bfb8 f   msvcrt:gs_support.obj
 0001:0000b064       _RTC_Initialize            000000018000c064 f   msvcrt:initsect.obj
 0001:0000b09c       _RTC_Terminate             000000018000c09c f   msvcrt:initsect.obj
 0001:0000b0d4       _initterm                  000000018000c0d4 f   msvcrt:MSVCR120.dll
 0001:0000b0da       _initterm_e                000000018000c0da f   msvcrt:MSVCR120.dll
 0001:0000b0e0       __clean_type_info_names    000000018000c0e0 f   msvcrt:tncleanup.obj
 0001:0000b0ec       __C_specific_handler       000000018000c0ec f   msvcrt:MSVCR120.dll
 0001:0000b0f2       __crt_debugger_hook        000000018000c0f2 f   msvcrt:MSVCR120.dll
 0001:0000b0f8       __crtUnhandledException    000000018000c0f8 f   msvcrt:MSVCR120.dll
 0001:0000b0fe       __crtTerminateProcess      000000018000c0fe f   msvcrt:MSVCR120.dll
 0001:0000b104       __crtCapturePreviousContext 000000018000c104 f   msvcrt:MSVCR120.dll
 0001:0000b10a       _lock                      000000018000c10a f   msvcrt:MSVCR120.dll
 0001:0000b110       _unlock                    000000018000c110 f   msvcrt:MSVCR120.dll
 0001:0000b116       __dllonexit                000000018000c116 f   msvcrt:MSVCR120.dll
 0001:0000b11c       __clean_type_info_names_internal 000000018000c11c f   msvcrt:MSVCR120.dll
 0001:0000b122       IsProcessorFeaturePresent  000000018000c122 f   kernel32:KERNEL32.dll
 0002:00000000       __imp_GetSystemTimeAsFileTime 000000018000d000     kernel32:KERNEL32.dll
 0002:00000008       __imp_GetCurrentThreadId   000000018000d008     kernel32:KERNEL32.dll
 0002:00000010       __imp_GetCurrentProcessId  000000018000d010     kernel32:KERNEL32.dll
 0002:00000018       __imp_QueryPerformanceCounter 000000018000d018     kernel32:KERNEL32.dll
 0002:00000020       __imp_IsProcessorFeaturePresent 000000018000d020     kernel32:KERNEL32.dll
 0002:00000028       __imp_IsDebuggerPresent    000000018000d028     kernel32:KERNEL32.dll
 0002:00000030       __imp_DecodePointer        000000018000d030     kernel32:KERNEL32.dll
 0002:00000038       __imp_EncodePointer        000000018000d038     kernel32:KERNEL32.dll
 0002:00000040       \177KERNEL32_NULL_THUNK_DATA 000000018000d040     kernel32:KERNEL32.dll
 0002:00000048       __imp___clean_type_info_names_internal 000000018000d048     msvcrt:MSVCR120.dll
 0002:00000050       __imp__onexit              000000018000d050     msvcrt:MSVCR120.dll
 0002:00000058       __imp___dllonexit          000000018000d058     msvcrt:MSVCR120.dll
 0002:00000060       __imp__calloc_crt          000000018000d060     msvcrt:MSVCR120.dll
 0002:00000068       __imp__unlock              000000018000d068     msvcrt:MSVCR120.dll
 0002:00000070       __imp__lock                000000018000d070     msvcrt:MSVCR120.dll
 0002:00000078       __imp___crtCapturePreviousContext 000000018000d078     msvcrt:MSVCR120.dll
 0002:00000080       __imp___crtTerminateProcess 000000018000d080     msvcrt:MSVCR120.dll
 0002:00000088       __imp___crtUnhandledException 000000018000d088     msvcrt:MSVCR120.dll
 0002:00000090       __imp___crt_debugger_hook  000000018000d090     msvcrt:MSVCR120.dll
 0002:00000098       __imp___C_specific_handler 000000018000d098     msvcrt:MSVCR120.dll
 0002:000000a0       __imp__initterm_e          000000018000d0a0     msvcrt:MSVCR120.dll
 0002:000000a8       __imp__initterm            000000018000d0a8     msvcrt:MSVCR120.dll
 0002:000000b0       __imp__malloc_crt          000000018000d0b0     msvcrt:MSVCR120.dll
 0002:000000b8       __imp__amsg_exit           000000018000d0b8     msvcrt:MSVCR120.dll
 0002:000000c0       __imp___CppXcptFilter      000000018000d0c0     msvcrt:MSVCR120.dll
 0002:000000c8       __imp_fmod                 000000018000d0c8     msvcrt:MSVCR120.dll
 0002:000000d0       __imp_rand                 000000018000d0d0     msvcrt:MSVCR120.dll
 0002:000000d8       __imp_memset               000000018000d0d8     msvcrt:MSVCR120.dll
 0002:000000e0       __imp_memcpy               000000018000d0e0     msvcrt:MSVCR120.dll
 0002:000000e8       __imp_pow                  000000018000d0e8     msvcrt:MSVCR120.dll
 0002:000000f0       __imp_sqrtf                000000018000d0f0     msvcrt:MSVCR120.dll
 0002:000000f8       __imp_ceil                 000000018000d0f8     msvcrt:MSVCR120.dll
 0002:00000100       __imp_floor                000000018000d100     msvcrt:MSVCR120.dll
 0002:00000108       __imp_sin                  000000018000d108     msvcrt:MSVCR120.dll
 0002:00000110       __imp_cos                  000000018000d110     msvcrt:MSVCR120.dll
 0002:00000118       __imp_free                 000000018000d118     msvcrt:MSVCR120.dll
 0002:00000120       \177MSVCR120_NULL_THUNK_DATA 000000018000d120     msvcrt:MSVCR120.dll
 0002:00000128       __imp_?il2ResizeImage@@YAEPEAUILimage@@IIIEE@Z 000000018000d128     resil:ResIL.dll
 0002:00000130       __imp_?iFlipBuffer@@YAXPEAEIII@Z 000000018000d130     resil:ResIL.dll
 0002:00000138       __imp_?iMirror@@YAEPEAUILimage@@@Z 000000018000d138     resil:ResIL.dll
 0002:00000140       __imp_?iConvertImage@@YAPEAUILimage@@PEAU1@II@Z 000000018000d140     resil:ResIL.dll
 0002:00000148       __imp_?il2GetClear@@YAXPEAXII@Z 000000018000d148     resil:ResIL.dll
 0002:00000150       __imp_?ilGetBppPal@@YAEI@Z 000000018000d150     resil:ResIL.dll
 0002:00000158       __imp_?il2ConvertPal@@YAEPEAUILimage@@I@Z 000000018000d158     resil:ResIL.dll
 0002:00000160       __imp_?il2ClearImage@@YAEPEAUILimage@@@Z 000000018000d160     resil:ResIL.dll
 0002:00000168       __imp_?il2LoadImage@@YAEPEAUILimage@@PEB_W@Z 000000018000d168     resil:ResIL.dll
 0002:00000170       __imp_?il2DeleteImage@@YAXPEAUILimage@@@Z 000000018000d170     resil:ResIL.dll
 0002:00000178       __imp_?il2GenImage@@YAPEAUILimage@@XZ 000000018000d178     resil:ResIL.dll
 0002:00000180       __imp_?icalloc@@YAPEAX_K0@Z 000000018000d180     resil:ResIL.dll
 0002:00000188       __imp_?il2TexImage@@YAEPEAUILimage@@IIIEIIPEAX@Z 000000018000d188     resil:ResIL.dll
 0002:00000190       __imp_?il2CopyImageAttr@@YAEPEAUILimage@@0@Z 000000018000d190     resil:ResIL.dll
 0002:00000198       __imp_?ilCloseImage@@YAXPEAX@Z 000000018000d198     resil:ResIL.dll
 0002:000001a0       __imp_?ilGetPalBaseType@@YAII@Z 000000018000d1a0     resil:ResIL.dll
 0002:000001a8       __imp_?ilSetCurImage@@YAXPEAUILimage@@@Z 000000018000d1a8     resil:ResIL.dll
 0002:000001b0       __imp_?ifree@@YAXPEBX@Z    000000018000d1b0     resil:ResIL.dll
 0002:000001b8       __imp_?ialloc@@YAPEAX_K@Z  000000018000d1b8     resil:ResIL.dll
 0002:000001c0       __imp_?il2GetImageInteger@@YAXPEAUILimage@@IPEAH@Z 000000018000d1c0     resil:ResIL.dll
 0002:000001c8       __imp_?il2CopyPixels@@YAIPEAUILimage@@IIIIIIIIPEAX@Z 000000018000d1c8     resil:ResIL.dll
 0002:000001d0       __imp_?il2ConvertImage@@YAEPEAUILimage@@II@Z 000000018000d1d0     resil:ResIL.dll
 0002:000001d8       __imp_?il2NewImage@@YAPEAUILimage@@IIIEE@Z 000000018000d1d8     resil:ResIL.dll
 0002:000001e0       __imp_?il2SetError@@YAXI@Z 000000018000d1e0     resil:ResIL.dll
 0002:000001e8       __imp_?ilGetCurImage@@YAPEAUILimage@@XZ 000000018000d1e8     resil:ResIL.dll
 0002:000001f0       \177ResIL_NULL_THUNK_DATA  000000018000d1f0     resil:ResIL.dll
 0002:000001f8       __xc_a                     000000018000d1f8     msvcrt:cinitexe.obj
 0002:00000200       __xc_z                     000000018000d200     msvcrt:cinitexe.obj
 0002:00000208       __xi_a                     000000018000d208     msvcrt:cinitexe.obj
 0002:00000220       __xi_z                     000000018000d220     msvcrt:cinitexe.obj
 0002:00000268       __real@3da7ef9e            000000018000d268     ilu_api1.obj
 0002:0000026c       __real@3e9e00d2            000000018000d26c     ilu_api1.obj
 0002:00000270       __real@3f1c01a3            000000018000d270     ilu_api1.obj
 0002:00000278       ??_C@_1CG@EMNOPBBK@?$AAe?$AAn?$AAu?$AAm?$AAe?$AAr?$AAa?$AAn?$AAt?$AA?5?$AE?$CI?$AA?$KO?$AE?$CI?$AA?$KH?$AE?$CI?$AA?$LH?$AE?$CI?$AA?$KG?$AA?$AA@ 000000018000d278     ilu_error.obj
 0002:000002a0       ??_C@_1EC@HMAJJNNF@?$AE?$CI?$AA?$KO?$AE?$CI?$AA?$KH?$AE?$CI?$AA?$LB?$AE?$CI?$AA?$KM?$AA?5?$AE?$CI?$AA?$KN?$AE?$CI?$AE?$AH?$AE?$CJ?5?$KM?$AE?$CI?$AE?$AH?$AA?5?$AE?$CI?$AA?$KH?$AE?$CJ?5?$BO?$AE?$CI?$AA?$LA?$AE?$CI?$AA?$KH?$AE?$CJ?$AES?$AE?$CI?$AA?$LB?$AE?$CI?$AA?$KJ@ 000000018000d2a0     ilu_error.obj
 0002:000002f0       ??_C@_1EM@EHMDPPBO@?$AE?$CJ?5?5?$AE?$CI?$AEV?$AE?$CJ?5?$BK?$AA?5?$AE?$CI?$AA?$KH?$AE?$CJ?5?$BO?$AE?$CI?$AA?$LF?$AE?$CJ?5?$KM?$AE?$CI?$AA?$LB?$AE?$CI?$AA?$KJ?$AA?5?$AE?$CI?$AET?$AE?$CJ?$AE?7?$AE?$CI?$AA?$LB?$AA?5?$AE?$CJ?5?$CG?$AE?$CI?$AE?$AH?$AE?$CI@ 000000018000d2f0     ilu_error.obj
 0002:00000340       ??_C@_1CE@PMJIFHNI@?$AE?$CI?$AA?$KO?$AE?$CI?$AA?$LH?$AE?$CI?$AE?$AI?$AA?5?$AE?$CI?$AE?$AH?$AE?$CI?$AA?$KH?$AE?$CI?$AA?$KO?$AE?$CJ?5?$BO?$AE?$CJ?$AE?7?$AA?$AA@ 000000018000d340     ilu_error.obj
 0002:00000368       ??_C@_1CI@LNPDBDKP@?$AE?$CJ?5?$BK?$AE?$CJ?$AE?7?$AE?$CJ?5?$CG?$AE?$CI?$AA?$KJ?$AA?5?$AE?$CI?$AA?$KO?$AE?$CI?$AA?$KH?$AE?$CI?$AA?$LH?$AE?$CI?$AA?$KG?$AE?$CI?$AA?$KJ?$AA?$AA@ 000000018000d368     ilu_error.obj
 0002:00000390       ??_C@_1DK@HIHJIKBJ@?$AE?$CI?$CB?$BG?$AE?$CJ?5?$CG?$AE?$CJ?5?$BO?$AE?$CJ?$AE?7?$AE?$CI?$AA?$KJ?$AA?5?$AE?$CI?$AET?$AE?$CJ?$AE?7?$AE?$CI?$AA?$LB?$AA?5?$AE?$CI?$AE?$JB?$AE?$CI?$AA?$LB?$AE?$CI?$CB?$BG?$AE?$CJ?$AE?7?$AE?$CI?$AA?$KJ?$AA?$AA@ 000000018000d390     ilu_error.obj
 0002:000003d0       ??_C@_1FK@EKCEAIJM@?$AE?$CI?$AA?$LB?$AE?$CJ?5?$BK?$AE?$CJ?5?$CG?$AA?5?$AA?$CI?$AE?$CJ?5?$BK?$AE?$CJ?$AE?7?$AE?$CJ?5?$CG?$AE?$CI?$AA?$KJ?$AA?$CJ?$AA?5?$AE?$CI?$AA?$KH?$AE?$CJ?5?$BO?$AE?$CJ?5?$CG?$AE?$CJ?5?$BO?$AE?$CJ?$AE?$AD?$AA?5?$AE?$CI?$AET?$AE?$CJ@ 000000018000d3d0     ilu_error.obj
 0002:00000430       ??_C@_1DG@JGMEKPGL@?$AE?$CI?$AA?$LB?$AE?$CI?$AE?$AI?$AE?$CI?$AEV?$AA?5?$AE?$CI?$AA?$KH?$AE?$CJ?5?$BO?$AE?$CJ?5?$CG?$AE?$CJ?5?$BO?$AE?$CJ?$AE?$AD?$AA?5?$AE?$CI?$AA?$KO?$AE?$CI?$AA?$KH?$AE?$CI?$AA?$LH?$AE?$CI?$AA?$KG?$AA?$AA@ 000000018000d430     ilu_error.obj
 0002:00000470       ??_C@_1FE@PMOPAGPB@?$AE?$CI?$AA?$KH?$AE?$CJ?5?$BO?$AE?$CI?$AE?$AB?$AE?$CI?$AA?$KH?$AE?$CI?$AA?$LB?$AE?$CJ?5?$CG?$AE?$CI?$AE?$AE?$AE?$CI?$AA?$LB?$AA?$CI?$AE?$CI?$AA?$KH?$AE?$CJ?5?$BO?$AE?$CJ?5?$CG?$AE?$CI?$CB?$BG?$AE?$CI?$AA?$KH?$AE?$CJ?5?$CG?$AE?$CJ?5?$BO?$AA?$CJ@ 000000018000d470     ilu_error.obj
 0002:000004c8       ??_C@_1DO@DCOACMIO@?$AE?$CJ?5?$BO?$AE?$CI?$AA?$KH?$AE?$CJ?$AE?7?$AE?$CJ?5?$CG?$AE?$CJ?$AES?$AE?$CJ?5?5?$AA?5?$AE?$CJ?$AE?$AD?$AE?$CI?$AE?$AE?$AE?$CI?$AA?$KN?$AA?5?$AE?$CI?$AA?$KH?$AE?$CJ?5?$BO?$AE?$CJ?5?$CG?$AE?$CJ?5?$BO?$AE?$CJ?$AE?$AD?$AA?$AA@ 000000018000d4c8     ilu_error.obj
 0002:00000510       ??_C@_1EC@JDKPENFO@?$AE?$CI?$AA?$KH?$AE?$CJ?5?$CG?$AE?$CI?$AE?$AE?$AE?$CI?$AE?$AH?$AE?$CI?$AA?$KH?$AE?$CI?$AE?$AH?$AA?5?$AE?$CI?$AA?$KH?$AE?$CJ?5?$BO?$AE?$CJ?5?$CG?$AE?$CJ?5?$BO?$AE?$CJ?$AE?$AD?$AA?5?$AE?$CI?$AA?$KO?$AE?$CI?$AA?$KH?$AE?$CI?$AA?$LH?$AE?$CI?$AA?$KG@ 000000018000d510     ilu_error.obj
 0002:00000558       ??_C@_1CM@EAJCOFDE@?$AE?$CI?$AA?$KH?$AE?$CJ?5?$BO?$AE?$CJ?5?$CG?$AE?$CJ?5?$BO?$AE?$CJ?$AE?$AD?$AA?5?$AE?$CJ?5?$CG?$AE?$CJ?5?$KM?$AE?$CI?$AA?$KM?$AE?$CJ?5?$KM?$AE?$CI?$AE?$AH?$AA?$AA@ 000000018000d558     ilu_error.obj
 0002:00000588       ??_C@_1CM@GEOCLFPM@?$AAo?$AAu?$AAt?$AA?5?$AAf?$AAo?$AAr?$AAm?$AAa?$AAt?$AA?5?$AAe?$AAq?$AAu?$AAi?$AAv?$AAa?$AAl?$AAe?$AAn?$AAt?$AA?$AA@ 000000018000d588     ilu_error.obj
 0002:000005c0       ??_C@_1EM@DBIANKEA@?$AE?$CI?$AA?$KH?$AE?$CJ?5?$BO?$AE?$CJ?5?$CG?$AE?$CJ?$AES?$AE?$CI?$AE?$AH?$AE?$CI?$AEV?$AA?$CI?$AE?$CI?$AA?$KH?$AE?$CJ?5?$BO?$AE?$CI?$AEV?$AE?$CI?$AE?$AE?$AE?$CI?$AA?$KH?$AE?$CJ?$AES?$AA?$CJ?$AA?5?$AE?$CJ?5?$CG?$AE?$CJ?5?$CG?$AE?$CI@ 000000018000d5c0     ilu_error.obj
 0002:00000610       ??_C@_1EK@BJBGLDCG@?$AE?$CI?$AA?$KH?$AE?$CJ?5?$BO?$AE?$CJ?5?$CG?$AE?$CJ?$AES?$AE?$CI?$AE?$AH?$AE?$CI?$AEV?$AA?5?$AA?$CI?$AE?$CI?$AA?$KH?$AE?$CJ?5?$BO?$AE?$CI?$AEV?$AE?$CI?$AE?$AE?$AE?$CI?$AA?$KH?$AE?$CJ?$AES?$AA?$CJ?$AA?5?$AE?$CJ?$AE?$AD?$AE?$CI?$AA?$KH@ 000000018000d610     ilu_error.obj
 0002:00000660       ??_C@_1CI@NIGJCFLE@?$AE?$CI?$AE?$AE?$AE?$CI?$AA?$KN?$AE?$CJ?5?$KM?$AE?$CJ?$AE?7?$AE?$CJ?5?$BO?$AA?5?$AE?$CI?$AA?$KO?$AE?$CI?$AA?$KH?$AE?$CI?$AA?$LH?$AE?$CI?$AA?$KG?$AA?$AA@ 000000018000d660     ilu_error.obj
 0002:00000688       ??_C@_1CM@NJGALCLC@?$AE?$CI?$AE?$AI?$AE?$CI?$AE?$AB?$AE?$CI?$CB?$BG?$AE?$CI?$AA?$KH?$AE?$CI?$AE?$AH?$AA?5?$AE?$CI?$AA?$KO?$AE?$CI?$AA?$KH?$AE?$CI?$AA?$LH?$AE?$CI?$AA?$KG?$AE?$CI?$AA?$KJ?$AA?$AA@ 000000018000d688     ilu_error.obj
 0002:000006c0       ??_C@_1FO@HANKEFHD@?$AE?$CI?$AA?$KN?$AE?$CI?$AE?$AH?$AE?$CI?$AA?$KL?$AA?5?$AE?$CI?$AA?$KO?$AE?$CI?$AA?$LH?$AE?$CI?$AE?$AI?$AA?5?$AE?$CI?$AE?$AI?$AE?$CI?$AA?$KL?$AE?$CJ?5?5?$AE?$CI?$AA?$KH?$AE?$CI?$AE?$AO?$AA?5?$AE?$CJ?5?$BK?$AE?$CI?$AA?$LB?$AE?$CI?$AA?$KH?$AE?$CI@ 000000018000d6c0     ilu_error.obj
 0002:00000720       ??_C@_1DG@DPBGMACN@?$AE?$CI?$AA?$KO?$AE?$CI?$AA?$LH?$AE?$CI?$AE?$AI?$AA?5?$AE?$CJ?$AE?$AD?$AE?$CJ?$AE?7?$AA?5?$AE?$CJ?5?$CG?$AE?$CJ?$AES?$AE?$CI?$AE?$AE?$AE?$CI?$AE?$AB?$AE?$CI?$AA?$KJ?$AA?5?$AAg?$AAi?$AAf?$AA?$AA@ 000000018000d720     ilu_error.obj
 0002:00000758       ??_C@_1DI@NCBLLON@?$AE?$CI?$AA?$KO?$AE?$CI?$AA?$LH?$AE?$CI?$AE?$AI?$AA?5?$AE?$CJ?$AE?$AD?$AE?$CJ?$AE?7?$AA?5?$AE?$CJ?5?$CG?$AE?$CJ?$AES?$AE?$CI?$AE?$AE?$AE?$CI?$AE?$AB?$AE?$CI?$AA?$KJ?$AA?5?$AAj?$AAp?$AAe?$AAg?$AA?$AA@ 000000018000d758     ilu_error.obj
 0002:00000790       ??_C@_1DG@OMNBKPMC@?$AE?$CI?$AA?$KO?$AE?$CI?$AA?$LH?$AE?$CI?$AE?$AI?$AA?5?$AE?$CJ?$AE?$AD?$AE?$CJ?$AE?7?$AA?5?$AE?$CJ?5?$CG?$AE?$CJ?$AES?$AE?$CI?$AE?$AE?$AE?$CI?$AE?$AB?$AE?$CI?$AA?$KJ?$AA?5?$AAp?$AAn?$AAg?$AA?$AA@ 000000018000d790     ilu_error.obj
 0002:000007c8       ??_C@_1DI@GJJKDFHN@?$AE?$CI?$AA?$KO?$AE?$CI?$AA?$LH?$AE?$CI?$AE?$AI?$AA?5?$AE?$CJ?$AE?$AD?$AE?$CJ?$AE?7?$AA?5?$AE?$CJ?5?$CG?$AE?$CJ?$AES?$AE?$CI?$AE?$AE?$AE?$CI?$AE?$AB?$AE?$CI?$AA?$KJ?$AA?5?$AAt?$AAi?$AAf?$AAf?$AA?$AA@ 000000018000d7c8     ilu_error.obj
 0002:00000800       ??_C@_1DG@LGPILDI@?$AE?$CI?$AA?$KO?$AE?$CI?$AA?$LH?$AE?$CI?$AE?$AI?$AA?5?$AE?$CJ?$AE?$AD?$AE?$CJ?$AE?7?$AA?5?$AE?$CJ?5?$CG?$AE?$CJ?$AES?$AE?$CI?$AE?$AE?$AE?$CI?$AE?$AB?$AE?$CI?$AA?$KJ?$AA?5?$AAm?$AAn?$AAg?$AA?$AA@ 000000018000d800     ilu_error.obj
 0002:00000838       ??_C@_1DG@MEKFBOFK@?$AE?$CI?$AA?$KO?$AE?$CI?$AA?$LH?$AE?$CI?$AE?$AI?$AA?5?$AE?$CJ?$AE?$AD?$AE?$CJ?$AE?7?$AA?5?$AE?$CJ?5?$CG?$AE?$CJ?$AES?$AE?$CI?$AE?$AE?$AE?$CI?$AE?$AB?$AE?$CI?$AA?$KJ?$AA?5?$AAj?$AAp?$AA2?$AA?$AA@ 000000018000d838     ilu_error.obj
 0002:00000870       ??_C@_1DG@GKMCNGKG@?$AE?$CI?$AA?$KO?$AE?$CI?$AA?$LH?$AE?$CI?$AE?$AI?$AA?5?$AE?$CJ?$AE?$AD?$AE?$CJ?$AE?7?$AA?5?$AE?$CJ?5?$CG?$AE?$CJ?$AES?$AE?$CI?$AE?$AE?$AE?$CI?$AE?$AB?$AE?$CI?$AA?$KJ?$AA?5?$AAe?$AAx?$AAr?$AA?$AA@ 000000018000d870     ilu_error.obj
 0002:000008a8       ??_C@_1CI@KMDHHIDH@?$AE?$CJ?5?$BO?$AE?$CI?$AA?$KH?$AE?$CJ?$AE?7?$AE?$CJ?5?$KM?$AE?$CI?$AA?$KM?$AE?$CI?$AE?$AH?$AA?5?$AE?$CI?$AA?$KO?$AE?$CI?$AA?$LH?$AE?$CI?$AE?$AI?$AA?$AA@ 000000018000d8a8     ilu_error.obj
 0002:000008d0       ??_C@_1DC@OOOJPKHF@?$AE?$CI?$AA?$KO?$AE?$CI?$AA?$LH?$AE?$CI?$AE?$AI?$AA?5?$AE?$CI?$AET?$AE?$CJ?$AE?7?$AE?$CI?$AA?$LB?$AA?5?$AE?$CJ?5?$CG?$AE?$CI?$CB?$BG?$AE?$CI?$AA?$LB?$AE?$CJ?5?$KM?$AE?$CJ?$AE?$AD?$AA?$AA@ 000000018000d8d0     ilu_error.obj
 0002:00000908       ??_C@_1CI@IMOJOMAB@?$AAO?$AAn?$AAg?$AAe?$AAl?$AAd?$AAi?$AAg?$AAe?$AA?5?$AAe?$AAn?$AAu?$AAm?$AAe?$AAr?$AAa?$AAn?$AAt?$AA?$AA@ 000000018000d908     ilu_error.obj
 0002:00000930       ??_C@_1DA@FKGAOINK@?$AAG?$AAe?$AAe?$AAn?$AA?5?$AAv?$AAr?$AAi?$AAj?$AA?5?$AAg?$AAe?$AAh?$AAe?$AAu?$AAg?$AAe?$AAn?$AA?5?$AAm?$AAe?$AAe?$AAr?$AA?$AA@ 000000018000d930     ilu_error.obj
 0002:00000960       ??_C@_1EE@MMILIJIF@?$AAF?$AAo?$AAr?$AAm?$AAa?$AAt?$AA?5?$AAw?$AAo?$AAr?$AAd?$AAt?$AA?5?$AAn?$AAo?$AAg?$AA?5?$AAn?$AAi?$AAe?$AAt?$AA?5?$AAo?$AAn?$AAd?$AAe?$AAr?$AAs?$AAt?$AAe?$AAu?$AAn@ 000000018000d960     ilu_error.obj
 0002:000009a8       ??_C@_1BK@IAHOFMGB@?$AAI?$AAn?$AAt?$AAe?$AAr?$AAn?$AAe?$AA?5?$AAf?$AAo?$AAu?$AAt?$AA?$AA@ 000000018000d9a8     ilu_error.obj
 0002:000009c8       ??_C@_1CC@BNHNEJBH@?$AAO?$AAn?$AAg?$AAe?$AAl?$AAd?$AAi?$AAg?$AAe?$AA?5?$AAw?$AAa?$AAa?$AAr?$AAd?$AAe?$AA?$AA@ 000000018000d9c8     ilu_error.obj
 0002:000009f0       ??_C@_1CA@OMNHALEG@?$AAF?$AAo?$AAu?$AAt?$AAe?$AA?5?$AAb?$AAe?$AAw?$AAe?$AAr?$AAk?$AAi?$AAn?$AAg?$AA?$AA@ 000000018000d9f0     ilu_error.obj
 0002:00000a10       ??_C@_1CK@DALIPNHP@?$AAF?$AAo?$AAu?$AAt?$AAe?$AA?5?$AAb?$AAe?$AAs?$AAt?$AAa?$AAn?$AAd?$AAs?$AAw?$AAa?$AAa?$AAr?$AAd?$AAe?$AA?$AA@ 000000018000da10     ilu_error.obj
 0002:00000a40       ??_C@_1CI@CKOFGPEF@?$AAF?$AAo?$AAu?$AAt?$AAe?$AA?5?$AAb?$AAe?$AAs?$AAt?$AAa?$AAn?$AAd?$AAs?$AAb?$AAe?$AAg?$AAi?$AAn?$AA?$AA@ 000000018000da40     ilu_error.obj
 0002:00000a68       ??_C@_1CI@NOFPCGDE@?$AAO?$AAn?$AAg?$AAe?$AAl?$AAd?$AAi?$AAg?$AAe?$AA?5?$AAp?$AAa?$AAr?$AAa?$AAm?$AAe?$AAt?$AAe?$AAr?$AA?$AA@ 000000018000da68     ilu_error.obj
 0002:00000a90       ??_C@_1DI@CHFHPILJ@?$AAK?$AAa?$AAn?$AA?5?$AAh?$AAe?$AAt?$AA?5?$AAb?$AAe?$AAs?$AAt?$AAa?$AAn?$AAd?$AA?5?$AAn?$AAi?$AAe?$AAt?$AA?5?$AAo?$AAp?$AAe?$AAn?$AAe?$AAn?$AA?$AA@ 000000018000da90     ilu_error.obj
 0002:00000ac8       ??_C@_1BE@LCGIKMOB@?$AAo?$AAn?$AAg?$AAe?$AAl?$AAd?$AAi?$AAg?$AAe?$AA?$AA@ 000000018000dac8     ilu_error.obj
 0002:00000ae0       ??_C@_1CM@OKHKECGG@?$AAB?$AAe?$AAs?$AAt?$AAa?$AAn?$AAd?$AA?5?$AAb?$AAe?$AAs?$AAt?$AAa?$AAa?$AAt?$AA?5?$AAr?$AAe?$AAe?$AAd?$AAs?$AA?$AA@ 000000018000dae0     ilu_error.obj
 0002:00000b10       ??_C@_1DI@LOPIGHEA@?$AAu?$AAi?$AAt?$AAg?$AAa?$AAa?$AAn?$AAd?$AA?5?$AAf?$AAo?$AAr?$AAm?$AAa?$AAa?$AAt?$AA?5?$AAe?$AAq?$AAu?$AAi?$AAv?$AAa?$AAl?$AAe?$AAn?$AAt?$AA?$AA@ 000000018000db10     ilu_error.obj
 0002:00000b48       ??_C@_1CI@CPFECHMH@?$AAs?$AAt?$AAa?$AAp?$AAe?$AAl?$AA?5?$AAo?$AAv?$AAe?$AAr?$AAs?$AAt?$AAr?$AAo?$AAm?$AAi?$AAn?$AAg?$AA?$AA@ 000000018000db48     ilu_error.obj
 0002:00000b70       ??_C@_1CK@PLLKABCL@?$AAs?$AAt?$AAa?$AAp?$AAe?$AAl?$AA?5?$AAo?$AAn?$AAd?$AAe?$AAr?$AAs?$AAt?$AAr?$AAo?$AAm?$AAi?$AAn?$AAg?$AA?$AA@ 000000018000db70     ilu_error.obj
 0002:00000ba0       ??_C@_1CI@LFJMNLPM@?$AAo?$AAn?$AAg?$AAe?$AAl?$AAd?$AAi?$AAg?$AAe?$AA?5?$AAo?$AAm?$AAz?$AAe?$AAt?$AAt?$AAi?$AAn?$AAg?$AA?$AA@ 000000018000dba0     ilu_error.obj
 0002:00000bc8       ??_C@_1CG@JNCKHOAF@?$AAs?$AAl?$AAe?$AAc?$AAh?$AAt?$AAe?$AA?5?$AAa?$AAf?$AAm?$AAe?$AAt?$AAi?$AAn?$AAg?$AAe?$AAn?$AA?$AA@ 000000018000dbc8     ilu_error.obj
 0002:00000bf0       ??_C@_1CI@BBHOKBNC@?$AAL?$AAe?$AAe?$AAs?$AAf?$AAo?$AAu?$AAt?$AA?5?$AAi?$AAn?$AA?5?$AAb?$AAe?$AAs?$AAt?$AAa?$AAn?$AAd?$AA?$AA@ 000000018000dbf0     ilu_error.obj
 0002:00000c18       ??_C@_1DA@BMDFEJHG@?$AAf?$AAo?$AAu?$AAt?$AA?5?$AAi?$AAn?$AA?5?$AAg?$AAi?$AAf?$AA?5?$AAb?$AAi?$AAb?$AAl?$AAi?$AAo?$AAt?$AAh?$AAe?$AAe?$AAk?$AA?$AA@ 000000018000dc18     ilu_error.obj
 0002:00000c48       ??_C@_1DC@GLKNCDLC@?$AAf?$AAo?$AAu?$AAt?$AA?5?$AAi?$AAn?$AA?5?$AAj?$AAp?$AAe?$AAg?$AA?5?$AAb?$AAi?$AAb?$AAl?$AAi?$AAo?$AAt?$AAh?$AAe?$AAe?$AAk?$AA?$AA@ 000000018000dc48     ilu_error.obj
 0002:00000c80       ??_C@_1DA@NGOGBCP@?$AAf?$AAo?$AAu?$AAt?$AA?5?$AAi?$AAn?$AA?5?$AAp?$AAn?$AAg?$AA?5?$AAb?$AAi?$AAb?$AAl?$AAi?$AAo?$AAt?$AAh?$AAe?$AAe?$AAk?$AA?$AA@ 000000018000dc80     ilu_error.obj
 0002:00000cb0       ??_C@_1DC@CAPGNEEG@?$AAf?$AAo?$AAu?$AAt?$AA?5?$AAi?$AAn?$AA?5?$AAt?$AAi?$AAf?$AAf?$AA?5?$AAb?$AAi?$AAb?$AAl?$AAi?$AAo?$AAt?$AAh?$AAe?$AAe?$AAk?$AA?$AA@ 000000018000dcb0     ilu_error.obj
 0002:00000ce8       ??_C@_1DA@HDHDCEBC@?$AAf?$AAo?$AAu?$AAt?$AA?5?$AAi?$AAn?$AA?5?$AAm?$AAn?$AAg?$AA?5?$AAb?$AAi?$AAb?$AAl?$AAi?$AAo?$AAt?$AAh?$AAe?$AAe?$AAk?$AA?$AA@ 000000018000dce8     ilu_error.obj
 0002:00000d18       ??_C@_1DA@HLHMMBEN@?$AAf?$AAo?$AAu?$AAt?$AA?5?$AAi?$AAn?$AA?5?$AAj?$AAp?$AA2?$AA?5?$AAb?$AAi?$AAb?$AAl?$AAi?$AAo?$AAt?$AAh?$AAe?$AAe?$AAk?$AA?$AA@ 000000018000dd18     ilu_error.obj
 0002:00000d48       ??_C@_1DA@HFPELOMN@?$AAf?$AAo?$AAu?$AAt?$AA?5?$AAi?$AAn?$AA?5?$AAe?$AAx?$AAr?$AA?5?$AAb?$AAi?$AAb?$AAl?$AAi?$AAo?$AAt?$AAh?$AAe?$AAe?$AAk?$AA?$AA@ 000000018000dd48     ilu_error.obj
 0002:00000d78       ??_C@_1BE@ELLEKHBC@?$AAg?$AAe?$AAe?$AAn?$AA?5?$AAf?$AAo?$AAu?$AAt?$AA?$AA@ 000000018000dd78     ilu_error.obj
 0002:00000d90       ??_C@_1BO@BJDEMPII@?$AAo?$AAn?$AAb?$AAe?$AAk?$AAe?$AAn?$AAd?$AAe?$AA?5?$AAf?$AAo?$AAu?$AAt?$AA?$AA@ 000000018000dd90     ilu_error.obj
 0002:00000db0       ??_C@_1CE@BCAFBLJ@?$AAi?$AAn?$AAv?$AAa?$AAl?$AAi?$AAd?$AA?5?$AAe?$AAn?$AAu?$AAm?$AAe?$AAr?$AAa?$AAn?$AAt?$AA?$AA@ 000000018000ddb0     ilu_error.obj
 0002:00000dd8       ??_C@_1BM@BMAPKJHF@?$AAo?$AAu?$AAt?$AA?5?$AAo?$AAf?$AA?5?$AAm?$AAe?$AAm?$AAo?$AAr?$AAy?$AA?$AA@ 000000018000ddd8     ilu_error.obj
 0002:00000df8       ??_C@_1DC@LCIPDJNP@?$AAf?$AAo?$AAr?$AAm?$AAa?$AAt?$AA?5?$AAn?$AAo?$AAt?$AA?5?$AAs?$AAu?$AAp?$AAp?$AAo?$AAr?$AAt?$AAe?$AAd?$AA?5?$AAy?$AAe?$AAt?$AA?$AA@ 000000018000ddf8     ilu_error.obj
 0002:00000e30       ??_C@_1BO@JGHPIJJK@?$AAi?$AAn?$AAt?$AAe?$AAr?$AAn?$AAa?$AAl?$AA?5?$AAe?$AAr?$AAr?$AAo?$AAr?$AA?$AA@ 000000018000de30     ilu_error.obj
 0002:00000e50       ??_C@_1BM@KNOHGDIE@?$AAi?$AAn?$AAv?$AAa?$AAl?$AAi?$AAd?$AA?5?$AAv?$AAa?$AAl?$AAu?$AAe?$AA?$AA@ 000000018000de50     ilu_error.obj
 0002:00000e70       ??_C@_1CE@GIOFLKOI@?$AAi?$AAl?$AAl?$AAe?$AAg?$AAa?$AAl?$AA?5?$AAo?$AAp?$AAe?$AAr?$AAa?$AAt?$AAi?$AAo?$AAn?$AA?$AA@ 000000018000de70     ilu_error.obj
 0002:00000e98       ??_C@_1CG@CAODKLOC@?$AAi?$AAl?$AAl?$AAe?$AAg?$AAa?$AAl?$AA?5?$AAf?$AAi?$AAl?$AAe?$AA?5?$AAv?$AAa?$AAl?$AAu?$AAe?$AA?$AA@ 000000018000de98     ilu_error.obj
 0002:00000ec0       ??_C@_1CI@CKHAEECK@?$AAi?$AAn?$AAv?$AAa?$AAl?$AAi?$AAd?$AA?5?$AAf?$AAi?$AAl?$AAe?$AA?5?$AAh?$AAe?$AAa?$AAd?$AAe?$AAr?$AA?$AA@ 000000018000dec0     ilu_error.obj
 0002:00000ee8       ??_C@_1CE@FDJGJLIM@?$AAi?$AAn?$AAv?$AAa?$AAl?$AAi?$AAd?$AA?5?$AAp?$AAa?$AAr?$AAa?$AAm?$AAe?$AAt?$AAe?$AAr?$AA?$AA@ 000000018000dee8     ilu_error.obj
 0002:00000f10       ??_C@_1CI@PNPENFJK@?$AAc?$AAo?$AAu?$AAl?$AAd?$AA?5?$AAn?$AAo?$AAt?$AA?5?$AAo?$AAp?$AAe?$AAn?$AA?5?$AAf?$AAi?$AAl?$AAe?$AA?$AA@ 000000018000df10     ilu_error.obj
 0002:00000f38       ??_C@_1CE@FIDIOFI@?$AAi?$AAn?$AAv?$AAa?$AAl?$AAi?$AAd?$AA?5?$AAe?$AAx?$AAt?$AAe?$AAn?$AAs?$AAi?$AAo?$AAn?$AA?$AA@ 000000018000df38     ilu_error.obj
 0002:00000f60       ??_C@_1CI@JJPAMJDE@?$AAf?$AAi?$AAl?$AAe?$AA?5?$AAa?$AAl?$AAr?$AAe?$AAa?$AAd?$AAy?$AA?5?$AAe?$AAx?$AAi?$AAs?$AAt?$AAs?$AA?$AA@ 000000018000df60     ilu_error.obj
 0002:00000f88       ??_C@_1BO@IJEMINHH@?$AAs?$AAt?$AAa?$AAc?$AAk?$AA?5?$AAo?$AAv?$AAe?$AAr?$AAf?$AAl?$AAo?$AAw?$AA?$AA@ 000000018000df88     ilu_error.obj
 0002:00000fa8       ??_C@_1CA@FPJPDOKI@?$AAs?$AAt?$AAa?$AAc?$AAk?$AA?5?$AAu?$AAn?$AAd?$AAe?$AAr?$AAf?$AAl?$AAo?$AAw?$AA?$AA@ 000000018000dfa8     ilu_error.obj
 0002:00000fc8       ??_C@_1CG@MKADAEIE@?$AAi?$AAn?$AAv?$AAa?$AAl?$AAi?$AAd?$AA?5?$AAc?$AAo?$AAn?$AAv?$AAe?$AAr?$AAs?$AAi?$AAo?$AAn?$AA?$AA@ 000000018000dfc8     ilu_error.obj
 0002:00000ff0       ??_C@_1BO@FOHEDCED@?$AAb?$AAa?$AAd?$AA?5?$AAd?$AAi?$AAm?$AAe?$AAn?$AAs?$AAi?$AAo?$AAn?$AAs?$AA?$AA@ 000000018000dff0     ilu_error.obj
 0002:00001010       ??_C@_1CA@EIFDJBOE@?$AAf?$AAi?$AAl?$AAe?$AA?5?$AAr?$AAe?$AAa?$AAd?$AA?5?$AAe?$AAr?$AAr?$AAo?$AAr?$AA?$AA@ 000000018000e010     ilu_error.obj
 0002:00001030       ??_C@_1CE@LCDGAJIP@?$AAg?$AAi?$AAf?$AA?5?$AAl?$AAi?$AAb?$AAr?$AAa?$AAr?$AAy?$AA?5?$AAe?$AAr?$AAr?$AAo?$AAr?$AA?$AA@ 000000018000e030     ilu_error.obj
 0002:00001058       ??_C@_1CG@BNHFIPKA@?$AAj?$AAp?$AAe?$AAg?$AA?5?$AAl?$AAi?$AAb?$AAr?$AAa?$AAr?$AAy?$AA?5?$AAe?$AAr?$AAr?$AAo?$AAr?$AA?$AA@ 000000018000e058     ilu_error.obj
 0002:00001080       ??_C@_1CE@BJCPKJC@?$AAp?$AAn?$AAg?$AA?5?$AAl?$AAi?$AAb?$AAr?$AAa?$AAr?$AAy?$AA?5?$AAe?$AAr?$AAr?$AAo?$AAr?$AA?$AA@ 000000018000e080     ilu_error.obj
 0002:000010a8       ??_C@_1CG@BMLLHHIC@?$AAt?$AAi?$AAf?$AAf?$AA?5?$AAl?$AAi?$AAb?$AAr?$AAa?$AAr?$AAy?$AA?5?$AAe?$AAr?$AAr?$AAo?$AAr?$AA?$AA@ 000000018000e0a8     ilu_error.obj
 0002:000010d0       ??_C@_1CE@DNFDKFOC@?$AAm?$AAn?$AAg?$AA?5?$AAl?$AAi?$AAb?$AAr?$AAa?$AAr?$AAy?$AA?5?$AAe?$AAr?$AAr?$AAo?$AAr?$AA?$AA@ 000000018000e0d0     ilu_error.obj
 0002:000010f8       ??_C@_1CE@IIFHDMKA@?$AAj?$AAp?$AA2?$AA?5?$AAl?$AAi?$AAb?$AAr?$AAa?$AAr?$AAy?$AA?5?$AAe?$AAr?$AAr?$AAo?$AAr?$AA?$AA@ 000000018000e0f8     ilu_error.obj
 0002:00001120       ??_C@_1CE@COEBJKLC@?$AAe?$AAx?$AAr?$AA?5?$AAl?$AAi?$AAb?$AAr?$AAa?$AAr?$AAy?$AA?5?$AAe?$AAr?$AAr?$AAo?$AAr?$AA?$AA@ 000000018000e120     ilu_error.obj
 0002:00001148       ??_C@_1BC@IIGBHFMG@?$AAn?$AAo?$AA?5?$AAe?$AAr?$AAr?$AAo?$AAr?$AA?$AA@ 000000018000e148     ilu_error.obj
 0002:00001160       ??_C@_1BM@PJCGNPCB@?$AAu?$AAn?$AAk?$AAn?$AAo?$AAw?$AAn?$AA?5?$AAe?$AAr?$AAr?$AAo?$AAr?$AA?$AA@ 000000018000e160     ilu_error.obj
 0002:00001180       ??_C@_1CG@MEJLPNM@?$AE7?5?$BO?$AE?$AO?$AE5?$AE?7?$CB?$BG?$AE3?$AE?$AD?$AE?$AE?$AE5?5?$KM?5?$BE?$AE6?$AE?6?$CB?$CC?$AE5?$AE?$AC?$AA?$KE?$AA?$AA@ 000000018000e180     ilu_error.obj
 0002:000011a8       ??_C@_1CA@PMNNDHML@?$AE3?$AES?$AE?$AO?$AE3?$AES?$AE?$FO?$AE3?$AES?$AE?$AE?$AE4?$AEQ?$AE?$AM?$AE8?$AA?$LG?$AEV?$AA?$AA@ 000000018000e1a8     ilu_error.obj
 0002:000011d0       ??_C@_1GO@BNJPFLMF@?$AE3?$AE?$AD?$AEU?$AE3?$AE?$AD?$AA?$KA?$AE3?5?$BK?$AA?$LF?$AE3?$AES?$AE?2?$AE3?$AES?$AEX?$AE3?$AES?5?$KM?$AE3?$AE?$AD?5?$CC?$AE3?5?$BK?$AE?6?$AE3?$AE?$AD?$AA?$KG?$AE3?$AE?$AD?5?$BO?$AE3?$AE?$AD@ 000000018000e1d0     ilu_error.obj
 0002:00001240       ??_C@_1CA@BABLOLHH@?$AE5?5?5?5?$CG?$AE9?$AES?$AE?$AB?$AE3?5?$BK?$AE?$AB?$AE3?$AES?$AA?$KJ?$AE3?$AES?$AEX?$AA?$AA@ 000000018000e240     ilu_error.obj
 0002:00001260       ??_C@_1BK@GACJPODK@?$AE7?5?$BO?$AE?$AO?$AE5?$AE?7?$CB?$BG?$AE3?$AE?$AD?$AE?$AE?$AE5?$AE?$AC?$AA?$KE?$AA?$AA@ 000000018000e260     ilu_error.obj
 0002:00001280       ??_C@_1DO@MEDCIBPG@?$AE4?$AEQ?$AE?$AM?$AE6?$AA?$KN?$AE?$AI?$AE3?$AE?$AD?$AE?$AE?$AE3?5?$BK?$AE?$AE?$AE3?$AES?$AEY?$AE3?$AES?$AA?$KM?$AE3?$AES?$AEX?$AE3?5?$BK?$AA?$LH?$AE3?$AES?$AA?$KH?$AE3?$AES?$AEV?$AA?$AA@ 000000018000e280     ilu_error.obj
 0002:000012c0       ??_C@_1DI@FKBMMEC@?$AE4?$AEQ?$AE?$AM?$AE6?$AA?$KN?$AE?$AI?$AE3?$AE?$AD?$AE?$AE?$AE3?$AES?5?$CC?$AE3?5?$BK?$AE?$AO?$AE3?5?$BK?$AA?$KE?$AE3?$AES?$AA?$KL?$AE3?$AE?$AD?$AA?$KO?$AE5?$AE?$AC?$AA?$KE?$AA?$AA@ 000000018000e2c0     ilu_error.obj
 0002:000012f8       ??_C@_1DO@KJPONCML@?$AE7?5?$BO?$AE?$AO?$AE5?$AE?7?$CB?$BG?$AE3?$AE?$AD?$AE?$AE?$AE3?$AES?5?$CC?$AE3?5?$BK?$AE?$AO?$AE3?5?$BK?$AA?$KE?$AE3?$AES?$AA?$KL?$AE3?$AES?$AA?$JI?$AE3?$AES?$AES?$AE3?$AES?$AE?$AC?$AA?$AA@ 000000018000e2f8     ilu_error.obj
 0002:00001338       ??_C@_1CM@MIECFNGO@?$AE7?5?$BO?$AE?$AO?$AE5?$AE?7?$CB?$BG?$AE3?$AE?$AD?$AE?$AE?$AE3?$AES?5?$BI?$AE3?$AES?$AA?$KJ?$AE3?$AES?$AE?$AO?$AE3?5?$BK?$AEW?$AA?$AA@ 000000018000e338     ilu_error.obj
 0002:00001368       ??_C@_1DO@PLKCDKID@?$AE3?$AES?5?$CC?$AE3?5?$BK?$AE?$AO?$AE3?5?$BK?$AA?$KE?$AE3?$AES?$AA?$KL?$AE3?$AE?$AD?$AE?6?$AE9?5?$BD?59?$AE3?$AE?$AD?5?$BI?$AE3?$AE?$AD?$AEU?$AE3?$AE?$AD?5?3?$AE3?5?$BK?5?$BM?$AA?$AA@ 000000018000e368     ilu_error.obj
 0002:000013a8       ??_C@_1CG@HEONPGED@?$AE7?5?$BO?$AE?$AO?$AE5?$AE?7?$CB?$BG?$AE3?$AE?$AD?$AE?$AE?$AE6?59?$AE?$AO?$AE5?$AEX?$AA?$LF?$AE5?$AA?$KN?$AER?$AA?$AA@ 000000018000e3a8     ilu_error.obj
 0002:000013d0       ??_C@_1FG@JAAPNJAD@?$AE3?$AES?5?$CC?$AE3?5?$BK?$AE?$AO?$AE3?5?$BK?$AA?$KE?$AE3?$AES?$AA?$KL?$AE3?$AE?$AD?$AE?$AH?$AE6?5?$BE?$AE?$FO?$AE3?$AE?$AD?$AA?$KL?$AE5?$AA?$KN?$AA?$JI?$AE5?$AEZ?$AE?$AB?$AE3?$AE?$AD?5?$BE?$AE3?$AE?$AD@ 000000018000e3d0     ilu_error.obj
 0002:00001428       ??_C@_1DI@FDGMMJCG@?$AE7?$AA?$KN?50?$AE4?$AEU?$AE?$AO?$AE3?$AES?5?$CC?$AE3?5?$BK?$AA?$KJ?$AE3?$AES?$AEX?$AE3?$AES?$AE?$FL?$AE3?$AES?$AES?$AE3?$AES?5?$KM?$AE5?$AA?$KE?5?$BD?$AA?$AA@ 000000018000e428     ilu_error.obj
 0002:00001460       ??_C@_1EE@BMEILLFA@?$AE3?5?$BK?$CB?$BG?$AE3?5?$BK?$AEW?$AE3?$AES?$AES?$AE3?5?$BK?$AE?$AH?$AE3?5?$BK?$AE?$AE?$AE3?$AES?$AEX?$AE3?$AES?$AER?$AE3?$AES?$AEX?$AE3?$AES?5?$CC?$AE3?$AES?$AA?$KN?$AE3?$AES@ 000000018000e460     ilu_error.obj
 0002:000014b0       ??_C@_1EE@CABEOHDB@?$AE3?5?$BK?$CB?$BG?$AE3?5?$BK?$AEW?$AE3?$AES?$AES?$AE3?5?$BK?$AE?$AH?$AE3?5?$BK?$AE?$FO?$AE3?$AES?$AEV?$AE3?$AES?$AE?$AC?$AE3?$AES?$AEX?$AE3?$AES?5?$CC?$AE3?$AES?$AA?$KN?$AE3?$AES@ 000000018000e4b0     ilu_error.obj
 0002:000014f8       ??_C@_1CA@LOELBNPA@?$AE7?5?$BO?$AE?$AO?$AE5?$AE?7?$CB?$BG?$AE3?$AE?$AD?$AE?$AE?$AE5?$AA?$KE?50?$AE6?$AE?$AP?5?3?$AA?$AA@ 000000018000e4f8     ilu_error.obj
 0002:00001518       ??_C@_1CG@HJOIIGIF@?$AE4?$AEQ?$AE?$AM?$AE6?$AA?$KN?$AE?$AI?$AE3?$AE?$AD?$AE?$AE?$AE3?5?$BK?$AA?$LF?$AE3?5?$BK?$AA?$KE?$AE3?5?$BK?$AET?$AA?$AA@ 000000018000e518     ilu_error.obj
 0002:00001540       ??_C@_1EE@KPKGHDEE@?$AE3?$AES?5?$CC?$AE3?5?$BK?$AE?$AO?$AE3?5?$BK?$AA?$KE?$AE3?$AES?$AA?$KL?$AE8?$AE?$AE?$AA?$KN?$AE3?$AE?$AD?$AEW?$AE8?$AEU?$AEX?$AE3?$AE?$AD?$AEW?$AE3?5?$BK?$AE?$AB?$AE3?$AES?$AA?$KJ?$AE3?$AES@ 000000018000e540     ilu_error.obj
 0002:00001588       ??_C@_1DI@CCMKKOLM@?$AAg?$AAi?$AAf?$AE3?$AES?$AA?$KJ?$AE3?5?$BK?$AA?$KE?$AE3?$AES?5?$BD?$AE3?$AES?$AA?$KJ?$AE3?$AES?$AE?$AE?$AE3?5?$BK?$AE?$AB?$AE3?$AES?$AA?$KJ?$AE3?$AES?$AEX?$AA?$AA@ 000000018000e588     ilu_error.obj
 0002:000015c0       ??_C@_1DK@EBMCDKBA@?$AAj?$AAp?$AAe?$AAg?$AE3?$AES?$AA?$KJ?$AE3?5?$BK?$AA?$KE?$AE3?$AES?5?$BD?$AE3?$AES?$AA?$KJ?$AE3?$AES?$AE?$AE?$AE3?5?$BK?$AE?$AB?$AE3?$AES?$AA?$KJ?$AE3?$AES?$AEX?$AA?$AA@ 000000018000e5c0     ilu_error.obj
 0002:00001600       ??_C@_1DI@BNLFEOKH@?$AAp?$AAn?$AAg?$AE3?$AES?$AA?$KJ?$AE3?5?$BK?$AA?$KE?$AE3?$AES?5?$BD?$AE3?$AES?$AA?$KJ?$AE3?$AES?$AE?$AE?$AE3?5?$BK?$AE?$AB?$AE3?$AES?$AA?$KJ?$AE3?$AES?$AEX?$AA?$AA@ 000000018000e600     ilu_error.obj
 0002:00001638       ??_C@_1DK@PAODDHFP@?$AAt?$AAi?$AAf?$AAf?$AE3?$AES?$AA?$KJ?$AE3?5?$BK?$AA?$KE?$AE3?$AES?5?$BD?$AE3?$AES?$AA?$KJ?$AE3?$AES?$AE?$AE?$AE3?5?$BK?$AE?$AB?$AE3?$AES?$AA?$KJ?$AE3?$AES?$AEX?$AA?$AA@ 000000018000e638     ilu_error.obj
 0002:00001678       ??_C@_1DI@JIPMLHKF@?$AAm?$AAn?$AAg?$AE3?$AES?$AA?$KJ?$AE3?5?$BK?$AA?$KE?$AE3?$AES?5?$BD?$AE3?$AES?$AA?$KJ?$AE3?$AES?$AE?$AE?$AE3?5?$BK?$AE?$AB?$AE3?$AES?$AA?$KJ?$AE3?$AES?$AEX?$AA?$AA@ 000000018000e678     ilu_error.obj
 0002:000016b0       ??_C@_1DI@EMKCEEFN@?$AAj?$AAp?$AA2?$AE3?$AES?$AA?$KJ?$AE3?5?$BK?$AA?$KE?$AE3?$AES?5?$BD?$AE3?$AES?$AA?$KJ?$AE3?$AES?$AE?$AE?$AE3?5?$BK?$AE?$AB?$AE3?$AES?$AA?$KJ?$AE3?$AES?$AEX?$AA?$AA@ 000000018000e6b0     ilu_error.obj
 0002:000016e8       ??_C@_1DI@FECHJCCE@?$AAe?$AAx?$AAr?$AE3?$AES?$AA?$KJ?$AE3?5?$BK?$AA?$KE?$AE3?$AES?5?$BD?$AE3?$AES?$AA?$KJ?$AE3?$AES?$AE?$AE?$AE3?5?$BK?$AE?$AB?$AE3?$AES?$AA?$KJ?$AE3?$AES?$AEX?$AA?$AA@ 000000018000e6e8     ilu_error.obj
 0002:00001720       ??_C@_1CA@DECAKFJP@?$AE3?5?$BK?$AE?$AB?$AE3?$AES?$AA?$KJ?$AE3?$AES?$AEX?$AE7?5?$BO?$AE?$AO?$AE3?$AE?$AD?5?$BE?$AA?$AA@ 000000018000e720     ilu_error.obj
 0002:00001740       ??_C@_1CG@OMPILMCD@?$AE4?$AEQ?$AE?$AM?$AE6?$AA?$JI?$AE?$AL?$AE3?$AE?$AD?$AE?$AE?$AE3?5?$BK?$AE?$AB?$AE3?$AES?$AA?$KJ?$AE3?$AES?$AEX?$AA?$AA@ 000000018000e740     ilu_error.obj
 0002:00001768       ??_C@_1CM@HFICKFIC@?$AAe?$AAn?$AAu?$AAm?$AAe?$AAr?$AAa?$AAd?$AAo?$AAr?$AA?5?$AAi?$AAn?$AAc?$AAo?$AAr?$AAr?$AAe?$AAc?$AAt?$AAo?$AA?$AA@ 000000018000e768     ilu_error.obj
 0002:00001798       ??_C@_1DI@LBBCEEKH@?$AAn?$AAo?$AA?5?$AAq?$AAu?$AAe?$AAd?$AAa?$AA?5?$AAm?$AAe?$AAm?$AAo?$AAr?$AAi?$AAa?$AA?5?$AAd?$AAi?$AAs?$AAp?$AAo?$AAn?$AAi?$AAb?$AAl?$AAe?$AA?$AA@ 000000018000e798     ilu_error.obj
 0002:000017d0       ??_C@_1DK@OFKGLDCH@?$AAf?$AAo?$AAr?$AAm?$AAa?$AAt?$AAo?$AA?5?$AAn?$AAo?$AA?5?$AAs?$AAo?$AAp?$AAo?$AAr?$AAt?$AAa?$AAd?$AAo?$AA?5?$AAt?$AAo?$AAd?$AAa?$AAv?$AE?$DN?$AAa?$AA?$AA@ 000000018000e7d0     ilu_error.obj
 0002:00001810       ??_C@_1BM@GDFBBKPK@?$AAe?$AAr?$AAr?$AAo?$AAr?$AA?5?$AAi?$AAn?$AAt?$AAe?$AAr?$AAn?$AAo?$AA?$AA@ 000000018000e810     ilu_error.obj
 0002:00001830       ??_C@_1CC@HCELJPEA@?$AAv?$AAa?$AAl?$AAo?$AAr?$AA?5?$AAi?$AAn?$AAc?$AAo?$AAr?$AAr?$AAe?$AAc?$AAt?$AAo?$AA?$AA@ 000000018000e830     ilu_error.obj
 0002:00001858       ??_C@_1DA@DDJKENBN@?$AAo?$AAp?$AAe?$AAr?$AAa?$AAc?$AAi?$AEC?$AAn?$AA?5?$AAi?$AAl?$AAe?$AAg?$AAa?$AAI?$AAL?$AA_?$AAT?$AAE?$AAX?$AAT?$AA?$CI?$AA?$AA@ 000000018000e858     ilu_error.obj
 0002:00001888       ??_C@_1DO@DKFFDHIG@?$AAv?$AAa?$AAl?$AAo?$AAr?$AA?5?$AAd?$AAe?$AA?5?$AAf?$AAi?$AAc?$AAh?$AAe?$AAr?$AAo?$AA?5?$AAi?$AAl?$AAe?$AAg?$AAa?$AAI?$AAL?$AA_?$AAT?$AAE?$AAX?$AAT?$AA?$CI?$AA?$AA@ 000000018000e888     ilu_error.obj
 0002:000018c8       ??_C@_1CI@CHEAKFPN@?$AAc?$AAa?$AAb?$AAe?$AAc?$AAe?$AAr?$AAa?$AA?5?$AAi?$AAn?$AAc?$AAo?$AAr?$AAr?$AAe?$AAc?$AAt?$AAa?$AA?$AA@ 000000018000e8c8     ilu_error.obj
 0002:000018f0       ??_C@_1CK@GALGHAHA@?$AAp?$AAa?$AAr?$AE1?$AAm?$AAe?$AAt?$AAr?$AAo?$AA?5?$AAi?$AAn?$AAc?$AAo?$AAr?$AAr?$AAe?$AAc?$AAt?$AAo?$AA?$AA@ 000000018000e8f0     ilu_error.obj
 0002:00001920       ??_C@_1DK@OBJNJFBI@?$AAn?$AAo?$AA?5?$AAs?$AAe?$AA?5?$AAp?$AAu?$AAe?$AAd?$AAe?$AA?5?$AAa?$AAb?$AAr?$AAi?$AAr?$AA?5?$AAe?$AAl?$AA?5?$AAf?$AAi?$AAc?$AAh?$AAe?$AAr?$AAo?$AA?$AA@ 000000018000e920     ilu_error.obj
 0002:00001960       ??_C@_1CM@PJFLAALL@?$AAe?$AAx?$AAt?$AAe?$AAn?$AAs?$AAi?$AEC?$AAn?$AA?5?$AAd?$AAe?$AAs?$AAc?$AAo?$AAn?$AAo?$AAc?$AAi?$AAd?$AAa?$AA?$AA@ 000000018000e960     ilu_error.obj
 0002:00001990       ??_C@_1CK@FMNLDLFO@?$AAe?$AAl?$AA?5?$AAf?$AAi?$AAc?$AAh?$AAe?$AAr?$AAo?$AA?5?$AAy?$AAa?$AA?5?$AAe?$AAx?$AAi?$AAs?$AAt?$AAe?$AA?$AA@ 000000018000e990     ilu_error.obj
 0002:000019c0       ??_C@_1DM@OFODONCM@?$AAf?$AAo?$AAr?$AAm?$AAa?$AAt?$AAo?$AA?5?$AAd?$AAe?$AA?5?$AAs?$AAa?$AAl?$AAi?$AAd?$AAa?$AA?5?$AAe?$AAq?$AAu?$AAi?$AAv?$AAa?$AAl?$AAe?$AAn?$AAt?$AAe?$AA?$AA@ 000000018000e9c0     ilu_error.obj
 0002:00001a00       ??_C@_1EA@IMCEODEG@?$AAd?$AAe?$AAs?$AAb?$AAo?$AAr?$AAd?$AAa?$AAm?$AAi?$AAe?$AAn?$AAt?$AAo?$AA?5?$AAs?$AAu?$AAp?$AAe?$AAr?$AAi?$AAo?$AAr?$AA?5?$AAd?$AAe?$AA?5?$AAp?$AAi?$AAl?$AAa?$AA?$AA@ 000000018000ea00     ilu_error.obj
 0002:00001a40       ??_C@_1EA@NBAJPDEI@?$AAd?$AAe?$AAs?$AAb?$AAo?$AAr?$AAd?$AAa?$AAm?$AAi?$AAe?$AAn?$AAt?$AAo?$AA?5?$AAi?$AAn?$AAf?$AAe?$AAr?$AAi?$AAo?$AAr?$AA?5?$AAd?$AAe?$AA?5?$AAp?$AAi?$AAl?$AAa?$AA?$AA@ 000000018000ea40     ilu_error.obj
 0002:00001a80       ??_C@_1CM@HKOHNKLA@?$AAc?$AAo?$AAn?$AAv?$AAe?$AAr?$AAs?$AAi?$AEC?$AAn?$AA?5?$AAi?$AAn?$AAc?$AAo?$AAr?$AAr?$AAe?$AAc?$AAt?$AAa?$AA?$AA@ 000000018000ea80     ilu_error.obj
 0002:00001ab0       ??_C@_1EC@JNPLLGPA@?$AAn?$AEJ?$AAm?$AAe?$AAr?$AAo?$AA?5?$AAd?$AAe?$AA?5?$AAd?$AAi?$AAm?$AAe?$AAn?$AAs?$AAi?$AAo?$AAn?$AAe?$AAs?$AA?5?$AAi?$AAn?$AAc?$AAo?$AAr?$AAr?$AAe?$AAc?$AAt?$AAo@ 000000018000eab0     ilu_error.obj
 0002:00001af8       ??_C@_1DO@OPNGPCHO@?$AAe?$AAr?$AAr?$AAo?$AAr?$AA?5?$AAd?$AAe?$AA?5?$AAl?$AAe?$AAc?$AAt?$AAu?$AAr?$AAa?$AA?5?$AAe?$AAn?$AA?5?$AAe?$AAl?$AA?5?$AAf?$AAi?$AAc?$AAh?$AAe?$AAr?$AAo?$AA?$AA@ 000000018000eaf8     ilu_error.obj
 0002:00001b38       ??_C@_1DC@MPHICOFH@?$AAe?$AAr?$AAr?$AAo?$AAr?$AA?5?$AAe?$AAn?$AA?5?$AAl?$AAa?$AA?5?$AAl?$AAi?$AAb?$AAr?$AAe?$AAr?$AE?$DN?$AAa?$AA?5?$AAg?$AAi?$AAf?$AA?$AA@ 000000018000eb38     ilu_error.obj
 0002:00001b70       ??_C@_1DE@JPEDBFIA@?$AAe?$AAr?$AAr?$AAo?$AAr?$AA?5?$AAe?$AAn?$AA?5?$AAl?$AAa?$AA?5?$AAl?$AAi?$AAb?$AAr?$AAe?$AAr?$AE?$DN?$AAa?$AA?5?$AAj?$AAp?$AAe?$AAg?$AA?$AA@ 000000018000eb70     ilu_error.obj
 0002:00001ba8       ??_C@_1DC@BMLPEBLI@?$AAe?$AAr?$AAr?$AAo?$AAr?$AA?5?$AAe?$AAn?$AA?5?$AAl?$AAa?$AA?5?$AAl?$AAi?$AAb?$AAr?$AAe?$AAr?$AE?$DN?$AAa?$AA?5?$AAp?$AAn?$AAg?$AA?$AA@ 000000018000eba8     ilu_error.obj
 0002:00001be0       ??_C@_1DE@PLPIJLBA@?$AAe?$AAr?$AAr?$AAo?$AAr?$AA?5?$AAe?$AAn?$AA?5?$AAl?$AAa?$AA?5?$AAl?$AAi?$AAb?$AAr?$AAe?$AAr?$AE?$DN?$AAa?$AA?5?$AAt?$AAi?$AAf?$AAf?$AA?$AA@ 000000018000ebe0     ilu_error.obj
 0002:00001c18       ??_C@_1DC@PLABGFEC@?$AAe?$AAr?$AAr?$AAo?$AAr?$AA?5?$AAe?$AAn?$AA?5?$AAl?$AAa?$AA?5?$AAl?$AAi?$AAb?$AAr?$AAe?$AAr?$AE?$DN?$AAa?$AA?5?$AAm?$AAn?$AAg?$AA?$AA@ 000000018000ec18     ilu_error.obj
 0002:00001c50       ??_C@_1DC@DEMLPACA@?$AAe?$AAr?$AAr?$AAo?$AAr?$AA?5?$AAe?$AAn?$AA?5?$AAl?$AAa?$AA?5?$AAl?$AAi?$AAb?$AAr?$AAe?$AAr?$AE?$DN?$AAa?$AA?5?$AAj?$AAp?$AA2?$AA?$AA@ 000000018000ec50     ilu_error.obj
 0002:00001c88       ??_C@_1DC@JKKMDINM@?$AAe?$AAr?$AAr?$AAo?$AAr?$AA?5?$AAe?$AAn?$AA?5?$AAl?$AAa?$AA?5?$AAl?$AAi?$AAb?$AAr?$AAe?$AAr?$AE?$DN?$AAa?$AA?5?$AAe?$AAx?$AAr?$AA?$AA@ 000000018000ec88     ilu_error.obj
 0002:00001cc0       ??_C@_1CM@DHDEENED@?$AAU?$AAn?$AAg?$AEL?$AAl?$AAt?$AAi?$AAg?$AAe?$AAr?$AA?5?$AAE?$AAn?$AAu?$AAm?$AAe?$AAr?$AAa?$AAt?$AAo?$AAr?$AA?$AA@ 000000018000ecc0     ilu_error.obj
 0002:00001cf0       ??_C@_1DA@LCFBHHCF@?$AAK?$AAe?$AAi?$AAn?$AA?5?$AAS?$AAp?$AAe?$AAi?$AAc?$AAh?$AAe?$AAr?$AA?5?$AAv?$AAe?$AAr?$AAf?$AEL?$AAg?$AAb?$AAa?$AAr?$AA?$AA@ 000000018000ecf0     ilu_error.obj
 0002:00001d20       ??_C@_1EO@KFADENCA@?$AAD?$AAa?$AAs?$AA?5?$AAF?$AAo?$AAr?$AAm?$AAa?$AAt?$AA?5?$AAw?$AAi?$AAr?$AAd?$AA?5?$AAn?$AAo?$AAc?$AAh?$AA?5?$AAn?$AAi?$AAc?$AAh?$AAt?$AA?5?$AAu?$AAn?$AAt?$AAe?$AAr@ 000000018000ed20     ilu_error.obj
 0002:00001d70       ??_C@_1CA@PEHIKCPH@?$AAI?$AAn?$AAt?$AAe?$AAr?$AAn?$AAe?$AAr?$AA?5?$AAF?$AAe?$AAh?$AAl?$AAe?$AAr?$AA?$AA@ 000000018000ed70     ilu_error.obj
 0002:00001d90       ??_C@_1CA@GNCAHODC@?$AAU?$AAn?$AAg?$AEL?$AAl?$AAt?$AAi?$AAg?$AAe?$AAr?$AA?5?$AAW?$AAe?$AAr?$AAt?$AA?$AA@ 000000018000ed90     ilu_error.obj
 0002:00001db0       ??_C@_1CM@JKPFBELN@?$AAU?$AAn?$AAz?$AAu?$AAl?$AE4?$AAs?$AAs?$AAi?$AAg?$AAe?$AA?5?$AAO?$AAp?$AAe?$AAr?$AAa?$AAt?$AAi?$AAo?$AAn?$AA?$AA@ 000000018000edb0     ilu_error.obj
 0002:00001de0       ??_C@_1DA@ECEGFPIB@?$AAU?$AAn?$AAz?$AAu?$AAl?$AE4?$AAs?$AAs?$AAi?$AAg?$AAe?$AAr?$AA?5?$AAD?$AAa?$AAt?$AAe?$AAi?$AA?9?$AAW?$AAe?$AAr?$AAt?$AA?$AA@ 000000018000ede0     ilu_error.obj
 0002:00001e10       ??_C@_1DE@BFPPAFEI@?$AAU?$AAn?$AAz?$AAu?$AAl?$AE4?$AAs?$AAs?$AAi?$AAg?$AAe?$AAr?$AA?5?$AAD?$AAa?$AAt?$AAe?$AAi?$AA?9?$AAH?$AAe?$AAa?$AAd?$AAe?$AAr?$AA?$AA@ 000000018000ee10     ilu_error.obj
 0002:00001e48       ??_C@_1CO@EFIPHLPJ@?$AAU?$AAn?$AAz?$AAu?$AAl?$AE4?$AAs?$AAs?$AAi?$AAg?$AAe?$AAr?$AA?5?$AAP?$AAa?$AAr?$AAa?$AAm?$AAe?$AAt?$AAe?$AAr?$AA?$AA@ 000000018000ee48     ilu_error.obj
 0002:00001e80       ??_C@_1EG@PNHIMFMN@?$AAD?$AAa?$AAt?$AAe?$AAi?$AA?5?$AAk?$AAo?$AAn?$AAn?$AAt?$AAe?$AA?5?$AAn?$AAi?$AAc?$AAh?$AAt?$AA?5?$AAg?$AAe?$AEF?$AAf?$AAf?$AAn?$AAe?$AAt?$AA?5?$AAw?$AAe?$AAr?$AAd@ 000000018000ee80     ilu_error.obj
 0002:00001ec8       ??_C@_1CO@CMNFMCOB@?$AAU?$AAn?$AAg?$AEL?$AAl?$AAt?$AAi?$AAg?$AAe?$AAr?$AA?5?$AAE?$AAr?$AAw?$AAe?$AAi?$AAt?$AAe?$AAr?$AAu?$AAn?$AAg?$AA?$AA@ 000000018000eec8     ilu_error.obj
 0002:00001ef8       ??_C@_1DI@NCGFKKOJ@?$AAD?$AAi?$AAe?$AA?5?$AAD?$AAa?$AAt?$AAe?$AAi?$AA?5?$AAe?$AAx?$AAi?$AAs?$AAt?$AAi?$AAe?$AAr?$AAt?$AA?5?$AAb?$AAe?$AAr?$AAe?$AAi?$AAt?$AAs?$AA?$AA@ 000000018000eef8     ilu_error.obj
 0002:00001f30       ??_C@_1BO@LPEOJJLI@?$AAS?$AAt?$AAa?$AAc?$AAk?$AA?5?$AE?0?$AAb?$AAe?$AAr?$AAl?$AAa?$AAu?$AAf?$AA?$AA@ 000000018000ef30     ilu_error.obj
 0002:00001f50       ??_C@_1CA@FPDJBJPA@?$AAS?$AAt?$AAa?$AAc?$AAk?$AA?5?$AAU?$AAn?$AAt?$AAe?$AAr?$AAl?$AAa?$AAu?$AAf?$AA?$AA@ 000000018000ef50     ilu_error.obj
 0002:00001f70       ??_C@_1DA@KJFODHLA@?$AAU?$AAn?$AAg?$AEL?$AAl?$AAt?$AAi?$AAg?$AAe?$AA?5?$AAK?$AAo?$AAn?$AAv?$AAe?$AAr?$AAt?$AAi?$AAe?$AAr?$AAu?$AAn?$AAg?$AA?$AA@ 000000018000ef70     ilu_error.obj
 0002:00001fa0       ??_C@_1DA@EEPCOACE@?$AAU?$AAn?$AAz?$AAu?$AAl?$AE4?$AAs?$AAs?$AAi?$AAg?$AAe?$AA?5?$AAA?$AAb?$AAm?$AAe?$AAs?$AAs?$AAu?$AAn?$AAg?$AAe?$AAn?$AA?$AA@ 000000018000efa0     ilu_error.obj
 0002:00001fd0       ??_C@_1DI@GMKKLKGH@?$AAF?$AAe?$AAh?$AAl?$AAe?$AAr?$AA?5?$AAb?$AAe?$AAi?$AAm?$AA?5?$AAL?$AAe?$AAs?$AAe?$AAn?$AA?5?$AAd?$AAe?$AAr?$AA?5?$AAD?$AAa?$AAt?$AAe?$AAi?$AA?$AA@ 000000018000efd0     ilu_error.obj
 0002:00002008       ??_C@_1DK@KNNAHDBM@?$AAF?$AAe?$AAh?$AAl?$AAe?$AAr?$AA?5?$AAi?$AAn?$AA?5?$AAd?$AAe?$AAr?$AA?5?$AAg?$AAi?$AAf?$AA?5?$AAB?$AAi?$AAb?$AAl?$AAi?$AAo?$AAt?$AAh?$AAe?$AAk?$AA?$AA@ 000000018000f008     ilu_error.obj
 0002:00002048       ??_C@_1DM@ILGDMDND@?$AAF?$AAe?$AAh?$AAl?$AAe?$AAr?$AA?5?$AAi?$AAn?$AA?5?$AAd?$AAe?$AAr?$AA?5?$AAj?$AAp?$AAe?$AAg?$AA?5?$AAB?$AAi?$AAb?$AAl?$AAi?$AAo?$AAt?$AAh?$AAe?$AAk?$AA?$AA@ 000000018000f048     ilu_error.obj
 0002:00002088       ??_C@_1DK@ILAKLDOC@?$AAF?$AAe?$AAh?$AAl?$AAe?$AAr?$AA?5?$AAi?$AAn?$AA?5?$AAd?$AAe?$AAr?$AA?5?$AAp?$AAn?$AAg?$AA?5?$AAB?$AAi?$AAb?$AAl?$AAi?$AAo?$AAt?$AAh?$AAe?$AAk?$AA?$AA@ 000000018000f088     ilu_error.obj
 0002:000020c8       ??_C@_1DM@KNFIOOOK@?$AAF?$AAe?$AAh?$AAl?$AAe?$AAr?$AA?5?$AAi?$AAn?$AA?5?$AAd?$AAe?$AAr?$AA?5?$AAt?$AAi?$AAf?$AAf?$AA?5?$AAB?$AAi?$AAb?$AAl?$AAi?$AAo?$AAt?$AAh?$AAe?$AAk?$AA?$AA@ 000000018000f0c8     ilu_error.obj
 0002:00002108       ??_C@_1DK@OHDPOMJ@?$AAF?$AAe?$AAh?$AAl?$AAe?$AAr?$AA?5?$AAi?$AAn?$AA?5?$AAd?$AAe?$AAr?$AA?5?$AAm?$AAn?$AAg?$AA?5?$AAB?$AAi?$AAb?$AAl?$AAi?$AAo?$AAt?$AAh?$AAe?$AAk?$AA?$AA@ 000000018000f108     ilu_error.obj
 0002:00002148       ??_C@_1DK@LBMGMJF@?$AAF?$AAe?$AAh?$AAl?$AAe?$AAr?$AA?5?$AAi?$AAn?$AA?5?$AAd?$AAe?$AAr?$AA?5?$AAj?$AAp?$AA2?$AA?5?$AAB?$AAi?$AAb?$AAl?$AAi?$AAo?$AAt?$AAh?$AAe?$AAk?$AA?$AA@ 000000018000f148     ilu_error.obj
 0002:00002188       ??_C@_1DK@EPDNFEGH@?$AAF?$AAe?$AAh?$AAl?$AAe?$AAr?$AA?5?$AAi?$AAn?$AA?5?$AAd?$AAe?$AAr?$AA?5?$AAe?$AAx?$AAr?$AA?5?$AAB?$AAi?$AAb?$AAl?$AAi?$AAo?$AAt?$AAh?$AAe?$AAk?$AA?$AA@ 000000018000f188     ilu_error.obj
 0002:000021c8       ??_C@_1BI@BCDJAAKE@?$AAK?$AAe?$AAi?$AAn?$AA?5?$AAF?$AAe?$AAh?$AAl?$AAe?$AAr?$AA?$AA@ 000000018000f1c8     ilu_error.obj
 0002:000021e0       ??_C@_1CG@IOJFFCEB@?$AAU?$AAn?$AAb?$AAe?$AAk?$AAa?$AAn?$AAn?$AAt?$AAe?$AAr?$AA?5?$AAF?$AAe?$AAh?$AAl?$AAe?$AAr?$AA?$AA@ 000000018000f1e0     ilu_error.obj
 0002:00002208       ??_C@_1CK@JNMOGIIN@?$AE9?$AAn?$AAu?$AAm?$AE9?$AAr?$AAa?$AAt?$AAi?$AAo?$AAn?$AA?5?$AAi?$AAn?$AAv?$AAa?$AAl?$AAi?$AAd?$AAe?$AA?$AA@ 000000018000f208     ilu_error.obj
 0002:00002238       ??_C@_1CO@INIMGIAN@?$AAd?$AE9?$AAp?$AAa?$AAs?$AAs?$AAe?$AAm?$AAe?$AAn?$AAt?$AA?5?$AAd?$AAe?$AA?5?$AAm?$AE9?$AAm?$AAo?$AAi?$AAr?$AAe?$AA?$AA@ 000000018000f238     ilu_error.obj
 0002:00002268       ??_C@_1CI@PFAPADIH@?$AAf?$AAo?$AAr?$AAm?$AAa?$AAt?$AA?5?$AAn?$AAo?$AAn?$AA?5?$AAs?$AAu?$AAp?$AAp?$AAo?$AAr?$AAt?$AE9?$AA?$AA@ 000000018000f268     ilu_error.obj
 0002:00002290       ??_C@_1BO@NHKDJNKP@?$AAe?$AAr?$AAr?$AAe?$AAu?$AAr?$AA?5?$AAi?$AAn?$AAt?$AAe?$AAr?$AAn?$AAe?$AA?$AA@ 000000018000f290     ilu_error.obj
 0002:000022b0       ??_C@_1CA@DMNFLNIJ@?$AAv?$AAa?$AAl?$AAe?$AAu?$AAr?$AA?5?$AAi?$AAl?$AAl?$AE9?$AAg?$AAa?$AAl?$AAe?$AA?$AA@ 000000018000f2b0     ilu_error.obj
 0002:000022d0       ??_C@_1CG@JCHICJMF@?$AAo?$AAp?$AE9?$AAr?$AAa?$AAt?$AAi?$AAo?$AAn?$AA?5?$AAi?$AAl?$AAl?$AE9?$AAg?$AAa?$AAl?$AAe?$AA?$AA@ 000000018000f2d0     ilu_error.obj
 0002:000022f8       ??_C@_1DG@MNLPHBLD@?$AAv?$AAa?$AAl?$AAe?$AAu?$AAr?$AA?5?$AAd?$AAe?$AA?5?$AAf?$AAi?$AAc?$AAh?$AAi?$AAe?$AAr?$AA?5?$AAi?$AAl?$AAl?$AE9?$AAg?$AAa?$AAl?$AAe?$AA?$AA@ 000000018000f2f8     ilu_error.obj
 0002:00002330       ??_C@_1DI@EDNAOKJM@?$AAe?$AAn?$AA?9?$AAt?$AE?3?$AAt?$AAe?$AA?5?$AAd?$AAe?$AA?5?$AAf?$AAi?$AAc?$AAh?$AAi?$AAe?$AAr?$AA?5?$AAi?$AAn?$AAv?$AAa?$AAl?$AAi?$AAd?$AAe?$AA?$AA@ 000000018000f330     ilu_error.obj
 0002:00002368       ??_C@_1CG@LOJBHNCD@?$AAp?$AAa?$AAr?$AAa?$AAm?$AE8?$AAt?$AAr?$AAe?$AA?5?$AAi?$AAn?$AAv?$AAa?$AAl?$AAi?$AAd?$AAe?$AA?$AA@ 000000018000f368     ilu_error.obj
 0002:00002390       ??_C@_1DM@PNFDLHBH@?$AAn?$AAe?$AA?5?$AAp?$AAe?$AAu?$AAt?$AA?5?$AAp?$AAa?$AAs?$AA?5?$AAo?$AAu?$AAv?$AAr?$AAi?$AAr?$AA?5?$AAl?$AAe?$AA?5?$AAf?$AAi?$AAc?$AAh?$AAi?$AAe?$AAr?$AA?$AA@ 000000018000f390     ilu_error.obj
 0002:000023d0       ??_C@_1CG@MDGPOGHK@?$AAe?$AAx?$AAt?$AAe?$AAn?$AAs?$AAi?$AAo?$AAn?$AA?5?$AAi?$AAn?$AAv?$AAa?$AAl?$AAi?$AAd?$AAe?$AA?$AA@ 000000018000f3d0     ilu_error.obj
 0002:000023f8       ??_C@_1CM@EDOHKHFP@?$AAf?$AAi?$AAc?$AAh?$AAi?$AAe?$AAr?$AA?5?$AAd?$AE9?$AAj?$AE0?$AA?5?$AAe?$AAx?$AAi?$AAs?$AAt?$AAa?$AAn?$AAt?$AA?$AA@ 000000018000f3f8     ilu_error.obj
 0002:00002428       ??_C@_1CO@KBEMAMEE@?$AE9?$AAq?$AAu?$AAi?$AAv?$AAa?$AAl?$AAe?$AAn?$AAt?$AA?5?$AAh?$AAo?$AAr?$AAs?$AA?9?$AAf?$AAo?$AAr?$AAm?$AAa?$AAt?$AA?$AA@ 000000018000f428     ilu_error.obj
 0002:00002458       ??_C@_1CI@GAJKGMML@?$AAc?$AAo?$AAn?$AAv?$AAe?$AAr?$AAs?$AAi?$AAo?$AAn?$AA?5?$AAi?$AAn?$AAv?$AAa?$AAl?$AAi?$AAd?$AAe?$AA?$AA@ 000000018000f458     ilu_error.obj
 0002:00002480       ??_C@_1CK@JPEODEBM@?$AAm?$AAa?$AAu?$AAv?$AAa?$AAi?$AAs?$AAe?$AAs?$AA?5?$AAd?$AAi?$AAm?$AAe?$AAn?$AAs?$AAi?$AAo?$AAn?$AAs?$AA?$AA@ 000000018000f480     ilu_error.obj
 0002:000024b0       ??_C@_1EK@KJFAALIO@?$AAe?$AAr?$AAr?$AAe?$AAu?$AAr?$AA?5?$AAl?$AAo?$AAr?$AAs?$AA?5?$AAd?$AAe?$AA?5?$AAl?$AAa?$AA?5?$AAl?$AAe?$AAc?$AAt?$AAu?$AAr?$AAe?$AA?5?$AAd?$AAu?$AA?5?$AAf?$AAi?$AAc@ 000000018000f4b0     ilu_error.obj
 0002:00002500       ??_C@_1DO@MHPEPJN@?$AAg?$AAi?$AAf?$AA?5?$AA?3?$AA?5?$AAe?$AAr?$AAr?$AAe?$AAu?$AAr?$AA?5?$AAd?$AAa?$AAn?$AAs?$AA?5?$AAl?$AAa?$AA?5?$AAl?$AAi?$AAb?$AAr?$AAa?$AAi?$AAr?$AAi?$AAe?$AA?$AA@ 000000018000f500     ilu_error.obj
 0002:00002540       ??_C@_1EA@MJACECEO@?$AAj?$AAp?$AAe?$AAg?$AA?5?$AA?3?$AA?5?$AAe?$AAr?$AAr?$AAe?$AAu?$AAr?$AA?5?$AAd?$AAa?$AAn?$AAs?$AA?5?$AAl?$AAa?$AA?5?$AAl?$AAi?$AAb?$AAr?$AAa?$AAi?$AAr?$AAi?$AAe?$AA?$AA@ 000000018000f540     ilu_error.obj
 0002:00002580       ??_C@_1DO@FBNBGIHN@?$AAp?$AAn?$AAg?$AA?5?$AA?3?$AA?5?$AAe?$AAr?$AAr?$AAe?$AAu?$AAr?$AA?5?$AAd?$AAa?$AAn?$AAs?$AA?5?$AAl?$AAa?$AA?5?$AAl?$AAi?$AAb?$AAr?$AAa?$AAi?$AAr?$AAi?$AAe?$AA?$AA@ 000000018000f580     ilu_error.obj
 0002:000025c0       ??_C@_1EA@BDIOGCDK@?$AAt?$AAi?$AAf?$AAf?$AA?5?$AA?3?$AA?5?$AAe?$AAr?$AAr?$AAe?$AAu?$AAr?$AA?5?$AAd?$AAa?$AAn?$AAs?$AA?5?$AAl?$AAa?$AA?5?$AAl?$AAi?$AAb?$AAr?$AAa?$AAi?$AAr?$AAi?$AAe?$AA?$AA@ 000000018000f5c0     ilu_error.obj
 0002:00002600       ??_C@_1DO@FINPDFIG@?$AAm?$AAn?$AAg?$AA?5?$AA?3?$AA?5?$AAe?$AAr?$AAr?$AAe?$AAu?$AAr?$AA?5?$AAd?$AAa?$AAn?$AAs?$AA?5?$AAl?$AAa?$AA?5?$AAl?$AAi?$AAb?$AAr?$AAa?$AAi?$AAr?$AAi?$AAe?$AA?$AA@ 000000018000f600     ilu_error.obj
 0002:00002640       ??_C@_1DO@PNIGBAC@?$AAj?$AAp?$AA2?$AA?5?$AA?3?$AA?5?$AAe?$AAr?$AAr?$AAe?$AAu?$AAr?$AA?5?$AAd?$AAa?$AAn?$AAs?$AA?5?$AAl?$AAa?$AA?5?$AAl?$AAi?$AAb?$AAr?$AAa?$AAi?$AAr?$AAi?$AAe?$AA?$AA@ 000000018000f640     ilu_error.obj
 0002:00002680       ??_C@_1DO@ONPCADDD@?$AAe?$AAx?$AAr?$AA?5?$AA?3?$AA?5?$AAe?$AAr?$AAr?$AAe?$AAu?$AAr?$AA?5?$AAd?$AAa?$AAn?$AAs?$AA?5?$AAl?$AAa?$AA?5?$AAl?$AAi?$AAb?$AAr?$AAa?$AAi?$AAr?$AAi?$AAe?$AA?$AA@ 000000018000f680     ilu_error.obj
 0002:000026c0       ??_C@_1BK@BGAHMHKP@?$AAp?$AAa?$AAs?$AA?5?$AAd?$AA?8?$AAe?$AAr?$AAr?$AAe?$AAu?$AAr?$AA?$AA@ 000000018000f6c0     ilu_error.obj
 0002:000026e0       ??_C@_1CA@HMNFICHN@?$AAe?$AAr?$AAr?$AAe?$AAu?$AAr?$AA?5?$AAi?$AAn?$AAc?$AAo?$AAn?$AAn?$AAu?$AAe?$AA?$AA@ 000000018000f6e0     ilu_error.obj
 0002:0000283c       __real@3f800000            000000018000f83c     ilu_filter.obj
 0002:00002840       __real@3ff0000000000000    000000018000f840     ilu_filter.obj
 0002:00002848       __real@406fe00000000000    000000018000f848     ilu_filter.obj
 0002:00002850       __real@437f0000            000000018000f850     ilu_filter.obj
 0002:00002854       __real@477fff00            000000018000f854     ilu_filter.obj
 0002:00002858       __real@4f800000            000000018000f858     ilu_filter.obj
 0002:00002860       __xmm@3f800000000000000000000000000000 000000018000f860     ilu_filter.obj
 0002:00002870       __xmm@7fffffffffffffff7fffffffffffffff 000000018000f870     ilu_filter.obj
 0002:00002880       __real@3fc5555555555555    000000018000f880     ilu_filter_rcg.obj
 0002:00002888       __real@3fe0000000000000    000000018000f888     ilu_filter_rcg.obj
 0002:00002890       __real@3fe5555555555555    000000018000f890     ilu_filter_rcg.obj
 0002:00002898       __real@3fe8000000000000    000000018000f898     ilu_filter_rcg.obj
 0002:000028a0       __real@3ff8000000000000    000000018000f8a0     ilu_filter_rcg.obj
 0002:000028a8       __real@4000000000000000    000000018000f8a8     ilu_filter_rcg.obj
 0002:000028b0       __real@4008000000000000    000000018000f8b0     ilu_filter_rcg.obj
 0002:000028b8       __real@4015555555555555    000000018000f8b8     ilu_filter_rcg.obj
 0002:000028c0       __real@4018000000000000    000000018000f8c0     ilu_filter_rcg.obj
 0002:000028c8       __real@401c000000000000    000000018000f8c8     ilu_filter_rcg.obj
 0002:000028d0       __real@4025555555555555    000000018000f8d0     ilu_filter_rcg.obj
 0002:000028d8       __real@4028000000000000    000000018000f8d8     ilu_filter_rcg.obj
 0002:000028e0       __real@bfe0000000000000    000000018000f8e0     ilu_filter_rcg.obj
 0002:000028e8       __real@c002aaaaaaaaaaab    000000018000f8e8     ilu_filter_rcg.obj
 0002:000028f0       __real@c028000000000000    000000018000f8f0     ilu_filter_rcg.obj
 0002:000028f8       __real@c034000000000000    000000018000f8f8     ilu_filter_rcg.obj
 0002:00002900       __xmm@80000000000000008000000000000000 000000018000f900     ilu_filter_rcg.obj
 0002:00002910       ?IL_PI@@3NB                000000018000f910     ilu_internal.obj
 0002:00002918       ?IL_DEGCONV@@3NB           000000018000f918     ilu_internal.obj
 0002:00002920       __real@34000000            000000018000f920     ilu_manip.obj
 0002:00002928       __real@402e000000000000    000000018000f928     ilu_manip.obj
 0002:00002930       __real@403e000000000000    000000018000f930     ilu_manip.obj
 0002:00002938       __real@40e00000            000000018000f938     ilu_manip.obj
 0002:0000293c       __real@41200000            000000018000f93c     ilu_manip.obj
 0002:00002940       __real@bf800000            000000018000f940     ilu_manip.obj
 0002:00002950       __xmm@ffffffffffffffffffffffffffffffff 000000018000f950     ilu_manip.obj
 0002:00002960       __real@42fe0000            000000018000f960     ilu_noise.obj
 0002:00002964       __real@46fffe00            000000018000f964     ilu_noise.obj
 0002:00002968       __real@4f000000            000000018000f968     ilu_noise.obj
 0002:00002970       __real@4066800000000000    000000018000f970     ilu_rotate.obj
 0002:00002978       __real@4076800000000000    000000018000f978     ilu_rotate.obj
 0002:00002980       __real@42b40000            000000018000f980     ilu_rotate.obj
 0002:00002984       __real@43340000            000000018000f984     ilu_rotate.obj
 0002:00002988       __real@43870000            000000018000f988     ilu_rotate.obj
 0002:0000298c       __real@43b40000            000000018000f98c     ilu_rotate.obj
 0002:00002990       __real@3f000000            000000018000f990     ilu_scale2d.obj
 0002:00002998       ??_C@_1CC@FLLNLNFB@?$AAA?$AAb?$AAy?$AAs?$AAm?$AAa?$AAl?$AA?5?$AAS?$AAo?$AAf?$AAt?$AAw?$AAa?$AAr?$AAe?$AA?$AA@ 000000018000f998     ilu_states.obj
 0002:000029c0       ??_C@_1GA@HHAEFLDO@?$AAD?$AAe?$AAv?$AAe?$AAl?$AAo?$AAp?$AAe?$AAr?$AA?8?$AAs?$AA?5?$AAI?$AAm?$AAa?$AAg?$AAe?$AA?5?$AAL?$AAi?$AAb?$AAr?$AAa?$AAr?$AAy?$AA?5?$AAU?$AAt?$AAi?$AAl?$AAi?$AAt@ 000000018000f9c0     ilu_states.obj
 0002:00002a20       _pRawDllMain               000000018000fa20     msvcrt:crtdll.obj
 0002:00002a20       _pDefaultRawDllMain        000000018000fa20     msvcrt:crtdll.obj
 0002:00002a40       _load_config_used          000000018000fa40     msvcrt:loadcfg.obj
 0002:00002b28       __rtc_iaa                  000000018000fb28     msvcrt:initsect.obj
 0002:00002b30       __rtc_izz                  000000018000fb30     msvcrt:initsect.obj
 0002:00002b38       __rtc_taa                  000000018000fb38     msvcrt:initsect.obj
 0002:00002b40       __rtc_tzz                  000000018000fb40     msvcrt:initsect.obj
 0002:00003fcc       __IMPORT_DESCRIPTOR_ResIL  0000000180010fcc     resil:ResIL.dll
 0002:00003fe0       __IMPORT_DESCRIPTOR_MSVCR120 0000000180010fe0     msvcrt:MSVCR120.dll
 0002:00003ff4       __IMPORT_DESCRIPTOR_KERNEL32 0000000180010ff4     kernel32:KERNEL32.dll
 0002:00004008       __NULL_IMPORT_DESCRIPTOR   0000000180011008     resil:ResIL.dll
 0003:00000000       ?iluErrorStringsArabic@@3PAPEB_WA 0000000180012000     ilu_error.obj
 0003:00000090       ?iluLibErrorStringsArabic@@3PAPEB_WA 0000000180012090     ilu_error.obj
 0003:000000c8       ?iluMiscErrorStringsArabic@@3PAPEB_WA 00000001800120c8     ilu_error.obj
 0003:000000d8       ?iluLibErrorStringsDutch@@3PAPEB_WA 00000001800120d8     ilu_error.obj
 0003:00000110       ?iluErrorStringsDutch@@3PAPEB_WA 0000000180012110     ilu_error.obj
 0003:000001a0       ?iluMiscErrorStringsDutch@@3PAPEB_WA 00000001800121a0     ilu_error.obj
 0003:000001b0       ?iluErrorStringsEnglish@@3PAPEB_WA 00000001800121b0     ilu_error.obj
 0003:00000240       ?iluLibErrorStringsEnglish@@3PAPEB_WA 0000000180012240     ilu_error.obj
 0003:00000278       ?iluMiscErrorStringsEnglish@@3PAPEB_WA 0000000180012278     ilu_error.obj
 0003:00000288       ?iluLibErrorStringsJapanese@@3PAPEB_WA 0000000180012288     ilu_error.obj
 0003:000002c0       ?iluErrorStringsJapanese@@3PAPEB_WA 00000001800122c0     ilu_error.obj
 0003:00000350       ?iluMiscErrorStringsJapanese@@3PAPEB_WA 0000000180012350     ilu_error.obj
 0003:00000360       ?iluErrorStringsSpanish@@3PAPEB_WA 0000000180012360     ilu_error.obj
 0003:000003f0       ?iluLibErrorStringsSpanish@@3PAPEB_WA 00000001800123f0     ilu_error.obj
 0003:00000428       ?iluMiscErrorStringsSpanish@@3PAPEB_WA 0000000180012428     ilu_error.obj
 0003:00000438       ?iluLibErrorStringsGerman@@3PAPEB_WA 0000000180012438     ilu_error.obj
 0003:00000470       ?iluErrorStringsGerman@@3PAPEB_WA 0000000180012470     ilu_error.obj
 0003:00000500       ?iluMiscErrorStringsGerman@@3PAPEB_WA 0000000180012500     ilu_error.obj
 0003:00000510       ?iluErrorStringsFrench@@3PAPEB_WA 0000000180012510     ilu_error.obj
 0003:000005a0       ?iluLibErrorStringsFrench@@3PAPEB_WA 00000001800125a0     ilu_error.obj
 0003:000005d8       ?iluMiscErrorStringsFrench@@3PAPEB_WA 00000001800125d8     ilu_error.obj
 0003:000005e8       ?iluErrorStrings@@3PAPEAPEB_WA 00000001800125e8     ilu_error.obj
 0003:00000620       ?iluLibErrorStrings@@3PAPEAPEB_WA 0000000180012620     ilu_error.obj
 0003:00000658       ?iluMiscErrorStrings@@3PAPEAPEB_WA 0000000180012658     ilu_error.obj
 0003:00000690       ?iluFilter@@3IA            0000000180012690     ilu_states.obj
 0003:00000694       ?iluPlacement@@3IA         0000000180012694     ilu_states.obj
 0003:00000698       ?_iluVendor@@3PEB_WEB      0000000180012698     ilu_states.obj
 0003:000006a0       ?_iluVersion@@3PEB_WEB     00000001800126a0     ilu_states.obj
 0003:000006a8       _fltused                   00000001800126a8     msvcrt:dllsupp.obj
 0003:000006b0       __security_cookie          00000001800126b0     msvcrt:gs_cookie.obj
 0003:000006b8       __security_cookie_complement 00000001800126b8     msvcrt:gs_cookie.obj
 0003:000006c0       __native_dllmain_reason    00000001800126c0     msvcrt:natstart.obj
 0003:000006d0       ?iluErrors@@3PEAPEB_WEA    00000001800126d0     ilu_error.obj
 0003:000006d8       ?iluLibErrors@@3PEAPEB_WEA 00000001800126d8     ilu_error.obj
 0003:000006e0       ?iluMiscErrors@@3PEAPEB_WEA 00000001800126e0     ilu_error.obj
 0003:000006e8       ?contrib@@3PEAUCLIST@@EA   00000001800126e8     ilu_filter_rcg.obj
 0003:000006f8       ?RegionPointsi@@3PEAUILpointi@@EA 00000001800126f8     ilu_region.obj
 0003:00000700       ?RegionPointsf@@3PEAUILpointf@@EA 0000000180012700     ilu_region.obj
 0003:00000708       ?PointNum@@3IA             0000000180012708     ilu_region.obj
 0003:00000710       ?iRegionMask@@3PEAEEA      0000000180012710     ilu_region.obj
 0003:00000e38       ?__type_info_root_node@@3U__type_info_node@@A 0000000180012e38     msvcrt:tncleanup.obj
 0003:00000e48       __native_startup_lock      0000000180012e48     <common>
 0003:00000e50       __native_startup_state     0000000180012e50     <common>
 0003:00000e58       __onexitend                0000000180012e58     <common>
 0003:00000e60       __onexitbegin              0000000180012e60     <common>
 0003:00000e68       __dyn_tls_init_callback    0000000180012e68     <common>

 entry point at        0001:0000ab2c

 Static symbols

 0000:fffea000       .debug$S                   0000000180000000     resil:ResIL.dll
 0000:fffea000       .debug$S                   0000000180000000     resil:ResIL.dll
 0000:fffea000       .debug$S                   0000000180000000     resil:ResIL.dll
 0000:fffea000       .debug$S                   0000000180000000     resil:ResIL.dll
 0000:fffea000       .debug$S                   0000000180000000     resil:ResIL.dll
 0000:fffea000       .debug$S                   0000000180000000     resil:ResIL.dll
 0000:fffea000       .debug$S                   0000000180000000     resil:ResIL.dll
 0000:fffea000       .debug$S                   0000000180000000     resil:ResIL.dll
 0000:fffea000       .debug$S                   0000000180000000     resil:ResIL.dll
 0000:fffea000       .debug$S                   0000000180000000     resil:ResIL.dll
 0000:fffea000       .debug$S                   0000000180000000     resil:ResIL.dll
 0000:fffea000       .debug$S                   0000000180000000     resil:ResIL.dll
 0000:fffea000       .debug$S                   0000000180000000     resil:ResIL.dll
 0000:fffea000       .debug$S                   0000000180000000     resil:ResIL.dll
 0000:fffea000       .debug$S                   0000000180000000     resil:ResIL.dll
 0000:fffea000       .debug$S                   0000000180000000     resil:ResIL.dll
 0000:fffea000       .debug$S                   0000000180000000     resil:ResIL.dll
 0000:fffea000       .debug$S                   0000000180000000     resil:ResIL.dll
 0000:fffea000       .debug$S                   0000000180000000     resil:ResIL.dll
 0000:fffea000       .debug$S                   0000000180000000     resil:ResIL.dll
 0000:fffea000       .debug$S                   0000000180000000     resil:ResIL.dll
 0000:fffea000       .debug$S                   0000000180000000     resil:ResIL.dll
 0000:fffea000       .debug$S                   0000000180000000     resil:ResIL.dll
 0000:fffea000       .debug$S                   0000000180000000     resil:ResIL.dll
 0000:fffea000       .debug$S                   0000000180000000     resil:ResIL.dll
 0000:fffea000       .debug$S                   0000000180000000     resil:ResIL.dll
 0000:fffea000       .debug$S                   0000000180000000     resil:ResIL.dll
 0000:fffea000       .debug$S                   0000000180000000     resil:ResIL.dll
 0000:fffea000       .debug$S                   0000000180000000     resil:ResIL.dll
 0000:fffea000       .debug$S                   0000000180000000     msvcrt:MSVCR120.dll
 0000:fffea000       .debug$S                   0000000180000000     msvcrt:MSVCR120.dll
 0000:fffea000       .debug$S                   0000000180000000     msvcrt:MSVCR120.dll
 0000:fffea000       .debug$S                   0000000180000000     msvcrt:MSVCR120.dll
 0000:fffea000       .debug$S                   0000000180000000     msvcrt:MSVCR120.dll
 0000:fffea000       .debug$S                   0000000180000000     msvcrt:MSVCR120.dll
 0000:fffea000       .debug$S                   0000000180000000     msvcrt:MSVCR120.dll
 0000:fffea000       .debug$S                   0000000180000000     msvcrt:MSVCR120.dll
 0000:fffea000       .debug$S                   0000000180000000     msvcrt:MSVCR120.dll
 0000:fffea000       .debug$S                   0000000180000000     msvcrt:MSVCR120.dll
 0000:fffea000       .debug$S                   0000000180000000     msvcrt:MSVCR120.dll
 0000:fffea000       .debug$S                   0000000180000000     msvcrt:MSVCR120.dll
 0000:fffea000       .debug$S                   0000000180000000     msvcrt:MSVCR120.dll
 0000:fffea000       .debug$S                   0000000180000000     msvcrt:MSVCR120.dll
 0000:fffea000       .debug$S                   0000000180000000     msvcrt:MSVCR120.dll
 0000:fffea000       .debug$S                   0000000180000000     msvcrt:MSVCR120.dll
 0000:fffea000       .debug$S                   0000000180000000     msvcrt:MSVCR120.dll
 0000:fffea000       .debug$S                   0000000180000000     msvcrt:MSVCR120.dll
 0000:fffea000       .debug$S                   0000000180000000     msvcrt:MSVCR120.dll
 0000:fffea000       .debug$S                   0000000180000000     msvcrt:MSVCR120.dll
 0000:fffea000       .debug$S                   0000000180000000     msvcrt:MSVCR120.dll
 0000:fffea000       .debug$S                   0000000180000000     msvcrt:MSVCR120.dll
 0000:fffea000       .debug$S                   0000000180000000     msvcrt:MSVCR120.dll
 0000:fffea000       .debug$S                   0000000180000000     msvcrt:MSVCR120.dll
 0000:fffea000       .debug$S                   0000000180000000     msvcrt:MSVCR120.dll
 0000:fffea000       .debug$S                   0000000180000000     kernel32:KERNEL32.dll
 0000:fffea000       .debug$S                   0000000180000000     msvcrt:MSVCR120.dll
 0000:fffea000       .debug$S                   0000000180000000     kernel32:KERNEL32.dll
 0000:fffea000       .debug$S                   0000000180000000     msvcrt:MSVCR120.dll
 0000:fffea000       .debug$S                   0000000180000000     kernel32:KERNEL32.dll
 0000:fffea000       .debug$S                   0000000180000000     msvcrt:MSVCR120.dll
 0000:fffea000       .debug$S                   0000000180000000     kernel32:KERNEL32.dll
 0000:fffea000       .debug$S                   0000000180000000     kernel32:KERNEL32.dll
 0000:fffea000       .debug$S                   0000000180000000     kernel32:KERNEL32.dll
 0000:fffea000       .debug$S                   0000000180000000     kernel32:KERNEL32.dll
 0000:fffea000       .debug$S                   0000000180000000     kernel32:KERNEL32.dll
 0000:fffea000       .debug$S                   0000000180000000     resil:ResIL.dll
 0001:00003b40       $LN23                      0000000180004b40     ilu_filter_rcg.obj
 0001:00005414       $LN55                      0000000180006414     ilu_manip.obj
 0001:00005b80       $LN26                      0000000180006b80     ilu_manip.obj
 0001:00007898       $LN19                      0000000180008898     ilu_rotate.obj
 0001:0000a7b0       $$000000                   000000018000b7b0     msvcrt:amdsecgs.obj
 0001:0000a810       $$000000                   000000018000b810     msvcrt:chkstk.obj
 0001:0000a880       pre_c_init                 000000018000b880 f   msvcrt:crtdll.obj
 0001:0000ab6c       __DllMainCRTStartup        000000018000bb6c f   msvcrt:crtdll.obj
 0001:0000b130       __DllMainCRTStartup$filt$0 000000018000c130 f   msvcrt:crtdll.obj
 0001:0000b155       __DllMainCRTStartup$fin$1  000000018000c155 f   msvcrt:crtdll.obj
 0001:0000b170       _IsNonwritableInCurrentImage$filt$0 000000018000c170 f   msvcrt:pesect.obj
 0001:0000b190       _onexit$fin$0              000000018000c190 f   msvcrt:atonexit.obj
 0002:00000210       pcinit                     000000018000d210     msvcrt:crtdll.obj
 0002:00000218       pinit                      000000018000d218     msvcrt:atonexit.obj
 0002:00002700       filter_average             000000018000f700     ilu_filter.obj
 0002:00002728       filter_gaussian            000000018000f728     ilu_filter.obj
 0002:00002750       filter_h_sobel             000000018000f750     ilu_filter.obj
 0002:00002778       filter_v_sobel             000000018000f778     ilu_filter.obj
 0002:000027a0       filter_h_prewitt           000000018000f7a0     ilu_filter.obj
 0002:000027c8       filter_v_prewitt           000000018000f7c8     ilu_filter.obj
 0002:000027f0       filter_emboss              000000018000f7f0     ilu_filter.obj
 0002:00002818       filter_embossedge          000000018000f818     ilu_filter.obj
 0002:00002a28       GS_ExceptionPointers       000000018000fa28     msvcrt:gs_report.obj
 0002:00002b48       $unwind$_DllMainCRTStartup 000000018000fb48     ilu_api1.obj
 0002:00002b48       $unwind$?iluConvolution@@YAEPEAHHH@Z 000000018000fb48     ilu_api1.obj
 0002:00002b58       $unwind$?iluCrop@@YAEIIIIII@Z 000000018000fb58     ilu_api1.obj
 0002:00002b6c       $chain$0$?ilu2Alienify@@YAEPEAUILimage@@@Z 000000018000fb6c     ilu_filter.obj
 0002:00002b80       $chain$2$?ilu2Alienify@@YAEPEAUILimage@@@Z 000000018000fb80     ilu_filter.obj
 0002:00002b80       $chain$4$?ilu2Alienify@@YAEPEAUILimage@@@Z 000000018000fb80     ilu_filter.obj
 0002:00002b94       $chain$0$?ilu2BlurAvg@@YAEPEAUILimage@@I@Z 000000018000fb94     ilu_filter.obj
 0002:00002ba8       $chain$1$?ilu2BlurAvg@@YAEPEAUILimage@@I@Z 000000018000fba8     ilu_filter.obj
 0002:00002bb8       $unwind$?ilu2BlurGaussian@@YAEPEAUILimage@@I@Z 000000018000fbb8     ilu_filter.obj
 0002:00002bb8       $unwind$?ilu2BlurAvg@@YAEPEAUILimage@@I@Z 000000018000fbb8     ilu_filter.obj
 0002:00002bd0       $chain$0$?ilu2BlurGaussian@@YAEPEAUILimage@@I@Z 000000018000fbd0     ilu_filter.obj
 0002:00002be4       $chain$1$?ilu2BlurGaussian@@YAEPEAUILimage@@I@Z 000000018000fbe4     ilu_filter.obj
 0002:00002bf4       $unwind$?ilu2Contrast@@YAEPEAUILimage@@M@Z 000000018000fbf4     ilu_filter.obj
 0002:00002c00       $unwind$?ilu2Convolution@@YAEPEAUILimage@@PEAHHH@Z 000000018000fc00     ilu_filter.obj
 0002:00002c1c       $unwind$?ilu2Emboss@@YAEPEAUILimage@@@Z 000000018000fc1c     ilu_filter.obj
 0002:00002c1c       $unwind$?ilu2EdgeDetectE@@YAEPEAUILimage@@@Z 000000018000fc1c     ilu_filter.obj
 0002:00002c30       $chain$0$?ilu2EdgeDetectE@@YAEPEAUILimage@@@Z 000000018000fc30     ilu_filter.obj
 0002:00002c44       $chain$1$?ilu2EdgeDetectE@@YAEPEAUILimage@@@Z 000000018000fc44     ilu_filter.obj
 0002:00002c54       $unwind$?ilu2EdgeDetectP@@YAEPEAUILimage@@@Z 000000018000fc54     ilu_filter.obj
 0002:00002c54       $unwind$?ilu2EdgeDetectS@@YAEPEAUILimage@@@Z 000000018000fc54     ilu_filter.obj
 0002:00002c6c       $chain$2$?ilu2EdgeDetectP@@YAEPEAUILimage@@@Z 000000018000fc6c     ilu_filter.obj
 0002:00002c80       $chain$3$?ilu2EdgeDetectP@@YAEPEAUILimage@@@Z 000000018000fc80     ilu_filter.obj
 0002:00002c90       $chain$2$?ilu2EdgeDetectS@@YAEPEAUILimage@@@Z 000000018000fc90     ilu_filter.obj
 0002:00002ca4       $chain$3$?ilu2EdgeDetectS@@YAEPEAUILimage@@@Z 000000018000fca4     ilu_filter.obj
[...]
 0003:00000810       NewX2                      0000000180012810     ilu_scale3d.obj
 0003:00000814       NewY1                      0000000180012814     ilu_scale3d.obj
 0003:00000818       NewY2                      0000000180012818     ilu_scale3d.obj
 0003:0000081c       NewZ1                      000000018001281c     ilu_scale3d.obj
 0003:00000820       NewZ2                      0000000180012820     ilu_scale3d.obj
 0003:00000824       x                          0000000180012824     ilu_scale3d.obj
 0003:00000828       y                          0000000180012828     ilu_scale3d.obj
 0003:0000082c       z                          000000018001282c     ilu_scale3d.obj
 0003:00000830       c                          0000000180012830     ilu_scale3d.obj
 0003:00000834       ImgBps                     0000000180012834     ilu_scale3d.obj
 0003:00000838       ScaleX                     0000000180012838     ilu_scale3d.obj
 0003:00000840       ScaleY                     0000000180012840     ilu_scale3d.obj
 0003:00000848       ScaleZ                     0000000180012848     ilu_scale3d.obj
 0003:00000850       x1                         0000000180012850     ilu_scale3d.obj
 0003:00000858       x2                         0000000180012858     ilu_scale3d.obj
 0003:00000860       t1                         0000000180012860     ilu_scale3d.obj
 0003:00000868       t2                         0000000180012868     ilu_scale3d.obj
 0003:00000870       t4                         0000000180012870     ilu_scale3d.obj
 0003:00000878       f                          0000000180012878     ilu_scale3d.obj
 0003:00000880       ft                         0000000180012880     ilu_scale3d.obj
 0003:00000888       SclBps                     0000000180012888     ilu_scale3d.obj
 0003:0000088c       ImgPlane                   000000018001288c     ilu_scale3d.obj
 0003:00000890       SclPlane                   0000000180012890     ilu_scale3d.obj
 0003:00000898       ShortPtr                   0000000180012898     ilu_scale3d.obj
 0003:000008a0       SShortPtr                  00000001800128a0     ilu_scale3d.obj
 0003:000008a8       IntPtr                     00000001800128a8     ilu_scale3d.obj
 0003:000008b0       SIntPtr                    00000001800128b0     ilu_scale3d.obj
 0003:000008b8       __proc_attached            00000001800128b8     msvcrt:crtdll.obj
 0003:000008c0       GS_ExceptionRecord         00000001800128c0     msvcrt:gs_report.obj
 0003:00000960       GS_ContextRecord           0000000180012960     msvcrt:gs_report.obj
 0003:00000e30       DebuggerWasPresent         0000000180012e30     msvcrt:gs_report.obj
 0004:00000000       $pdata$?iluConvolution@@YAEPEAHHH@Z 0000000180013000     ilu_api1.obj
 0004:0000000c       $pdata$?iluCrop@@YAEIIIIII@Z 000000018001300c     ilu_api1.obj
 0004:00000018       $pdata$?ilu2SetLanguage@@YAEI@Z 0000000180013018     ilu_error.obj
 0004:00000024       $pdata$?Filter@@YAPEAEPEAUILimage@@PEBHHH@Z 0000000180013024     ilu_filter.obj
 0004:00000030       $pdata$3$?Filter@@YAPEAEPEAUILimage@@PEBHHH@Z 0000000180013030     ilu_filter.obj
 0004:0000003c       $pdata$4$?Filter@@YAPEAEPEAUILimage@@PEBHHH@Z 000000018001303c     ilu_filter.obj
 0004:00000048       $pdata$?iApplyMatrix@@YAXPEAUILimage@@QEAY03M@Z 0000000180013048     ilu_filter.obj
 0004:00000054       $pdata$?ilu2Alienify@@YAEPEAUILimage@@@Z 0000000180013054     ilu_filter.obj
 0004:00000060       $pdata$0$?ilu2Alienify@@YAEPEAUILimage@@@Z 0000000180013060     ilu_filter.obj
 0004:0000006c       $pdata$2$?ilu2Alienify@@YAEPEAUILimage@@@Z 000000018001306c     ilu_filter.obj
 0004:00000078       $pdata$4$?ilu2Alienify@@YAEPEAUILimage@@@Z 0000000180013078     ilu_filter.obj
 0004:00000084       $pdata$?ilu2BlurAvg@@YAEPEAUILimage@@I@Z 0000000180013084     ilu_filter.obj
 0004:00000090       $pdata$0$?ilu2BlurAvg@@YAEPEAUILimage@@I@Z 0000000180013090     ilu_filter.obj
 0004:0000009c       $pdata$1$?ilu2BlurAvg@@YAEPEAUILimage@@I@Z 000000018001309c     ilu_filter.obj
 0004:000000a8       $pdata$?ilu2BlurGaussian@@YAEPEAUILimage@@I@Z 00000001800130a8     ilu_filter.obj
 0004:000000b4       $pdata$0$?ilu2BlurGaussian@@YAEPEAUILimage@@I@Z 00000001800130b4     ilu_filter.obj
 0004:000000c0       $pdata$1$?ilu2BlurGaussian@@YAEPEAUILimage@@I@Z 00000001800130c0     ilu_filter.obj
 0004:000000cc       $pdata$?ilu2Contrast@@YAEPEAUILimage@@M@Z 00000001800130cc     ilu_filter.obj
 0004:000000d8       $pdata$?ilu2Convolution@@YAEPEAUILimage@@PEAHHH@Z 00000001800130d8     ilu_filter.obj
 0004:000000e4       $pdata$?ilu2EdgeDetectE@@YAEPEAUILimage@@@Z 00000001800130e4     ilu_filter.obj
 0004:000000f0       $pdata$0$?ilu2EdgeDetectE@@YAEPEAUILimage@@@Z 00000001800130f0     ilu_filter.obj
 0004:000000fc       $pdata$1$?ilu2EdgeDetectE@@YAEPEAUILimage@@@Z 00000001800130fc     ilu_filter.obj
 0004:00000108       $pdata$?ilu2EdgeDetectP@@YAEPEAUILimage@@@Z 0000000180013108     ilu_filter.obj
 0004:00000114       $pdata$2$?ilu2EdgeDetectP@@YAEPEAUILimage@@@Z 0000000180013114     ilu_filter.obj
 0004:00000120       $pdata$3$?ilu2EdgeDetectP@@YAEPEAUILimage@@@Z 0000000180013120     ilu_filter.obj
 0004:0000012c       $pdata$?ilu2EdgeDetectS@@YAEPEAUILimage@@@Z 000000018001312c     ilu_filter.obj
 0004:00000138       $pdata$2$?ilu2EdgeDetectS@@YAEPEAUILimage@@@Z 0000000180013138     ilu_filter.obj
 0004:00000144       $pdata$3$?ilu2EdgeDetectS@@YAEPEAUILimage@@@Z 0000000180013144     ilu_filter.obj
 0004:00000150       $pdata$?ilu2Emboss@@YAEPEAUILimage@@@Z 0000000180013150     ilu_filter.obj
 0004:0000015c       $pdata$0$?ilu2Emboss@@YAEPEAUILimage@@@Z 000000018001315c     ilu_filter.obj
 0004:00000168       $pdata$1$?ilu2Emboss@@YAEPEAUILimage@@@Z 0000000180013168     ilu_filter.obj
 0004:00000174       $pdata$?ilu2GammaCorrect@@YAEPEAUILimage@@M@Z 0000000180013174     ilu_filter.obj
 0004:00000180       $pdata$4$?ilu2GammaCorrect@@YAEPEAUILimage@@M@Z 0000000180013180     ilu_filter.obj
 0004:0000018c       $pdata$5$?ilu2GammaCorrect@@YAEPEAUILimage@@M@Z 000000018001318c     ilu_filter.obj
 0004:00000198       $pdata$6$?ilu2GammaCorrect@@YAEPEAUILimage@@M@Z 0000000180013198     ilu_filter.obj
 0004:000001a4       $pdata$?ilu2Pixelize@@YAEPEAUILimage@@I@Z 00000001800131a4     ilu_filter.obj
 0004:000001b0       $pdata$?ilu2Saturate1f@@YAEPEAUILimage@@M@Z 00000001800131b0     ilu_filter.obj
 0004:000001bc       $pdata$?ilu2Saturate4f@@YAEPEAUILimage@@MMMM@Z 00000001800131bc     ilu_filter.obj
 0004:000001c8       $pdata$?ilu2ScaleAlpha@@YAEPEAUILimage@@M@Z 00000001800131c8     ilu_filter.obj
 0004:000001d4       $pdata$6$?ilu2ScaleAlpha@@YAEPEAUILimage@@M@Z 00000001800131d4     ilu_filter.obj
 0004:000001e0       $pdata$7$?ilu2ScaleAlpha@@YAEPEAUILimage@@M@Z 00000001800131e0     ilu_filter.obj
 0004:000001ec       $pdata$?ilu2ScaleColours@@YAEPEAUILimage@@MMM@Z 00000001800131ec     ilu_filter.obj
 0004:000001f8       $pdata$5$?ilu2ScaleColours@@YAEPEAUILimage@@MMM@Z 00000001800131f8     ilu_filter.obj
 0004:00000204       $pdata$6$?ilu2ScaleColours@@YAEPEAUILimage@@MMM@Z 0000000180013204     ilu_filter.obj
 0004:00000210       $pdata$?ilu2Sharpen@@YAEPEAUILimage@@MI@Z 0000000180013210     ilu_filter.obj
 0004:0000021c       $pdata$?Lanczos3_filter@@YANN@Z 000000018001321c     ilu_filter_rcg.obj
 0004:00000228       $pdata$0$?Lanczos3_filter@@YANN@Z 0000000180013228     ilu_filter_rcg.obj
 0004:00000234       $pdata$2$?Lanczos3_filter@@YANN@Z 0000000180013234     ilu_filter_rcg.obj
 0004:00000240       $pdata$3$?Lanczos3_filter@@YANN@Z 0000000180013240     ilu_filter_rcg.obj
 0004:0000024c       $pdata$4$?Lanczos3_filter@@YANN@Z 000000018001324c     ilu_filter_rcg.obj
 0004:00000258       $pdata$?calc_x_contrib@@YAHPEAUCLIST@@NNHHP6ANN@ZH@Z 0000000180013258     ilu_filter_rcg.obj
 0004:00000264       $pdata$?ilu2ScaleAdvanced@@YAIPEAUILimage@@III@Z 0000000180013264     ilu_filter_rcg.obj
 0004:00000270       $pdata$0$?ilu2ScaleAdvanced@@YAIPEAUILimage@@III@Z 0000000180013270     ilu_filter_rcg.obj
 0004:0000027c       $pdata$1$?ilu2ScaleAdvanced@@YAIPEAUILimage@@III@Z 000000018001327c     ilu_filter_rcg.obj
 0004:00000288       $pdata$2$?ilu2ScaleAdvanced@@YAIPEAUILimage@@III@Z 0000000180013288     ilu_filter_rcg.obj
 0004:00000294       $pdata$3$?ilu2ScaleAdvanced@@YAIPEAUILimage@@III@Z 0000000180013294     ilu_filter_rcg.obj
 0004:000002a0       $pdata$?zoom@@YAHPEAUILimage@@0P6ANN@ZN@Z 00000001800132a0     ilu_filter_rcg.obj
 0004:000002ac       $pdata$1$?zoom@@YAHPEAUILimage@@0P6ANN@ZN@Z 00000001800132ac     ilu_filter_rcg.obj
 0004:000002b8       $pdata$8$?zoom@@YAHPEAUILimage@@0P6ANN@ZN@Z 00000001800132b8     ilu_filter_rcg.obj
 0004:000002c4       $pdata$9$?zoom@@YAHPEAUILimage@@0P6ANN@ZN@Z 00000001800132c4     ilu_filter_rcg.obj
 0004:000002d0       $pdata$10$?zoom@@YAHPEAUILimage@@0P6ANN@ZN@Z 00000001800132d0     ilu_filter_rcg.obj
 0004:000002dc       $pdata$?ilu2LoadImage@@YAPEAUILimage@@PEB_W@Z 00000001800132dc     ilu_main.obj
 0004:000002e8       $pdata$?ilu2ColoursUsed@@YAIPEAUILimage@@@Z 00000001800132e8     ilu_manip.obj
 0004:000002f4       $pdata$0$?ilu2ColoursUsed@@YAIPEAUILimage@@@Z 00000001800132f4     ilu_manip.obj
 0004:00000300       $pdata$2$?ilu2ColoursUsed@@YAIPEAUILimage@@@Z 0000000180013300     ilu_manip.obj
 0004:0000030c       $pdata$3$?ilu2ColoursUsed@@YAIPEAUILimage@@@Z 000000018001330c     ilu_manip.obj
 0004:00000318       $pdata$4$?ilu2ColoursUsed@@YAIPEAUILimage@@@Z 0000000180013318     ilu_manip.obj
 0004:00000324       $pdata$?ilu2CompareImage@@YAEPEAUILimage@@0@Z 0000000180013324     ilu_manip.obj
 0004:00000330       $pdata$?ilu2Crop2D@@YAEPEAUILimage@@IIII@Z 0000000180013330     ilu_manip.obj
 0004:0000033c       $pdata$0$?ilu2Crop2D@@YAEPEAUILimage@@IIII@Z 000000018001333c     ilu_manip.obj
 0004:00000348       $pdata$1$?ilu2Crop2D@@YAEPEAUILimage@@IIII@Z 0000000180013348     ilu_manip.obj
 0004:00000354       $pdata$3$?ilu2Crop2D@@YAEPEAUILimage@@IIII@Z 0000000180013354     ilu_manip.obj
 0004:00000360       $pdata$4$?ilu2Crop2D@@YAEPEAUILimage@@IIII@Z 0000000180013360     ilu_manip.obj
 0004:0000036c       $pdata$5$?ilu2Crop2D@@YAEPEAUILimage@@IIII@Z 000000018001336c     ilu_manip.obj
 0004:00000378       $pdata$7$?ilu2Crop2D@@YAEPEAUILimage@@IIII@Z 0000000180013378     ilu_manip.obj
 0004:00000384       $pdata$8$?ilu2Crop2D@@YAEPEAUILimage@@IIII@Z 0000000180013384     ilu_manip.obj
 0004:00000390       $pdata$?ilu2Crop3D@@YAEPEAUILimage@@IIIIII@Z 0000000180013390     ilu_manip.obj
 0004:0000039c       $pdata$2$?ilu2Crop3D@@YAEPEAUILimage@@IIIIII@Z 000000018001339c     ilu_manip.obj
 0004:000003a8       $pdata$3$?ilu2Crop3D@@YAEPEAUILimage@@IIIIII@Z 00000001800133a8     ilu_manip.obj
 0004:000003b4       $pdata$4$?ilu2Crop3D@@YAEPEAUILimage@@IIIIII@Z 00000001800133b4     ilu_manip.obj
 0004:000003c0       $pdata$6$?ilu2Crop3D@@YAEPEAUILimage@@IIIIII@Z 00000001800133c0     ilu_manip.obj
 0004:000003cc       $pdata$7$?ilu2Crop3D@@YAEPEAUILimage@@IIIIII@Z 00000001800133cc     ilu_manip.obj
 0004:000003d8       $pdata$9$?ilu2Crop3D@@YAEPEAUILimage@@IIIIII@Z 00000001800133d8     ilu_manip.obj
 0004:000003e4       $pdata$?ilu2EnlargeCanvas@@YAEPEAUILimage@@III@Z 00000001800133e4     ilu_manip.obj
 0004:000003f0       $pdata$2$?ilu2EnlargeCanvas@@YAEPEAUILimage@@III@Z 00000001800133f0     ilu_manip.obj
 0004:000003fc       $pdata$4$?ilu2EnlargeCanvas@@YAEPEAUILimage@@III@Z 00000001800133fc     ilu_manip.obj
 0004:00000408       $pdata$5$?ilu2EnlargeCanvas@@YAEPEAUILimage@@III@Z 0000000180013408     ilu_manip.obj
 0004:00000414       $pdata$6$?ilu2EnlargeCanvas@@YAEPEAUILimage@@III@Z 0000000180013414     ilu_manip.obj
 0004:00000420       $pdata$?ilu2Equalize@@YAEPEAUILimage@@@Z 0000000180013420     ilu_manip.obj
 0004:0000042c       $pdata$2$?ilu2Equalize@@YAEPEAUILimage@@@Z 000000018001342c     ilu_manip.obj
 0004:00000438       $pdata$3$?ilu2Equalize@@YAEPEAUILimage@@@Z 0000000180013438     ilu_manip.obj
 0004:00000444       $pdata$4$?ilu2Equalize@@YAEPEAUILimage@@@Z 0000000180013444     ilu_manip.obj
 0004:00000450       $pdata$5$?ilu2Equalize@@YAEPEAUILimage@@@Z 0000000180013450     ilu_manip.obj
 0004:0000045c       $pdata$?ilu2FlipImage@@YAEPEAUILimage@@@Z 000000018001345c     ilu_manip.obj
 0004:00000468       $pdata$?ilu2InvertAlpha@@YAEPEAUILimage@@@Z 0000000180013468     ilu_manip.obj
 0004:00000474       $pdata$?ilu2Negative@@YAEPEAUILimage@@@Z 0000000180013474     ilu_manip.obj
 0004:00000480       $pdata$1$?ilu2Negative@@YAEPEAUILimage@@@Z 0000000180013480     ilu_manip.obj
 0004:0000048c       $pdata$4$?ilu2Negative@@YAEPEAUILimage@@@Z 000000018001348c     ilu_manip.obj
 0004:00000498       $pdata$5$?ilu2Negative@@YAEPEAUILimage@@@Z 0000000180013498     ilu_manip.obj
 0004:000004a4       $pdata$6$?ilu2Negative@@YAEPEAUILimage@@@Z 00000001800134a4     ilu_manip.obj
 0004:000004b0       $pdata$7$?ilu2Negative@@YAEPEAUILimage@@@Z 00000001800134b0     ilu_manip.obj
 0004:000004bc       $pdata$8$?ilu2Negative@@YAEPEAUILimage@@@Z 00000001800134bc     ilu_manip.obj
 0004:000004c8       $pdata$?ilu2ReplaceColour@@YAEPEAUILimage@@EEEM@Z 00000001800134c8     ilu_manip.obj
 0004:000004d4       $pdata$3$?ilu2ReplaceColour@@YAEPEAUILimage@@EEEM@Z 00000001800134d4     ilu_manip.obj
 0004:000004e0       $pdata$4$?ilu2ReplaceColour@@YAEPEAUILimage@@EEEM@Z 00000001800134e0     ilu_manip.obj
 0004:000004ec       $pdata$?ilu2SwapColours@@YAEPEAUILimage@@@Z 00000001800134ec     ilu_manip.obj
 0004:000004f8       $pdata$?ilu2Wave@@YAEPEAUILimage@@M@Z 00000001800134f8     ilu_manip.obj
 0004:00000504       $pdata$1$?ilu2Wave@@YAEPEAUILimage@@M@Z 0000000180013504     ilu_manip.obj
 0004:00000510       $pdata$9$?ilu2Wave@@YAEPEAUILimage@@M@Z 0000000180013510     ilu_manip.obj
 0004:0000051c       $pdata$10$?ilu2Wave@@YAEPEAUILimage@@M@Z 000000018001351c     ilu_manip.obj
 0004:00000528       $pdata$11$?ilu2Wave@@YAEPEAUILimage@@M@Z 0000000180013528     ilu_manip.obj
 0004:00000534       $pdata$?iBuildMipmaps@@YAEPEAUILimage@@III@Z 0000000180013534     ilu_mipmap.obj
 0004:00000540       $pdata$?ilu2BuildMipmaps@@YAEPEAUILimage@@@Z 0000000180013540     ilu_mipmap.obj
 0004:0000054c       $pdata$?ilu2Noisify@@YAEPEAUILimage@@M@Z 000000018001354c     ilu_noise.obj
 0004:00000558       $pdata$?BuildEdgeList@@YAXIPEAUILpointi@@PEAPEAUEdge@@@Z 0000000180013558     ilu_region.obj
 0004:00000564       $pdata$2$?BuildEdgeList@@YAXIPEAUILpointi@@PEAPEAUEdge@@@Z 0000000180013564     ilu_region.obj
 0004:00000570       $pdata$3$?BuildEdgeList@@YAXIPEAUILpointi@@PEAPEAUEdge@@@Z 0000000180013570     ilu_region.obj
 0004:0000057c       $pdata$?iScanFill@@YAPEAEPEAUILimage@@@Z 000000018001357c     ilu_region.obj
 0004:00000588       $pdata$2$?iScanFill@@YAPEAEPEAUILimage@@@Z 0000000180013588     ilu_region.obj
 0004:00000594       $pdata$3$?iScanFill@@YAPEAEPEAUILimage@@@Z 0000000180013594     ilu_region.obj
 0004:000005a0       $pdata$4$?iScanFill@@YAPEAEPEAUILimage@@@Z 00000001800135a0     ilu_region.obj
 0004:000005ac       $pdata$5$?iScanFill@@YAPEAEPEAUILimage@@@Z 00000001800135ac     ilu_region.obj
 0004:000005b8       $pdata$??4ILpal@@QEAAXAEBV0@@Z 00000001800135b8     ilu_rotate.obj
 0004:000005c4       $pdata$?ilu2Rotate@@YAEPEAUILimage@@M@Z 00000001800135c4     ilu_rotate.obj
 0004:000005d0       $pdata$1$?ilu2Rotate@@YAEPEAUILimage@@M@Z 00000001800135d0     ilu_rotate.obj
 0004:000005dc       $pdata$2$?ilu2Rotate@@YAEPEAUILimage@@M@Z 00000001800135dc     ilu_rotate.obj
 0004:000005e8       $pdata$?ilu2Rotate_@@YAPEAUILimage@@PEAU1@M@Z 00000001800135e8     ilu_rotate.obj
 0004:000005f4       $pdata$0$?ilu2Rotate_@@YAPEAUILimage@@PEAU1@M@Z 00000001800135f4     ilu_rotate.obj
 0004:00000600       $pdata$1$?ilu2Rotate_@@YAPEAUILimage@@PEAU1@M@Z 0000000180013600     ilu_rotate.obj
 0004:0000060c       $pdata$3$?ilu2Rotate_@@YAPEAUILimage@@PEAU1@M@Z 000000018001360c     ilu_rotate.obj
 0004:00000618       $pdata$4$?ilu2Rotate_@@YAPEAUILimage@@PEAU1@M@Z 0000000180013618     ilu_rotate.obj
 0004:00000624       $pdata$?use@ILpal@@QEAAEHPEAEI@Z 0000000180013624     ilu_rotate.obj
 0004:00000630       $pdata$?ilu2EnlargeImage@@YAEPEAUILimage@@MMM@Z 0000000180013630     ilu_scale.obj
 0004:0000063c       $pdata$?ilu2Scale@@YAEPEAUILimage@@III@Z 000000018001363c     ilu_scale.obj
 0004:00000648       $pdata$2$?ilu2Scale@@YAEPEAUILimage@@III@Z 0000000180013648     ilu_scale.obj
 0004:00000654       $pdata$3$?ilu2Scale@@YAEPEAUILimage@@III@Z 0000000180013654     ilu_scale.obj
 0004:00000660       $pdata$4$?ilu2Scale@@YAEPEAUILimage@@III@Z 0000000180013660     ilu_scale.obj
 0004:0000066c       $pdata$6$?ilu2Scale@@YAEPEAUILimage@@III@Z 000000018001366c     ilu_scale.obj
 0004:00000678       $pdata$?iluScale1D_@@YAPEAUILimage@@PEAU1@0I@Z 0000000180013678     ilu_scale.obj
 0004:00000684       $pdata$9$?iluScale1D_@@YAPEAUILimage@@PEAU1@0I@Z 0000000180013684     ilu_scale.obj
 0004:00000690       $pdata$10$?iluScale1D_@@YAPEAUILimage@@PEAU1@0I@Z 0000000180013690     ilu_scale.obj
 0004:0000069c       $pdata$?iluScale_@@YAPEAUILimage@@PEAU1@III@Z 000000018001369c     ilu_scale.obj
 0004:000006a8       $pdata$?iluScale2DBilinear_@@YAPEAUILimage@@PEAU1@0II@Z 00000001800136a8     ilu_scale2d.obj
 0004:000006b4       $pdata$0$?iluScale2DBilinear_@@YAPEAUILimage@@PEAU1@0II@Z 00000001800136b4     ilu_scale2d.obj
 0004:000006c0       $pdata$1$?iluScale2DBilinear_@@YAPEAUILimage@@PEAU1@0II@Z 00000001800136c0     ilu_scale2d.obj
 0004:000006cc       $pdata$?iluScale2DLinear_@@YAPEAUILimage@@PEAU1@0II@Z 00000001800136cc     ilu_scale2d.obj
 0004:000006d8       $pdata$?iluScale2DNear_@@YAPEAUILimage@@PEAU1@0II@Z 00000001800136d8     ilu_scale2d.obj
 0004:000006e4       $pdata$?iluScale2D_@@YAPEAUILimage@@PEAU1@0II@Z 00000001800136e4     ilu_scale2d.obj
 0004:000006f0       $pdata$?iluScale3DNear_@@YAPEAUILimage@@PEAU1@0III@Z 00000001800136f0     ilu_scale3d.obj
 0004:000006fc       $pdata$?iluScale3D_@@YAPEAUILimage@@PEAU1@0III@Z 00000001800136fc     ilu_scale3d.obj
 0004:00000708       $pdata$?ilu2GetInteger@@YAHI@Z 0000000180013708     ilu_states.obj
 0004:00000714       $pdata$?ilu2GetString@@YAPEA_WI@Z 0000000180013714     ilu_states.obj
 0004:00000720       $pdata$__GSHandlerCheck    0000000180013720     msvcrt:gshandler.obj
 0004:0000072c       $pdata$__GSHandlerCheckCommon 000000018001372c     msvcrt:gshandler.obj
 0004:00000750       $pdata$pre_c_init          0000000180013750     msvcrt:crtdll.obj
 0004:0000075c       $pdata$_CRT_INIT           000000018001375c     msvcrt:crtdll.obj
 0004:00000768       $pdata$_DllMainCRTStartup  0000000180013768     msvcrt:crtdll.obj
 0004:00000774       $pdata$__DllMainCRTStartup 0000000180013774     msvcrt:crtdll.obj
 0004:00000780       $pdata$__raise_securityfailure 0000000180013780     msvcrt:gs_report.obj
 0004:0000078c       $pdata$__report_gsfailure  000000018001378c     msvcrt:gs_report.obj
 0004:00000798       $pdata$_IsNonwritableInCurrentImage 0000000180013798     msvcrt:pesect.obj
 0004:000007a4       $pdata$__atonexitinit      00000001800137a4     msvcrt:atonexit.obj
 0004:000007b0       $pdata$_onexit             00000001800137b0     msvcrt:atonexit.obj
 0004:000007bc       $pdata$atexit              00000001800137bc     msvcrt:atonexit.obj
 0004:000007c8       $pdata$__security_init_cookie 00000001800137c8     msvcrt:gs_support.obj
 0004:000007d4       $pdata$_RTC_Initialize     00000001800137d4     msvcrt:initsect.obj
 0004:000007e0       $pdata$_RTC_Terminate      00000001800137e0     msvcrt:initsect.obj
 0004:000007ec       $pdata$__DllMainCRTStartup$filt$0 00000001800137ec     msvcrt:crtdll.obj
 0004:000007f8       $pdata$__DllMainCRTStartup$fin$1 00000001800137f8     msvcrt:crtdll.obj
 0004:00000804       $pdata$_IsNonwritableInCurrentImage$filt$0 0000000180013804     msvcrt:pesect.obj
 0004:00000810       $pdata$_onexit$fin$0       0000000180013810     msvcrt:atonexit.obj
 0005:00000060       $R000000                   0000000180014060     * linker generated manifest res *
