 ILU

 Timestamp is 55aab134 (Sat Jul 18 23:04:04 2015)

 Preferred load address is 10000000

 Start         Length     Name                   Class
 0001:00000000 0000be02H .text$mn                CODE
 0002:00000000 00000110H .idata$5                DATA
 0002:00000110 00000004H .CRT$XCA                DATA
 0002:00000114 00000004H .CRT$XCZ                DATA
 0002:00000118 00000004H .CRT$XIA                DATA
 0002:0000011c 00000004H .CRT$XIAA               DATA
 0002:00000120 00000004H .CRT$XIC                DATA
 0002:00000124 00000004H .CRT$XIZ                DATA
 0002:00000130 00002778H .rdata                  DATA
 0002:000028a8 00000074H .rdata$debug            DATA
 0002:00002920 00000004H .rdata$sxdata           DATA
 0002:00002924 00000004H .rtc$IAA                DATA
 0002:00002928 00000004H .rtc$IZZ                DATA
 0002:0000292c 00000004H .rtc$TAA                DATA
 0002:00002930 00000004H .rtc$TZZ                DATA
 0002:00002938 00000064H .xdata$x                DATA
 0002:000029a0 000008acH .edata                  DATA
 0002:0000324c 0000003cH .idata$2                DATA
 0002:00003288 00000014H .idata$3                DATA
 0002:0000329c 00000110H .idata$4                DATA
 0002:000033ac 0000046cH .idata$6                DATA
 0003:00000000 00000374H .data                   DATA
 0003:00000378 000004d4H .bss                    DATA
 0004:00000000 00000058H .rsrc$01                DATA
 0004:00000060 00000180H .rsrc$02                DATA

  Address         Publics by Value              Rva+Base       Lib:Object

 0000:00000000       ___guard_flags             00000000     <absolute>
 0000:00000000       ___guard_fids_table        00000000     <absolute>
 0000:00000000       ___guard_fids_count        00000000     <absolute>
 0000:00000000       __except_list              00000000     <absolute>
 0000:00000001       ___safe_se_handler_count   00000001     <absolute>
 0000:00009876       __fltused                  00009876     <absolute>
 0000:00009876       __ldused                   00009876     <absolute>
 0000:00000000       ___ImageBase               10000000     <linker-defined>
 0001:00000000       ?iluErrorString@@YGPB_WI@Z 10001000 f   ilu_api1.obj
 0001:00000010       ?iluSetLanguage@@YGEI@Z    10001010 f   ilu_api1.obj
 0001:00000020       ?iluPixelize@@YGEI@Z       10001020 f   ilu_api1.obj
 0001:00000040       ?iluEdgeDetectP@@YGEXZ     10001040 f   ilu_api1.obj
 0001:00000050       ?iluEdgeDetectS@@YGEXZ     10001050 f   ilu_api1.obj
 0001:00000060       ?iluBlurAvg@@YGEI@Z        10001060 f   ilu_api1.obj
 0001:00000080       ?iluBlurGaussian@@YGEI@Z   10001080 f   ilu_api1.obj
 0001:000000a0       ?iluEmboss@@YGEXZ          100010a0 f   ilu_api1.obj
 0001:000000b0       ?iluEdgeDetectE@@YGEXZ     100010b0 f   ilu_api1.obj
 0001:000000c0       ?iluScaleAlpha@@YGEM@Z     100010c0 f   ilu_api1.obj
 0001:000000e0       ?iluScaleColours@@YGEMMM@Z 100010e0 f   ilu_api1.obj
 0001:00000120       ?iluGammaCorrect@@YGEM@Z   10001120 f   ilu_api1.obj
 0001:00000140       ?iluSaturate1f@@YGEM@Z     10001140 f   ilu_api1.obj
 0001:00000180       ?iluSaturate4f@@YGEMMMM@Z  10001180 f   ilu_api1.obj
 0001:000001c0       ?iluAlienify@@YGEXZ        100011c0 f   ilu_api1.obj
 0001:000001d0       ?iluContrast@@YGEM@Z       100011d0 f   ilu_api1.obj
 0001:000001f0       ?iluSharpen@@YGEMI@Z       100011f0 f   ilu_api1.obj
 0001:00000210       ?iluConvolution@@YGEPAHHH@Z 10001210 f   ilu_api1.obj
 0001:00000230       ?iluEnlargeImage@@YGEMMM@Z 10001230 f   ilu_api1.obj
 0001:00000270       ?iluScale@@YGEIII@Z        10001270 f   ilu_api1.obj
 0001:00000290       ?iluCompareImage@@YGEI@Z   10001290 f   ilu_api1.obj
 0001:000002d0       ?iluLoadImage@@YGIPB_W@Z   100012d0 f   ilu_api1.obj
 0001:00000310       ?iluCrop@@YGEIIIIII@Z      10001310 f   ilu_api1.obj
 0001:00000340       ?iluEnlargeCanvas@@YGEIII@Z 10001340 f   ilu_api1.obj
 0001:00000360       ?iluFlipImage@@YGEXZ       10001360 f   ilu_api1.obj
 0001:00000370       ?iluMirror@@YGEXZ          10001370 f   ilu_api1.obj
 0001:00000380       ?iluInvertAlpha@@YGEXZ     10001380 f   ilu_api1.obj
 0001:00000390       ?iluNegative@@YGEXZ        10001390 f   ilu_api1.obj
 0001:000003a0       ?iluWave@@YGEM@Z           100013a0 f   ilu_api1.obj
 0001:000003c0       ?iluSwapColours@@YGEXZ     100013c0 f   ilu_api1.obj
 0001:000003d0       ?iluColoursUsed@@YGIXZ     100013d0 f   ilu_api1.obj
 0001:000003e0       ?iluReplaceColour@@YGEEEEM@Z 100013e0 f   ilu_api1.obj
 0001:00000410       ?iluEqualize@@YGEXZ        10001410 f   ilu_api1.obj
 0001:00000420       ?iluBuildMipmaps@@YGEXZ    10001420 f   ilu_api1.obj
 0001:00000430       ?iluNoisify@@YGEM@Z        10001430 f   ilu_api1.obj
 0001:00000450       ?iluGetIntegerv@@YGXIPAH@Z 10001450 f   ilu_api1.obj
 0001:00000460       ?iluGetString@@YGPA_WI@Z   10001460 f   ilu_api1.obj
 0001:00000470       ?iluGetInteger@@YGHI@Z     10001470 f   ilu_api1.obj
 0001:00000480       ?iluImageParameter@@YGXII@Z 10001480 f   ilu_api1.obj
 0001:00000490       ?iluInit@@YGXXZ            10001490 f   ilu_api1.obj
 0001:000004a0       ?iluRotate3D@@YGEMMMM@Z    100014a0 f   ilu_api1.obj
 0001:000004e0       ?iluRotate@@YGEM@Z         100014e0 f   ilu_api1.obj
 0001:00000500       ?ilu2ErrorString@@YGPB_WI@Z 10001500 f   ilu_error.obj
 0001:00000560       ?ilu2SetLanguage@@YGEI@Z   10001560 f   ilu_error.obj
 0001:000005b0       ?ilu2Alienify@@YGEPAUILimage@@@Z 100015b0 f   ilu_filter.obj
 0001:00000770       ?ilu2BlurAvg@@YGEPAUILimage@@I@Z 10001770 f   ilu_filter.obj
 0001:00000860       ?ilu2BlurGaussian@@YGEPAUILimage@@I@Z 10001860 f   ilu_filter.obj
 0001:00000950       ?ilu2Contrast@@YGEPAUILimage@@M@Z 10001950 f   ilu_filter.obj
 0001:00000a20       ?ilu2Convolution@@YGEPAUILimage@@PAHHH@Z 10001a20 f   ilu_filter.obj
 0001:00000ae0       ?ilu2EdgeDetectE@@YGEPAUILimage@@@Z 10001ae0 f   ilu_filter.obj
 0001:00000ba0       ?ilu2EdgeDetectP@@YGEPAUILimage@@@Z 10001ba0 f   ilu_filter.obj
 0001:00000d30       ?ilu2EdgeDetectS@@YGEPAUILimage@@@Z 10001d30 f   ilu_filter.obj
 0001:00000ec0       ?ilu2Emboss@@YGEPAUILimage@@@Z 10001ec0 f   ilu_filter.obj
 0001:00000f80       ?ilu2GammaCorrect@@YGEPAUILimage@@M@Z 10001f80 f   ilu_filter.obj
 0001:00001230       ?ilu2Pixelize@@YGEPAUILimage@@I@Z 10002230 f   ilu_filter.obj
 0001:00001ab0       ?ilu2Saturate1f@@YGEPAUILimage@@M@Z 10002ab0 f   ilu_filter.obj
 0001:00001b70       ?ilu2Saturate4f@@YGEPAUILimage@@MMMM@Z 10002b70 f   ilu_filter.obj
 0001:00001c30       ?ilu2ScaleAlpha@@YGEPAUILimage@@M@Z 10002c30 f   ilu_filter.obj
 0001:00001d70       ?ilu2ScaleColours@@YGEPAUILimage@@MMM@Z 10002d70 f   ilu_filter.obj
 0001:00002300       ?ilu2Sharpen@@YGEPAUILimage@@MI@Z 10003300 f   ilu_filter.obj
 0001:000023b0       ?Filter@@YAPAEPAUILimage@@PBHHH@Z 100033b0 f   ilu_filter.obj
 0001:00002e90       ?iApplyMatrix@@YAXPAUILimage@@QAY03M@Z 10003e90 f   ilu_filter.obj
 0001:00003050       ?iIdentity@@YAXPAM@Z       10004050 f   ilu_filter.obj
 0001:000030a0       ?iIntExtImg@@YAXPAUILimage@@0M@Z 100040a0 f   ilu_filter.obj
 0001:00003120       ?getRGB@ILpal@@QAEEIAAE00@Z 10004120 f i ilu_filter.obj
 0001:00003180       ?getRGBA@ILpal@@QAEEIAAE000@Z 10004180 f i ilu_filter.obj
 0001:000031f0       ?setRGB@ILpal@@QAEEIEEE@Z  100041f0 f i ilu_filter.obj
 0001:00003250       ?setRGBA@ILpal@@QAEEIEEEE@Z 10004250 f i ilu_filter.obj
 0001:000032c0       ?ilu2ScaleAdvanced@@YAIPAUILimage@@III@Z 100042c0 f   ilu_filter_rcg.obj
 0001:00003430       ?filter@@YANN@Z            10004430 f   ilu_filter_rcg.obj
 0001:00003490       ?box_filter@@YANN@Z        10004490 f   ilu_filter_rcg.obj
 0001:000034c0       ?triangle_filter@@YANN@Z   100044c0 f   ilu_filter_rcg.obj
 0001:00003500       ?bell_filter@@YANN@Z       10004500 f   ilu_filter_rcg.obj
 0001:00003570       ?B_spline_filter@@YANN@Z   10004570 f   ilu_filter_rcg.obj
 0001:00003600       ?sinc@@YANN@Z              10004600 f   ilu_filter_rcg.obj
 0001:00003640       ?Lanczos3_filter@@YANN@Z   10004640 f   ilu_filter_rcg.obj
 0001:00003710       ?Mitchell_filter@@YANN@Z   10004710 f   ilu_filter_rcg.obj
 0001:000037d0       ?roundcloser@@YAHN@Z       100047d0 f   ilu_filter_rcg.obj
 0001:00003820       ?wrap_filter_sample@@YAHHH@Z 10004820 f   ilu_filter_rcg.obj
 0001:00003850       ?calc_x_contrib@@YAHPAUCLIST@@NNHHP6ANN@ZH@Z 10004850 f   ilu_filter_rcg.obj
 0001:00003ac0       ?zoom@@YAHPAUILimage@@0P6ANN@ZN@Z 10004ac0 f   ilu_filter_rcg.obj
 0001:00004150       ?ilCos@@YAMM@Z             10005150 f   ilu_internal.obj
 0001:00004180       ?ilSin@@YAMM@Z             10005180 f   ilu_internal.obj
 0001:000041b0       ?ilRound@@YAHM@Z           100051b0 f   ilu_internal.obj
 0001:000041d0       ?ilu2Init@@YGXXZ           100051d0 f   ilu_main.obj
 0001:000041e0       ?ilu2LoadImage@@YGPAUILimage@@PB_W@Z 100051e0 f   ilu_main.obj
 0001:00004210       _DllMain@12                10005210 f   ilu_main.obj
 0001:00004220       ?ilu2ColoursUsed@@YGIPAUILimage@@@Z 10005220 f   ilu_manip.obj
 0001:00004490       ?ilu2CompareImage@@YGEPAUILimage@@0@Z 10005490 f   ilu_manip.obj
 0001:00004530       ?ilu2Crop@@YGEPAUILimage@@IIIIII@Z 10005530 f   ilu_manip.obj
 0001:00004580       ?ilu2EnlargeCanvas@@YGEPAUILimage@@III@Z 10005580 f   ilu_manip.obj
 0001:00004790       ?ilu2Equalize@@YGEPAUILimage@@@Z 10005790 f   ilu_manip.obj
 0001:00004b20       ?ilu2FlipImage@@YGEPAUILimage@@@Z 10005b20 f   ilu_manip.obj
 0001:00004b60       ?ilu2InvertAlpha@@YGEPAUILimage@@@Z 10005b60 f   ilu_manip.obj
 0001:00004d90       ?ilu2Mirror@@YGEPAUILimage@@@Z 10005d90 f   ilu_manip.obj
 0001:00004da0       ?ilu2Negative@@YGEPAUILimage@@@Z 10005da0 f   ilu_manip.obj
 0001:00005050       ?ilu2ReplaceColour@@YGEPAUILimage@@EEEM@Z 10006050 f   ilu_manip.obj
 0001:000052e0       ?ilu2SwapColours@@YGEPAUILimage@@@Z 100062e0 f   ilu_manip.obj
 0001:00005450       ?ilu2Wave@@YGEPAUILimage@@M@Z 10006450 f   ilu_manip.obj
 0001:00005610       ?ilu2Crop2D@@YAEPAUILimage@@IIII@Z 10006610 f   ilu_manip.obj
 0001:00005750       ?ilu2Crop3D@@YAEPAUILimage@@IIIIII@Z 10006750 f   ilu_manip.obj
 0001:000058e0       ?ilu2BuildMipmaps@@YGEPAUILimage@@@Z 100068e0 f   ilu_mipmap.obj
 0001:00005930       ?iBuildMipmaps@@YAEPAUILimage@@III@Z 10006930 f   ilu_mipmap.obj
 0001:000059a0       ?ilu2Noisify@@YGEPAUILimage@@M@Z 100069a0 f   ilu_noise.obj
 0001:00005c50       ?iScanFill@@YAPAEPAUILimage@@@Z 10006c50 f   ilu_region.obj
 0001:00005f20       ?iluRegionfv@@YGXPAUILpointf@@I@Z 10006f20 f   ilu_region.obj
 0001:00005fc0       ?iluRegioniv@@YGXPAUILpointi@@I@Z 10006fc0 f   ilu_region.obj
 0001:00006060       ?InsertEdge@@YAXPAUEdge@@0@Z 10007060 f   ilu_region.obj
 0001:000060a0       ?yNext@@YAHHHPAUILpointi@@@Z 100070a0 f   ilu_region.obj
 0001:000060e0       ?MakeEdgeRec@@YAXUILpointi@@0HPAUEdge@@QAPAU2@@Z 100070e0 f   ilu_region.obj
 0001:00006160       ?BuildEdgeList@@YAXIPAUILpointi@@PAPAUEdge@@@Z 10007160 f   ilu_region.obj
 0001:00006300       ?BuildActiveList@@YAXHPAUEdge@@QAPAU1@@Z 10007300 f   ilu_region.obj
 0001:00006360       ?FillScan@@YAXPAUILimage@@HPAUEdge@@@Z 10007360 f   ilu_region.obj
 0001:000063d0       ?DeleteAfter@@YAXPAUEdge@@@Z 100073d0 f   ilu_region.obj
 0001:000063f0       ?UpdateActiveList@@YAXHPAUEdge@@@Z 100073f0 f   ilu_region.obj
 0001:00006440       ?ResortActiveList@@YAXPAUEdge@@@Z 10007440 f   ilu_region.obj
 0001:000064a0       ?ilu2Rotate@@YGEPAUILimage@@M@Z 100074a0 f   ilu_rotate.obj
 0001:00006580       ?ilu2Rotate3D@@YGEPAUILimage@@MMMM@Z 10007580 f   ilu_rotate.obj
 0001:00006590       ?iluRotate3D_@@YGPAUILimage@@PAU1@MMMM@Z 10007590 f   ilu_rotate.obj
 0001:000065a0       ?ilu2Rotate_@@YGPAUILimage@@PAU1@M@Z 100075a0 f   ilu_rotate.obj
 0001:00007540       ??4ILpal@@QAEXABV0@@Z      10008540 f i ilu_rotate.obj
 0001:000075a0       ?use@ILpal@@QAEEHPAEI@Z    100085a0 f i ilu_rotate.obj
 0001:000076b0       ?ilu2EnlargeImage@@YGEPAUILimage@@MMM@Z 100086b0 f   ilu_scale.obj
 0001:00007770       ?ilu2Scale@@YGEPAUILimage@@III@Z 10008770 f   ilu_scale.obj
 0001:00007930       ?iluScale_@@YGPAUILimage@@PAU1@III@Z 10008930 f   ilu_scale.obj
 0001:00007a40       ?iluScale1D_@@YAPAUILimage@@PAU1@0I@Z 10008a40 f   ilu_scale.obj
 0001:00008090       ?iluScale2DNear_@@YAPAUILimage@@PAU1@0II@Z 10009090 f   ilu_scale2d.obj
 0001:00008490       ?iluScale2DLinear_@@YAPAUILimage@@PAU1@0II@Z 10009490 f   ilu_scale2d.obj
 0001:00008bf0       ?iluScale2DBilinear_@@YAPAUILimage@@PAU1@0II@Z 10009bf0 f   ilu_scale2d.obj
 0001:00009f20       ?iluScale2D_@@YAPAUILimage@@PAU1@0II@Z 1000af20 f   ilu_scale2d.obj
 0001:0000a010       ?iluScale3DNear_@@YAPAUILimage@@PAU1@0III@Z 1000b010 f   ilu_scale3d.obj
 0001:0000a580       ?iluScale3DLinear_@@YAPAUILimage@@PAU1@0III@Z 1000b580 f   ilu_scale3d.obj
 0001:0000ae10       ?iluScale3D_@@YAPAUILimage@@PAU1@0III@Z 1000be10 f   ilu_scale3d.obj
 0001:0000af20       ?ilu2GetInteger@@YGHI@Z    1000bf20 f   ilu_states.obj
 0001:0000af60       ?ilu2GetIntegerv@@YGXIPAH@Z 1000bf60 f   ilu_states.obj
 0001:0000afa0       ?ilu2GetString@@YGPA_WI@Z  1000bfa0 f   ilu_states.obj
 0001:0000afe0       ?ilu2ImageParameter@@YGXII@Z 1000bfe0 f   ilu_states.obj
 0001:0000b032       ?ilBindImage@@YGXI@Z       1000c032 f   resil:ResIL.dll
 0001:0000b038       ?ilDeleteImages@@YGXIPBI@Z 1000c038 f   resil:ResIL.dll
 0001:0000b03e       ?ilGenImages@@YGXIPAI@Z    1000c03e f   resil:ResIL.dll
 0001:0000b044       ?ilLoadImage@@YGEPB_W@Z    1000c044 f   resil:ResIL.dll
 0001:0000b04a       ?ilGetCurImage@@YGPAUILimage@@XZ 1000c04a f   resil:ResIL.dll
 0001:0000b050       ?ilGetCurName@@YGIXZ       1000c050 f   resil:ResIL.dll
 0001:0000b056       ?il2SetError@@YGXI@Z       1000c056 f   resil:ResIL.dll
 0001:0000b05c       ?il2NewImage@@YGPAUILimage@@IIIEE@Z 1000c05c f   resil:ResIL.dll
 0001:0000b062       ?il2ConvertImage@@YGEPAUILimage@@II@Z 1000c062 f   resil:ResIL.dll
 0001:0000b068       ?il2CopyPixels@@YGIPAUILimage@@IIIIIIIIPAX@Z 1000c068 f   resil:ResIL.dll
 0001:0000b06e       ?il2GetImageInteger@@YGXPAUILimage@@IPAH@Z 1000c06e f   resil:ResIL.dll
 0001:0000b074       ?ialloc@@YGPAXI@Z          1000c074 f   resil:ResIL.dll
 0001:0000b07a       ?ifree@@YGXPBX@Z           1000c07a f   resil:ResIL.dll
 0001:0000b080       ?ilSetCurImage@@YGXPAUILimage@@@Z 1000c080 f   resil:ResIL.dll
 0001:0000b086       ?ilGetPalBaseType@@YGII@Z  1000c086 f   resil:ResIL.dll
 0001:0000b08c       ?ilCloseImage@@YGXPAX@Z    1000c08c f   resil:ResIL.dll
 0001:0000b092       ?il2CopyImageAttr@@YGEPAUILimage@@0@Z 1000c092 f   resil:ResIL.dll
 0001:0000b098       ?il2TexImage@@YGEPAUILimage@@IIIEIIPAX@Z 1000c098 f   resil:ResIL.dll
 0001:0000b09e       ?icalloc@@YGPAXII@Z        1000c09e f   resil:ResIL.dll
 0001:0000b0a4       ?il2GenImage@@YGPAUILimage@@XZ 1000c0a4 f   resil:ResIL.dll
 0001:0000b0aa       ?il2DeleteImage@@YGXPAUILimage@@@Z 1000c0aa f   resil:ResIL.dll
 0001:0000b0b0       ?il2LoadImage@@YGEPAUILimage@@PB_W@Z 1000c0b0 f   resil:ResIL.dll
 0001:0000b0b6       ?il2ClearImage@@YGEPAUILimage@@@Z 1000c0b6 f   resil:ResIL.dll
 0001:0000b0bc       ?il2ConvertPal@@YGEPAUILimage@@I@Z 1000c0bc f   resil:ResIL.dll
 0001:0000b0c2       ?ilGetBppPal@@YGEI@Z       1000c0c2 f   resil:ResIL.dll
 0001:0000b0c8       ?il2GetClear@@YGXPAXII@Z   1000c0c8 f   resil:ResIL.dll
 0001:0000b0ce       ?iConvertImage@@YGPAUILimage@@PAU1@II@Z 1000c0ce f   resil:ResIL.dll
 0001:0000b0d4       ?iMirror@@YGEPAUILimage@@@Z 1000c0d4 f   resil:ResIL.dll
 0001:0000b0da       ?iFlipBuffer@@YGXPAEIII@Z  1000c0da f   resil:ResIL.dll
 0001:0000b0e0       ?il2ResizeImage@@YGEPAUILimage@@IIIEE@Z 1000c0e0 f   resil:ResIL.dll
 0001:0000b0f0       @__security_check_cookie@4 1000c0f0 f   msvcrt:secchk.obj
 0001:0000b100       __ftoui3                   1000c100 f   msvcrt:ftol3.obj
 0001:0000b10f       __ftoul3                   1000c10f f   msvcrt:ftol3.obj
 0001:0000b11e       __ftol3                    1000c11e f   msvcrt:ftol3.obj
 0001:0000b12b       __ftol3_NaN                1000c12b f   msvcrt:ftol3.obj
 0001:0000b143       __ftol3_work               1000c143 f   msvcrt:ftol3.obj
 0001:0000b1c9       __ftol3_common             1000c1c9 f   msvcrt:ftol3.obj
 0001:0000b28b       __ftol3_arg_error          1000c28b f   msvcrt:ftol3.obj
 0001:0000b29d       __ftol3_except             1000c29d f   msvcrt:ftol3.obj
 0001:0000b2df       __dtoui3                   1000c2df f   msvcrt:ftol3.obj
 0001:0000b2ee       __dtoul3                   1000c2ee f   msvcrt:ftol3.obj
 0001:0000b2fd       __dtol3                    1000c2fd f   msvcrt:ftol3.obj
 0001:0000b30a       __dtol3_NaN                1000c30a f   msvcrt:ftol3.obj
 0001:0000b327       __dtol3_work               1000c327 f   msvcrt:ftol3.obj
 0001:0000b40c       __ultod3                   1000c40c f   msvcrt:ftol3.obj
 0001:0000b49d       __ltod3                    1000c49d f   msvcrt:ftol3.obj
 0001:0000b4cc       __libm_sse2_pow_precise    1000c4cc f   msvcrt:MSVCR120.dll
 0001:0000b4d2       __libm_sse2_sqrt_precise   1000c4d2 f   msvcrt:MSVCR120.dll
 0001:0000b4d8       __libm_sse2_sin_precise    1000c4d8 f   msvcrt:MSVCR120.dll
 0001:0000b4de       _ceil                      1000c4de f   msvcrt:MSVCR120.dll
 0001:0000b4e4       _floor                     1000c4e4 f   msvcrt:MSVCR120.dll
 0001:0000b4ea       __libm_sse2_cos_precise    1000c4ea f   msvcrt:MSVCR120.dll
 0001:0000b4f0       __alloca_probe             1000c4f0 f   msvcrt:chkstk.obj
 0001:0000b4f0       __chkstk                   1000c4f0 f   msvcrt:chkstk.obj
 0001:0000b51c       _memcpy                    1000c51c f   msvcrt:MSVCR120.dll
 0001:0000b522       _memset                    1000c522 f   msvcrt:MSVCR120.dll
 0001:0000b528       __CIfmod                   1000c528 f   msvcrt:MSVCR120.dll
 0001:0000b57a       __CRT_INIT@12              1000c57a f   msvcrt:crtdll.obj
 0001:0000b771       __DllMainCRTStartup@12     1000c771 f   msvcrt:crtdll.obj
 0001:0000b8c7       ___raise_securityfailure   1000c8c7 f   msvcrt:gs_report.obj
 0001:0000b904       ___report_gsfailure        1000c904 f   msvcrt:gs_report.obj
 0001:0000ba00       __except1                  1000ca00 f   msvcrt:MSVCR120.dll
 0001:0000ba06       ___CppXcptFilter           1000ca06 f   msvcrt:MSVCR120.dll
 0001:0000ba0c       __amsg_exit                1000ca0c f   msvcrt:MSVCR120.dll
 0001:0000ba20       __FindPESection            1000ca20 f   msvcrt:pesect.obj
 0001:0000ba70       __IsNonwritableInCurrentImage 1000ca70 f   msvcrt:pesect.obj
 0001:0000bb30       __ValidateImageBase        1000cb30 f   msvcrt:pesect.obj
 0001:0000bb61       ___atonexitinit            1000cb61 f   msvcrt:atonexit.obj
 0001:0000bb9d       __onexit                   1000cb9d f   msvcrt:atonexit.obj
 0001:0000bc46       _atexit                    1000cc46 f   msvcrt:atonexit.obj
 0001:0000bc5b       ___security_init_cookie    1000cc5b f   msvcrt:gs_support.obj
 0001:0000bcf7       __RTC_Initialize           1000ccf7 f   msvcrt:initsect.obj
 0001:0000bd17       __RTC_Terminate            1000cd17 f   msvcrt:initsect.obj
 0001:0000bd38       __initterm                 1000cd38 f   msvcrt:MSVCR120.dll
 0001:0000bd3e       __initterm_e               1000cd3e f   msvcrt:MSVCR120.dll
 0001:0000bd44       ___clean_type_info_names   1000cd44 f   msvcrt:tncleanup.obj
 0001:0000bd50       __SEH_prolog4              1000cd50 f   msvcrt:sehprolg4.obj
 0001:0000bd95       __SEH_epilog4              1000cd95 f   msvcrt:sehprolg4.obj
 0001:0000bda9       __except_handler4          1000cda9 f   msvcrt:chandler4gs.obj
 0001:0000bdcc       __crt_debugger_hook        1000cdcc f   msvcrt:MSVCR120.dll
 0001:0000bdd2       ___crtUnhandledException   1000cdd2 f   msvcrt:MSVCR120.dll
 0001:0000bdd8       ___crtTerminateProcess     1000cdd8 f   msvcrt:MSVCR120.dll
 0001:0000bdde       __lock                     1000cdde f   msvcrt:MSVCR120.dll
 0001:0000bde4       __unlock                   1000cde4 f   msvcrt:MSVCR120.dll
 0001:0000bdea       ___dllonexit               1000cdea f   msvcrt:MSVCR120.dll
 0001:0000bdf0       ___clean_type_info_names_internal 1000cdf0 f   msvcrt:MSVCR120.dll
 0001:0000bdf6       __except_handler4_common   1000cdf6 f   msvcrt:MSVCR120.dll
 0001:0000bdfc       _IsProcessorFeaturePresent@4 1000cdfc f   kernel32:KERNEL32.dll
 0002:00000000       __imp__GetSystemTimeAsFileTime@4 1000d000     kernel32:KERNEL32.dll
 0002:00000004       __imp__GetCurrentThreadId@0 1000d004     kernel32:KERNEL32.dll
 0002:00000008       __imp__GetCurrentProcessId@0 1000d008     kernel32:KERNEL32.dll
 0002:0000000c       __imp__QueryPerformanceCounter@4 1000d00c     kernel32:KERNEL32.dll
 0002:00000010       __imp__IsProcessorFeaturePresent@4 1000d010     kernel32:KERNEL32.dll
 0002:00000014       __imp__IsDebuggerPresent@0 1000d014     kernel32:KERNEL32.dll
 0002:00000018       __imp__DecodePointer@4     1000d018     kernel32:KERNEL32.dll
 0002:0000001c       __imp__EncodePointer@4     1000d01c     kernel32:KERNEL32.dll
 0002:00000020       \177KERNEL32_NULL_THUNK_DATA 1000d020     kernel32:KERNEL32.dll
 0002:00000024       __imp___except_handler4_common 1000d024     msvcrt:MSVCR120.dll
 0002:00000028       __imp____clean_type_info_names_internal 1000d028     msvcrt:MSVCR120.dll
 0002:0000002c       __imp___onexit             1000d02c     msvcrt:MSVCR120.dll
 0002:00000030       __imp____dllonexit         1000d030     msvcrt:MSVCR120.dll
 0002:00000034       __imp___calloc_crt         1000d034     msvcrt:MSVCR120.dll
 0002:00000038       __imp___unlock             1000d038     msvcrt:MSVCR120.dll
 0002:0000003c       __imp___lock               1000d03c     msvcrt:MSVCR120.dll
 0002:00000040       __imp____crtTerminateProcess 1000d040     msvcrt:MSVCR120.dll
 0002:00000044       __imp____crtUnhandledException 1000d044     msvcrt:MSVCR120.dll
 0002:00000048       __imp___crt_debugger_hook  1000d048     msvcrt:MSVCR120.dll
 0002:0000004c       __imp___initterm_e         1000d04c     msvcrt:MSVCR120.dll
 0002:00000050       __imp___initterm           1000d050     msvcrt:MSVCR120.dll
 0002:00000054       __imp___malloc_crt         1000d054     msvcrt:MSVCR120.dll
 0002:00000058       __imp___amsg_exit          1000d058     msvcrt:MSVCR120.dll
 0002:0000005c       __imp____CppXcptFilter     1000d05c     msvcrt:MSVCR120.dll
 0002:00000060       __imp___except1            1000d060     msvcrt:MSVCR120.dll
 0002:00000064       __imp___CIfmod             1000d064     msvcrt:MSVCR120.dll
 0002:00000068       __imp__rand                1000d068     msvcrt:MSVCR120.dll
 0002:0000006c       __imp__memset              1000d06c     msvcrt:MSVCR120.dll
 0002:00000070       __imp__memcpy              1000d070     msvcrt:MSVCR120.dll
 0002:00000074       __imp__free                1000d074     msvcrt:MSVCR120.dll
 0002:00000078       __imp___libm_sse2_pow_precise 1000d078     msvcrt:MSVCR120.dll
 0002:0000007c       __imp___libm_sse2_sqrt_precise 1000d07c     msvcrt:MSVCR120.dll
 0002:00000080       __imp___libm_sse2_sin_precise 1000d080     msvcrt:MSVCR120.dll
 0002:00000084       __imp__ceil                1000d084     msvcrt:MSVCR120.dll
 0002:00000088       __imp__floor               1000d088     msvcrt:MSVCR120.dll
 0002:0000008c       __imp___libm_sse2_cos_precise 1000d08c     msvcrt:MSVCR120.dll
 0002:00000090       \177MSVCR120_NULL_THUNK_DATA 1000d090     msvcrt:MSVCR120.dll
 0002:00000094       __imp_?il2ResizeImage@@YGEPAUILimage@@IIIEE@Z 1000d094     resil:ResIL.dll
 0002:00000098       __imp_?iFlipBuffer@@YGXPAEIII@Z 1000d098     resil:ResIL.dll
 0002:0000009c       __imp_?iMirror@@YGEPAUILimage@@@Z 1000d09c     resil:ResIL.dll
 0002:000000a0       __imp_?iConvertImage@@YGPAUILimage@@PAU1@II@Z 1000d0a0     resil:ResIL.dll
 0002:000000a4       __imp_?il2GetClear@@YGXPAXII@Z 1000d0a4     resil:ResIL.dll
 0002:000000a8       __imp_?ilGetBppPal@@YGEI@Z 1000d0a8     resil:ResIL.dll
 0002:000000ac       __imp_?il2ConvertPal@@YGEPAUILimage@@I@Z 1000d0ac     resil:ResIL.dll
 0002:000000b0       __imp_?il2ClearImage@@YGEPAUILimage@@@Z 1000d0b0     resil:ResIL.dll
 0002:000000b4       __imp_?il2LoadImage@@YGEPAUILimage@@PB_W@Z 1000d0b4     resil:ResIL.dll
 0002:000000b8       __imp_?il2DeleteImage@@YGXPAUILimage@@@Z 1000d0b8     resil:ResIL.dll
 0002:000000bc       __imp_?il2GenImage@@YGPAUILimage@@XZ 1000d0bc     resil:ResIL.dll
 0002:000000c0       __imp_?icalloc@@YGPAXII@Z  1000d0c0     resil:ResIL.dll
 0002:000000c4       __imp_?il2TexImage@@YGEPAUILimage@@IIIEIIPAX@Z 1000d0c4     resil:ResIL.dll
 0002:000000c8       __imp_?il2CopyImageAttr@@YGEPAUILimage@@0@Z 1000d0c8     resil:ResIL.dll
 0002:000000cc       __imp_?ilCloseImage@@YGXPAX@Z 1000d0cc     resil:ResIL.dll
 0002:000000d0       __imp_?ilGetPalBaseType@@YGII@Z 1000d0d0     resil:ResIL.dll
 0002:000000d4       __imp_?ilSetCurImage@@YGXPAUILimage@@@Z 1000d0d4     resil:ResIL.dll
 0002:000000d8       __imp_?ifree@@YGXPBX@Z     1000d0d8     resil:ResIL.dll
 0002:000000dc       __imp_?ialloc@@YGPAXI@Z    1000d0dc     resil:ResIL.dll
 0002:000000e0       __imp_?il2GetImageInteger@@YGXPAUILimage@@IPAH@Z 1000d0e0     resil:ResIL.dll
 0002:000000e4       __imp_?il2CopyPixels@@YGIPAUILimage@@IIIIIIIIPAX@Z 1000d0e4     resil:ResIL.dll
 0002:000000e8       __imp_?il2ConvertImage@@YGEPAUILimage@@II@Z 1000d0e8     resil:ResIL.dll
 0002:000000ec       __imp_?il2NewImage@@YGPAUILimage@@IIIEE@Z 1000d0ec     resil:ResIL.dll
 0002:000000f0       __imp_?il2SetError@@YGXI@Z 1000d0f0     resil:ResIL.dll
 0002:000000f4       __imp_?ilGetCurName@@YGIXZ 1000d0f4     resil:ResIL.dll
 0002:000000f8       __imp_?ilGetCurImage@@YGPAUILimage@@XZ 1000d0f8     resil:ResIL.dll
 0002:000000fc       __imp_?ilLoadImage@@YGEPB_W@Z 1000d0fc     resil:ResIL.dll
 0002:00000100       __imp_?ilGenImages@@YGXIPAI@Z 1000d100     resil:ResIL.dll
 0002:00000104       __imp_?ilDeleteImages@@YGXIPBI@Z 1000d104     resil:ResIL.dll
 0002:00000108       __imp_?ilBindImage@@YGXI@Z 1000d108     resil:ResIL.dll
 0002:0000010c       \177ResIL_NULL_THUNK_DATA  1000d10c     resil:ResIL.dll
 0002:00000110       ___xc_a                    1000d110     msvcrt:cinitexe.obj
 0002:00000114       ___xc_z                    1000d114     msvcrt:cinitexe.obj
 0002:00000118       ___xi_a                    1000d118     msvcrt:cinitexe.obj
 0002:00000124       ___xi_z                    1000d124     msvcrt:cinitexe.obj
 0002:00000168       ??_C@_1CG@EMNOPBBK@?$AAe?$AAn?$AAu?$AAm?$AAe?$AAr?$AAa?$AAn?$AAt?$AA?5?$AE?$CI?$AA?$KO?$AE?$CI?$AA?$KH?$AE?$CI?$AA?$LH?$AE?$CI?$AA?$KG?$AA?$AA@ 1000d168     ilu_error.obj
 0002:00000190       ??_C@_1EC@HMAJJNNF@?$AE?$CI?$AA?$KO?$AE?$CI?$AA?$KH?$AE?$CI?$AA?$LB?$AE?$CI?$AA?$KM?$AA?5?$AE?$CI?$AA?$KN?$AE?$CI?$AE?$AH?$AE?$CJ?5?$KM?$AE?$CI?$AE?$AH?$AA?5?$AE?$CI?$AA?$KH?$AE?$CJ?5?$BO?$AE?$CI?$AA?$LA?$AE?$CI?$AA?$KH?$AE?$CJ?$AES?$AE?$CI?$AA?$LB?$AE?$CI?$AA?$KJ@ 1000d190     ilu_error.obj
 0002:000001d8       ??_C@_1EM@EHMDPPBO@?$AE?$CJ?5?5?$AE?$CI?$AEV?$AE?$CJ?5?$BK?$AA?5?$AE?$CI?$AA?$KH?$AE?$CJ?5?$BO?$AE?$CI?$AA?$LF?$AE?$CJ?5?$KM?$AE?$CI?$AA?$LB?$AE?$CI?$AA?$KJ?$AA?5?$AE?$CI?$AET?$AE?$CJ?$AE?7?$AE?$CI?$AA?$LB?$AA?5?$AE?$CJ?5?$CG?$AE?$CI?$AE?$AH?$AE?$CI@ 1000d1d8     ilu_error.obj
 0002:00000224       ??_C@_1CE@PMJIFHNI@?$AE?$CI?$AA?$KO?$AE?$CI?$AA?$LH?$AE?$CI?$AE?$AI?$AA?5?$AE?$CI?$AE?$AH?$AE?$CI?$AA?$KH?$AE?$CI?$AA?$KO?$AE?$CJ?5?$BO?$AE?$CJ?$AE?7?$AA?$AA@ 1000d224     ilu_error.obj
 0002:00000248       ??_C@_1CI@LNPDBDKP@?$AE?$CJ?5?$BK?$AE?$CJ?$AE?7?$AE?$CJ?5?$CG?$AE?$CI?$AA?$KJ?$AA?5?$AE?$CI?$AA?$KO?$AE?$CI?$AA?$KH?$AE?$CI?$AA?$LH?$AE?$CI?$AA?$KG?$AE?$CI?$AA?$KJ?$AA?$AA@ 1000d248     ilu_error.obj
 0002:00000270       ??_C@_1DK@HIHJIKBJ@?$AE?$CI?$CB?$BG?$AE?$CJ?5?$CG?$AE?$CJ?5?$BO?$AE?$CJ?$AE?7?$AE?$CI?$AA?$KJ?$AA?5?$AE?$CI?$AET?$AE?$CJ?$AE?7?$AE?$CI?$AA?$LB?$AA?5?$AE?$CI?$AE?$JB?$AE?$CI?$AA?$LB?$AE?$CI?$CB?$BG?$AE?$CJ?$AE?7?$AE?$CI?$AA?$KJ?$AA?$AA@ 1000d270     ilu_error.obj
 0002:000002b0       ??_C@_1FK@EKCEAIJM@?$AE?$CI?$AA?$LB?$AE?$CJ?5?$BK?$AE?$CJ?5?$CG?$AA?5?$AA?$CI?$AE?$CJ?5?$BK?$AE?$CJ?$AE?7?$AE?$CJ?5?$CG?$AE?$CI?$AA?$KJ?$AA?$CJ?$AA?5?$AE?$CI?$AA?$KH?$AE?$CJ?5?$BO?$AE?$CJ?5?$CG?$AE?$CJ?5?$BO?$AE?$CJ?$AE?$AD?$AA?5?$AE?$CI?$AET?$AE?$CJ@ 1000d2b0     ilu_error.obj
 0002:0000030c       ??_C@_1DG@JGMEKPGL@?$AE?$CI?$AA?$LB?$AE?$CI?$AE?$AI?$AE?$CI?$AEV?$AA?5?$AE?$CI?$AA?$KH?$AE?$CJ?5?$BO?$AE?$CJ?5?$CG?$AE?$CJ?5?$BO?$AE?$CJ?$AE?$AD?$AA?5?$AE?$CI?$AA?$KO?$AE?$CI?$AA?$KH?$AE?$CI?$AA?$LH?$AE?$CI?$AA?$KG?$AA?$AA@ 1000d30c     ilu_error.obj
 0002:00000348       ??_C@_1FE@PMOPAGPB@?$AE?$CI?$AA?$KH?$AE?$CJ?5?$BO?$AE?$CI?$AE?$AB?$AE?$CI?$AA?$KH?$AE?$CI?$AA?$LB?$AE?$CJ?5?$CG?$AE?$CI?$AE?$AE?$AE?$CI?$AA?$LB?$AA?$CI?$AE?$CI?$AA?$KH?$AE?$CJ?5?$BO?$AE?$CJ?5?$CG?$AE?$CI?$CB?$BG?$AE?$CI?$AA?$KH?$AE?$CJ?5?$CG?$AE?$CJ?5?$BO?$AA?$CJ@ 1000d348     ilu_error.obj
 0002:0000039c       ??_C@_1DO@DCOACMIO@?$AE?$CJ?5?$BO?$AE?$CI?$AA?$KH?$AE?$CJ?$AE?7?$AE?$CJ?5?$CG?$AE?$CJ?$AES?$AE?$CJ?5?5?$AA?5?$AE?$CJ?$AE?$AD?$AE?$CI?$AE?$AE?$AE?$CI?$AA?$KN?$AA?5?$AE?$CI?$AA?$KH?$AE?$CJ?5?$BO?$AE?$CJ?5?$CG?$AE?$CJ?5?$BO?$AE?$CJ?$AE?$AD?$AA?$AA@ 1000d39c     ilu_error.obj
 0002:000003e0       ??_C@_1EC@JDKPENFO@?$AE?$CI?$AA?$KH?$AE?$CJ?5?$CG?$AE?$CI?$AE?$AE?$AE?$CI?$AE?$AH?$AE?$CI?$AA?$KH?$AE?$CI?$AE?$AH?$AA?5?$AE?$CI?$AA?$KH?$AE?$CJ?5?$BO?$AE?$CJ?5?$CG?$AE?$CJ?5?$BO?$AE?$CJ?$AE?$AD?$AA?5?$AE?$CI?$AA?$KO?$AE?$CI?$AA?$KH?$AE?$CI?$AA?$LH?$AE?$CI?$AA?$KG@ 1000d3e0     ilu_error.obj
 0002:00000424       ??_C@_1CM@EAJCOFDE@?$AE?$CI?$AA?$KH?$AE?$CJ?5?$BO?$AE?$CJ?5?$CG?$AE?$CJ?5?$BO?$AE?$CJ?$AE?$AD?$AA?5?$AE?$CJ?5?$CG?$AE?$CJ?5?$KM?$AE?$CI?$AA?$KM?$AE?$CJ?5?$KM?$AE?$CI?$AE?$AH?$AA?$AA@ 1000d424     ilu_error.obj
 0002:00000450       ??_C@_1CM@GEOCLFPM@?$AAo?$AAu?$AAt?$AA?5?$AAf?$AAo?$AAr?$AAm?$AAa?$AAt?$AA?5?$AAe?$AAq?$AAu?$AAi?$AAv?$AAa?$AAl?$AAe?$AAn?$AAt?$AA?$AA@ 1000d450     ilu_error.obj
 0002:00000480       ??_C@_1EM@DBIANKEA@?$AE?$CI?$AA?$KH?$AE?$CJ?5?$BO?$AE?$CJ?5?$CG?$AE?$CJ?$AES?$AE?$CI?$AE?$AH?$AE?$CI?$AEV?$AA?$CI?$AE?$CI?$AA?$KH?$AE?$CJ?5?$BO?$AE?$CI?$AEV?$AE?$CI?$AE?$AE?$AE?$CI?$AA?$KH?$AE?$CJ?$AES?$AA?$CJ?$AA?5?$AE?$CJ?5?$CG?$AE?$CJ?5?$CG?$AE?$CI@ 1000d480     ilu_error.obj
 0002:000004d0       ??_C@_1EK@BJBGLDCG@?$AE?$CI?$AA?$KH?$AE?$CJ?5?$BO?$AE?$CJ?5?$CG?$AE?$CJ?$AES?$AE?$CI?$AE?$AH?$AE?$CI?$AEV?$AA?5?$AA?$CI?$AE?$CI?$AA?$KH?$AE?$CJ?5?$BO?$AE?$CI?$AEV?$AE?$CI?$AE?$AE?$AE?$CI?$AA?$KH?$AE?$CJ?$AES?$AA?$CJ?$AA?5?$AE?$CJ?$AE?$AD?$AE?$CI?$AA?$KH@ 1000d4d0     ilu_error.obj
 0002:0000051c       ??_C@_1CI@NIGJCFLE@?$AE?$CI?$AE?$AE?$AE?$CI?$AA?$KN?$AE?$CJ?5?$KM?$AE?$CJ?$AE?7?$AE?$CJ?5?$BO?$AA?5?$AE?$CI?$AA?$KO?$AE?$CI?$AA?$KH?$AE?$CI?$AA?$LH?$AE?$CI?$AA?$KG?$AA?$AA@ 1000d51c     ilu_error.obj
 0002:00000544       ??_C@_1CM@NJGALCLC@?$AE?$CI?$AE?$AI?$AE?$CI?$AE?$AB?$AE?$CI?$CB?$BG?$AE?$CI?$AA?$KH?$AE?$CI?$AE?$AH?$AA?5?$AE?$CI?$AA?$KO?$AE?$CI?$AA?$KH?$AE?$CI?$AA?$LH?$AE?$CI?$AA?$KG?$AE?$CI?$AA?$KJ?$AA?$AA@ 1000d544     ilu_error.obj
 0002:00000570       ??_C@_1FO@HANKEFHD@?$AE?$CI?$AA?$KN?$AE?$CI?$AE?$AH?$AE?$CI?$AA?$KL?$AA?5?$AE?$CI?$AA?$KO?$AE?$CI?$AA?$LH?$AE?$CI?$AE?$AI?$AA?5?$AE?$CI?$AE?$AI?$AE?$CI?$AA?$KL?$AE?$CJ?5?5?$AE?$CI?$AA?$KH?$AE?$CI?$AE?$AO?$AA?5?$AE?$CJ?5?$BK?$AE?$CI?$AA?$LB?$AE?$CI?$AA?$KH?$AE?$CI@ 1000d570     ilu_error.obj
 0002:000005d0       ??_C@_1DG@DPBGMACN@?$AE?$CI?$AA?$KO?$AE?$CI?$AA?$LH?$AE?$CI?$AE?$AI?$AA?5?$AE?$CJ?$AE?$AD?$AE?$CJ?$AE?7?$AA?5?$AE?$CJ?5?$CG?$AE?$CJ?$AES?$AE?$CI?$AE?$AE?$AE?$CI?$AE?$AB?$AE?$CI?$AA?$KJ?$AA?5?$AAg?$AAi?$AAf?$AA?$AA@ 1000d5d0     ilu_error.obj
 0002:00000608       ??_C@_1DI@NCBLLON@?$AE?$CI?$AA?$KO?$AE?$CI?$AA?$LH?$AE?$CI?$AE?$AI?$AA?5?$AE?$CJ?$AE?$AD?$AE?$CJ?$AE?7?$AA?5?$AE?$CJ?5?$CG?$AE?$CJ?$AES?$AE?$CI?$AE?$AE?$AE?$CI?$AE?$AB?$AE?$CI?$AA?$KJ?$AA?5?$AAj?$AAp?$AAe?$AAg?$AA?$AA@ 1000d608     ilu_error.obj
 0002:00000640       ??_C@_1DG@OMNBKPMC@?$AE?$CI?$AA?$KO?$AE?$CI?$AA?$LH?$AE?$CI?$AE?$AI?$AA?5?$AE?$CJ?$AE?$AD?$AE?$CJ?$AE?7?$AA?5?$AE?$CJ?5?$CG?$AE?$CJ?$AES?$AE?$CI?$AE?$AE?$AE?$CI?$AE?$AB?$AE?$CI?$AA?$KJ?$AA?5?$AAp?$AAn?$AAg?$AA?$AA@ 1000d640     ilu_error.obj
 0002:00000678       ??_C@_1DI@GJJKDFHN@?$AE?$CI?$AA?$KO?$AE?$CI?$AA?$LH?$AE?$CI?$AE?$AI?$AA?5?$AE?$CJ?$AE?$AD?$AE?$CJ?$AE?7?$AA?5?$AE?$CJ?5?$CG?$AE?$CJ?$AES?$AE?$CI?$AE?$AE?$AE?$CI?$AE?$AB?$AE?$CI?$AA?$KJ?$AA?5?$AAt?$AAi?$AAf?$AAf?$AA?$AA@ 1000d678     ilu_error.obj
 0002:000006b0       ??_C@_1DG@LGPILDI@?$AE?$CI?$AA?$KO?$AE?$CI?$AA?$LH?$AE?$CI?$AE?$AI?$AA?5?$AE?$CJ?$AE?$AD?$AE?$CJ?$AE?7?$AA?5?$AE?$CJ?5?$CG?$AE?$CJ?$AES?$AE?$CI?$AE?$AE?$AE?$CI?$AE?$AB?$AE?$CI?$AA?$KJ?$AA?5?$AAm?$AAn?$AAg?$AA?$AA@ 1000d6b0     ilu_error.obj
 0002:000006e8       ??_C@_1DG@MEKFBOFK@?$AE?$CI?$AA?$KO?$AE?$CI?$AA?$LH?$AE?$CI?$AE?$AI?$AA?5?$AE?$CJ?$AE?$AD?$AE?$CJ?$AE?7?$AA?5?$AE?$CJ?5?$CG?$AE?$CJ?$AES?$AE?$CI?$AE?$AE?$AE?$CI?$AE?$AB?$AE?$CI?$AA?$KJ?$AA?5?$AAj?$AAp?$AA2?$AA?$AA@ 1000d6e8     ilu_error.obj
 0002:00000720       ??_C@_1DG@GKMCNGKG@?$AE?$CI?$AA?$KO?$AE?$CI?$AA?$LH?$AE?$CI?$AE?$AI?$AA?5?$AE?$CJ?$AE?$AD?$AE?$CJ?$AE?7?$AA?5?$AE?$CJ?5?$CG?$AE?$CJ?$AES?$AE?$CI?$AE?$AE?$AE?$CI?$AE?$AB?$AE?$CI?$AA?$KJ?$AA?5?$AAe?$AAx?$AAr?$AA?$AA@ 1000d720     ilu_error.obj
 0002:00000758       ??_C@_1CI@KMDHHIDH@?$AE?$CJ?5?$BO?$AE?$CI?$AA?$KH?$AE?$CJ?$AE?7?$AE?$CJ?5?$KM?$AE?$CI?$AA?$KM?$AE?$CI?$AE?$AH?$AA?5?$AE?$CI?$AA?$KO?$AE?$CI?$AA?$LH?$AE?$CI?$AE?$AI?$AA?$AA@ 1000d758     ilu_error.obj
 0002:00000780       ??_C@_1DC@OOOJPKHF@?$AE?$CI?$AA?$KO?$AE?$CI?$AA?$LH?$AE?$CI?$AE?$AI?$AA?5?$AE?$CI?$AET?$AE?$CJ?$AE?7?$AE?$CI?$AA?$LB?$AA?5?$AE?$CJ?5?$CG?$AE?$CI?$CB?$BG?$AE?$CI?$AA?$LB?$AE?$CJ?5?$KM?$AE?$CJ?$AE?$AD?$AA?$AA@ 1000d780     ilu_error.obj
 0002:000007b4       ??_C@_1CI@IMOJOMAB@?$AAO?$AAn?$AAg?$AAe?$AAl?$AAd?$AAi?$AAg?$AAe?$AA?5?$AAe?$AAn?$AAu?$AAm?$AAe?$AAr?$AAa?$AAn?$AAt?$AA?$AA@ 1000d7b4     ilu_error.obj
 0002:000007dc       ??_C@_1DA@FKGAOINK@?$AAG?$AAe?$AAe?$AAn?$AA?5?$AAv?$AAr?$AAi?$AAj?$AA?5?$AAg?$AAe?$AAh?$AAe?$AAu?$AAg?$AAe?$AAn?$AA?5?$AAm?$AAe?$AAe?$AAr?$AA?$AA@ 1000d7dc     ilu_error.obj
 0002:00000810       ??_C@_1EE@MMILIJIF@?$AAF?$AAo?$AAr?$AAm?$AAa?$AAt?$AA?5?$AAw?$AAo?$AAr?$AAd?$AAt?$AA?5?$AAn?$AAo?$AAg?$AA?5?$AAn?$AAi?$AAe?$AAt?$AA?5?$AAo?$AAn?$AAd?$AAe?$AAr?$AAs?$AAt?$AAe?$AAu?$AAn@ 1000d810     ilu_error.obj
 0002:00000854       ??_C@_1BK@IAHOFMGB@?$AAI?$AAn?$AAt?$AAe?$AAr?$AAn?$AAe?$AA?5?$AAf?$AAo?$AAu?$AAt?$AA?$AA@ 1000d854     ilu_error.obj
 0002:00000870       ??_C@_1CC@BNHNEJBH@?$AAO?$AAn?$AAg?$AAe?$AAl?$AAd?$AAi?$AAg?$AAe?$AA?5?$AAw?$AAa?$AAa?$AAr?$AAd?$AAe?$AA?$AA@ 1000d870     ilu_error.obj
 0002:00000894       ??_C@_1CA@OMNHALEG@?$AAF?$AAo?$AAu?$AAt?$AAe?$AA?5?$AAb?$AAe?$AAw?$AAe?$AAr?$AAk?$AAi?$AAn?$AAg?$AA?$AA@ 1000d894     ilu_error.obj
 0002:000008b4       ??_C@_1CK@DALIPNHP@?$AAF?$AAo?$AAu?$AAt?$AAe?$AA?5?$AAb?$AAe?$AAs?$AAt?$AAa?$AAn?$AAd?$AAs?$AAw?$AAa?$AAa?$AAr?$AAd?$AAe?$AA?$AA@ 1000d8b4     ilu_error.obj
 0002:000008e0       ??_C@_1CI@CKOFGPEF@?$AAF?$AAo?$AAu?$AAt?$AAe?$AA?5?$AAb?$AAe?$AAs?$AAt?$AAa?$AAn?$AAd?$AAs?$AAb?$AAe?$AAg?$AAi?$AAn?$AA?$AA@ 1000d8e0     ilu_error.obj
 0002:00000908       ??_C@_1CI@NOFPCGDE@?$AAO?$AAn?$AAg?$AAe?$AAl?$AAd?$AAi?$AAg?$AAe?$AA?5?$AAp?$AAa?$AAr?$AAa?$AAm?$AAe?$AAt?$AAe?$AAr?$AA?$AA@ 1000d908     ilu_error.obj
 0002:00000930       ??_C@_1DI@CHFHPILJ@?$AAK?$AAa?$AAn?$AA?5?$AAh?$AAe?$AAt?$AA?5?$AAb?$AAe?$AAs?$AAt?$AAa?$AAn?$AAd?$AA?5?$AAn?$AAi?$AAe?$AAt?$AA?5?$AAo?$AAp?$AAe?$AAn?$AAe?$AAn?$AA?$AA@ 1000d930     ilu_error.obj
 0002:00000968       ??_C@_1BE@LCGIKMOB@?$AAo?$AAn?$AAg?$AAe?$AAl?$AAd?$AAi?$AAg?$AAe?$AA?$AA@ 1000d968     ilu_error.obj
 0002:0000097c       ??_C@_1CM@OKHKECGG@?$AAB?$AAe?$AAs?$AAt?$AAa?$AAn?$AAd?$AA?5?$AAb?$AAe?$AAs?$AAt?$AAa?$AAa?$AAt?$AA?5?$AAr?$AAe?$AAe?$AAd?$AAs?$AA?$AA@ 1000d97c     ilu_error.obj
 0002:000009a8       ??_C@_1DI@LOPIGHEA@?$AAu?$AAi?$AAt?$AAg?$AAa?$AAa?$AAn?$AAd?$AA?5?$AAf?$AAo?$AAr?$AAm?$AAa?$AAa?$AAt?$AA?5?$AAe?$AAq?$AAu?$AAi?$AAv?$AAa?$AAl?$AAe?$AAn?$AAt?$AA?$AA@ 1000d9a8     ilu_error.obj
 0002:000009e0       ??_C@_1CI@CPFECHMH@?$AAs?$AAt?$AAa?$AAp?$AAe?$AAl?$AA?5?$AAo?$AAv?$AAe?$AAr?$AAs?$AAt?$AAr?$AAo?$AAm?$AAi?$AAn?$AAg?$AA?$AA@ 1000d9e0     ilu_error.obj
 0002:00000a08       ??_C@_1CK@PLLKABCL@?$AAs?$AAt?$AAa?$AAp?$AAe?$AAl?$AA?5?$AAo?$AAn?$AAd?$AAe?$AAr?$AAs?$AAt?$AAr?$AAo?$AAm?$AAi?$AAn?$AAg?$AA?$AA@ 1000da08     ilu_error.obj
 0002:00000a34       ??_C@_1CI@LFJMNLPM@?$AAo?$AAn?$AAg?$AAe?$AAl?$AAd?$AAi?$AAg?$AAe?$AA?5?$AAo?$AAm?$AAz?$AAe?$AAt?$AAt?$AAi?$AAn?$AAg?$AA?$AA@ 1000da34     ilu_error.obj
 0002:00000a5c       ??_C@_1CG@JNCKHOAF@?$AAs?$AAl?$AAe?$AAc?$AAh?$AAt?$AAe?$AA?5?$AAa?$AAf?$AAm?$AAe?$AAt?$AAi?$AAn?$AAg?$AAe?$AAn?$AA?$AA@ 1000da5c     ilu_error.obj
 0002:00000a84       ??_C@_1CI@BBHOKBNC@?$AAL?$AAe?$AAe?$AAs?$AAf?$AAo?$AAu?$AAt?$AA?5?$AAi?$AAn?$AA?5?$AAb?$AAe?$AAs?$AAt?$AAa?$AAn?$AAd?$AA?$AA@ 1000da84     ilu_error.obj
 0002:00000aac       ??_C@_1DA@BMDFEJHG@?$AAf?$AAo?$AAu?$AAt?$AA?5?$AAi?$AAn?$AA?5?$AAg?$AAi?$AAf?$AA?5?$AAb?$AAi?$AAb?$AAl?$AAi?$AAo?$AAt?$AAh?$AAe?$AAe?$AAk?$AA?$AA@ 1000daac     ilu_error.obj
 0002:00000adc       ??_C@_1DC@GLKNCDLC@?$AAf?$AAo?$AAu?$AAt?$AA?5?$AAi?$AAn?$AA?5?$AAj?$AAp?$AAe?$AAg?$AA?5?$AAb?$AAi?$AAb?$AAl?$AAi?$AAo?$AAt?$AAh?$AAe?$AAe?$AAk?$AA?$AA@ 1000dadc     ilu_error.obj
 0002:00000b10       ??_C@_1DA@NGOGBCP@?$AAf?$AAo?$AAu?$AAt?$AA?5?$AAi?$AAn?$AA?5?$AAp?$AAn?$AAg?$AA?5?$AAb?$AAi?$AAb?$AAl?$AAi?$AAo?$AAt?$AAh?$AAe?$AAe?$AAk?$AA?$AA@ 1000db10     ilu_error.obj
 0002:00000b40       ??_C@_1DC@CAPGNEEG@?$AAf?$AAo?$AAu?$AAt?$AA?5?$AAi?$AAn?$AA?5?$AAt?$AAi?$AAf?$AAf?$AA?5?$AAb?$AAi?$AAb?$AAl?$AAi?$AAo?$AAt?$AAh?$AAe?$AAe?$AAk?$AA?$AA@ 1000db40     ilu_error.obj
 0002:00000b74       ??_C@_1DA@HDHDCEBC@?$AAf?$AAo?$AAu?$AAt?$AA?5?$AAi?$AAn?$AA?5?$AAm?$AAn?$AAg?$AA?5?$AAb?$AAi?$AAb?$AAl?$AAi?$AAo?$AAt?$AAh?$AAe?$AAe?$AAk?$AA?$AA@ 1000db74     ilu_error.obj
 0002:00000ba4       ??_C@_1DA@HLHMMBEN@?$AAf?$AAo?$AAu?$AAt?$AA?5?$AAi?$AAn?$AA?5?$AAj?$AAp?$AA2?$AA?5?$AAb?$AAi?$AAb?$AAl?$AAi?$AAo?$AAt?$AAh?$AAe?$AAe?$AAk?$AA?$AA@ 1000dba4     ilu_error.obj
 0002:00000bd4       ??_C@_1DA@HFPELOMN@?$AAf?$AAo?$AAu?$AAt?$AA?5?$AAi?$AAn?$AA?5?$AAe?$AAx?$AAr?$AA?5?$AAb?$AAi?$AAb?$AAl?$AAi?$AAo?$AAt?$AAh?$AAe?$AAe?$AAk?$AA?$AA@ 1000dbd4     ilu_error.obj
 0002:00000c04       ??_C@_1BE@ELLEKHBC@?$AAg?$AAe?$AAe?$AAn?$AA?5?$AAf?$AAo?$AAu?$AAt?$AA?$AA@ 1000dc04     ilu_error.obj
 0002:00000c18       ??_C@_1BO@BJDEMPII@?$AAo?$AAn?$AAb?$AAe?$AAk?$AAe?$AAn?$AAd?$AAe?$AA?5?$AAf?$AAo?$AAu?$AAt?$AA?$AA@ 1000dc18     ilu_error.obj
 0002:00000c38       ??_C@_1CE@BCAFBLJ@?$AAi?$AAn?$AAv?$AAa?$AAl?$AAi?$AAd?$AA?5?$AAe?$AAn?$AAu?$AAm?$AAe?$AAr?$AAa?$AAn?$AAt?$AA?$AA@ 1000dc38     ilu_error.obj
 0002:00000c5c       ??_C@_1BM@BMAPKJHF@?$AAo?$AAu?$AAt?$AA?5?$AAo?$AAf?$AA?5?$AAm?$AAe?$AAm?$AAo?$AAr?$AAy?$AA?$AA@ 1000dc5c     ilu_error.obj
 0002:00000c78       ??_C@_1DC@LCIPDJNP@?$AAf?$AAo?$AAr?$AAm?$AAa?$AAt?$AA?5?$AAn?$AAo?$AAt?$AA?5?$AAs?$AAu?$AAp?$AAp?$AAo?$AAr?$AAt?$AAe?$AAd?$AA?5?$AAy?$AAe?$AAt?$AA?$AA@ 1000dc78     ilu_error.obj
 0002:00000cac       ??_C@_1BO@JGHPIJJK@?$AAi?$AAn?$AAt?$AAe?$AAr?$AAn?$AAa?$AAl?$AA?5?$AAe?$AAr?$AAr?$AAo?$AAr?$AA?$AA@ 1000dcac     ilu_error.obj
 0002:00000ccc       ??_C@_1BM@KNOHGDIE@?$AAi?$AAn?$AAv?$AAa?$AAl?$AAi?$AAd?$AA?5?$AAv?$AAa?$AAl?$AAu?$AAe?$AA?$AA@ 1000dccc     ilu_error.obj
 0002:00000ce8       ??_C@_1CE@GIOFLKOI@?$AAi?$AAl?$AAl?$AAe?$AAg?$AAa?$AAl?$AA?5?$AAo?$AAp?$AAe?$AAr?$AAa?$AAt?$AAi?$AAo?$AAn?$AA?$AA@ 1000dce8     ilu_error.obj
 0002:00000d0c       ??_C@_1CG@CAODKLOC@?$AAi?$AAl?$AAl?$AAe?$AAg?$AAa?$AAl?$AA?5?$AAf?$AAi?$AAl?$AAe?$AA?5?$AAv?$AAa?$AAl?$AAu?$AAe?$AA?$AA@ 1000dd0c     ilu_error.obj
 0002:00000d34       ??_C@_1CI@CKHAEECK@?$AAi?$AAn?$AAv?$AAa?$AAl?$AAi?$AAd?$AA?5?$AAf?$AAi?$AAl?$AAe?$AA?5?$AAh?$AAe?$AAa?$AAd?$AAe?$AAr?$AA?$AA@ 1000dd34     ilu_error.obj
 0002:00000d5c       ??_C@_1CE@FDJGJLIM@?$AAi?$AAn?$AAv?$AAa?$AAl?$AAi?$AAd?$AA?5?$AAp?$AAa?$AAr?$AAa?$AAm?$AAe?$AAt?$AAe?$AAr?$AA?$AA@ 1000dd5c     ilu_error.obj
 0002:00000d80       ??_C@_1CI@PNPENFJK@?$AAc?$AAo?$AAu?$AAl?$AAd?$AA?5?$AAn?$AAo?$AAt?$AA?5?$AAo?$AAp?$AAe?$AAn?$AA?5?$AAf?$AAi?$AAl?$AAe?$AA?$AA@ 1000dd80     ilu_error.obj
 0002:00000da8       ??_C@_1CE@FIDIOFI@?$AAi?$AAn?$AAv?$AAa?$AAl?$AAi?$AAd?$AA?5?$AAe?$AAx?$AAt?$AAe?$AAn?$AAs?$AAi?$AAo?$AAn?$AA?$AA@ 1000dda8     ilu_error.obj
 0002:00000dcc       ??_C@_1CI@JJPAMJDE@?$AAf?$AAi?$AAl?$AAe?$AA?5?$AAa?$AAl?$AAr?$AAe?$AAa?$AAd?$AAy?$AA?5?$AAe?$AAx?$AAi?$AAs?$AAt?$AAs?$AA?$AA@ 1000ddcc     ilu_error.obj
 0002:00000df4       ??_C@_1BO@IJEMINHH@?$AAs?$AAt?$AAa?$AAc?$AAk?$AA?5?$AAo?$AAv?$AAe?$AAr?$AAf?$AAl?$AAo?$AAw?$AA?$AA@ 1000ddf4     ilu_error.obj
 0002:00000e14       ??_C@_1CA@FPJPDOKI@?$AAs?$AAt?$AAa?$AAc?$AAk?$AA?5?$AAu?$AAn?$AAd?$AAe?$AAr?$AAf?$AAl?$AAo?$AAw?$AA?$AA@ 1000de14     ilu_error.obj
 0002:00000e34       ??_C@_1CG@MKADAEIE@?$AAi?$AAn?$AAv?$AAa?$AAl?$AAi?$AAd?$AA?5?$AAc?$AAo?$AAn?$AAv?$AAe?$AAr?$AAs?$AAi?$AAo?$AAn?$AA?$AA@ 1000de34     ilu_error.obj
 0002:00000e5c       ??_C@_1BO@FOHEDCED@?$AAb?$AAa?$AAd?$AA?5?$AAd?$AAi?$AAm?$AAe?$AAn?$AAs?$AAi?$AAo?$AAn?$AAs?$AA?$AA@ 1000de5c     ilu_error.obj
 0002:00000e7c       ??_C@_1CA@EIFDJBOE@?$AAf?$AAi?$AAl?$AAe?$AA?5?$AAr?$AAe?$AAa?$AAd?$AA?5?$AAe?$AAr?$AAr?$AAo?$AAr?$AA?$AA@ 1000de7c     ilu_error.obj
 0002:00000e9c       ??_C@_1CE@LCDGAJIP@?$AAg?$AAi?$AAf?$AA?5?$AAl?$AAi?$AAb?$AAr?$AAa?$AAr?$AAy?$AA?5?$AAe?$AAr?$AAr?$AAo?$AAr?$AA?$AA@ 1000de9c     ilu_error.obj
 0002:00000ec0       ??_C@_1CG@BNHFIPKA@?$AAj?$AAp?$AAe?$AAg?$AA?5?$AAl?$AAi?$AAb?$AAr?$AAa?$AAr?$AAy?$AA?5?$AAe?$AAr?$AAr?$AAo?$AAr?$AA?$AA@ 1000dec0     ilu_error.obj
 0002:00000ee8       ??_C@_1CE@BJCPKJC@?$AAp?$AAn?$AAg?$AA?5?$AAl?$AAi?$AAb?$AAr?$AAa?$AAr?$AAy?$AA?5?$AAe?$AAr?$AAr?$AAo?$AAr?$AA?$AA@ 1000dee8     ilu_error.obj
 0002:00000f0c       ??_C@_1CG@BMLLHHIC@?$AAt?$AAi?$AAf?$AAf?$AA?5?$AAl?$AAi?$AAb?$AAr?$AAa?$AAr?$AAy?$AA?5?$AAe?$AAr?$AAr?$AAo?$AAr?$AA?$AA@ 1000df0c     ilu_error.obj
 0002:00000f34       ??_C@_1CE@DNFDKFOC@?$AAm?$AAn?$AAg?$AA?5?$AAl?$AAi?$AAb?$AAr?$AAa?$AAr?$AAy?$AA?5?$AAe?$AAr?$AAr?$AAo?$AAr?$AA?$AA@ 1000df34     ilu_error.obj
 0002:00000f58       ??_C@_1CE@IIFHDMKA@?$AAj?$AAp?$AA2?$AA?5?$AAl?$AAi?$AAb?$AAr?$AAa?$AAr?$AAy?$AA?5?$AAe?$AAr?$AAr?$AAo?$AAr?$AA?$AA@ 1000df58     ilu_error.obj
 0002:00000f7c       ??_C@_1CE@COEBJKLC@?$AAe?$AAx?$AAr?$AA?5?$AAl?$AAi?$AAb?$AAr?$AAa?$AAr?$AAy?$AA?5?$AAe?$AAr?$AAr?$AAo?$AAr?$AA?$AA@ 1000df7c     ilu_error.obj
 0002:00000fa0       ??_C@_1BC@IIGBHFMG@?$AAn?$AAo?$AA?5?$AAe?$AAr?$AAr?$AAo?$AAr?$AA?$AA@ 1000dfa0     ilu_error.obj
 0002:00000fb4       ??_C@_1BM@PJCGNPCB@?$AAu?$AAn?$AAk?$AAn?$AAo?$AAw?$AAn?$AA?5?$AAe?$AAr?$AAr?$AAo?$AAr?$AA?$AA@ 1000dfb4     ilu_error.obj
 0002:00000fd0       ??_C@_1CG@MEJLPNM@?$AE7?5?$BO?$AE?$AO?$AE5?$AE?7?$CB?$BG?$AE3?$AE?$AD?$AE?$AE?$AE5?5?$KM?5?$BE?$AE6?$AE?6?$CB?$CC?$AE5?$AE?$AC?$AA?$KE?$AA?$AA@ 1000dfd0     ilu_error.obj
 0002:00000ff8       ??_C@_1CA@PMNNDHML@?$AE3?$AES?$AE?$AO?$AE3?$AES?$AE?$FO?$AE3?$AES?$AE?$AE?$AE4?$AEQ?$AE?$AM?$AE8?$AA?$LG?$AEV?$AA?$AA@ 1000dff8     ilu_error.obj
 0002:00001018       ??_C@_1GO@BNJPFLMF@?$AE3?$AE?$AD?$AEU?$AE3?$AE?$AD?$AA?$KA?$AE3?5?$BK?$AA?$LF?$AE3?$AES?$AE?2?$AE3?$AES?$AEX?$AE3?$AES?5?$KM?$AE3?$AE?$AD?5?$CC?$AE3?5?$BK?$AE?6?$AE3?$AE?$AD?$AA?$KG?$AE3?$AE?$AD?5?$BO?$AE3?$AE?$AD@ 1000e018     ilu_error.obj
 0002:00001088       ??_C@_1CA@BABLOLHH@?$AE5?5?5?5?$CG?$AE9?$AES?$AE?$AB?$AE3?5?$BK?$AE?$AB?$AE3?$AES?$AA?$KJ?$AE3?$AES?$AEX?$AA?$AA@ 1000e088     ilu_error.obj
 0002:000010a8       ??_C@_1BK@GACJPODK@?$AE7?5?$BO?$AE?$AO?$AE5?$AE?7?$CB?$BG?$AE3?$AE?$AD?$AE?$AE?$AE5?$AE?$AC?$AA?$KE?$AA?$AA@ 1000e0a8     ilu_error.obj
 0002:000010c4       ??_C@_1DO@MEDCIBPG@?$AE4?$AEQ?$AE?$AM?$AE6?$AA?$KN?$AE?$AI?$AE3?$AE?$AD?$AE?$AE?$AE3?5?$BK?$AE?$AE?$AE3?$AES?$AEY?$AE3?$AES?$AA?$KM?$AE3?$AES?$AEX?$AE3?5?$BK?$AA?$LH?$AE3?$AES?$AA?$KH?$AE3?$AES?$AEV?$AA?$AA@ 1000e0c4     ilu_error.obj
 0002:00001104       ??_C@_1DI@FKBMMEC@?$AE4?$AEQ?$AE?$AM?$AE6?$AA?$KN?$AE?$AI?$AE3?$AE?$AD?$AE?$AE?$AE3?$AES?5?$CC?$AE3?5?$BK?$AE?$AO?$AE3?5?$BK?$AA?$KE?$AE3?$AES?$AA?$KL?$AE3?$AE?$AD?$AA?$KO?$AE5?$AE?$AC?$AA?$KE?$AA?$AA@ 1000e104     ilu_error.obj
 0002:0000113c       ??_C@_1DO@KJPONCML@?$AE7?5?$BO?$AE?$AO?$AE5?$AE?7?$CB?$BG?$AE3?$AE?$AD?$AE?$AE?$AE3?$AES?5?$CC?$AE3?5?$BK?$AE?$AO?$AE3?5?$BK?$AA?$KE?$AE3?$AES?$AA?$KL?$AE3?$AES?$AA?$JI?$AE3?$AES?$AES?$AE3?$AES?$AE?$AC?$AA?$AA@ 1000e13c     ilu_error.obj
 0002:0000117c       ??_C@_1CM@MIECFNGO@?$AE7?5?$BO?$AE?$AO?$AE5?$AE?7?$CB?$BG?$AE3?$AE?$AD?$AE?$AE?$AE3?$AES?5?$BI?$AE3?$AES?$AA?$KJ?$AE3?$AES?$AE?$AO?$AE3?5?$BK?$AEW?$AA?$AA@ 1000e17c     ilu_error.obj
 0002:000011a8       ??_C@_1DO@PLKCDKID@?$AE3?$AES?5?$CC?$AE3?5?$BK?$AE?$AO?$AE3?5?$BK?$AA?$KE?$AE3?$AES?$AA?$KL?$AE3?$AE?$AD?$AE?6?$AE9?5?$BD?59?$AE3?$AE?$AD?5?$BI?$AE3?$AE?$AD?$AEU?$AE3?$AE?$AD?5?3?$AE3?5?$BK?5?$BM?$AA?$AA@ 1000e1a8     ilu_error.obj
 0002:000011e8       ??_C@_1CG@HEONPGED@?$AE7?5?$BO?$AE?$AO?$AE5?$AE?7?$CB?$BG?$AE3?$AE?$AD?$AE?$AE?$AE6?59?$AE?$AO?$AE5?$AEX?$AA?$LF?$AE5?$AA?$KN?$AER?$AA?$AA@ 1000e1e8     ilu_error.obj
 0002:00001210       ??_C@_1FG@JAAPNJAD@?$AE3?$AES?5?$CC?$AE3?5?$BK?$AE?$AO?$AE3?5?$BK?$AA?$KE?$AE3?$AES?$AA?$KL?$AE3?$AE?$AD?$AE?$AH?$AE6?5?$BE?$AE?$FO?$AE3?$AE?$AD?$AA?$KL?$AE5?$AA?$KN?$AA?$JI?$AE5?$AEZ?$AE?$AB?$AE3?$AE?$AD?5?$BE?$AE3?$AE?$AD@ 1000e210     ilu_error.obj
 0002:00001268       ??_C@_1DI@FDGMMJCG@?$AE7?$AA?$KN?50?$AE4?$AEU?$AE?$AO?$AE3?$AES?5?$CC?$AE3?5?$BK?$AA?$KJ?$AE3?$AES?$AEX?$AE3?$AES?$AE?$FL?$AE3?$AES?$AES?$AE3?$AES?5?$KM?$AE5?$AA?$KE?5?$BD?$AA?$AA@ 1000e268     ilu_error.obj
 0002:000012a0       ??_C@_1EE@BMEILLFA@?$AE3?5?$BK?$CB?$BG?$AE3?5?$BK?$AEW?$AE3?$AES?$AES?$AE3?5?$BK?$AE?$AH?$AE3?5?$BK?$AE?$AE?$AE3?$AES?$AEX?$AE3?$AES?$AER?$AE3?$AES?$AEX?$AE3?$AES?5?$CC?$AE3?$AES?$AA?$KN?$AE3?$AES@ 1000e2a0     ilu_error.obj
 0002:000012e8       ??_C@_1EE@CABEOHDB@?$AE3?5?$BK?$CB?$BG?$AE3?5?$BK?$AEW?$AE3?$AES?$AES?$AE3?5?$BK?$AE?$AH?$AE3?5?$BK?$AE?$FO?$AE3?$AES?$AEV?$AE3?$AES?$AE?$AC?$AE3?$AES?$AEX?$AE3?$AES?5?$CC?$AE3?$AES?$AA?$KN?$AE3?$AES@ 1000e2e8     ilu_error.obj
 0002:0000132c       ??_C@_1CA@LOELBNPA@?$AE7?5?$BO?$AE?$AO?$AE5?$AE?7?$CB?$BG?$AE3?$AE?$AD?$AE?$AE?$AE5?$AA?$KE?50?$AE6?$AE?$AP?5?3?$AA?$AA@ 1000e32c     ilu_error.obj
 0002:0000134c       ??_C@_1CG@HJOIIGIF@?$AE4?$AEQ?$AE?$AM?$AE6?$AA?$KN?$AE?$AI?$AE3?$AE?$AD?$AE?$AE?$AE3?5?$BK?$AA?$LF?$AE3?5?$BK?$AA?$KE?$AE3?5?$BK?$AET?$AA?$AA@ 1000e34c     ilu_error.obj
 0002:00001378       ??_C@_1EE@KPKGHDEE@?$AE3?$AES?5?$CC?$AE3?5?$BK?$AE?$AO?$AE3?5?$BK?$AA?$KE?$AE3?$AES?$AA?$KL?$AE8?$AE?$AE?$AA?$KN?$AE3?$AE?$AD?$AEW?$AE8?$AEU?$AEX?$AE3?$AE?$AD?$AEW?$AE3?5?$BK?$AE?$AB?$AE3?$AES?$AA?$KJ?$AE3?$AES@ 1000e378     ilu_error.obj
 0002:000013bc       ??_C@_1DI@CCMKKOLM@?$AAg?$AAi?$AAf?$AE3?$AES?$AA?$KJ?$AE3?5?$BK?$AA?$KE?$AE3?$AES?5?$BD?$AE3?$AES?$AA?$KJ?$AE3?$AES?$AE?$AE?$AE3?5?$BK?$AE?$AB?$AE3?$AES?$AA?$KJ?$AE3?$AES?$AEX?$AA?$AA@ 1000e3bc     ilu_error.obj
 0002:000013f4       ??_C@_1DK@EBMCDKBA@?$AAj?$AAp?$AAe?$AAg?$AE3?$AES?$AA?$KJ?$AE3?5?$BK?$AA?$KE?$AE3?$AES?5?$BD?$AE3?$AES?$AA?$KJ?$AE3?$AES?$AE?$AE?$AE3?5?$BK?$AE?$AB?$AE3?$AES?$AA?$KJ?$AE3?$AES?$AEX?$AA?$AA@ 1000e3f4     ilu_error.obj
 0002:00001430       ??_C@_1DI@BNLFEOKH@?$AAp?$AAn?$AAg?$AE3?$AES?$AA?$KJ?$AE3?5?$BK?$AA?$KE?$AE3?$AES?5?$BD?$AE3?$AES?$AA?$KJ?$AE3?$AES?$AE?$AE?$AE3?5?$BK?$AE?$AB?$AE3?$AES?$AA?$KJ?$AE3?$AES?$AEX?$AA?$AA@ 1000e430     ilu_error.obj
 0002:00001468       ??_C@_1DK@PAODDHFP@?$AAt?$AAi?$AAf?$AAf?$AE3?$AES?$AA?$KJ?$AE3?5?$BK?$AA?$KE?$AE3?$AES?5?$BD?$AE3?$AES?$AA?$KJ?$AE3?$AES?$AE?$AE?$AE3?5?$BK?$AE?$AB?$AE3?$AES?$AA?$KJ?$AE3?$AES?$AEX?$AA?$AA@ 1000e468     ilu_error.obj
 0002:000014a4       ??_C@_1DI@JIPMLHKF@?$AAm?$AAn?$AAg?$AE3?$AES?$AA?$KJ?$AE3?5?$BK?$AA?$KE?$AE3?$AES?5?$BD?$AE3?$AES?$AA?$KJ?$AE3?$AES?$AE?$AE?$AE3?5?$BK?$AE?$AB?$AE3?$AES?$AA?$KJ?$AE3?$AES?$AEX?$AA?$AA@ 1000e4a4     ilu_error.obj
 0002:000014dc       ??_C@_1DI@EMKCEEFN@?$AAj?$AAp?$AA2?$AE3?$AES?$AA?$KJ?$AE3?5?$BK?$AA?$KE?$AE3?$AES?5?$BD?$AE3?$AES?$AA?$KJ?$AE3?$AES?$AE?$AE?$AE3?5?$BK?$AE?$AB?$AE3?$AES?$AA?$KJ?$AE3?$AES?$AEX?$AA?$AA@ 1000e4dc     ilu_error.obj
 0002:00001514       ??_C@_1DI@FECHJCCE@?$AAe?$AAx?$AAr?$AE3?$AES?$AA?$KJ?$AE3?5?$BK?$AA?$KE?$AE3?$AES?5?$BD?$AE3?$AES?$AA?$KJ?$AE3?$AES?$AE?$AE?$AE3?5?$BK?$AE?$AB?$AE3?$AES?$AA?$KJ?$AE3?$AES?$AEX?$AA?$AA@ 1000e514     ilu_error.obj
 0002:0000154c       ??_C@_1CA@DECAKFJP@?$AE3?5?$BK?$AE?$AB?$AE3?$AES?$AA?$KJ?$AE3?$AES?$AEX?$AE7?5?$BO?$AE?$AO?$AE3?$AE?$AD?5?$BE?$AA?$AA@ 1000e54c     ilu_error.obj
 0002:0000156c       ??_C@_1CG@OMPILMCD@?$AE4?$AEQ?$AE?$AM?$AE6?$AA?$JI?$AE?$AL?$AE3?$AE?$AD?$AE?$AE?$AE3?5?$BK?$AE?$AB?$AE3?$AES?$AA?$KJ?$AE3?$AES?$AEX?$AA?$AA@ 1000e56c     ilu_error.obj
 0002:00001594       ??_C@_1CM@HFICKFIC@?$AAe?$AAn?$AAu?$AAm?$AAe?$AAr?$AAa?$AAd?$AAo?$AAr?$AA?5?$AAi?$AAn?$AAc?$AAo?$AAr?$AAr?$AAe?$AAc?$AAt?$AAo?$AA?$AA@ 1000e594     ilu_error.obj
 0002:000015c0       ??_C@_1DI@LBBCEEKH@?$AAn?$AAo?$AA?5?$AAq?$AAu?$AAe?$AAd?$AAa?$AA?5?$AAm?$AAe?$AAm?$AAo?$AAr?$AAi?$AAa?$AA?5?$AAd?$AAi?$AAs?$AAp?$AAo?$AAn?$AAi?$AAb?$AAl?$AAe?$AA?$AA@ 1000e5c0     ilu_error.obj
 0002:000015f8       ??_C@_1DK@OFKGLDCH@?$AAf?$AAo?$AAr?$AAm?$AAa?$AAt?$AAo?$AA?5?$AAn?$AAo?$AA?5?$AAs?$AAo?$AAp?$AAo?$AAr?$AAt?$AAa?$AAd?$AAo?$AA?5?$AAt?$AAo?$AAd?$AAa?$AAv?$AE?$DN?$AAa?$AA?$AA@ 1000e5f8     ilu_error.obj
 0002:00001634       ??_C@_1BM@GDFBBKPK@?$AAe?$AAr?$AAr?$AAo?$AAr?$AA?5?$AAi?$AAn?$AAt?$AAe?$AAr?$AAn?$AAo?$AA?$AA@ 1000e634     ilu_error.obj
 0002:00001650       ??_C@_1CC@HCELJPEA@?$AAv?$AAa?$AAl?$AAo?$AAr?$AA?5?$AAi?$AAn?$AAc?$AAo?$AAr?$AAr?$AAe?$AAc?$AAt?$AAo?$AA?$AA@ 1000e650     ilu_error.obj
 0002:00001674       ??_C@_1DA@DDJKENBN@?$AAo?$AAp?$AAe?$AAr?$AAa?$AAc?$AAi?$AEC?$AAn?$AA?5?$AAi?$AAl?$AAe?$AAg?$AAa?$AAI?$AAL?$AA_?$AAT?$AAE?$AAX?$AAT?$AA?$CI?$AA?$AA@ 1000e674     ilu_error.obj
 0002:000016a4       ??_C@_1DO@DKFFDHIG@?$AAv?$AAa?$AAl?$AAo?$AAr?$AA?5?$AAd?$AAe?$AA?5?$AAf?$AAi?$AAc?$AAh?$AAe?$AAr?$AAo?$AA?5?$AAi?$AAl?$AAe?$AAg?$AAa?$AAI?$AAL?$AA_?$AAT?$AAE?$AAX?$AAT?$AA?$CI?$AA?$AA@ 1000e6a4     ilu_error.obj
 0002:000016e4       ??_C@_1CI@CHEAKFPN@?$AAc?$AAa?$AAb?$AAe?$AAc?$AAe?$AAr?$AAa?$AA?5?$AAi?$AAn?$AAc?$AAo?$AAr?$AAr?$AAe?$AAc?$AAt?$AAa?$AA?$AA@ 1000e6e4     ilu_error.obj
 0002:0000170c       ??_C@_1CK@GALGHAHA@?$AAp?$AAa?$AAr?$AE1?$AAm?$AAe?$AAt?$AAr?$AAo?$AA?5?$AAi?$AAn?$AAc?$AAo?$AAr?$AAr?$AAe?$AAc?$AAt?$AAo?$AA?$AA@ 1000e70c     ilu_error.obj
 0002:00001738       ??_C@_1DK@OBJNJFBI@?$AAn?$AAo?$AA?5?$AAs?$AAe?$AA?5?$AAp?$AAu?$AAe?$AAd?$AAe?$AA?5?$AAa?$AAb?$AAr?$AAi?$AAr?$AA?5?$AAe?$AAl?$AA?5?$AAf?$AAi?$AAc?$AAh?$AAe?$AAr?$AAo?$AA?$AA@ 1000e738     ilu_error.obj
 0002:00001774       ??_C@_1CM@PJFLAALL@?$AAe?$AAx?$AAt?$AAe?$AAn?$AAs?$AAi?$AEC?$AAn?$AA?5?$AAd?$AAe?$AAs?$AAc?$AAo?$AAn?$AAo?$AAc?$AAi?$AAd?$AAa?$AA?$AA@ 1000e774     ilu_error.obj
 0002:000017a0       ??_C@_1CK@FMNLDLFO@?$AAe?$AAl?$AA?5?$AAf?$AAi?$AAc?$AAh?$AAe?$AAr?$AAo?$AA?5?$AAy?$AAa?$AA?5?$AAe?$AAx?$AAi?$AAs?$AAt?$AAe?$AA?$AA@ 1000e7a0     ilu_error.obj
 0002:000017cc       ??_C@_1DM@OFODONCM@?$AAf?$AAo?$AAr?$AAm?$AAa?$AAt?$AAo?$AA?5?$AAd?$AAe?$AA?5?$AAs?$AAa?$AAl?$AAi?$AAd?$AAa?$AA?5?$AAe?$AAq?$AAu?$AAi?$AAv?$AAa?$AAl?$AAe?$AAn?$AAt?$AAe?$AA?$AA@ 1000e7cc     ilu_error.obj
 0002:00001808       ??_C@_1EA@IMCEODEG@?$AAd?$AAe?$AAs?$AAb?$AAo?$AAr?$AAd?$AAa?$AAm?$AAi?$AAe?$AAn?$AAt?$AAo?$AA?5?$AAs?$AAu?$AAp?$AAe?$AAr?$AAi?$AAo?$AAr?$AA?5?$AAd?$AAe?$AA?5?$AAp?$AAi?$AAl?$AAa?$AA?$AA@ 1000e808     ilu_error.obj
 0002:00001848       ??_C@_1EA@NBAJPDEI@?$AAd?$AAe?$AAs?$AAb?$AAo?$AAr?$AAd?$AAa?$AAm?$AAi?$AAe?$AAn?$AAt?$AAo?$AA?5?$AAi?$AAn?$AAf?$AAe?$AAr?$AAi?$AAo?$AAr?$AA?5?$AAd?$AAe?$AA?5?$AAp?$AAi?$AAl?$AAa?$AA?$AA@ 1000e848     ilu_error.obj
 0002:00001888       ??_C@_1CM@HKOHNKLA@?$AAc?$AAo?$AAn?$AAv?$AAe?$AAr?$AAs?$AAi?$AEC?$AAn?$AA?5?$AAi?$AAn?$AAc?$AAo?$AAr?$AAr?$AAe?$AAc?$AAt?$AAa?$AA?$AA@ 1000e888     ilu_error.obj
 0002:000018b8       ??_C@_1EC@JNPLLGPA@?$AAn?$AEJ?$AAm?$AAe?$AAr?$AAo?$AA?5?$AAd?$AAe?$AA?5?$AAd?$AAi?$AAm?$AAe?$AAn?$AAs?$AAi?$AAo?$AAn?$AAe?$AAs?$AA?5?$AAi?$AAn?$AAc?$AAo?$AAr?$AAr?$AAe?$AAc?$AAt?$AAo@ 1000e8b8     ilu_error.obj
 0002:000018fc       ??_C@_1DO@OPNGPCHO@?$AAe?$AAr?$AAr?$AAo?$AAr?$AA?5?$AAd?$AAe?$AA?5?$AAl?$AAe?$AAc?$AAt?$AAu?$AAr?$AAa?$AA?5?$AAe?$AAn?$AA?5?$AAe?$AAl?$AA?5?$AAf?$AAi?$AAc?$AAh?$AAe?$AAr?$AAo?$AA?$AA@ 1000e8fc     ilu_error.obj
 0002:0000193c       ??_C@_1DC@MPHICOFH@?$AAe?$AAr?$AAr?$AAo?$AAr?$AA?5?$AAe?$AAn?$AA?5?$AAl?$AAa?$AA?5?$AAl?$AAi?$AAb?$AAr?$AAe?$AAr?$AE?$DN?$AAa?$AA?5?$AAg?$AAi?$AAf?$AA?$AA@ 1000e93c     ilu_error.obj
 0002:00001970       ??_C@_1DE@JPEDBFIA@?$AAe?$AAr?$AAr?$AAo?$AAr?$AA?5?$AAe?$AAn?$AA?5?$AAl?$AAa?$AA?5?$AAl?$AAi?$AAb?$AAr?$AAe?$AAr?$AE?$DN?$AAa?$AA?5?$AAj?$AAp?$AAe?$AAg?$AA?$AA@ 1000e970     ilu_error.obj
 0002:000019a4       ??_C@_1DC@BMLPEBLI@?$AAe?$AAr?$AAr?$AAo?$AAr?$AA?5?$AAe?$AAn?$AA?5?$AAl?$AAa?$AA?5?$AAl?$AAi?$AAb?$AAr?$AAe?$AAr?$AE?$DN?$AAa?$AA?5?$AAp?$AAn?$AAg?$AA?$AA@ 1000e9a4     ilu_error.obj
 0002:000019d8       ??_C@_1DE@PLPIJLBA@?$AAe?$AAr?$AAr?$AAo?$AAr?$AA?5?$AAe?$AAn?$AA?5?$AAl?$AAa?$AA?5?$AAl?$AAi?$AAb?$AAr?$AAe?$AAr?$AE?$DN?$AAa?$AA?5?$AAt?$AAi?$AAf?$AAf?$AA?$AA@ 1000e9d8     ilu_error.obj
 0002:00001a0c       ??_C@_1DC@PLABGFEC@?$AAe?$AAr?$AAr?$AAo?$AAr?$AA?5?$AAe?$AAn?$AA?5?$AAl?$AAa?$AA?5?$AAl?$AAi?$AAb?$AAr?$AAe?$AAr?$AE?$DN?$AAa?$AA?5?$AAm?$AAn?$AAg?$AA?$AA@ 1000ea0c     ilu_error.obj
 0002:00001a40       ??_C@_1DC@DEMLPACA@?$AAe?$AAr?$AAr?$AAo?$AAr?$AA?5?$AAe?$AAn?$AA?5?$AAl?$AAa?$AA?5?$AAl?$AAi?$AAb?$AAr?$AAe?$AAr?$AE?$DN?$AAa?$AA?5?$AAj?$AAp?$AA2?$AA?$AA@ 1000ea40     ilu_error.obj
 0002:00001a74       ??_C@_1DC@JKKMDINM@?$AAe?$AAr?$AAr?$AAo?$AAr?$AA?5?$AAe?$AAn?$AA?5?$AAl?$AAa?$AA?5?$AAl?$AAi?$AAb?$AAr?$AAe?$AAr?$AE?$DN?$AAa?$AA?5?$AAe?$AAx?$AAr?$AA?$AA@ 1000ea74     ilu_error.obj
 0002:00001aa8       ??_C@_1CM@DHDEENED@?$AAU?$AAn?$AAg?$AEL?$AAl?$AAt?$AAi?$AAg?$AAe?$AAr?$AA?5?$AAE?$AAn?$AAu?$AAm?$AAe?$AAr?$AAa?$AAt?$AAo?$AAr?$AA?$AA@ 1000eaa8     ilu_error.obj
 0002:00001ad4       ??_C@_1DA@LCFBHHCF@?$AAK?$AAe?$AAi?$AAn?$AA?5?$AAS?$AAp?$AAe?$AAi?$AAc?$AAh?$AAe?$AAr?$AA?5?$AAv?$AAe?$AAr?$AAf?$AEL?$AAg?$AAb?$AAa?$AAr?$AA?$AA@ 1000ead4     ilu_error.obj
 0002:00001b08       ??_C@_1EO@KFADENCA@?$AAD?$AAa?$AAs?$AA?5?$AAF?$AAo?$AAr?$AAm?$AAa?$AAt?$AA?5?$AAw?$AAi?$AAr?$AAd?$AA?5?$AAn?$AAo?$AAc?$AAh?$AA?5?$AAn?$AAi?$AAc?$AAh?$AAt?$AA?5?$AAu?$AAn?$AAt?$AAe?$AAr@ 1000eb08     ilu_error.obj
 0002:00001b58       ??_C@_1CA@PEHIKCPH@?$AAI?$AAn?$AAt?$AAe?$AAr?$AAn?$AAe?$AAr?$AA?5?$AAF?$AAe?$AAh?$AAl?$AAe?$AAr?$AA?$AA@ 1000eb58     ilu_error.obj
 0002:00001b78       ??_C@_1CA@GNCAHODC@?$AAU?$AAn?$AAg?$AEL?$AAl?$AAt?$AAi?$AAg?$AAe?$AAr?$AA?5?$AAW?$AAe?$AAr?$AAt?$AA?$AA@ 1000eb78     ilu_error.obj
 0002:00001b98       ??_C@_1CM@JKPFBELN@?$AAU?$AAn?$AAz?$AAu?$AAl?$AE4?$AAs?$AAs?$AAi?$AAg?$AAe?$AA?5?$AAO?$AAp?$AAe?$AAr?$AAa?$AAt?$AAi?$AAo?$AAn?$AA?$AA@ 1000eb98     ilu_error.obj
 0002:00001bc4       ??_C@_1DA@ECEGFPIB@?$AAU?$AAn?$AAz?$AAu?$AAl?$AE4?$AAs?$AAs?$AAi?$AAg?$AAe?$AAr?$AA?5?$AAD?$AAa?$AAt?$AAe?$AAi?$AA?9?$AAW?$AAe?$AAr?$AAt?$AA?$AA@ 1000ebc4     ilu_error.obj
 0002:00001bf4       ??_C@_1DE@BFPPAFEI@?$AAU?$AAn?$AAz?$AAu?$AAl?$AE4?$AAs?$AAs?$AAi?$AAg?$AAe?$AAr?$AA?5?$AAD?$AAa?$AAt?$AAe?$AAi?$AA?9?$AAH?$AAe?$AAa?$AAd?$AAe?$AAr?$AA?$AA@ 1000ebf4     ilu_error.obj
 0002:00001c28       ??_C@_1CO@EFIPHLPJ@?$AAU?$AAn?$AAz?$AAu?$AAl?$AE4?$AAs?$AAs?$AAi?$AAg?$AAe?$AAr?$AA?5?$AAP?$AAa?$AAr?$AAa?$AAm?$AAe?$AAt?$AAe?$AAr?$AA?$AA@ 1000ec28     ilu_error.obj
 0002:00001c58       ??_C@_1EG@PNHIMFMN@?$AAD?$AAa?$AAt?$AAe?$AAi?$AA?5?$AAk?$AAo?$AAn?$AAn?$AAt?$AAe?$AA?5?$AAn?$AAi?$AAc?$AAh?$AAt?$AA?5?$AAg?$AAe?$AEF?$AAf?$AAf?$AAn?$AAe?$AAt?$AA?5?$AAw?$AAe?$AAr?$AAd@ 1000ec58     ilu_error.obj
 0002:00001ca0       ??_C@_1CO@CMNFMCOB@?$AAU?$AAn?$AAg?$AEL?$AAl?$AAt?$AAi?$AAg?$AAe?$AAr?$AA?5?$AAE?$AAr?$AAw?$AAe?$AAi?$AAt?$AAe?$AAr?$AAu?$AAn?$AAg?$AA?$AA@ 1000eca0     ilu_error.obj
 0002:00001cd0       ??_C@_1DI@NCGFKKOJ@?$AAD?$AAi?$AAe?$AA?5?$AAD?$AAa?$AAt?$AAe?$AAi?$AA?5?$AAe?$AAx?$AAi?$AAs?$AAt?$AAi?$AAe?$AAr?$AAt?$AA?5?$AAb?$AAe?$AAr?$AAe?$AAi?$AAt?$AAs?$AA?$AA@ 1000ecd0     ilu_error.obj
 0002:00001d08       ??_C@_1BO@LPEOJJLI@?$AAS?$AAt?$AAa?$AAc?$AAk?$AA?5?$AE?0?$AAb?$AAe?$AAr?$AAl?$AAa?$AAu?$AAf?$AA?$AA@ 1000ed08     ilu_error.obj
 0002:00001d28       ??_C@_1CA@FPDJBJPA@?$AAS?$AAt?$AAa?$AAc?$AAk?$AA?5?$AAU?$AAn?$AAt?$AAe?$AAr?$AAl?$AAa?$AAu?$AAf?$AA?$AA@ 1000ed28     ilu_error.obj
 0002:00001d48       ??_C@_1DA@KJFODHLA@?$AAU?$AAn?$AAg?$AEL?$AAl?$AAt?$AAi?$AAg?$AAe?$AA?5?$AAK?$AAo?$AAn?$AAv?$AAe?$AAr?$AAt?$AAi?$AAe?$AAr?$AAu?$AAn?$AAg?$AA?$AA@ 1000ed48     ilu_error.obj
 0002:00001d78       ??_C@_1DA@EEPCOACE@?$AAU?$AAn?$AAz?$AAu?$AAl?$AE4?$AAs?$AAs?$AAi?$AAg?$AAe?$AA?5?$AAA?$AAb?$AAm?$AAe?$AAs?$AAs?$AAu?$AAn?$AAg?$AAe?$AAn?$AA?$AA@ 1000ed78     ilu_error.obj
 0002:00001da8       ??_C@_1DI@GMKKLKGH@?$AAF?$AAe?$AAh?$AAl?$AAe?$AAr?$AA?5?$AAb?$AAe?$AAi?$AAm?$AA?5?$AAL?$AAe?$AAs?$AAe?$AAn?$AA?5?$AAd?$AAe?$AAr?$AA?5?$AAD?$AAa?$AAt?$AAe?$AAi?$AA?$AA@ 1000eda8     ilu_error.obj
 0002:00001de0       ??_C@_1DK@KNNAHDBM@?$AAF?$AAe?$AAh?$AAl?$AAe?$AAr?$AA?5?$AAi?$AAn?$AA?5?$AAd?$AAe?$AAr?$AA?5?$AAg?$AAi?$AAf?$AA?5?$AAB?$AAi?$AAb?$AAl?$AAi?$AAo?$AAt?$AAh?$AAe?$AAk?$AA?$AA@ 1000ede0     ilu_error.obj
 0002:00001e1c       ??_C@_1DM@ILGDMDND@?$AAF?$AAe?$AAh?$AAl?$AAe?$AAr?$AA?5?$AAi?$AAn?$AA?5?$AAd?$AAe?$AAr?$AA?5?$AAj?$AAp?$AAe?$AAg?$AA?5?$AAB?$AAi?$AAb?$AAl?$AAi?$AAo?$AAt?$AAh?$AAe?$AAk?$AA?$AA@ 1000ee1c     ilu_error.obj
 0002:00001e58       ??_C@_1DK@ILAKLDOC@?$AAF?$AAe?$AAh?$AAl?$AAe?$AAr?$AA?5?$AAi?$AAn?$AA?5?$AAd?$AAe?$AAr?$AA?5?$AAp?$AAn?$AAg?$AA?5?$AAB?$AAi?$AAb?$AAl?$AAi?$AAo?$AAt?$AAh?$AAe?$AAk?$AA?$AA@ 1000ee58     ilu_error.obj
 0002:00001e94       ??_C@_1DM@KNFIOOOK@?$AAF?$AAe?$AAh?$AAl?$AAe?$AAr?$AA?5?$AAi?$AAn?$AA?5?$AAd?$AAe?$AAr?$AA?5?$AAt?$AAi?$AAf?$AAf?$AA?5?$AAB?$AAi?$AAb?$AAl?$AAi?$AAo?$AAt?$AAh?$AAe?$AAk?$AA?$AA@ 1000ee94     ilu_error.obj
 0002:00001ed0       ??_C@_1DK@OHDPOMJ@?$AAF?$AAe?$AAh?$AAl?$AAe?$AAr?$AA?5?$AAi?$AAn?$AA?5?$AAd?$AAe?$AAr?$AA?5?$AAm?$AAn?$AAg?$AA?5?$AAB?$AAi?$AAb?$AAl?$AAi?$AAo?$AAt?$AAh?$AAe?$AAk?$AA?$AA@ 1000eed0     ilu_error.obj
 0002:00001f0c       ??_C@_1DK@LBMGMJF@?$AAF?$AAe?$AAh?$AAl?$AAe?$AAr?$AA?5?$AAi?$AAn?$AA?5?$AAd?$AAe?$AAr?$AA?5?$AAj?$AAp?$AA2?$AA?5?$AAB?$AAi?$AAb?$AAl?$AAi?$AAo?$AAt?$AAh?$AAe?$AAk?$AA?$AA@ 1000ef0c     ilu_error.obj
 0002:00001f48       ??_C@_1DK@EPDNFEGH@?$AAF?$AAe?$AAh?$AAl?$AAe?$AAr?$AA?5?$AAi?$AAn?$AA?5?$AAd?$AAe?$AAr?$AA?5?$AAe?$AAx?$AAr?$AA?5?$AAB?$AAi?$AAb?$AAl?$AAi?$AAo?$AAt?$AAh?$AAe?$AAk?$AA?$AA@ 1000ef48     ilu_error.obj
 0002:00001f84       ??_C@_1BI@BCDJAAKE@?$AAK?$AAe?$AAi?$AAn?$AA?5?$AAF?$AAe?$AAh?$AAl?$AAe?$AAr?$AA?$AA@ 1000ef84     ilu_error.obj
 0002:00001f9c       ??_C@_1CG@IOJFFCEB@?$AAU?$AAn?$AAb?$AAe?$AAk?$AAa?$AAn?$AAn?$AAt?$AAe?$AAr?$AA?5?$AAF?$AAe?$AAh?$AAl?$AAe?$AAr?$AA?$AA@ 1000ef9c     ilu_error.obj
 0002:00001fc4       ??_C@_1CK@JNMOGIIN@?$AE9?$AAn?$AAu?$AAm?$AE9?$AAr?$AAa?$AAt?$AAi?$AAo?$AAn?$AA?5?$AAi?$AAn?$AAv?$AAa?$AAl?$AAi?$AAd?$AAe?$AA?$AA@ 1000efc4     ilu_error.obj
 0002:00001ff0       ??_C@_1CO@INIMGIAN@?$AAd?$AE9?$AAp?$AAa?$AAs?$AAs?$AAe?$AAm?$AAe?$AAn?$AAt?$AA?5?$AAd?$AAe?$AA?5?$AAm?$AE9?$AAm?$AAo?$AAi?$AAr?$AAe?$AA?$AA@ 1000eff0     ilu_error.obj
 0002:00002020       ??_C@_1CI@PFAPADIH@?$AAf?$AAo?$AAr?$AAm?$AAa?$AAt?$AA?5?$AAn?$AAo?$AAn?$AA?5?$AAs?$AAu?$AAp?$AAp?$AAo?$AAr?$AAt?$AE9?$AA?$AA@ 1000f020     ilu_error.obj
 0002:00002048       ??_C@_1BO@NHKDJNKP@?$AAe?$AAr?$AAr?$AAe?$AAu?$AAr?$AA?5?$AAi?$AAn?$AAt?$AAe?$AAr?$AAn?$AAe?$AA?$AA@ 1000f048     ilu_error.obj
 0002:00002068       ??_C@_1CA@DMNFLNIJ@?$AAv?$AAa?$AAl?$AAe?$AAu?$AAr?$AA?5?$AAi?$AAl?$AAl?$AE9?$AAg?$AAa?$AAl?$AAe?$AA?$AA@ 1000f068     ilu_error.obj
 0002:00002088       ??_C@_1CG@JCHICJMF@?$AAo?$AAp?$AE9?$AAr?$AAa?$AAt?$AAi?$AAo?$AAn?$AA?5?$AAi?$AAl?$AAl?$AE9?$AAg?$AAa?$AAl?$AAe?$AA?$AA@ 1000f088     ilu_error.obj
 0002:000020b0       ??_C@_1DG@MNLPHBLD@?$AAv?$AAa?$AAl?$AAe?$AAu?$AAr?$AA?5?$AAd?$AAe?$AA?5?$AAf?$AAi?$AAc?$AAh?$AAi?$AAe?$AAr?$AA?5?$AAi?$AAl?$AAl?$AE9?$AAg?$AAa?$AAl?$AAe?$AA?$AA@ 1000f0b0     ilu_error.obj
 0002:000020e8       ??_C@_1DI@EDNAOKJM@?$AAe?$AAn?$AA?9?$AAt?$AE?3?$AAt?$AAe?$AA?5?$AAd?$AAe?$AA?5?$AAf?$AAi?$AAc?$AAh?$AAi?$AAe?$AAr?$AA?5?$AAi?$AAn?$AAv?$AAa?$AAl?$AAi?$AAd?$AAe?$AA?$AA@ 1000f0e8     ilu_error.obj
 0002:00002120       ??_C@_1CG@LOJBHNCD@?$AAp?$AAa?$AAr?$AAa?$AAm?$AE8?$AAt?$AAr?$AAe?$AA?5?$AAi?$AAn?$AAv?$AAa?$AAl?$AAi?$AAd?$AAe?$AA?$AA@ 1000f120     ilu_error.obj
 0002:00002148       ??_C@_1DM@PNFDLHBH@?$AAn?$AAe?$AA?5?$AAp?$AAe?$AAu?$AAt?$AA?5?$AAp?$AAa?$AAs?$AA?5?$AAo?$AAu?$AAv?$AAr?$AAi?$AAr?$AA?5?$AAl?$AAe?$AA?5?$AAf?$AAi?$AAc?$AAh?$AAi?$AAe?$AAr?$AA?$AA@ 1000f148     ilu_error.obj
 0002:00002184       ??_C@_1CG@MDGPOGHK@?$AAe?$AAx?$AAt?$AAe?$AAn?$AAs?$AAi?$AAo?$AAn?$AA?5?$AAi?$AAn?$AAv?$AAa?$AAl?$AAi?$AAd?$AAe?$AA?$AA@ 1000f184     ilu_error.obj
 0002:000021ac       ??_C@_1CM@EDOHKHFP@?$AAf?$AAi?$AAc?$AAh?$AAi?$AAe?$AAr?$AA?5?$AAd?$AE9?$AAj?$AE0?$AA?5?$AAe?$AAx?$AAi?$AAs?$AAt?$AAa?$AAn?$AAt?$AA?$AA@ 1000f1ac     ilu_error.obj
 0002:000021d8       ??_C@_1CO@KBEMAMEE@?$AE9?$AAq?$AAu?$AAi?$AAv?$AAa?$AAl?$AAe?$AAn?$AAt?$AA?5?$AAh?$AAo?$AAr?$AAs?$AA?9?$AAf?$AAo?$AAr?$AAm?$AAa?$AAt?$AA?$AA@ 1000f1d8     ilu_error.obj
 0002:00002208       ??_C@_1CI@GAJKGMML@?$AAc?$AAo?$AAn?$AAv?$AAe?$AAr?$AAs?$AAi?$AAo?$AAn?$AA?5?$AAi?$AAn?$AAv?$AAa?$AAl?$AAi?$AAd?$AAe?$AA?$AA@ 1000f208     ilu_error.obj
 0002:00002230       ??_C@_1CK@JPEODEBM@?$AAm?$AAa?$AAu?$AAv?$AAa?$AAi?$AAs?$AAe?$AAs?$AA?5?$AAd?$AAi?$AAm?$AAe?$AAn?$AAs?$AAi?$AAo?$AAn?$AAs?$AA?$AA@ 1000f230     ilu_error.obj
 0002:00002260       ??_C@_1EK@KJFAALIO@?$AAe?$AAr?$AAr?$AAe?$AAu?$AAr?$AA?5?$AAl?$AAo?$AAr?$AAs?$AA?5?$AAd?$AAe?$AA?5?$AAl?$AAa?$AA?5?$AAl?$AAe?$AAc?$AAt?$AAu?$AAr?$AAe?$AA?5?$AAd?$AAu?$AA?5?$AAf?$AAi?$AAc@ 1000f260     ilu_error.obj
 0002:000022ac       ??_C@_1DO@MHPEPJN@?$AAg?$AAi?$AAf?$AA?5?$AA?3?$AA?5?$AAe?$AAr?$AAr?$AAe?$AAu?$AAr?$AA?5?$AAd?$AAa?$AAn?$AAs?$AA?5?$AAl?$AAa?$AA?5?$AAl?$AAi?$AAb?$AAr?$AAa?$AAi?$AAr?$AAi?$AAe?$AA?$AA@ 1000f2ac     ilu_error.obj
 0002:000022f0       ??_C@_1EA@MJACECEO@?$AAj?$AAp?$AAe?$AAg?$AA?5?$AA?3?$AA?5?$AAe?$AAr?$AAr?$AAe?$AAu?$AAr?$AA?5?$AAd?$AAa?$AAn?$AAs?$AA?5?$AAl?$AAa?$AA?5?$AAl?$AAi?$AAb?$AAr?$AAa?$AAi?$AAr?$AAi?$AAe?$AA?$AA@ 1000f2f0     ilu_error.obj
 0002:00002330       ??_C@_1DO@FBNBGIHN@?$AAp?$AAn?$AAg?$AA?5?$AA?3?$AA?5?$AAe?$AAr?$AAr?$AAe?$AAu?$AAr?$AA?5?$AAd?$AAa?$AAn?$AAs?$AA?5?$AAl?$AAa?$AA?5?$AAl?$AAi?$AAb?$AAr?$AAa?$AAi?$AAr?$AAi?$AAe?$AA?$AA@ 1000f330     ilu_error.obj
 0002:00002370       ??_C@_1EA@BDIOGCDK@?$AAt?$AAi?$AAf?$AAf?$AA?5?$AA?3?$AA?5?$AAe?$AAr?$AAr?$AAe?$AAu?$AAr?$AA?5?$AAd?$AAa?$AAn?$AAs?$AA?5?$AAl?$AAa?$AA?5?$AAl?$AAi?$AAb?$AAr?$AAa?$AAi?$AAr?$AAi?$AAe?$AA?$AA@ 1000f370     ilu_error.obj
 0002:000023b0       ??_C@_1DO@FINPDFIG@?$AAm?$AAn?$AAg?$AA?5?$AA?3?$AA?5?$AAe?$AAr?$AAr?$AAe?$AAu?$AAr?$AA?5?$AAd?$AAa?$AAn?$AAs?$AA?5?$AAl?$AAa?$AA?5?$AAl?$AAi?$AAb?$AAr?$AAa?$AAi?$AAr?$AAi?$AAe?$AA?$AA@ 1000f3b0     ilu_error.obj
 0002:000023f0       ??_C@_1DO@PNIGBAC@?$AAj?$AAp?$AA2?$AA?5?$AA?3?$AA?5?$AAe?$AAr?$AAr?$AAe?$AAu?$AAr?$AA?5?$AAd?$AAa?$AAn?$AAs?$AA?5?$AAl?$AAa?$AA?5?$AAl?$AAi?$AAb?$AAr?$AAa?$AAi?$AAr?$AAi?$AAe?$AA?$AA@ 1000f3f0     ilu_error.obj
 0002:00002430       ??_C@_1DO@ONPCADDD@?$AAe?$AAx?$AAr?$AA?5?$AA?3?$AA?5?$AAe?$AAr?$AAr?$AAe?$AAu?$AAr?$AA?5?$AAd?$AAa?$AAn?$AAs?$AA?5?$AAl?$AAa?$AA?5?$AAl?$AAi?$AAb?$AAr?$AAa?$AAi?$AAr?$AAi?$AAe?$AA?$AA@ 1000f430     ilu_error.obj
 0002:00002470       ??_C@_1BK@BGAHMHKP@?$AAp?$AAa?$AAs?$AA?5?$AAd?$AA?8?$AAe?$AAr?$AAr?$AAe?$AAu?$AAr?$AA?$AA@ 1000f470     ilu_error.obj
 0002:0000248c       ??_C@_1CA@HMNFICHN@?$AAe?$AAr?$AAr?$AAe?$AAu?$AAr?$AA?5?$AAi?$AAn?$AAc?$AAo?$AAn?$AAn?$AAu?$AAe?$AA?$AA@ 1000f48c     ilu_error.obj
 0002:000025cc       __real@3da7ef9e            1000f5cc     ilu_filter.obj
 0002:000025d0       __real@3e9e00d2            1000f5d0     ilu_filter.obj
 0002:000025d4       __real@3f1c01a3            1000f5d4     ilu_filter.obj
 0002:000025d8       __real@3f800000            1000f5d8     ilu_filter.obj
 0002:000025e0       __real@3ff0000000000000    1000f5e0     ilu_filter.obj
 0002:000025e8       __real@406fe00000000000    1000f5e8     ilu_filter.obj
 0002:000025f0       __real@437f0000            1000f5f0     ilu_filter.obj
 0002:000025f4       __real@477fff00            1000f5f4     ilu_filter.obj
 0002:000025f8       __real@4f800000            1000f5f8     ilu_filter.obj
 0002:00002600       __xmm@41f00000000000000000000000000000 1000f600     ilu_filter.obj
 0002:00002610       __xmm@7fffffffffffffff7fffffffffffffff 1000f610     ilu_filter.obj
 0002:00002620       __real@0000000000000000    1000f620     ilu_filter_rcg.obj
 0002:00002628       __real@3fc5555555555555    1000f628     ilu_filter_rcg.obj
 0002:00002630       __real@3fe0000000000000    1000f630     ilu_filter_rcg.obj
 0002:00002638       __real@3fe5555555555555    1000f638     ilu_filter_rcg.obj
 0002:00002640       __real@3fe8000000000000    1000f640     ilu_filter_rcg.obj
 0002:00002648       __real@3ff8000000000000    1000f648     ilu_filter_rcg.obj
 0002:00002650       __real@4000000000000000    1000f650     ilu_filter_rcg.obj
 0002:00002658       __real@4008000000000000    1000f658     ilu_filter_rcg.obj
 0002:00002660       __real@4015555555555555    1000f660     ilu_filter_rcg.obj
 0002:00002668       __real@4018000000000000    1000f668     ilu_filter_rcg.obj
 0002:00002670       __real@401c000000000000    1000f670     ilu_filter_rcg.obj
 0002:00002678       __real@4025555555555555    1000f678     ilu_filter_rcg.obj
 0002:00002680       __real@4028000000000000    1000f680     ilu_filter_rcg.obj
 0002:00002688       __real@bfe0000000000000    1000f688     ilu_filter_rcg.obj
 0002:00002690       __real@c002aaaaaaaaaaab    1000f690     ilu_filter_rcg.obj
 0002:00002698       __real@c028000000000000    1000f698     ilu_filter_rcg.obj
 0002:000026a0       __real@c034000000000000    1000f6a0     ilu_filter_rcg.obj
 0002:000026b0       __xmm@80000000000000008000000000000000 1000f6b0     ilu_filter_rcg.obj
 0002:000026c0       ?IL_PI@@3NB                1000f6c0     ilu_internal.obj
 0002:000026c8       ?IL_DEGCONV@@3NB           1000f6c8     ilu_internal.obj
 0002:000026d0       __real@3f91df46a2529d39    1000f6d0     ilu_internal.obj
 0002:000026d8       __real@00000000            1000f6d8     ilu_manip.obj
 0002:000026dc       __real@34000000            1000f6dc     ilu_manip.obj
 0002:000026e0       __real@402e000000000000    1000f6e0     ilu_manip.obj
 0002:000026e8       __real@403e000000000000    1000f6e8     ilu_manip.obj
 0002:000026f0       __real@40e00000            1000f6f0     ilu_manip.obj
 0002:000026f4       __real@41200000            1000f6f4     ilu_manip.obj
 0002:000026f8       __real@bf800000            1000f6f8     ilu_manip.obj
 0002:00002700       __xmm@ffffffffffffffffffffffffffffffff 1000f700     ilu_manip.obj
 0002:00002710       __real@42fe0000            1000f710     ilu_noise.obj
 0002:00002714       __real@46fffe00            1000f714     ilu_noise.obj
 0002:00002718       __real@4f000000            1000f718     ilu_noise.obj
 0002:00002720       __real@4066800000000000    1000f720     ilu_rotate.obj
 0002:00002728       __real@4076800000000000    1000f728     ilu_rotate.obj
 0002:00002730       __real@42b40000            1000f730     ilu_rotate.obj
 0002:00002734       __real@43340000            1000f734     ilu_rotate.obj
 0002:00002738       __real@43870000            1000f738     ilu_rotate.obj
 0002:0000273c       __real@43b40000            1000f73c     ilu_rotate.obj
 0002:00002740       __real@3f000000            1000f740     ilu_scale2d.obj
 0002:00002744       ??_C@_1CC@FLLNLNFB@?$AAA?$AAb?$AAy?$AAs?$AAm?$AAa?$AAl?$AA?5?$AAS?$AAo?$AAf?$AAt?$AAw?$AAa?$AAr?$AAe?$AA?$AA@ 1000f744     ilu_states.obj
 0002:00002768       ??_C@_1GA@HHAEFLDO@?$AAD?$AAe?$AAv?$AAe?$AAl?$AAo?$AAp?$AAe?$AAr?$AA?8?$AAs?$AA?5?$AAI?$AAm?$AAa?$AAg?$AAe?$AA?5?$AAL?$AAi?$AAb?$AAr?$AAa?$AAr?$AAy?$AA?5?$AAU?$AAt?$AAi?$AAl?$AAi?$AAt@ 1000f768     ilu_states.obj
 0002:00002854       __pRawDllMain              1000f854     msvcrt:crtdll.obj
 0002:00002854       __pDefaultRawDllMain       1000f854     msvcrt:crtdll.obj
 0002:00002860       __load_config_used         1000f860     msvcrt:loadcfg.obj
 0002:00002920       ___safe_se_handler_table   1000f920     <linker-defined>
 0002:00002924       ___rtc_iaa                 1000f924     msvcrt:initsect.obj
 0002:00002928       ___rtc_izz                 1000f928     msvcrt:initsect.obj
 0002:0000292c       ___rtc_taa                 1000f92c     msvcrt:initsect.obj
 0002:00002930       ___rtc_tzz                 1000f930     msvcrt:initsect.obj
 0002:0000324c       __IMPORT_DESCRIPTOR_ResIL  1001024c     resil:ResIL.dll
 0002:00003260       __IMPORT_DESCRIPTOR_MSVCR120 10010260     msvcrt:MSVCR120.dll
 0002:00003274       __IMPORT_DESCRIPTOR_KERNEL32 10010274     kernel32:KERNEL32.dll
 0002:00003288       __NULL_IMPORT_DESCRIPTOR   10010288     resil:ResIL.dll
 0003:00000000       ?iluErrorStringsArabic@@3PAPB_WA 10011000     ilu_error.obj
 0003:00000048       ?iluLibErrorStringsArabic@@3PAPB_WA 10011048     ilu_error.obj
 0003:00000064       ?iluMiscErrorStringsArabic@@3PAPB_WA 10011064     ilu_error.obj
 0003:0000006c       ?iluLibErrorStringsDutch@@3PAPB_WA 1001106c     ilu_error.obj
 0003:00000088       ?iluErrorStringsDutch@@3PAPB_WA 10011088     ilu_error.obj
 0003:000000d0       ?iluMiscErrorStringsDutch@@3PAPB_WA 100110d0     ilu_error.obj
 0003:000000d8       ?iluErrorStringsEnglish@@3PAPB_WA 100110d8     ilu_error.obj
 0003:00000120       ?iluLibErrorStringsEnglish@@3PAPB_WA 10011120     ilu_error.obj
 0003:0000013c       ?iluMiscErrorStringsEnglish@@3PAPB_WA 1001113c     ilu_error.obj
 0003:00000144       ?iluLibErrorStringsJapanese@@3PAPB_WA 10011144     ilu_error.obj
 0003:00000160       ?iluErrorStringsJapanese@@3PAPB_WA 10011160     ilu_error.obj
 0003:000001a8       ?iluMiscErrorStringsJapanese@@3PAPB_WA 100111a8     ilu_error.obj
 0003:000001b0       ?iluErrorStringsSpanish@@3PAPB_WA 100111b0     ilu_error.obj
 0003:000001f8       ?iluLibErrorStringsSpanish@@3PAPB_WA 100111f8     ilu_error.obj
 0003:00000214       ?iluMiscErrorStringsSpanish@@3PAPB_WA 10011214     ilu_error.obj
 0003:0000021c       ?iluLibErrorStringsGerman@@3PAPB_WA 1001121c     ilu_error.obj
 0003:00000238       ?iluErrorStringsGerman@@3PAPB_WA 10011238     ilu_error.obj
 0003:00000280       ?iluMiscErrorStringsGerman@@3PAPB_WA 10011280     ilu_error.obj
 0003:00000288       ?iluErrorStringsFrench@@3PAPB_WA 10011288     ilu_error.obj
 0003:000002d0       ?iluLibErrorStringsFrench@@3PAPB_WA 100112d0     ilu_error.obj
 0003:000002ec       ?iluMiscErrorStringsFrench@@3PAPB_WA 100112ec     ilu_error.obj
 0003:000002f4       ?iluErrorStrings@@3PAPAPB_WA 100112f4     ilu_error.obj
 0003:00000310       ?iluLibErrorStrings@@3PAPAPB_WA 10011310     ilu_error.obj
 0003:0000032c       ?iluMiscErrorStrings@@3PAPAPB_WA 1001132c     ilu_error.obj
 0003:00000348       ?iluFilter@@3IA            10011348     ilu_states.obj
 0003:0000034c       ?iluPlacement@@3IA         1001134c     ilu_states.obj
 0003:00000350       ?_iluVendor@@3PB_WB        10011350     ilu_states.obj
 0003:00000354       ?_iluVersion@@3PB_WB       10011354     ilu_states.obj
 0003:00000360       ___security_cookie         10011360     msvcrt:gs_cookie.obj
 0003:00000364       ___security_cookie_complement 10011364     msvcrt:gs_cookie.obj
 0003:00000370       ___native_dllmain_reason   10011370     msvcrt:natstart.obj
 0003:00000378       ?iluErrors@@3PAPB_WA       10011378     ilu_error.obj
 0003:0000037c       ?iluLibErrors@@3PAPB_WA    1001137c     ilu_error.obj
 0003:00000380       ?iluMiscErrors@@3PAPB_WA   10011380     ilu_error.obj
 0003:00000384       ?contrib@@3PAUCLIST@@A     10011384     ilu_filter_rcg.obj
 0003:0000038c       ?RegionPointsi@@3PAUILpointi@@A 1001138c     ilu_region.obj
 0003:00000390       ?RegionPointsf@@3PAUILpointf@@A 10011390     ilu_region.obj
 0003:00000394       ?PointNum@@3IA             10011394     ilu_region.obj
 0003:00000398       ?iRegionMask@@3PAEA        10011398     ilu_region.obj
 0003:00000830       ?__type_info_root_node@@3U__type_info_node@@A 10011830     msvcrt:tncleanup.obj
 0003:00000838       ___native_startup_lock     10011838     <common>
 0003:0000083c       ___native_startup_state    1001183c     <common>
 0003:00000840       ___onexitend               10011840     <common>
 0003:00000844       ___onexitbegin             10011844     <common>
 0003:00000848       ___dyn_tls_init_callback   10011848     <common>

 entry point at        0001:0000b771

 Static symbols

 0000:fffec000       .debug$S                   10000000     msvcrt:MSVCR120.dll
 0000:fffec000       .debug$S                   10000000     kernel32:KERNEL32.dll
 0000:fffec000       .debug$S                   10000000     kernel32:KERNEL32.dll
 0000:fffec000       .debug$S                   10000000     kernel32:KERNEL32.dll
 0000:fffec000       .debug$S                   10000000     kernel32:KERNEL32.dll
 0000:fffec000       .debug$S                   10000000     kernel32:KERNEL32.dll
 0000:fffec000       .debug$S                   10000000     kernel32:KERNEL32.dll
 0000:fffec000       .debug$S                   10000000     kernel32:KERNEL32.dll
 0000:fffec000       .debug$S                   10000000     kernel32:KERNEL32.dll
 0000:fffec000       .debug$S                   10000000     resil:ResIL.dll
 0000:fffec000       .debug$S                   10000000     resil:ResIL.dll
 0000:fffec000       .debug$S                   10000000     resil:ResIL.dll
 0000:fffec000       .debug$S                   10000000     resil:ResIL.dll
 0000:fffec000       .debug$S                   10000000     resil:ResIL.dll
 0000:fffec000       .debug$S                   10000000     resil:ResIL.dll
 0000:fffec000       .debug$S                   10000000     resil:ResIL.dll
 0000:fffec000       .debug$S                   10000000     resil:ResIL.dll
 0000:fffec000       .debug$S                   10000000     resil:ResIL.dll
 0000:fffec000       .debug$S                   10000000     resil:ResIL.dll
 0000:fffec000       .debug$S                   10000000     resil:ResIL.dll
 0000:fffec000       .debug$S                   10000000     resil:ResIL.dll
 0000:fffec000       .debug$S                   10000000     resil:ResIL.dll
 0000:fffec000       .debug$S                   10000000     resil:ResIL.dll
 0000:fffec000       .debug$S                   10000000     resil:ResIL.dll
 0000:fffec000       .debug$S                   10000000     resil:ResIL.dll
 0000:fffec000       .debug$S                   10000000     resil:ResIL.dll
 0000:fffec000       .debug$S                   10000000     resil:ResIL.dll
 0000:fffec000       .debug$S                   10000000     resil:ResIL.dll
 0000:fffec000       .debug$S                   10000000     resil:ResIL.dll
 0000:fffec000       .debug$S                   10000000     resil:ResIL.dll
 0000:fffec000       .debug$S                   10000000     resil:ResIL.dll
 0000:fffec000       .debug$S                   10000000     resil:ResIL.dll
 0000:fffec000       .debug$S                   10000000     resil:ResIL.dll
 0000:fffec000       .debug$S                   10000000     resil:ResIL.dll
 0000:fffec000       .debug$S                   10000000     resil:ResIL.dll
 0000:fffec000       .debug$S                   10000000     resil:ResIL.dll
 0000:fffec000       .debug$S                   10000000     resil:ResIL.dll
 0000:fffec000       .debug$S                   10000000     resil:ResIL.dll
 0000:fffec000       .debug$S                   10000000     resil:ResIL.dll
 0000:fffec000       .debug$S                   10000000     msvcrt:MSVCR120.dll
 0000:fffec000       .debug$S                   10000000     msvcrt:MSVCR120.dll
 0000:fffec000       .debug$S                   10000000     msvcrt:MSVCR120.dll
 0000:fffec000       .debug$S                   10000000     msvcrt:MSVCR120.dll
 0000:fffec000       .debug$S                   10000000     msvcrt:MSVCR120.dll
 0000:fffec000       .debug$S                   10000000     msvcrt:MSVCR120.dll
 0000:fffec000       .debug$S                   10000000     msvcrt:MSVCR120.dll
 0000:fffec000       .debug$S                   10000000     msvcrt:MSVCR120.dll
 0000:fffec000       .debug$S                   10000000     msvcrt:MSVCR120.dll
 0000:fffec000       .debug$S                   10000000     msvcrt:MSVCR120.dll
 0000:fffec000       .debug$S                   10000000     msvcrt:MSVCR120.dll
 0000:fffec000       .debug$S                   10000000     msvcrt:MSVCR120.dll
 0000:fffec000       .debug$S                   10000000     msvcrt:MSVCR120.dll
 0000:fffec000       .debug$S                   10000000     msvcrt:MSVCR120.dll
 0000:fffec000       .debug$S                   10000000     msvcrt:MSVCR120.dll
 0000:fffec000       .debug$S                   10000000     msvcrt:MSVCR120.dll
 0000:fffec000       .debug$S                   10000000     msvcrt:MSVCR120.dll
 0000:fffec000       .debug$S                   10000000     msvcrt:MSVCR120.dll
 0000:fffec000       .debug$S                   10000000     msvcrt:MSVCR120.dll
 0000:fffec000       .debug$S                   10000000     msvcrt:MSVCR120.dll
 0000:fffec000       .debug$S                   10000000     msvcrt:MSVCR120.dll
 0000:fffec000       .debug$S                   10000000     msvcrt:MSVCR120.dll
 0000:fffec000       .debug$S                   10000000     msvcrt:MSVCR120.dll
 0000:fffec000       .debug$S                   10000000     msvcrt:MSVCR120.dll
 0000:fffec000       .debug$S                   10000000     msvcrt:MSVCR120.dll
 0000:fffec000       .debug$S                   10000000     msvcrt:MSVCR120.dll
 0001:00001a8c       $LN309                     10002a8c     ilu_filter.obj
 0001:000022bc       $LN119                     100032bc     ilu_filter.obj
 0001:000022d4       $LN120                     100032d4     ilu_filter.obj
 0001:00003414       $LN27                      10004414     ilu_filter_rcg.obj
 0001:00004768       $LN52                      10005768     ilu_manip.obj
 0001:0000477c       $LN53                      1000577c     ilu_manip.obj
 0001:00004d6c       $LN60                      10005d6c     ilu_manip.obj
 0001:00004d84       $LN55                      10005d84     ilu_manip.obj
 0001:00005438       $LN30                      10006438     ilu_manip.obj
 0001:0000751c       $LN425                     1000851c     ilu_rotate.obj
 0001:0000768c       $LN22                      1000868c     ilu_rotate.obj
 0001:0000b100       $$000000                   1000c100     msvcrt:ftol3.obj
 0001:0000b4f0       $$000000                   1000c4f0     msvcrt:chkstk.obj
 0001:0000b52e       _pre_c_init                1000c52e f   msvcrt:crtdll.obj
 0001:0000b794       ___DllMainCRTStartup       1000c794 f   msvcrt:crtdll.obj
 0001:0000bd50       $$000000                   1000cd50     msvcrt:sehprolg4.obj
 0002:0000011c       _pcinit                    1000d11c     msvcrt:crtdll.obj
 0002:00000120       _pinit                     1000d120     msvcrt:atonexit.obj
 0002:000024ac       _filter_average            1000f4ac     ilu_filter.obj
 0002:000024d0       _filter_gaussian           1000f4d0     ilu_filter.obj
 0002:000024f4       _filter_h_sobel            1000f4f4     ilu_filter.obj
 0002:00002518       _filter_v_sobel            1000f518     ilu_filter.obj
 0002:0000253c       _filter_h_prewitt          1000f53c     ilu_filter.obj
 0002:00002560       _filter_v_prewitt          1000f560     ilu_filter.obj
 0002:00002584       _filter_emboss             1000f584     ilu_filter.obj
 0002:000025a8       _filter_embossedge         1000f5a8     ilu_filter.obj
 0002:000027d0       _Int32ToUInt32             1000f7d0     msvcrt:ftol3.obj
 0002:000027e0       _MantissaMask              1000f7e0     msvcrt:ftol3.obj
 0002:000027e8       _IntegerBit                1000f7e8     msvcrt:ftol3.obj
 0002:000027f0       _SignBit64                 1000f7f0     msvcrt:ftol3.obj
 0002:000027f8       _MinFP64                   1000f7f8     msvcrt:ftol3.obj
 0002:00002800       _MinInt64                  1000f800     msvcrt:ftol3.obj
 0002:00002808       _MaxInt64                  1000f808     msvcrt:ftol3.obj
 0002:00002810       _MaxUInt64                 1000f810     msvcrt:ftol3.obj
 0002:00002818       _MaxFP32                   1000f818     msvcrt:ftol3.obj
 0002:00002820       _MinFP32                   1000f820     msvcrt:ftol3.obj
 0002:00002828       _MinSubInexact             1000f828     msvcrt:ftol3.obj
 0002:00002830       _FpExcptTable              1000f830     msvcrt:ftol3.obj
 0002:00002840       _i1075                     1000f840     msvcrt:ftol3.obj
 0002:00002844       _i1087                     1000f844     msvcrt:ftol3.obj
 0002:00002848       _x0800                     1000f848     msvcrt:ftol3.obj
 0002:0000284c       _x17FF                     1000f84c     msvcrt:ftol3.obj
 0002:00002850       _CWMask                    1000f850     msvcrt:ftol3.obj
 0002:00002858       _GS_ExceptionPointers      1000f858     msvcrt:gs_report.obj
 0002:00002938       __sehtable$___DllMainCRTStartup 1000f938     msvcrt:crtdll.obj
 0002:00002960       __sehtable$__IsNonwritableInCurrentImage 1000f960     msvcrt:pesect.obj
 0002:00002980       __sehtable$__onexit        1000f980     msvcrt:atonexit.obj
 0002:000029a0       .edata                     1000f9a0     ILU.exp
 0002:000029c8       rgpv                       1000f9c8     ILU.exp
 0002:00002b24       rgszName                   1000fb24     ILU.exp
 0002:00002c80       rgwOrd                     1000fc80     ILU.exp
 0002:00002d2e       szName                     1000fd2e     ILU.exp
 0002:00002d36       $N00001                    1000fd36     ILU.exp
 0002:00002d43       $N00002                    1000fd43     ILU.exp
 0002:00002d4f       $N00003                    1000fd4f     ILU.exp
 0002:00002d60       $N00004                    1000fd60     ILU.exp
 0002:00002d71       $N00005                    1000fd71     ILU.exp
 0002:00002d81       $N00006                    1000fd81     ILU.exp
 0002:00002d92       $N00007                    1000fd92     ILU.exp
 0002:00002d9f       $N00008                    1000fd9f     ILU.exp
 0002:00002daf       $N00009                    1000fdaf     ILU.exp
 0002:00002db8       $N00010                    1000fdb8     ILU.exp
 0002:00002dc8       $N00011                    1000fdc8     ILU.exp
 0002:00002dd8       $N00012                    1000fdd8     ILU.exp
 0002:00002de8       $N00013                    1000fde8     ILU.exp
 0002:00002df3       $N00014                    1000fdf3     ILU.exp
 0002:00002e05       $N00015                    1000fe05     ILU.exp
 0002:00002e16       $N00016                    1000fe16     ILU.exp
 0002:00002e23       $N00017                    1000fe23     ILU.exp
 0002:00002e33       $N00018                    1000fe33     ILU.exp
 0002:00002e41       $N00019                    1000fe41     ILU.exp
 0002:00002e52       $N00020                    1000fe52     ILU.exp
 0002:00002e61       $N00021                    1000fe61     ILU.exp
 0002:00002e71       $N00022                    1000fe71     ILU.exp
 0002:00002e7f       $N00023                    1000fe7f     ILU.exp
 0002:00002e92       $N00024                    1000fe92     ILU.exp
 0002:00002e9b       $N00025                    1000fe9b     ILU.exp
 0002:00002eab       $N00026                    1000feab     ILU.exp
 0002:00002ed0       $N00027                    1000fed0     ILU.exp
 0002:00002edb       $N00028                    1000fedb     ILU.exp
 0002:00002ee8       $N00029                    1000fee8     ILU.exp
 0002:00002ef4       $N00030                    1000fef4     ILU.exp
 0002:00002f01       $N00031                    1000ff01     ILU.exp
 0002:00002f13       $N00032                    1000ff13     ILU.exp
 0002:00002f20       $N00033                    1000ff20     ILU.exp
 0002:00002f2b       $N00034                    1000ff2b     ILU.exp
 0002:00002f50       $N00035                    1000ff50     ILU.exp
 0002:00002f5f       $N00036                    1000ff5f     ILU.exp
 0002:00002f6e       $N00037                    1000ff6e     ILU.exp
 0002:00002f78       $N00038                    1000ff78     ILU.exp
 0002:00002f87       $N00039                    1000ff87     ILU.exp
 0002:00002f98       $N00040                    1000ff98     ILU.exp
 0002:00002fa8       $N00041                    1000ffa8     ILU.exp
 0002:00002fb4       $N00042                    1000ffb4     ILU.exp
 0002:00002fc4       $N00043                    1000ffc4     ILU.exp
 0002:00002fcd       $N00044                    1000ffcd     ILU.exp
 0002:00002fd9       $N00045                    1000ffd9     ILU.exp
 0002:00002fe4       $N00046                    1000ffe4     ILU.exp
 0002:00002ff4       $N00047                    1000fff4     ILU.exp
 0002:00003004       $N00048                    10010004     ILU.exp
 0002:00003013       $N00049                    10010013     ILU.exp
 0002:00003023       $N00050                    10010023     ILU.exp
 0002:0000302f       $N00051                    1001002f     ILU.exp
 0002:0000303e       $N00052                    1001003e     ILU.exp
 0002:00003046       $N00053                    10010046     ILU.exp
 0002:00003055       $N00054                    10010055     ILU.exp
 0002:00003064       $N00055                    10010064     ILU.exp
 0002:00003073       $N00056                    10010073     ILU.exp
 0002:0000307d       $N00057                    1001007d     ILU.exp
 0002:0000308e       $N00058                    1001008e     ILU.exp
 0002:0000309e       $N00059                    1001009e     ILU.exp
 0002:000030aa       $N00060                    100100aa     ILU.exp
 0002:000030b9       $N00061                    100100b9     ILU.exp
 0002:000030c6       $N00062                    100100c6     ILU.exp
 0002:000030d6       $N00063                    100100d6     ILU.exp
 0002:000030e4       $N00064                    100100e4     ILU.exp
 0002:000030f3       $N00065                    100100f3     ILU.exp
 0002:00003100       $N00066                    10010100     ILU.exp
 0002:00003112       $N00067                    10010112     ILU.exp
 0002:0000311a       $N00068                    1001011a     ILU.exp
 0002:00003129       $N00069                    10010129     ILU.exp
 0002:00003136       $N00070                    10010136     ILU.exp
 0002:00003140       $N00071                    10010140     ILU.exp
 0002:0000314c       $N00072                    1001014c     ILU.exp
 0002:00003157       $N00073                    10010157     ILU.exp
 0002:00003163       $N00074                    10010163     ILU.exp
 0002:00003174       $N00075                    10010174     ILU.exp
 0002:00003180       $N00076                    10010180     ILU.exp
 0002:000031a9       $N00077                    100101a9     ILU.exp
 0002:000031b3       $N00078                    100101b3     ILU.exp
 0002:000031c1       $N00079                    100101c1     ILU.exp
 0002:000031cf       $N00080                    100101cf     ILU.exp
 0002:000031d8       $N00081                    100101d8     ILU.exp
 0002:000031e6       $N00082                    100101e6     ILU.exp
 0002:000031f6       $N00083                    100101f6     ILU.exp
 0002:0000321b       $N00084                    1001021b     ILU.exp
 0002:0000322a       $N00085                    1001022a     ILU.exp
 0002:00003235       $N00086                    10010235     ILU.exp
 0002:00003244       $N00087                    10010244     ILU.exp
 0002:0000358a       .idata$6                   1001058a     resil:ResIL.dll
 0002:00003646       .idata$6                   10010646     msvcrt:MSVCR120.dll
 0002:0000380a       .idata$6                   1001080a     kernel32:KERNEL32.dll
 0003:00000388       _c                         10011388     ilu_filter_rcg.obj
 0003:000003a0       _x1                        100113a0     ilu_scale2d.obj
 0003:000003a4       _x2                        100113a4     ilu_scale2d.obj
 0003:000003a8       _NewY1                     100113a8     ilu_scale2d.obj
 0003:000003ac       _NewY2                     100113ac     ilu_scale2d.obj
 0003:000003b0       _NewX1                     100113b0     ilu_scale2d.obj
 0003:000003b4       _NewX2                     100113b4     ilu_scale2d.obj
 0003:000003b8       _Size                      100113b8     ilu_scale2d.obj
 0003:000003bc       _x                         100113bc     ilu_scale2d.obj
 0003:000003c0       _y                         100113c0     ilu_scale2d.obj
 0003:000003c4       _c                         100113c4     ilu_scale2d.obj
 0003:000003c8       _ScaleX                    100113c8     ilu_scale2d.obj
 0003:000003d0       _ScaleY                    100113d0     ilu_scale2d.obj
 0003:000003d8       _t1                        100113d8     ilu_scale2d.obj
 0003:000003e0       _t2                        100113e0     ilu_scale2d.obj
 0003:000003e8       _t3                        100113e8     ilu_scale2d.obj
 0003:000003f0       _t4                        100113f0     ilu_scale2d.obj
 0003:000003f8       _f                         100113f8     ilu_scale2d.obj
 0003:00000400       _ft                        10011400     ilu_scale2d.obj
 0003:00000408       _NewX                      10011408     ilu_scale2d.obj
 0003:00000410       _Table                     10011410     ilu_scale2d.obj
 0003:00000450       _ImgBps                    10011450     ilu_scale2d.obj
 0003:00000454       _SclBps                    10011454     ilu_scale2d.obj
 0003:00000458       _ShortPtr                  10011458     ilu_scale2d.obj
 0003:0000045c       _SShortPtr                 1001145c     ilu_scale2d.obj
 0003:00000460       _IntPtr                    10011460     ilu_scale2d.obj
 0003:00000464       _SIntPtr                   10011464     ilu_scale2d.obj
 0003:00000468       _FloatPtr                  10011468     ilu_scale2d.obj
 0003:0000046c       _SFloatPtr                 1001146c     ilu_scale2d.obj
 0003:00000470       _Size                      10011470     ilu_scale3d.obj
 0003:00000474       _NewX1                     10011474     ilu_scale3d.obj
 0003:00000478       _NewX2                     10011478     ilu_scale3d.obj
 0003:0000047c       _NewY1                     1001147c     ilu_scale3d.obj
 0003:00000480       _NewY2                     10011480     ilu_scale3d.obj
 0003:00000484       _NewZ1                     10011484     ilu_scale3d.obj
 0003:00000488       _NewZ2                     10011488     ilu_scale3d.obj
 0003:0000048c       _x                         1001148c     ilu_scale3d.obj
 0003:00000490       _y                         10011490     ilu_scale3d.obj
 0003:00000494       _z                         10011494     ilu_scale3d.obj
 0003:00000498       _c                         10011498     ilu_scale3d.obj
 0003:0000049c       _ImgBps                    1001149c     ilu_scale3d.obj
 0003:000004a0       _ScaleX                    100114a0     ilu_scale3d.obj
 0003:000004a8       _ScaleY                    100114a8     ilu_scale3d.obj
 0003:000004b0       _ScaleZ                    100114b0     ilu_scale3d.obj
 0003:000004b8       _x1                        100114b8     ilu_scale3d.obj
 0003:000004c0       _x2                        100114c0     ilu_scale3d.obj
 0003:000004c8       _t1                        100114c8     ilu_scale3d.obj
 0003:000004d0       _t2                        100114d0     ilu_scale3d.obj
 0003:000004d8       _t4                        100114d8     ilu_scale3d.obj
 0003:000004e0       _f                         100114e0     ilu_scale3d.obj
 0003:000004e8       _ft                        100114e8     ilu_scale3d.obj
 0003:000004f0       _SclBps                    100114f0     ilu_scale3d.obj
 0003:000004f4       _ImgPlane                  100114f4     ilu_scale3d.obj
 0003:000004f8       _SclPlane                  100114f8     ilu_scale3d.obj
 0003:000004fc       _ShortPtr                  100114fc     ilu_scale3d.obj
 0003:00000500       _SShortPtr                 10011500     ilu_scale3d.obj
 0003:00000504       _IntPtr                    10011504     ilu_scale3d.obj
 0003:00000508       _SIntPtr                   10011508     ilu_scale3d.obj
 0003:0000050c       ___proc_attached           1001150c     msvcrt:crtdll.obj
 0003:00000510       _GS_ExceptionRecord        10011510     msvcrt:gs_report.obj
 0003:00000560       _GS_ContextRecord          10011560     msvcrt:gs_report.obj
 0003:0000082c       _DebuggerWasPresent        1001182c     msvcrt:gs_report.obj
 0004:00000060       $R000000                   10012060     * linker generated manifest res *
